

================================================================
== Vitis HLS Report for 'relu_max_1'
================================================================
* Date:           Wed Jul 22 22:16:20 2026

* Version:        2025.1 (Build 6135595 on May 21 2025)
* Project:        Relu_Max_1
* Solution:       hls (Vivado IP Flow Target)
* Product family: zynq
* Target device:  xc7z020-clg400-1


================================================================
== Performance Estimates
================================================================
+ Timing: 
    * Summary: 
    +--------+----------+----------+------------+
    |  Clock |  Target  | Estimated| Uncertainty|
    +--------+----------+----------+------------+
    |ap_clk  |  12.00 ns|  8.685 ns|     3.24 ns|
    +--------+----------+----------+------------+

+ Latency: 
    * Summary: 
    +---------+---------+----------+----------+-----+-----+------------------------------------------------+
    |  Latency (cycles) |  Latency (absolute) |  Interval |                    Pipeline                    |
    |   min   |   max   |    min   |    max   | min | max |                      Type                      |
    +---------+---------+----------+----------+-----+-----+------------------------------------------------+
    |      262|      262|  3.144 us|  3.144 us|  256|  256|  loop auto-rewind stp (delay=0 clock cycles(s))|
    +---------+---------+----------+----------+-----+-----+------------------------------------------------+

    + Detail: 
        * Instance: 
        N/A

        * Loop: 
        +-----------+---------+---------+----------+-----------+-----------+------+----------+
        |           |  Latency (cycles) | Iteration|  Initiation Interval  | Trip |          |
        | Loop Name |   min   |   max   |  Latency |  achieved |   target  | Count| Pipelined|
        +-----------+---------+---------+----------+-----------+-----------+------+----------+
        |- CH_POOL  |      260|      260|         6|          1|          1|   256|       yes|
        +-----------+---------+---------+----------+-----------+-----------+------+----------+

============================================================
+ Verbose Summary: Synthesis Manager
============================================================
InlineROM: 1
ExposeGlobal: 0
============================================================
+ Verbose Summary: CDFG Model
============================================================
IsTopModel: 1
ResetActiveHigh: 1
IsCombinational: 0
IsDatapathOnly: 0
HasWiredReturn: 1
HasMFsm: 2
HasVarLatency: 1
IsPipeline: 0
IsRtlPipelined: 0
IsInstanceOverlapped: 0
IsDontTouch: 0
HasImplIP: 0
IsGatedGlobalClock: 0

+ Individual pipeline summary: 
  * Pipeline-0: initiation interval (II) = 1, depth = 6


============================================================
+ Verbose Summary: Schedule
============================================================
* Number of FSM states : 6
* Pipeline : 1
  Pipeline-0 : II = 1, D = 6, States = { 1 2 3 4 5 6 }
* Dataflow Pipeline: 0

* FSM state transitions: 
1 --> 2 
2 --> 3 
3 --> 4 
4 --> 5 
5 --> 6 
6 --> 

* FSM state operations: 

State 1 <SV = 0> <Delay = 7.83>
ST_1 : Operation 9 [1/1] (0.00ns)   --->   "%indvar_flatten1 = alloca i32 1"   --->   Operation 9 'alloca' 'indvar_flatten1' <Predicate = true> <Delay = 0.00>
ST_1 : Operation 10 [1/1] (0.00ns)   --->   "%r2 = alloca i32 1"   --->   Operation 10 'alloca' 'r2' <Predicate = true> <Delay = 0.00>
ST_1 : Operation 11 [1/1] (0.00ns)   --->   "%o3 = alloca i32 1"   --->   Operation 11 'alloca' 'o3' <Predicate = true> <Delay = 0.00>
ST_1 : Operation 12 [1/1] (0.00ns)   --->   "%spectopmodule_ln5 = spectopmodule void @_ssdm_op_SpecTopModule, void @empty_1" [relu_max_1.cpp:5]   --->   Operation 12 'spectopmodule' 'spectopmodule_ln5' <Predicate = true> <Delay = 0.00>
ST_1 : Operation 13 [1/1] (0.00ns)   --->   "%specinterface_ln0 = specinterface void @_ssdm_op_SpecInterface, i32 %input_r, void @empty, i32 0, i32 0, void @empty_0, i32 4294967295, i32 0, void @empty_0, void @empty_0, void @empty_0, i32 0, i32 0, i32 0, i32 0, void @empty_0, void @empty_0, i32 4294967295, i32 0, i32 0"   --->   Operation 13 'specinterface' 'specinterface_ln0' <Predicate = true> <Delay = 0.00>
ST_1 : Operation 14 [1/1] (0.00ns)   --->   "%specbitsmap_ln0 = specbitsmap void @_ssdm_op_SpecBitsMap, i32 %input_r"   --->   Operation 14 'specbitsmap' 'specbitsmap_ln0' <Predicate = true> <Delay = 0.00>
ST_1 : Operation 15 [1/1] (0.00ns)   --->   "%specinterface_ln0 = specinterface void @_ssdm_op_SpecInterface, i32 %output_r, void @empty, i32 0, i32 0, void @empty_0, i32 4294967295, i32 0, void @empty_0, void @empty_0, void @empty_0, i32 0, i32 0, i32 0, i32 0, void @empty_0, void @empty_0, i32 4294967295, i32 0, i32 0"   --->   Operation 15 'specinterface' 'specinterface_ln0' <Predicate = true> <Delay = 0.00>
ST_1 : Operation 16 [1/1] (0.00ns)   --->   "%specbitsmap_ln0 = specbitsmap void @_ssdm_op_SpecBitsMap, i32 %output_r"   --->   Operation 16 'specbitsmap' 'specbitsmap_ln0' <Predicate = true> <Delay = 0.00>
ST_1 : Operation 17 [1/1] (1.58ns)   --->   "%store_ln0 = store i5 0, i5 %o3"   --->   Operation 17 'store' 'store_ln0' <Predicate = true> <Delay = 1.58>
ST_1 : Operation 18 [1/1] (1.58ns)   --->   "%store_ln0 = store i5 0, i5 %r2"   --->   Operation 18 'store' 'store_ln0' <Predicate = true> <Delay = 1.58>
ST_1 : Operation 19 [1/1] (1.58ns)   --->   "%store_ln0 = store i8 0, i8 %indvar_flatten1"   --->   Operation 19 'store' 'store_ln0' <Predicate = true> <Delay = 1.58>
ST_1 : Operation 20 [1/1] (1.58ns)   --->   "%br_ln0 = br void %for.inc22"   --->   Operation 20 'br' 'br_ln0' <Predicate = true> <Delay = 1.58>
ST_1 : Operation 21 [1/1] (0.00ns)   --->   "%icmp_ln94 = phi i1 0, void %entry, i1 %icmp_ln9, void %for.inc22" [relu_max_1.cpp:9]   --->   Operation 21 'phi' 'icmp_ln94' <Predicate = true> <Delay = 0.00>
ST_1 : Operation 22 [1/1] (0.00ns)   --->   "%indvar_flatten1_load = load i8 %indvar_flatten1" [relu_max_1.cpp:8]   --->   Operation 22 'load' 'indvar_flatten1_load' <Predicate = true> <Delay = 0.00>
ST_1 : Operation 23 [1/1] (0.00ns)   --->   "%r2_load = load i5 %r2" [relu_max_1.cpp:8]   --->   Operation 23 'load' 'r2_load' <Predicate = true> <Delay = 0.00>
ST_1 : Operation 24 [1/1] (0.00ns)   --->   "%o3_load = load i5 %o3" [relu_max_1.cpp:8]   --->   Operation 24 'load' 'o3_load' <Predicate = true> <Delay = 0.00>
ST_1 : Operation 25 [1/1] (1.78ns)   --->   "%add_ln8 = add i5 %r2_load, i5 1" [relu_max_1.cpp:8]   --->   Operation 25 'add' 'add_ln8' <Predicate = true> <Delay = 1.78> <CoreInst = "Adder">   --->   Core 1 'Adder' <Latency = 0> <II = 1> <Delay = 1.78> <FuncUnit> <Opcode : 'add' 'sub'> <InPorts = 2> <OutPorts = 1>
ST_1 : Operation 26 [1/1] (1.21ns)   --->   "%select_ln8 = select i1 %icmp_ln94, i5 0, i5 %o3_load" [relu_max_1.cpp:8]   --->   Operation 26 'select' 'select_ln8' <Predicate = true> <Delay = 1.21> <CoreInst = "Sel">   --->   Core 73 'Sel' <Latency = 0> <II = 1> <Delay = 1.21> <FuncUnit> <Opcode : 'select'> <InPorts = 3> <OutPorts = 1>
ST_1 : Operation 27 [1/1] (1.21ns)   --->   "%r = select i1 %icmp_ln94, i5 %add_ln8, i5 %r2_load" [relu_max_1.cpp:8]   --->   Operation 27 'select' 'r' <Predicate = true> <Delay = 1.21> <CoreInst = "Sel">   --->   Core 73 'Sel' <Latency = 0> <II = 1> <Delay = 1.21> <FuncUnit> <Opcode : 'select'> <InPorts = 3> <OutPorts = 1>
ST_1 : Operation 28 [1/1] (0.00ns)   --->   "%trunc_ln13 = trunc i5 %r" [relu_max_1.cpp:13]   --->   Operation 28 'trunc' 'trunc_ln13' <Predicate = true> <Delay = 0.00>
ST_1 : Operation 29 [1/1] (0.00ns)   --->   "%trunc_ln10 = trunc i5 %select_ln8" [relu_max_1.cpp:10]   --->   Operation 29 'trunc' 'trunc_ln10' <Predicate = true> <Delay = 0.00>
ST_1 : Operation 30 [1/1] (0.00ns)   --->   "%tmp_7 = bitconcatenate i9 @_ssdm_op_BitConcatenate.i9.i4.i4.i1, i4 %trunc_ln13, i4 %trunc_ln10, i1 0" [relu_max_1.cpp:10]   --->   Operation 30 'bitconcatenate' 'tmp_7' <Predicate = true> <Delay = 0.00>
ST_1 : Operation 31 [1/1] (0.00ns)   --->   "%zext_ln10 = zext i9 %tmp_7" [relu_max_1.cpp:10]   --->   Operation 31 'zext' 'zext_ln10' <Predicate = true> <Delay = 0.00>
ST_1 : Operation 32 [1/1] (0.00ns)   --->   "%input_r_addr = getelementptr i32 %input_r, i64 0, i64 %zext_ln10" [relu_max_1.cpp:10]   --->   Operation 32 'getelementptr' 'input_r_addr' <Predicate = true> <Delay = 0.00>
ST_1 : Operation 33 [2/2] (3.25ns)   --->   "%input_r_load = load i9 %input_r_addr" [relu_max_1.cpp:10]   --->   Operation 33 'load' 'input_r_load' <Predicate = true> <Delay = 3.25> <CoreInst = "RAM">   --->   Core 81 'RAM' <Latency = 1> <II = 1> <Delay = 3.25> <Storage> <Opcode : 'load' 'store'> <Ports = 2> <Width = 32> <Depth = 512> <RAM>
ST_1 : Operation 34 [1/1] (0.00ns)   --->   "%tmp_8 = bitconcatenate i9 @_ssdm_op_BitConcatenate.i9.i4.i4.i1, i4 %trunc_ln13, i4 %trunc_ln10, i1 1" [relu_max_1.cpp:11]   --->   Operation 34 'bitconcatenate' 'tmp_8' <Predicate = true> <Delay = 0.00>
ST_1 : Operation 35 [1/1] (0.00ns)   --->   "%zext_ln11 = zext i9 %tmp_8" [relu_max_1.cpp:11]   --->   Operation 35 'zext' 'zext_ln11' <Predicate = true> <Delay = 0.00>
ST_1 : Operation 36 [1/1] (0.00ns)   --->   "%input_r_addr_1 = getelementptr i32 %input_r, i64 0, i64 %zext_ln11" [relu_max_1.cpp:11]   --->   Operation 36 'getelementptr' 'input_r_addr_1' <Predicate = true> <Delay = 0.00>
ST_1 : Operation 37 [2/2] (3.25ns)   --->   "%input_r_load_1 = load i9 %input_r_addr_1" [relu_max_1.cpp:11]   --->   Operation 37 'load' 'input_r_load_1' <Predicate = true> <Delay = 3.25> <CoreInst = "RAM">   --->   Core 81 'RAM' <Latency = 1> <II = 1> <Delay = 3.25> <Storage> <Opcode : 'load' 'store'> <Ports = 2> <Width = 32> <Depth = 512> <RAM>
ST_1 : Operation 38 [1/1] (1.78ns)   --->   "%o = add i5 %select_ln8, i5 1" [relu_max_1.cpp:9]   --->   Operation 38 'add' 'o' <Predicate = true> <Delay = 1.78> <CoreInst = "Adder">   --->   Core 1 'Adder' <Latency = 0> <II = 1> <Delay = 1.78> <FuncUnit> <Opcode : 'add' 'sub'> <InPorts = 2> <OutPorts = 1>
ST_1 : Operation 39 [1/1] (1.91ns)   --->   "%add_ln8_1 = add i8 %indvar_flatten1_load, i8 1" [relu_max_1.cpp:8]   --->   Operation 39 'add' 'add_ln8_1' <Predicate = true> <Delay = 1.91> <CoreInst = "Adder">   --->   Core 1 'Adder' <Latency = 0> <II = 1> <Delay = 1.91> <FuncUnit> <Opcode : 'add' 'sub'> <InPorts = 2> <OutPorts = 1>
ST_1 : Operation 40 [1/1] (1.78ns)   --->   "%icmp_ln9 = icmp_eq  i5 %o, i5 16" [relu_max_1.cpp:9]   --->   Operation 40 'icmp' 'icmp_ln9' <Predicate = true> <Delay = 1.78> <CoreInst = "Cmp">   --->   Core 9 'Cmp' <Latency = 0> <II = 1> <Delay = 1.78> <FuncUnit> <Opcode : 'seteq' 'setne' 'setle' 'setge' 'setlt' 'setgt'> <InPorts = 2> <OutPorts = 1>
ST_1 : Operation 41 [1/1] (1.91ns)   --->   "%icmp_ln8 = icmp_eq  i8 %indvar_flatten1_load, i8 255" [relu_max_1.cpp:8]   --->   Operation 41 'icmp' 'icmp_ln8' <Predicate = true> <Delay = 1.91> <CoreInst = "Cmp">   --->   Core 9 'Cmp' <Latency = 0> <II = 1> <Delay = 1.91> <FuncUnit> <Opcode : 'seteq' 'setne' 'setle' 'setge' 'setlt' 'setgt'> <InPorts = 2> <OutPorts = 1>
ST_1 : Operation 42 [1/1] (1.58ns)   --->   "%store_ln9 = store i5 %o, i5 %o3" [relu_max_1.cpp:9]   --->   Operation 42 'store' 'store_ln9' <Predicate = true> <Delay = 1.58>
ST_1 : Operation 43 [1/1] (1.58ns)   --->   "%store_ln8 = store i5 %r, i5 %r2" [relu_max_1.cpp:8]   --->   Operation 43 'store' 'store_ln8' <Predicate = true> <Delay = 1.58>
ST_1 : Operation 44 [1/1] (1.58ns)   --->   "%store_ln8 = store i8 %add_ln8_1, i8 %indvar_flatten1" [relu_max_1.cpp:8]   --->   Operation 44 'store' 'store_ln8' <Predicate = true> <Delay = 1.58>
ST_1 : Operation 45 [1/1] (0.00ns)   --->   "%br_ln8 = br i1 %icmp_ln8, void %for.inc22, void %for.end24" [relu_max_1.cpp:8]   --->   Operation 45 'br' 'br_ln8' <Predicate = true> <Delay = 0.00>

State 2 <SV = 1> <Delay = 8.68>
ST_2 : Operation 46 [1/2] ( I:3.25ns O:3.25ns )   --->   "%input_r_load = load i9 %input_r_addr" [relu_max_1.cpp:10]   --->   Operation 46 'load' 'input_r_load' <Predicate = true> <Delay = 3.25> <CoreInst = "RAM">   --->   Core 81 'RAM' <Latency = 1> <II = 1> <Delay = 3.25> <Storage> <Opcode : 'load' 'store'> <Ports = 2> <Width = 32> <Depth = 512> <RAM>
ST_2 : Operation 47 [1/1] (0.00ns)   --->   "%a = bitcast i32 %input_r_load" [relu_max_1.cpp:10]   --->   Operation 47 'bitcast' 'a' <Predicate = true> <Delay = 0.00>
ST_2 : Operation 48 [1/2] ( I:3.25ns O:3.25ns )   --->   "%input_r_load_1 = load i9 %input_r_addr_1" [relu_max_1.cpp:11]   --->   Operation 48 'load' 'input_r_load_1' <Predicate = true> <Delay = 3.25> <CoreInst = "RAM">   --->   Core 81 'RAM' <Latency = 1> <II = 1> <Delay = 3.25> <Storage> <Opcode : 'load' 'store'> <Ports = 2> <Width = 32> <Depth = 512> <RAM>
ST_2 : Operation 49 [1/1] (0.00ns)   --->   "%b = bitcast i32 %input_r_load_1" [relu_max_1.cpp:11]   --->   Operation 49 'bitcast' 'b' <Predicate = true> <Delay = 0.00>
ST_2 : Operation 50 [1/1] (0.00ns)   --->   "%tmp = partselect i8 @_ssdm_op_PartSelect.i8.i32.i32.i32, i32 %input_r_load, i32 23, i32 30" [relu_max_1.cpp:12]   --->   Operation 50 'partselect' 'tmp' <Predicate = true> <Delay = 0.00>
ST_2 : Operation 51 [1/1] (0.00ns)   --->   "%trunc_ln12 = trunc i32 %input_r_load" [relu_max_1.cpp:12]   --->   Operation 51 'trunc' 'trunc_ln12' <Predicate = true> <Delay = 0.00>
ST_2 : Operation 52 [1/1] (0.00ns)   --->   "%tmp_1 = partselect i8 @_ssdm_op_PartSelect.i8.i32.i32.i32, i32 %input_r_load_1, i32 23, i32 30" [relu_max_1.cpp:12]   --->   Operation 52 'partselect' 'tmp_1' <Predicate = true> <Delay = 0.00>
ST_2 : Operation 53 [1/1] (0.00ns)   --->   "%trunc_ln12_1 = trunc i32 %input_r_load_1" [relu_max_1.cpp:12]   --->   Operation 53 'trunc' 'trunc_ln12_1' <Predicate = true> <Delay = 0.00>
ST_2 : Operation 54 [1/1] (1.91ns)   --->   "%icmp_ln12 = icmp_ne  i8 %tmp, i8 255" [relu_max_1.cpp:12]   --->   Operation 54 'icmp' 'icmp_ln12' <Predicate = true> <Delay = 1.91> <CoreInst = "Cmp">   --->   Core 9 'Cmp' <Latency = 0> <II = 1> <Delay = 1.91> <FuncUnit> <Opcode : 'seteq' 'setne' 'setle' 'setge' 'setlt' 'setgt'> <InPorts = 2> <OutPorts = 1>
ST_2 : Operation 55 [1/1] (2.28ns)   --->   "%icmp_ln12_1 = icmp_eq  i23 %trunc_ln12, i23 0" [relu_max_1.cpp:12]   --->   Operation 55 'icmp' 'icmp_ln12_1' <Predicate = true> <Delay = 2.28> <CoreInst = "Cmp">   --->   Core 9 'Cmp' <Latency = 0> <II = 1> <Delay = 2.28> <FuncUnit> <Opcode : 'seteq' 'setne' 'setle' 'setge' 'setlt' 'setgt'> <InPorts = 2> <OutPorts = 1>
ST_2 : Operation 56 [1/1] (1.91ns)   --->   "%icmp_ln12_2 = icmp_ne  i8 %tmp_1, i8 255" [relu_max_1.cpp:12]   --->   Operation 56 'icmp' 'icmp_ln12_2' <Predicate = true> <Delay = 1.91> <CoreInst = "Cmp">   --->   Core 9 'Cmp' <Latency = 0> <II = 1> <Delay = 1.91> <FuncUnit> <Opcode : 'seteq' 'setne' 'setle' 'setge' 'setlt' 'setgt'> <InPorts = 2> <OutPorts = 1>
ST_2 : Operation 57 [1/1] (2.28ns)   --->   "%icmp_ln12_3 = icmp_eq  i23 %trunc_ln12_1, i23 0" [relu_max_1.cpp:12]   --->   Operation 57 'icmp' 'icmp_ln12_3' <Predicate = true> <Delay = 2.28> <CoreInst = "Cmp">   --->   Core 9 'Cmp' <Latency = 0> <II = 1> <Delay = 2.28> <FuncUnit> <Opcode : 'seteq' 'setne' 'setle' 'setge' 'setlt' 'setgt'> <InPorts = 2> <OutPorts = 1>
ST_2 : Operation 58 [2/2] (5.43ns)   --->   "%tmp_2 = fcmp_ogt  i32 %a, i32 %b" [relu_max_1.cpp:12]   --->   Operation 58 'fcmp' 'tmp_2' <Predicate = true> <Delay = 5.43> <CoreInst = "FCompare">   --->   Core 19 'FCompare' <Latency = 1> <II = 1> <Delay = 5.43> <FuncUnit> <Opcode : 'fcmp'> <InPorts = 2> <OutPorts = 1>

State 3 <SV = 2> <Delay = 7.10>
ST_3 : Operation 59 [1/1] (0.00ns) (grouped into LUT with out node and_ln12_1)   --->   "%or_ln12 = or i1 %icmp_ln12_1, i1 %icmp_ln12" [relu_max_1.cpp:12]   --->   Operation 59 'or' 'or_ln12' <Predicate = true> <Delay = 0.00> <CoreInst = "LogicGate">   --->   Core 74 'LogicGate' <Latency = 0> <II = 1> <Delay = 0.97> <FuncUnit> <Opcode : 'and' 'or' 'xor'> <InPorts = 2> <OutPorts = 1>
ST_3 : Operation 60 [1/1] (0.00ns) (grouped into LUT with out node and_ln12_1)   --->   "%or_ln12_1 = or i1 %icmp_ln12_3, i1 %icmp_ln12_2" [relu_max_1.cpp:12]   --->   Operation 60 'or' 'or_ln12_1' <Predicate = true> <Delay = 0.00> <CoreInst = "LogicGate">   --->   Core 74 'LogicGate' <Latency = 0> <II = 1> <Delay = 0.97> <FuncUnit> <Opcode : 'and' 'or' 'xor'> <InPorts = 2> <OutPorts = 1>
ST_3 : Operation 61 [1/1] (0.00ns) (grouped into LUT with out node and_ln12_1)   --->   "%and_ln12 = and i1 %or_ln12, i1 %or_ln12_1" [relu_max_1.cpp:12]   --->   Operation 61 'and' 'and_ln12' <Predicate = true> <Delay = 0.00> <CoreInst = "LogicGate">   --->   Core 74 'LogicGate' <Latency = 0> <II = 1> <Delay = 0.97> <FuncUnit> <Opcode : 'and' 'or' 'xor'> <InPorts = 2> <OutPorts = 1>
ST_3 : Operation 62 [1/2] (5.43ns)   --->   "%tmp_2 = fcmp_ogt  i32 %a, i32 %b" [relu_max_1.cpp:12]   --->   Operation 62 'fcmp' 'tmp_2' <Predicate = true> <Delay = 5.43> <CoreInst = "FCompare">   --->   Core 19 'FCompare' <Latency = 1> <II = 1> <Delay = 5.43> <FuncUnit> <Opcode : 'fcmp'> <InPorts = 2> <OutPorts = 1>
ST_3 : Operation 63 [1/1] (0.97ns) (out node of the LUT)   --->   "%and_ln12_1 = and i1 %and_ln12, i1 %tmp_2" [relu_max_1.cpp:12]   --->   Operation 63 'and' 'and_ln12_1' <Predicate = true> <Delay = 0.97> <CoreInst = "LogicGate">   --->   Core 74 'LogicGate' <Latency = 0> <II = 1> <Delay = 0.97> <FuncUnit> <Opcode : 'and' 'or' 'xor'> <InPorts = 2> <OutPorts = 1>
ST_3 : Operation 64 [1/1] (0.69ns) (out node of the LUT)   --->   "%m = select i1 %and_ln12_1, i32 %a, i32 %b" [relu_max_1.cpp:12]   --->   Operation 64 'select' 'm' <Predicate = true> <Delay = 0.69> <CoreInst = "Sel">   --->   Core 73 'Sel' <Latency = 0> <II = 1> <Delay = 0.69> <FuncUnit> <Opcode : 'select'> <InPorts = 3> <OutPorts = 1>

State 4 <SV = 3> <Delay = 5.43>
ST_4 : Operation 65 [2/2] (5.43ns)   --->   "%tmp_4 = fcmp_ogt  i32 %m, i32 0" [relu_max_1.cpp:13]   --->   Operation 65 'fcmp' 'tmp_4' <Predicate = true> <Delay = 5.43> <CoreInst = "FCompare">   --->   Core 19 'FCompare' <Latency = 1> <II = 1> <Delay = 5.43> <FuncUnit> <Opcode : 'fcmp'> <InPorts = 2> <OutPorts = 1>

State 5 <SV = 4> <Delay = 6.40>
ST_5 : Operation 66 [1/1] (0.00ns)   --->   "%bitcast_ln13 = bitcast i32 %m" [relu_max_1.cpp:13]   --->   Operation 66 'bitcast' 'bitcast_ln13' <Predicate = true> <Delay = 0.00>
ST_5 : Operation 67 [1/1] (0.00ns)   --->   "%tmp_3 = partselect i8 @_ssdm_op_PartSelect.i8.i32.i32.i32, i32 %bitcast_ln13, i32 23, i32 30" [relu_max_1.cpp:13]   --->   Operation 67 'partselect' 'tmp_3' <Predicate = true> <Delay = 0.00>
ST_5 : Operation 68 [1/1] (0.00ns)   --->   "%trunc_ln13_1 = trunc i32 %bitcast_ln13" [relu_max_1.cpp:13]   --->   Operation 68 'trunc' 'trunc_ln13_1' <Predicate = true> <Delay = 0.00>
ST_5 : Operation 69 [1/1] (1.91ns)   --->   "%icmp_ln13 = icmp_ne  i8 %tmp_3, i8 255" [relu_max_1.cpp:13]   --->   Operation 69 'icmp' 'icmp_ln13' <Predicate = true> <Delay = 1.91> <CoreInst = "Cmp">   --->   Core 9 'Cmp' <Latency = 0> <II = 1> <Delay = 1.91> <FuncUnit> <Opcode : 'seteq' 'setne' 'setle' 'setge' 'setlt' 'setgt'> <InPorts = 2> <OutPorts = 1>
ST_5 : Operation 70 [1/1] (2.28ns)   --->   "%icmp_ln13_1 = icmp_eq  i23 %trunc_ln13_1, i23 0" [relu_max_1.cpp:13]   --->   Operation 70 'icmp' 'icmp_ln13_1' <Predicate = true> <Delay = 2.28> <CoreInst = "Cmp">   --->   Core 9 'Cmp' <Latency = 0> <II = 1> <Delay = 2.28> <FuncUnit> <Opcode : 'seteq' 'setne' 'setle' 'setge' 'setlt' 'setgt'> <InPorts = 2> <OutPorts = 1>
ST_5 : Operation 71 [1/1] (0.00ns) (grouped into LUT with out node select_ln13)   --->   "%or_ln13 = or i1 %icmp_ln13_1, i1 %icmp_ln13" [relu_max_1.cpp:13]   --->   Operation 71 'or' 'or_ln13' <Predicate = true> <Delay = 0.00> <CoreInst = "LogicGate">   --->   Core 74 'LogicGate' <Latency = 0> <II = 1> <Delay = 0.97> <FuncUnit> <Opcode : 'and' 'or' 'xor'> <InPorts = 2> <OutPorts = 1>
ST_5 : Operation 72 [1/2] (5.43ns)   --->   "%tmp_4 = fcmp_ogt  i32 %m, i32 0" [relu_max_1.cpp:13]   --->   Operation 72 'fcmp' 'tmp_4' <Predicate = true> <Delay = 5.43> <CoreInst = "FCompare">   --->   Core 19 'FCompare' <Latency = 1> <II = 1> <Delay = 5.43> <FuncUnit> <Opcode : 'fcmp'> <InPorts = 2> <OutPorts = 1>
ST_5 : Operation 73 [1/1] (0.00ns) (grouped into LUT with out node select_ln13)   --->   "%and_ln13 = and i1 %or_ln13, i1 %tmp_4" [relu_max_1.cpp:13]   --->   Operation 73 'and' 'and_ln13' <Predicate = true> <Delay = 0.00> <CoreInst = "LogicGate">   --->   Core 74 'LogicGate' <Latency = 0> <II = 1> <Delay = 0.97> <FuncUnit> <Opcode : 'and' 'or' 'xor'> <InPorts = 2> <OutPorts = 1>
ST_5 : Operation 74 [1/1] (0.97ns) (out node of the LUT)   --->   "%select_ln13 = select i1 %and_ln13, i32 %bitcast_ln13, i32 0" [relu_max_1.cpp:13]   --->   Operation 74 'select' 'select_ln13' <Predicate = true> <Delay = 0.97> <CoreInst = "Sel">   --->   Core 73 'Sel' <Latency = 0> <II = 1> <Delay = 0.69> <FuncUnit> <Opcode : 'select'> <InPorts = 3> <OutPorts = 1>

State 6 <SV = 5> <Delay = 5.16>
ST_6 : Operation 75 [1/1] (0.00ns)   --->   "%specloopname_ln0 = specloopname void @_ssdm_op_SpecLoopName, void @CH_POOL_str"   --->   Operation 75 'specloopname' 'specloopname_ln0' <Predicate = true> <Delay = 0.00>
ST_6 : Operation 76 [1/1] (0.00ns)   --->   "%speclooptripcount_ln0 = speclooptripcount void @_ssdm_op_SpecLoopTripCount, i64 256, i64 256, i64 256"   --->   Operation 76 'speclooptripcount' 'speclooptripcount_ln0' <Predicate = true> <Delay = 0.00>
ST_6 : Operation 77 [1/1] (0.00ns)   --->   "%tmp_5 = bitconcatenate i8 @_ssdm_op_BitConcatenate.i8.i4.i4, i4 %trunc_ln13, i4 0" [relu_max_1.cpp:13]   --->   Operation 77 'bitconcatenate' 'tmp_5' <Predicate = true> <Delay = 0.00>
ST_6 : Operation 78 [1/1] (0.00ns)   --->   "%zext_ln13 = zext i5 %select_ln8" [relu_max_1.cpp:13]   --->   Operation 78 'zext' 'zext_ln13' <Predicate = true> <Delay = 0.00>
ST_6 : Operation 79 [1/1] (1.91ns)   --->   "%add_ln13 = add i8 %tmp_5, i8 %zext_ln13" [relu_max_1.cpp:13]   --->   Operation 79 'add' 'add_ln13' <Predicate = true> <Delay = 1.91> <CoreInst = "Adder">   --->   Core 1 'Adder' <Latency = 0> <II = 1> <Delay = 1.91> <FuncUnit> <Opcode : 'add' 'sub'> <InPorts = 2> <OutPorts = 1>
ST_6 : Operation 80 [1/1] (0.00ns)   --->   "%zext_ln13_1 = zext i8 %add_ln13" [relu_max_1.cpp:13]   --->   Operation 80 'zext' 'zext_ln13_1' <Predicate = true> <Delay = 0.00>
ST_6 : Operation 81 [1/1] (0.00ns)   --->   "%output_r_addr = getelementptr i32 %output_r, i64 0, i64 %zext_ln13_1" [relu_max_1.cpp:13]   --->   Operation 81 'getelementptr' 'output_r_addr' <Predicate = true> <Delay = 0.00>
ST_6 : Operation 82 [1/1] (0.00ns)   --->   "%specpipeline_ln9 = specpipeline void @_ssdm_op_SpecPipeline, i32 4294967295, i32 0, i32 0, i32 0, void @empty_0" [relu_max_1.cpp:9]   --->   Operation 82 'specpipeline' 'specpipeline_ln9' <Predicate = true> <Delay = 0.00>
ST_6 : Operation 83 [1/1] ( I:3.25ns O:3.25ns )   --->   "%store_ln13 = store i32 %select_ln13, i8 %output_r_addr" [relu_max_1.cpp:13]   --->   Operation 83 'store' 'store_ln13' <Predicate = true> <Delay = 3.25> <CoreInst = "RAM">   --->   Core 81 'RAM' <Latency = 1> <II = 1> <Delay = 3.25> <Storage> <Opcode : 'load' 'store'> <Ports = 2> <Width = 32> <Depth = 256> <RAM>
ST_6 : Operation 84 [1/1] (1.58ns)   --->   "%ret_ln16 = ret" [relu_max_1.cpp:16]   --->   Operation 84 'ret' 'ret_ln16' <Predicate = (icmp_ln8)> <Delay = 1.58>


============================================================
+ Verbose Summary: Timing violations
============================================================
Target clock period: 12.000ns, clock uncertainty: 3.240ns.

 <State 1>: 7.837ns
The critical path consists of the following:
	'store' operation 0 bit ('store_ln0') of constant 0 on local variable 'r2' [12]  (1.588 ns)
	'load' operation 5 bit ('r2_load', relu_max_1.cpp:8) on local variable 'r2' [18]  (0.000 ns)
	'add' operation 5 bit ('add_ln8', relu_max_1.cpp:8) [20]  (1.780 ns)
	'select' operation 5 bit ('r', relu_max_1.cpp:8) [24]  (1.215 ns)
	'getelementptr' operation 9 bit ('input_r_addr', relu_max_1.cpp:10) [35]  (0.000 ns)
	'load' operation 32 bit ('input_r_load', relu_max_1.cpp:10) on array 'input_r' [36]  (3.254 ns)

 <State 2>: 8.685ns
The critical path consists of the following:
	'load' operation 32 bit ('input_r_load', relu_max_1.cpp:10) on array 'input_r' [36]  (3.254 ns)
	'fcmp' operation 1 bit ('tmp_2', relu_max_1.cpp:12) [54]  (5.431 ns)

 <State 3>: 7.107ns
The critical path consists of the following:
	'fcmp' operation 1 bit ('tmp_2', relu_max_1.cpp:12) [54]  (5.431 ns)
	'and' operation 1 bit ('and_ln12_1', relu_max_1.cpp:12) [55]  (0.978 ns)
	'select' operation 32 bit ('m', relu_max_1.cpp:12) [56]  (0.698 ns)

 <State 4>: 5.431ns
The critical path consists of the following:
	'fcmp' operation 1 bit ('tmp_4', relu_max_1.cpp:13) [63]  (5.431 ns)

 <State 5>: 6.409ns
The critical path consists of the following:
	'fcmp' operation 1 bit ('tmp_4', relu_max_1.cpp:13) [63]  (5.431 ns)
	'and' operation 1 bit ('and_ln13', relu_max_1.cpp:13) [64]  (0.000 ns)
	'select' operation 32 bit ('select_ln13', relu_max_1.cpp:13) [65]  (0.978 ns)

 <State 6>: 5.169ns
The critical path consists of the following:
	'add' operation 8 bit ('add_ln13', relu_max_1.cpp:13) [28]  (1.915 ns)
	'getelementptr' operation 8 bit ('output_r_addr', relu_max_1.cpp:13) [30]  (0.000 ns)
	'store' operation 0 bit ('store_ln13', relu_max_1.cpp:13) of variable 'select_ln13', relu_max_1.cpp:13 on array 'output_r' [66]  (3.254 ns)


============================================================
+ Verbose Summary: Binding
============================================================
N/A
* FSMD analyzer results:
  - Output states:
 - Input state : 
  - Chain level:
	State 1
	State 2
	State 3
	State 4
	State 5
	State 6


============================================================
+ Verbose Summary: Datapath Resource usage 
============================================================
N/A
