

================================================================
== Vitis HLS Report for 'relu_max_1'
================================================================
* Date:           Wed Jul 22 22:16:20 2026

* Version:        2025.1 (Build 6135595 on May 21 2025)
* Project:        Relu_Max_1
* Solution:       hls (Vivado IP Flow Target)
* Product family: zynq
* Target device:  xc7z020-clg400-1


================================================================
== Performance Estimates
================================================================
+ Timing: 
    * Summary: 
    +--------+----------+----------+------------+
    |  Clock |  Target  | Estimated| Uncertainty|
    +--------+----------+----------+------------+
    |ap_clk  |  12.00 ns|  8.685 ns|     3.24 ns|
    +--------+----------+----------+------------+

+ Latency: 
    * Summary: 
    +---------+---------+----------+----------+-----+-----+------------------------------------------------+
    |  Latency (cycles) |  Latency (absolute) |  Interval |                    Pipeline                    |
    |   min   |   max   |    min   |    max   | min | max |                      Type                      |
    +---------+---------+----------+----------+-----+-----+------------------------------------------------+
    |      262|      262|  3.144 us|  3.144 us|  256|  256|  loop auto-rewind stp (delay=0 clock cycles(s))|
    +---------+---------+----------+----------+-----+-----+------------------------------------------------+

    + Detail: 
        * Instance: 
        N/A

        * Loop: 
        +-----------+---------+---------+----------+-----------+-----------+------+----------+
        |           |  Latency (cycles) | Iteration|  Initiation Interval  | Trip |          |
        | Loop Name |   min   |   max   |  Latency |  achieved |   target  | Count| Pipelined|
        +-----------+---------+---------+----------+-----------+-----------+------+----------+
        |- CH_POOL  |      260|      260|         6|          1|          1|   256|       yes|
        +-----------+---------+---------+----------+-----------+-----------+------+----------+

============================================================
+ Verbose Summary: Synthesis Manager
============================================================
InlineROM: 1
ExposeGlobal: 0
============================================================
+ Verbose Summary: CDFG Model
============================================================
IsTopModel: 1
ResetActiveHigh: 1
IsCombinational: 0
IsDatapathOnly: 0
HasWiredReturn: 1
HasMFsm: 2
HasVarLatency: 1
IsPipeline: 0
IsRtlPipelined: 0
IsInstanceOverlapped: 0
IsDontTouch: 0
HasImplIP: 0
IsGatedGlobalClock: 0

+ Individual pipeline summary: 
  * Pipeline-0: initiation interval (II) = 1, depth = 6


============================================================
+ Verbose Summary: Schedule
============================================================
* Number of FSM states : 6
* Pipeline : 1
  Pipeline-0 : II = 1, D = 6, States = { 1 2 3 4 5 6 }
* Dataflow Pipeline: 0

* FSM state transitions: 
1 --> 2 
2 --> 3 
3 --> 4 
4 --> 5 
5 --> 6 
6 --> 

* FSM state operations: 

State 1 <SV = 0> <Delay = 7.83>
ST_1 : Operation 9 [1/1] (0.00ns)   --->   "%indvar_flatten1 = alloca i32 1"   --->   Operation 9 'alloca' 'indvar_flatten1' <Predicate = true> <Delay = 0.00>
ST_1 : Operation 10 [1/1] (0.00ns)   --->   "%r2 = alloca i32 1"   --->   Operation 10 'alloca' 'r2' <Predicate = true> <Delay = 0.00>
ST_1 : Operation 11 [1/1] (0.00ns)   --->   "%o3 = alloca i32 1"   --->   Operation 11 'alloca' 'o3' <Predicate = true> <Delay = 0.00>
ST_1 : Operation 12 [1/1] (0.00ns)   --->   "%spectopmodule_ln5 = spectopmodule void @_ssdm_op_SpecTopModule, void @empty_1" [relu_max_1.cpp:5]   --->   Operation 12 'spectopmodule' 'spectopmodule_ln5' <Predicate = true> <Delay = 0.00>
ST_1 : Operation 13 [1/1] (0.00ns)   --->   "%specinterface_ln0 = specinterface void @_ssdm_op_SpecInterface, i32 %input_r, void @empty, i32 0, i32 0, void @empty_0, i32 4294967295, i32 0, void @empty_0, void @empty_0, void @empty_0, i32 0, i32 0, i32 0, i32 0, void @empty_0, void @empty_0, i32 4294967295, i32 0, i32 0"   --->   Operation 13 'specinterface' 'specinterface_ln0' <Predicate = true> <Delay = 0.00>
ST_1 : Operation 14 [1/1] (0.00ns)   --->   "%specbitsmap_ln0 = specbitsmap void @_ssdm_op_SpecBitsMap, i32 %input_r"   --->   Operation 14 'specbitsmap' 'specbitsmap_ln0' <Predicate = true> <Delay = 0.00>
ST_1 : Operation 15 [1/1] (0.00ns)   --->   "%specinterface_ln0 = specinterface void @_ssdm_op_SpecInterface, i32 %output_r, void @empty, i32 0, i32 0, void @empty_0, i32 4294967295, i32 0, void @empty_0, void @empty_0, void @empty_0, i32 0, i32 0, i32 0, i32 0, void @empty_0, void @empty_0, i32 4294967295, i32 0, i32 0"   --->   Operation 15 'specinterface' 'specinterface_ln0' <Predicate = true> <Delay = 0.00>
ST_1 : Operation 16 [1/1] (0.00ns)   --->   "%specbitsmap_ln0 = specbitsmap void @_ssdm_op_SpecBitsMap, i32 %output_r"   --->   Operation 16 'specbitsmap' 'specbitsmap_ln0' <Predicate = true> <Delay = 0.00>
ST_1 : Operation 17 [1/1] (1.58ns)   --->   "%store_ln0 = store i5 0, i5 %o3"   --->   Operation 17 'store' 'store_ln0' <Predicate = true> <Delay = 1.58>
ST_1 : Operation 18 [1/1] (1.58ns)   --->   "%store_ln0 = store i5 0, i5 %r2"   --->   Operation 18 'store' 'store_ln0' <Predicate = true> <Delay = 1.58>
ST_1 : Operation 19 [1/1] (1.58ns)   --->   "%store_ln0 = store i8 0, i8 %indvar_flatten1"   --->   Operation 19 'store' 'store_ln0' <Predicate = true> <Delay = 1.58>
ST_1 : Operation 20 [1/1] (1.58ns)   --->   "%br_ln0 = br void %for.inc22"   --->   Operation 20 'br' 'br_ln0' <Predicate = true> <Delay = 1.58>
ST_1 : Operation 21 [1/1] (0.00ns)   --->   "%icmp_ln94 = phi i1 0, void %entry, i1 %icmp_ln9, void %for.inc22" [relu_max_1.cpp:9]   --->   Operation 21 'phi' 'icmp_ln94' <Predicate = true> <Delay = 0.00>
ST_1 : Operation 22 [1/1] (0.00ns)   --->   "%indvar_flatten1_load = load i8 %indvar_flatten1" [relu_max_1.cpp:8]   --->   Operation 22 'load' 'indvar_flatten1_load' <Predicate = true> <Delay = 0.00>
ST_1 : Operation 23 [1/1] (0.00ns)   --->   "%r2_load = load i5 %r2" [relu_max_1.cpp:8]   --->   Operation 23 'load' 'r2_load' <Predicate = true> <Delay = 0.00>
ST_1 : Operation 24 [1/1] (0.00ns)   --->   "%o3_load = load i5 %o3" [relu_max_1.cpp:8]   --->   Operation 24 'load' 'o3_load' <Predicate = true> <Delay = 0.00>
ST_1 : Operation 25 [1/1] (1.78ns)   --->   "%add_ln8 = add i5 %r2_load, i5 1" [relu_max_1.cpp:8]   --->   Operation 25 'add' 'add_ln8' <Predicate = true> <Delay = 1.78> <CoreInst = "Adder">   --->   Core 1 'Adder' <Latency = 0> <II = 1> <Delay = 1.78> <FuncUnit> <Opcode : 'add' 'sub'> <InPorts = 2> <OutPorts = 1>
ST_1 : Operation 26 [1/1] (1.21ns)   --->   "%select_ln8 = select i1 %icmp_ln94, i5 0, i5 %o3_load" [relu_max_1.cpp:8]   --->   Operation 26 'select' 'select_ln8' <Predicate = true> <Delay = 1.21> <CoreInst = "Sel">   --->   Core 73 'Sel' <Latency = 0> <II = 1> <Delay = 1.21> <FuncUnit> <Opcode : 'select'> <InPorts = 3> <OutPorts = 1>
ST_1 : Operation 27 [1/1] (1.21ns)   --->   "%r = select i1 %icmp_ln94, i5 %add_ln8, i5 %r2_load" [relu_max_1.cpp:8]   --->   Operation 27 'select' 'r' <Predicate = true> <Delay = 1.21> <CoreInst = "Sel">   --->   Core 73 'Sel' <Latency = 0> <II = 1> <Delay = 1.21> <FuncUnit> <Opcode : 'select'> <InPorts = 3> <OutPorts = 1>
ST_1 : Operation 28 [1/1] (0.00ns)   --->   "%trunc_ln13 = trunc i5 %r" [relu_max_1.cpp:13]   --->   Operation 28 'trunc' 'trunc_ln13' <Predicate = true> <Delay = 0.00>
ST_1 : Operation 29 [1/1] (0.00ns)   --->   "%trunc_ln10 = trunc i5 %select_ln8" [relu_max_1.cpp:10]   --->   Operation 29 'trunc' 'trunc_ln10' <Predicate = true> <Delay = 0.00>
ST_1 : Operation 30 [1/1] (0.00ns)   --->   "%tmp_7 = bitconcatenate i9 @_ssdm_op_BitConcatenate.i9.i4.i4.i1, i4 %trunc_ln13, i4 %trunc_ln10, i1 0" [relu_max_1.cpp:10]   --->   Operation 30 'bitconcatenate' 'tmp_7' <Predicate = true> <Delay = 0.00>
ST_1 : Operation 31 [1/1] (0.00ns)   --->   "%zext_ln10 = zext i9 %tmp_7" [relu_max_1.cpp:10]   --->   Operation 31 'zext' 'zext_ln10' <Predicate = true> <Delay = 0.00>
ST_1 : Operation 32 [1/1] (0.00ns)   --->   "%input_r_addr = getelementptr i32 %input_r, i64 0, i64 %zext_ln10" [relu_max_1.cpp:10]   --->   Operation 32 'getelementptr' 'input_r_addr' <Predicate = true> <Delay = 0.00>
ST_1 : Operation 33 [2/2] (3.25ns)   --->   "%input_r_load = load i9 %input_r_addr" [relu_max_1.cpp:10]   --->   Operation 33 'load' 'input_r_load' <Predicate = true> <Delay = 3.25> <CoreInst = "RAM">   --->   Core 81 'RAM' <Latency = 1> <II = 1> <Delay = 3.25> <Storage> <Opcode : 'load' 'store'> <Ports = 2> <Width = 32> <Depth = 512> <RAM>
ST_1 : Operation 34 [1/1] (0.00ns)   --->   "%tmp_8 = bitconcatenate i9 @_ssdm_op_BitConcatenate.i9.i4.i4.i1, i4 %trunc_ln13, i4 %trunc_ln10, i1 1" [relu_max_1.cpp:11]   --->   Operation 34 'bitconcatenate' 'tmp_8' <Predicate = true> <Delay = 0.00>
ST_1 : Operation 35 [1/1] (0.00ns)   --->   "%zext_ln11 = zext i9 %tmp_8" [relu_max_1.cpp:11]   --->   Operation 35 'zext' 'zext_ln11' <Predicate = true> <Delay = 0.00>
ST_1 : Operation 36 [1/1] (0.00ns)   --->   "%input_r_addr_1 = getelementptr i32 %input_r, i64 0, i64 %zext_ln11" [relu_max_1.cpp:11]   --->   Operation 36 'getelementptr' 'input_r_addr_1' <Predicate = true> <Delay = 0.00>
ST_1 : Operation 37 [2/2] (3.25ns)   --->   "%input_r_load_1 = load i9 %input_r_addr_1" [relu_max_1.cpp:11]   --->   Operation 37 'load' 'input_r_load_1' <Predicate = true> <Delay = 3.25> <CoreInst = "RAM">   --->   Core 81 'RAM' <Latency = 1> <II = 1> <Delay = 3.25> <Storage> <Opcode : 'load' 'store'> <Ports = 2> <Width = 32> <Depth = 512> <RAM>
ST_1 : Operation 38 [1/1] (1.78ns)   --->   "%o = add i5 %select_ln8, i5 1" [relu_max_1.cpp:9]   --->   Operation 38 'add' 'o' <Predicate = true> <Delay = 1.78> <CoreInst = "Adder">   --->   Core 1 'Adder' <Latency = 0> <II = 1> <Delay = 1.78> <FuncUnit> <Opcode : 'add' 'sub'> <InPorts = 2> <OutPorts = 1>
ST_1 : Operation 39 [1/1] (1.91ns)   --->   "%add_ln8_1 = add i8 %indvar_flatten1_load, i8 1" [relu_max_1.cpp:8]   --->   Operation 39 'add' 'add_ln8_1' <Predicate = true> <Delay = 1.91> <CoreInst = "Adder">   --->   Core 1 'Adder' <Latency = 0> <II = 1> <Delay = 1.91> <FuncUnit> <Opcode : 'add' 'sub'> <InPorts = 2> <OutPorts = 1>
ST_1 : Operation 40 [1/1] (1.78ns)   --->   "%icmp_ln9 = icmp_eq  i5 %o, i5 16" [relu_max_1.cpp:9]   --->   Operation 40 'icmp' 'icmp_ln9' <Predicate = true> <Delay = 1.78> <CoreInst = "Cmp">   --->   Core 9 'Cmp' <Latency = 0> <II = 1> <Delay = 1.78> <FuncUnit> <Opcode : 'seteq' 'setne' 'setle' 'setge' 'setlt' 'setgt'> <InPorts = 2> <OutPorts = 1>
ST_1 : Operation 41 [1/1] (1.91ns)   --->   "%icmp_ln8 = icmp_eq  i8 %indvar_flatten1_load, i8 255" [relu_max_1.cpp:8]   --->   Operation 41 'icmp' 'icmp_ln8' <Predicate = true> <Delay = 1.91> <CoreInst = "Cmp">   --->   Core 9 'Cmp' <Latency = 0> <II = 1> <Delay = 1.91> <FuncUnit> <Opcode : 'seteq' 'setne' 'setle' 'setge' 'setlt' 'setgt'> <InPorts = 2> <OutPorts = 1>
ST_1 : Operation 42 [1/1] (1.58ns)   --->   "%store_ln9 = store i5 %o, i5 %o3" [relu_max_1.cpp:9]   --->   Operation 42 'store' 'store_ln9' <Predicate = true> <Delay = 1.58>
ST_1 : Operation 43 [1/1] (1.58ns)   --->   "%store_ln8 = store i5 %r, i5 %r2" [relu_max_1.cpp:8]   --->   Operation 43 'store' 'store_ln8' <Predicate = true> <Delay = 1.58>
ST_1 : Operation 44 [1/1] (1.58ns)   --->   "%store_ln8 = store i8 %add_ln8_1, i8 %indvar_flatten1" [relu_max_1.cpp:8]   --->   Operation 44 'store' 'store_ln8' <Predicate = true> <Delay = 1.58>
ST_1 : Operation 45 [1/1] (0.00ns)   --->   "%br_ln8 = br i1 %icmp_ln8, void %for.inc22, void %for.end24" [relu_max_1.cpp:8]   --->   Operation 45 'br' 'br_ln8' <Predicate = true> <Delay = 0.00>

State 2 <SV = 1> <Delay = 8.68>
ST_2 : Operation 46 [1/2] ( I:3.25ns O:3.25ns )   --->   "%input_r_load = load i9 %input_r_addr" [relu_max_1.cpp:10]   --->   Operation 46 'load' 'input_r_load' <Predicate = true> <Delay = 3.25> <CoreInst = "RAM">   --->   Core 81 'RAM' <Latency = 1> <II = 1> <Delay = 3.25> <Storage> <Opcode : 'load' 'store'> <Ports = 2> <Width = 32> <Depth = 512> <RAM>
ST_2 : Operation 47 [1/1] (0.00ns)   --->   "%a = bitcast i32 %input_r_load" [relu_max_1.cpp:10]   --->   Operation 47 'bitcast' 'a' <Predicate = true> <Delay = 0.00>
ST_2 : Operation 48 [1/2] ( I:3.25ns O:3.25ns )   --->   "%input_r_load_1 = load i9 %input_r_addr_1" [relu_max_1.cpp:11]   --->   Operation 48 'load' 'input_r_load_1' <Predicate = true> <Delay = 3.25> <CoreInst = "RAM">   --->   Core 81 'RAM' <Latency = 1> <II = 1> <Delay = 3.25> <Storage> <Opcode : 'load' 'store'> <Ports = 2> <Width = 32> <Depth = 512> <RAM>
ST_2 : Operation 49 [1/1] (0.00ns)   --->   "%b = bitcast i32 %input_r_load_1" [relu_max_1.cpp:11]   --->   Operation 49 'bitcast' 'b' <Predicate = true> <Delay = 0.00>
ST_2 : Operation 50 [1/1] (0.00ns)   --->   "%tmp = partselect i8 @_ssdm_op_PartSelect.i8.i32.i32.i32, i32 %input_r_load, i32 23, i32 30" [relu_max_1.cpp:12]   --->   Operation 50 'partselect' 'tmp' <Predicate = true> <Delay = 0.00>
ST_2 : Operation 51 [1/1] (0.00ns)   --->   "%trunc_ln12 = trunc i32 %input_r_load" [relu_max_1.cpp:12]   --->   Operation 51 'trunc' 'trunc_ln12' <Predicate = true> <Delay = 0.00>
ST_2 : Operation 52 [1/1] (0.00ns)   --->   "%tmp_1 = partselect i8 @_ssdm_op_PartSelect.i8.i32.i32.i32, i32 %input_r_load_1, i32 23, i32 30" [relu_max_1.cpp:12]   --->   Operation 52 'partselect' 'tmp_1' <Predicate = true> <Delay = 0.00>
ST_2 : Operation 53 [1/1] (0.00ns)   --->   "%trunc_ln12_1 = trunc i32 %input_r_load_1" [relu_max_1.cpp:12]   --->   Operation 53 'trunc' 'trunc_ln12_1' <Predicate = true> <Delay = 0.00>
ST_2 : Operation 54 [1/1] (1.91ns)   --->   "%icmp_ln12 = icmp_ne  i8 %tmp, i8 255" [relu_max_1.cpp:12]   --->   Operation 54 'icmp' 'icmp_ln12' <Predicate = true> <Delay = 1.91> <CoreInst = "Cmp">   --->   Core 9 'Cmp' <Latency = 0> <II = 1> <Delay = 1.91> <FuncUnit> <Opcode : 'seteq' 'setne' 'setle' 'setge' 'setlt' 'setgt'> <InPorts = 2> <OutPorts = 1>
ST_2 : Operation 55 [1/1] (2.28ns)   --->   "%icmp_ln12_1 = icmp_eq  i23 %trunc_ln12, i23 0" [relu_max_1.cpp:12]   --->   Operation 55 'icmp' 'icmp_ln12_1' <Predicate = true> <Delay = 2.28> <CoreInst = "Cmp">   --->   Core 9 'Cmp' <Latency = 0> <II = 1> <Delay = 2.28> <FuncUnit> <Opcode : 'seteq' 'setne' 'setle' 'setge' 'setlt' 'setgt'> <InPorts = 2> <OutPorts = 1>
ST_2 : Operation 56 [1/1] (1.91ns)   --->   "%icmp_ln12_2 = icmp_ne  i8 %tmp_1, i8 255" [relu_max_1.cpp:12]   --->   Operation 56 'icmp' 'icmp_ln12_2' <Predicate = true> <Delay = 1.91> <CoreInst = "Cmp">   --->   Core 9 'Cmp' <Latency = 0> <II = 1> <Delay = 1.91> <FuncUnit> <Opcode : 'seteq' 'setne' 'setle' 'setge' 'setlt' 'setgt'> <InPorts = 2> <OutPorts = 1>
ST_2 : Operation 57 [1/1] (2.28ns)   --->   "%icmp_ln12_3 = icmp_eq  i23 %trunc_ln12_1, i23 0" [relu_max_1.cpp:12]   --->   Operation 57 'icmp' 'icmp_ln12_3' <Predicate = true> <Delay = 2.28> <CoreInst = "Cmp">   --->   Core 9 'Cmp' <Latency = 0> <II = 1> <Delay = 2.28> <FuncUnit> <Opcode : 'seteq' 'setne' 'setle' 'setge' 'setlt' 'setgt'> <InPorts = 2> <OutPorts = 1>
ST_2 : Operation 58 [2/2] (5.43ns)   --->   "%tmp_2 = fcmp_ogt  i32 %a, i32 %b" [relu_max_1.cpp:12]   --->   Operation 58 'fcmp' 'tmp_2' <Predicate = true> <Delay = 5.43> <CoreInst = "FCompare">   --->   Core 19 'FCompare' <Latency = 1> <II = 1> <Delay = 5.43> <FuncUnit> <Opcode : 'fcmp'> <InPorts = 2> <OutPorts = 1>

State 3 <SV = 2> <Delay = 7.10>
ST_3 : Operation 59 [1/1] (0.00ns) (grouped into LUT with out node and_ln12_1)   --->   "%or_ln12 = or i1 %icmp_ln12_1, i1 %icmp_ln12" [relu_max_1.cpp:12]   --->   Operation 59 'or' 'or_ln12' <Predicate = true> <Delay = 0.00> <CoreInst = "LogicGate">   --->   Core 74 'LogicGate' <Latency = 0> <II = 1> <Delay = 0.97> <FuncUnit> <Opcode : 'and' 'or' 'xor'> <InPorts = 2> <OutPorts = 1>
ST_3 : Operation 60 [1/1] (0.00ns) (grouped into LUT with out node and_ln12_1)   --->   "%or_ln12_1 = or i1 %icmp_ln12_3, i1 %icmp_ln12_2" [relu_max_1.cpp:12]   --->   Operation 60 'or' 'or_ln12_1' <Predicate = true> <Delay = 0.00> <CoreInst = "LogicGate">   --->   Core 74 'LogicGate' <Latency = 0> <II = 1> <Delay = 0.97> <FuncUnit> <Opcode : 'and' 'or' 'xor'> <InPorts = 2> <OutPorts = 1>
ST_3 : Operation 61 [1/1] (0.00ns) (grouped into LUT with out node and_ln12_1)   --->   "%and_ln12 = and i1 %or_ln12, i1 %or_ln12_1" [relu_max_1.cpp:12]   --->   Operation 61 'and' 'and_ln12' <Predicate = true> <Delay = 0.00> <CoreInst = "LogicGate">   --->   Core 74 'LogicGate' <Latency = 0> <II = 1> <Delay = 0.97> <FuncUnit> <Opcode : 'and' 'or' 'xor'> <InPorts = 2> <OutPorts = 1>
ST_3 : Operation 62 [1/2] (5.43ns)   --->   "%tmp_2 = fcmp_ogt  i32 %a, i32 %b" [relu_max_1.cpp:12]   --->   Operation 62 'fcmp' 'tmp_2' <Predicate = true> <Delay = 5.43> <CoreInst = "FCompare">   --->   Core 19 'FCompare' <Latency = 1> <II = 1> <Delay = 5.43> <FuncUnit> <Opcode : 'fcmp'> <InPorts = 2> <OutPorts = 1>
ST_3 : Operation 63 [1/1] (0.97ns) (out node of the LUT)   --->   "%and_ln12_1 = and i1 %and_ln12, i1 %tmp_2" [relu_max_1.cpp:12]   --->   Operation 63 'and' 'and_ln12_1' <Predicate = true> <Delay = 0.97> <CoreInst = "LogicGate">   --->   Core 74 'LogicGate' <Latency = 0> <II = 1> <Delay = 0.97> <FuncUnit> <Opcode : 'and' 'or' 'xor'> <InPorts = 2> <OutPorts = 1>
ST_3 : Operation 64 [1/1] (0.69ns) (out node of the LUT)   --->   "%m = select i1 %and_ln12_1, i32 %a, i32 %b" [relu_max_1.cpp:12]   --->   Operation 64 'select' 'm' <Predicate = true> <Delay = 0.69> <CoreInst = "Sel">   --->   Core 73 'Sel' <Latency = 0> <II = 1> <Delay = 0.69> <FuncUnit> <Opcode : 'select'> <InPorts = 3> <OutPorts = 1>

State 4 <SV = 3> <Delay = 5.43>
ST_4 : Operation 65 [2/2] (5.43ns)   --->   "%tmp_4 = fcmp_ogt  i32 %m, i32 0" [relu_max_1.cpp:13]   --->   Operation 65 'fcmp' 'tmp_4' <Predicate = true> <Delay = 5.43> <CoreInst = "FCompare">   --->   Core 19 'FCompare' <Latency = 1> <II = 1> <Delay = 5.43> <FuncUnit> <Opcode : 'fcmp'> <InPorts = 2> <OutPorts = 1>

State 5 <SV = 4> <Delay = 6.40>
ST_5 : Operation 66 [1/1] (0.00ns)   --->   "%bitcast_ln13 = bitcast i32 %m" [relu_max_1.cpp:13]   --->   Operation 66 'bitcast' 'bitcast_ln13' <Predicate = true> <Delay = 0.00>
ST_5 : Operation 67 [1/1] (0.00ns)   --->   "%tmp_3 = partselect i8 @_ssdm_op_PartSelect.i8.i32.i32.i32, i32 %bitcast_ln13, i32 23, i32 30" [relu_max_1.cpp:13]   --->   Operation 67 'partselect' 'tmp_3' <Predicate = true> <Delay = 0.00>
ST_5 : Operation 68 [1/1] (0.00ns)   --->   "%trunc_ln13_1 = trunc i32 %bitcast_ln13" [relu_max_1.cpp:13]   --->   Operation 68 'trunc' 'trunc_ln13_1' <Predicate = true> <Delay = 0.00>
ST_5 : Operation 69 [1/1] (1.91ns)   --->   "%icmp_ln13 = icmp_ne  i8 %tmp_3, i8 255" [relu_max_1.cpp:13]   --->   Operation 69 'icmp' 'icmp_ln13' <Predicate = true> <Delay = 1.91> <CoreInst = "Cmp">   --->   Core 9 'Cmp' <Latency = 0> <II = 1> <Delay = 1.91> <FuncUnit> <Opcode : 'seteq' 'setne' 'setle' 'setge' 'setlt' 'setgt'> <InPorts = 2> <OutPorts = 1>
ST_5 : Operation 70 [1/1] (2.28ns)   --->   "%icmp_ln13_1 = icmp_eq  i23 %trunc_ln13_1, i23 0" [relu_max_1.cpp:13]   --->   Operation 70 'icmp' 'icmp_ln13_1' <Predicate = true> <Delay = 2.28> <CoreInst = "Cmp">   --->   Core 9 'Cmp' <Latency = 0> <II = 1> <Delay = 2.28> <FuncUnit> <Opcode : 'seteq' 'setne' 'setle' 'setge' 'setlt' 'setgt'> <InPorts = 2> <OutPorts = 1>
ST_5 : Operation 71 [1/1] (0.00ns) (grouped into LUT with out node select_ln13)   --->   "%or_ln13 = or i1 %icmp_ln13_1, i1 %icmp_ln13" [relu_max_1.cpp:13]   --->   Operation 71 'or' 'or_ln13' <Predicate = true> <Delay = 0.00> <CoreInst = "LogicGate">   --->   Core 74 'LogicGate' <Latency = 0> <II = 1> <Delay = 0.97> <FuncUnit> <Opcode : 'and' 'or' 'xor'> <InPorts = 2> <OutPorts = 1>
ST_5 : Operation 72 [1/2] (5.43ns)   --->   "%tmp_4 = fcmp_ogt  i32 %m, i32 0" [relu_max_1.cpp:13]   --->   Operation 72 'fcmp' 'tmp_4' <Predicate = true> <Delay = 5.43> <CoreInst = "FCompare">   --->   Core 19 'FCompare' <Latency = 1> <II = 1> <Delay = 5.43> <FuncUnit> <Opcode : 'fcmp'> <InPorts = 2> <OutPorts = 1>
ST_5 : Operation 73 [1/1] (0.00ns) (grouped into LUT with out node select_ln13)   --->   "%and_ln13 = and i1 %or_ln13, i1 %tmp_4" [relu_max_1.cpp:13]   --->   Operation 73 'and' 'and_ln13' <Predicate = true> <Delay = 0.00> <CoreInst = "LogicGate">   --->   Core 74 'LogicGate' <Latency = 0> <II = 1> <Delay = 0.97> <FuncUnit> <Opcode : 'and' 'or' 'xor'> <InPorts = 2> <OutPorts = 1>
ST_5 : Operation 74 [1/1] (0.97ns) (out node of the LUT)   --->   "%select_ln13 = select i1 %and_ln13, i32 %bitcast_ln13, i32 0" [relu_max_1.cpp:13]   --->   Operation 74 'select' 'select_ln13' <Predicate = true> <Delay = 0.97> <CoreInst = "Sel">   --->   Core 73 'Sel' <Latency = 0> <II = 1> <Delay = 0.69> <FuncUnit> <Opcode : 'select'> <InPorts = 3> <OutPorts = 1>

State 6 <SV = 5> <Delay = 5.16>
ST_6 : Operation 75 [1/1] (0.00ns)   --->   "%specloopname_ln0 = specloopname void @_ssdm_op_SpecLoopName, void @CH_POOL_str"   --->   Operation 75 'specloopname' 'specloopname_ln0' <Predicate = true> <Delay = 0.00>
ST_6 : Operation 76 [1/1] (0.00ns)   --->   "%speclooptripcount_ln0 = speclooptripcount void @_ssdm_op_SpecLoopTripCount, i64 256, i64 256, i64 256"   --->   Operation 76 'speclooptripcount' 'speclooptripcount_ln0' <Predicate = true> <Delay = 0.00>
ST_6 : Operation 77 [1/1] (0.00ns)   --->   "%tmp_5 = bitconcatenate i8 @_ssdm_op_BitConcatenate.i8.i4.i4, i4 %trunc_ln13, i4 0" [relu_max_1.cpp:13]   --->   Operation 77 'bitconcatenate' 'tmp_5' <Predicate = true> <Delay = 0.00>
ST_6 : Operation 78 [1/1] (0.00ns)   --->   "%zext_ln13 = zext i5 %select_ln8" [relu_max_1.cpp:13]   --->   Operation 78 'zext' 'zext_ln13' <Predicate = true> <Delay = 0.00>
ST_6 : Operation 79 [1/1] (1.91ns)   --->   "%add_ln13 = add i8 %tmp_5, i8 %zext_ln13" [relu_max_1.cpp:13]   --->   Operation 79 'add' 'add_ln13' <Predicate = true> <Delay = 1.91> <CoreInst = "Adder">   --->   Core 1 'Adder' <Latency = 0> <II = 1> <Delay = 1.91> <FuncUnit> <Opcode : 'add' 'sub'> <InPorts = 2> <OutPorts = 1>
ST_6 : Operation 80 [1/1] (0.00ns)   --->   "%zext_ln13_1 = zext i8 %add_ln13" [relu_max_1.cpp:13]   --->   Operation 80 'zext' 'zext_ln13_1' <Predicate = true> <Delay = 0.00>
ST_6 : Operation 81 [1/1] (0.00ns)   --->   "%output_r_addr = getelementptr i32 %output_r, i64 0, i64 %zext_ln13_1" [relu_max_1.cpp:13]   --->   Operation 81 'getelementptr' 'output_r_addr' <Predicate = true> <Delay = 0.00>
ST_6 : Operation 82 [1/1] (0.00ns)   --->   "%specpipeline_ln9 = specpipeline void @_ssdm_op_SpecPipeline, i32 4294967295, i32 0, i32 0, i32 0, void @empty_0" [relu_max_1.cpp:9]   --->   Operation 82 'specpipeline' 'specpipeline_ln9' <Predicate = true> <Delay = 0.00>
ST_6 : Operation 83 [1/1] ( I:3.25ns O:3.25ns )   --->   "%store_ln13 = store i32 %select_ln13, i8 %output_r_addr" [relu_max_1.cpp:13]   --->   Operation 83 'store' 'store_ln13' <Predicate = true> <Delay = 3.25> <CoreInst = "RAM">   --->   Core 81 'RAM' <Latency = 1> <II = 1> <Delay = 3.25> <Storage> <Opcode : 'load' 'store'> <Ports = 2> <Width = 32> <Depth = 256> <RAM>
ST_6 : Operation 84 [1/1] (1.58ns)   --->   "%ret_ln16 = ret" [relu_max_1.cpp:16]   --->   Operation 84 'ret' 'ret_ln16' <Predicate = (icmp_ln8)> <Delay = 1.58>


============================================================
+ Verbose Summary: Binding
============================================================
STG Binding: 
---------------- STG Properties BEGIN ----------------
- Is combinational: 0
- Is one-state seq: 0
- Is datapath-only: 0
- Is pipelined: 0
- Is top level: 1
Port [ Return ] is wired: 1; IO mode=ap_ctrl_hs:ce=0
Port [ input_r]:  wired=1; compound=1; hidden=0; nouse=0; global=0; static=0; extern=0; dir=0; type=1; pingpong=0; private_global=0; MemPort=[11]; IO mode=ap_memory:ce=0
Port [ output_r]:  wired=1; compound=1; hidden=0; nouse=0; global=0; static=0; extern=0; dir=1; type=1; pingpong=0; private_global=0; MemPort=[03]; IO mode=ap_memory:ce=0
---------------- STG Properties END ------------------

---------------- Datapath Model BEGIN ----------------

<LifeTime>
<method=bitvector/>
indvar_flatten1       (alloca           ) [ 0100000]
r2                    (alloca           ) [ 0100000]
o3                    (alloca           ) [ 0100000]
spectopmodule_ln5     (spectopmodule    ) [ 0000000]
specinterface_ln0     (specinterface    ) [ 0000000]
specbitsmap_ln0       (specbitsmap      ) [ 0000000]
specinterface_ln0     (specinterface    ) [ 0000000]
specbitsmap_ln0       (specbitsmap      ) [ 0000000]
store_ln0             (store            ) [ 0000000]
store_ln0             (store            ) [ 0000000]
store_ln0             (store            ) [ 0000000]
br_ln0                (br               ) [ 0000000]
icmp_ln94             (phi              ) [ 0100000]
indvar_flatten1_load  (load             ) [ 0000000]
r2_load               (load             ) [ 0000000]
o3_load               (load             ) [ 0000000]
add_ln8               (add              ) [ 0000000]
select_ln8            (select           ) [ 0111111]
r                     (select           ) [ 0000000]
trunc_ln13            (trunc            ) [ 0111111]
trunc_ln10            (trunc            ) [ 0000000]
tmp_7                 (bitconcatenate   ) [ 0000000]
zext_ln10             (zext             ) [ 0000000]
input_r_addr          (getelementptr    ) [ 0110000]
tmp_8                 (bitconcatenate   ) [ 0000000]
zext_ln11             (zext             ) [ 0000000]
input_r_addr_1        (getelementptr    ) [ 0110000]
o                     (add              ) [ 0000000]
add_ln8_1             (add              ) [ 0000000]
icmp_ln9              (icmp             ) [ 0100000]
icmp_ln8              (icmp             ) [ 0111111]
store_ln9             (store            ) [ 0000000]
store_ln8             (store            ) [ 0000000]
store_ln8             (store            ) [ 0000000]
br_ln8                (br               ) [ 0100000]
input_r_load          (load             ) [ 0000000]
a                     (bitcast          ) [ 0101000]
input_r_load_1        (load             ) [ 0000000]
b                     (bitcast          ) [ 0101000]
tmp                   (partselect       ) [ 0000000]
trunc_ln12            (trunc            ) [ 0000000]
tmp_1                 (partselect       ) [ 0000000]
trunc_ln12_1          (trunc            ) [ 0000000]
icmp_ln12             (icmp             ) [ 0101000]
icmp_ln12_1           (icmp             ) [ 0101000]
icmp_ln12_2           (icmp             ) [ 0101000]
icmp_ln12_3           (icmp             ) [ 0101000]
or_ln12               (or               ) [ 0000000]
or_ln12_1             (or               ) [ 0000000]
and_ln12              (and              ) [ 0000000]
tmp_2                 (fcmp             ) [ 0000000]
and_ln12_1            (and              ) [ 0000000]
m                     (select           ) [ 0100110]
bitcast_ln13          (bitcast          ) [ 0000000]
tmp_3                 (partselect       ) [ 0000000]
trunc_ln13_1          (trunc            ) [ 0000000]
icmp_ln13             (icmp             ) [ 0000000]
icmp_ln13_1           (icmp             ) [ 0000000]
or_ln13               (or               ) [ 0000000]
tmp_4                 (fcmp             ) [ 0000000]
and_ln13              (and              ) [ 0000000]
select_ln13           (select           ) [ 0100001]
specloopname_ln0      (specloopname     ) [ 0000000]
speclooptripcount_ln0 (speclooptripcount) [ 0000000]
tmp_5                 (bitconcatenate   ) [ 0000000]
zext_ln13             (zext             ) [ 0000000]
add_ln13              (add              ) [ 0000000]
zext_ln13_1           (zext             ) [ 0000000]
output_r_addr         (getelementptr    ) [ 0000000]
specpipeline_ln9      (specpipeline     ) [ 0000000]
store_ln13            (store            ) [ 0000000]
ret_ln16              (ret              ) [ 0000000]
</LifeTime>

<model>

<comp_list>
<comp id="0" class="1000" name="input_r">
<pin_list>
<pin id="1" dir="1" index="0" bw="1" slack="0"/>
</pin_list>
<bind>
<StgValue><ssdm name="input_r"/><MemPortTyVec>1 1 </MemPortTyVec>
</StgValue>
</bind>
</comp>

<comp id="2" class="1000" name="output_r">
<pin_list>
<pin id="3" dir="1" index="0" bw="1" slack="0"/>
</pin_list>
<bind>
<StgValue><ssdm name="output_r"/><MemPortTyVec>0 3 </MemPortTyVec>
</StgValue>
</bind>
</comp>

<comp id="4" class="1001" name="const_4">
<pin_list>
<pin id="5" dir="1" index="0" bw="1" slack="0"/>
</pin_list>
<bind>
<StgValue><ssdm name=""/></StgValue>
</bind>
</comp>

<comp id="6" class="1001" name="const_6">
<pin_list>
<pin id="7" dir="1" index="0" bw="1" slack="2147483647"/>
</pin_list>
<bind>
<StgValue><ssdm name="_ssdm_op_SpecTopModule"/></StgValue>
</bind>
</comp>

<comp id="8" class="1001" name="const_8">
<pin_list>
<pin id="9" dir="1" index="0" bw="1" slack="2147483647"/>
</pin_list>
<bind>
<StgValue><ssdm name="empty_1"/></StgValue>
</bind>
</comp>

<comp id="10" class="1001" name="const_10">
<pin_list>
<pin id="11" dir="1" index="0" bw="1" slack="2147483647"/>
</pin_list>
<bind>
<StgValue><ssdm name="_ssdm_op_SpecInterface"/></StgValue>
</bind>
</comp>

<comp id="12" class="1001" name="const_12">
<pin_list>
<pin id="13" dir="1" index="0" bw="1" slack="2147483647"/>
</pin_list>
<bind>
<StgValue><ssdm name="empty"/></StgValue>
</bind>
</comp>

<comp id="14" class="1001" name="const_14">
<pin_list>
<pin id="15" dir="1" index="0" bw="1" slack="0"/>
</pin_list>
<bind>
<StgValue><ssdm name=""/></StgValue>
</bind>
</comp>

<comp id="16" class="1001" name="const_16">
<pin_list>
<pin id="17" dir="1" index="0" bw="1" slack="2147483647"/>
</pin_list>
<bind>
<StgValue><ssdm name="empty_0"/></StgValue>
</bind>
</comp>

<comp id="18" class="1001" name="const_18">
<pin_list>
<pin id="19" dir="1" index="0" bw="1" slack="2147483647"/>
</pin_list>
<bind>
<StgValue><ssdm name=""/></StgValue>
</bind>
</comp>

<comp id="20" class="1001" name="const_20">
<pin_list>
<pin id="21" dir="1" index="0" bw="1" slack="2147483647"/>
</pin_list>
<bind>
<StgValue><ssdm name="_ssdm_op_SpecBitsMap"/></StgValue>
</bind>
</comp>

<comp id="22" class="1001" name="const_22">
<pin_list>
<pin id="23" dir="1" index="0" bw="1" slack="0"/>
</pin_list>
<bind>
<StgValue><ssdm name=""/></StgValue>
</bind>
</comp>

<comp id="24" class="1001" name="const_24">
<pin_list>
<pin id="25" dir="1" index="0" bw="1" slack="0"/>
</pin_list>
<bind>
<StgValue><ssdm name=""/></StgValue>
</bind>
</comp>

<comp id="26" class="1001" name="const_26">
<pin_list>
<pin id="27" dir="1" index="0" bw="1" slack="0"/>
</pin_list>
<bind>
<StgValue><ssdm name=""/></StgValue>
</bind>
</comp>

<comp id="28" class="1001" name="const_28">
<pin_list>
<pin id="29" dir="1" index="0" bw="1" slack="0"/>
</pin_list>
<bind>
<StgValue><ssdm name=""/></StgValue>
</bind>
</comp>

<comp id="30" class="1001" name="const_30">
<pin_list>
<pin id="31" dir="1" index="0" bw="1" slack="0"/>
</pin_list>
<bind>
<StgValue><ssdm name="_ssdm_op_BitConcatenate.i9.i4.i4.i1"/></StgValue>
</bind>
</comp>

<comp id="32" class="1001" name="const_32">
<pin_list>
<pin id="33" dir="1" index="0" bw="1" slack="0"/>
</pin_list>
<bind>
<StgValue><ssdm name=""/></StgValue>
</bind>
</comp>

<comp id="34" class="1001" name="const_34">
<pin_list>
<pin id="35" dir="1" index="0" bw="1" slack="0"/>
</pin_list>
<bind>
<StgValue><ssdm name=""/></StgValue>
</bind>
</comp>

<comp id="36" class="1001" name="const_36">
<pin_list>
<pin id="37" dir="1" index="0" bw="1" slack="0"/>
</pin_list>
<bind>
<StgValue><ssdm name=""/></StgValue>
</bind>
</comp>

<comp id="38" class="1001" name="const_38">
<pin_list>
<pin id="39" dir="1" index="0" bw="1" slack="0"/>
</pin_list>
<bind>
<StgValue><ssdm name=""/></StgValue>
</bind>
</comp>

<comp id="40" class="1001" name="const_40">
<pin_list>
<pin id="41" dir="1" index="0" bw="1" slack="0"/>
</pin_list>
<bind>
<StgValue><ssdm name=""/></StgValue>
</bind>
</comp>

<comp id="42" class="1001" name="const_42">
<pin_list>
<pin id="43" dir="1" index="0" bw="1" slack="0"/>
</pin_list>
<bind>
<StgValue><ssdm name="_ssdm_op_PartSelect.i8.i32.i32.i32"/></StgValue>
</bind>
</comp>

<comp id="44" class="1001" name="const_44">
<pin_list>
<pin id="45" dir="1" index="0" bw="1" slack="0"/>
</pin_list>
<bind>
<StgValue><ssdm name=""/></StgValue>
</bind>
</comp>

<comp id="46" class="1001" name="const_46">
<pin_list>
<pin id="47" dir="1" index="0" bw="1" slack="0"/>
</pin_list>
<bind>
<StgValue><ssdm name=""/></StgValue>
</bind>
</comp>

<comp id="48" class="1001" name="const_48">
<pin_list>
<pin id="49" dir="1" index="0" bw="1" slack="0"/>
</pin_list>
<bind>
<StgValue><ssdm name=""/></StgValue>
</bind>
</comp>

<comp id="50" class="1001" name="const_50">
<pin_list>
<pin id="51" dir="1" index="0" bw="1" slack="0"/>
</pin_list>
<bind>
<StgValue><ssdm name=""/></StgValue>
</bind>
</comp>

<comp id="52" class="1001" name="const_52">
<pin_list>
<pin id="53" dir="1" index="0" bw="1" slack="2147483647"/>
</pin_list>
<bind>
<StgValue><ssdm name="_ssdm_op_SpecLoopName"/></StgValue>
</bind>
</comp>

<comp id="54" class="1001" name="const_54">
<pin_list>
<pin id="55" dir="1" index="0" bw="1" slack="2147483647"/>
</pin_list>
<bind>
<StgValue><ssdm name="CH_POOL_str"/></StgValue>
</bind>
</comp>

<comp id="56" class="1001" name="const_56">
<pin_list>
<pin id="57" dir="1" index="0" bw="1" slack="2147483647"/>
</pin_list>
<bind>
<StgValue><ssdm name="_ssdm_op_SpecLoopTripCount"/></StgValue>
</bind>
</comp>

<comp id="58" class="1001" name="const_58">
<pin_list>
<pin id="59" dir="1" index="0" bw="1" slack="2147483647"/>
</pin_list>
<bind>
<StgValue><ssdm name=""/></StgValue>
</bind>
</comp>

<comp id="60" class="1001" name="const_60">
<pin_list>
<pin id="61" dir="1" index="0" bw="1" slack="0"/>
</pin_list>
<bind>
<StgValue><ssdm name="_ssdm_op_BitConcatenate.i8.i4.i4"/></StgValue>
</bind>
</comp>

<comp id="62" class="1001" name="const_62">
<pin_list>
<pin id="63" dir="1" index="0" bw="1" slack="0"/>
</pin_list>
<bind>
<StgValue><ssdm name=""/></StgValue>
</bind>
</comp>

<comp id="64" class="1001" name="const_64">
<pin_list>
<pin id="65" dir="1" index="0" bw="1" slack="2147483647"/>
</pin_list>
<bind>
<StgValue><ssdm name="_ssdm_op_SpecPipeline"/></StgValue>
</bind>
</comp>

<comp id="66" class="1004" name="indvar_flatten1_fu_66">
<pin_list>
<pin id="67" dir="0" index="0" bw="1" slack="0"/>
<pin id="68" dir="1" index="1" bw="8" slack="0"/>
</pin_list>
<bind>
<opcode="alloca(26) " fcode="alloca"/>
<opset="indvar_flatten1/1 "/>
</bind>
</comp>

<comp id="70" class="1004" name="r2_fu_70">
<pin_list>
<pin id="71" dir="0" index="0" bw="1" slack="0"/>
<pin id="72" dir="1" index="1" bw="5" slack="0"/>
</pin_list>
<bind>
<opcode="alloca(26) " fcode="alloca"/>
<opset="r2/1 "/>
</bind>
</comp>

<comp id="74" class="1004" name="o3_fu_74">
<pin_list>
<pin id="75" dir="0" index="0" bw="1" slack="0"/>
<pin id="76" dir="1" index="1" bw="5" slack="0"/>
</pin_list>
<bind>
<opcode="alloca(26) " fcode="alloca"/>
<opset="o3/1 "/>
</bind>
</comp>

<comp id="78" class="1004" name="input_r_addr_gep_fu_78">
<pin_list>
<pin id="79" dir="0" index="0" bw="32" slack="0"/>
<pin id="80" dir="0" index="1" bw="1" slack="0"/>
<pin id="81" dir="0" index="2" bw="9" slack="0"/>
<pin id="82" dir="1" index="3" bw="9" slack="0"/>
</pin_list>
<bind>
<opcode="getelementptr(29) " fcode="getelementptr"/>
<opset="input_r_addr/1 "/>
</bind>
</comp>

<comp id="85" class="1004" name="grp_access_fu_85">
<pin_list>
<pin id="86" dir="0" index="0" bw="9" slack="0"/>
<pin id="87" dir="0" index="1" bw="32" slack="2147483647"/>
<pin id="88" dir="0" index="2" bw="0" slack="0"/>
<pin id="90" dir="0" index="4" bw="9" slack="2147483647"/>
<pin id="91" dir="0" index="5" bw="32" slack="2147483647"/>
<pin id="92" dir="0" index="6" bw="0" slack="2147483647"/>
<pin id="89" dir="1" index="3" bw="32" slack="0"/>
<pin id="93" dir="1" index="7" bw="32" slack="0"/>
</pin_list>
<bind>
<opcode="load(27) " fcode="load"/>
<opset="input_r_load/1 input_r_load_1/1 "/>
</bind>
</comp>

<comp id="95" class="1004" name="input_r_addr_1_gep_fu_95">
<pin_list>
<pin id="96" dir="0" index="0" bw="32" slack="0"/>
<pin id="97" dir="0" index="1" bw="1" slack="0"/>
<pin id="98" dir="0" index="2" bw="9" slack="0"/>
<pin id="99" dir="1" index="3" bw="9" slack="0"/>
</pin_list>
<bind>
<opcode="getelementptr(29) " fcode="getelementptr"/>
<opset="input_r_addr_1/1 "/>
</bind>
</comp>

<comp id="103" class="1004" name="output_r_addr_gep_fu_103">
<pin_list>
<pin id="104" dir="0" index="0" bw="32" slack="0"/>
<pin id="105" dir="0" index="1" bw="1" slack="0"/>
<pin id="106" dir="0" index="2" bw="8" slack="0"/>
<pin id="107" dir="1" index="3" bw="8" slack="0"/>
</pin_list>
<bind>
<opcode="getelementptr(29) " fcode="getelementptr"/>
<opset="output_r_addr/6 "/>
</bind>
</comp>

<comp id="110" class="1004" name="store_ln13_access_fu_110">
<pin_list>
<pin id="111" dir="0" index="0" bw="8" slack="0"/>
<pin id="112" dir="0" index="1" bw="32" slack="1"/>
<pin id="113" dir="0" index="2" bw="0" slack="2147483647"/>
<pin id="114" dir="1" index="3" bw="32" slack="2147483647"/>
</pin_list>
<bind>
<opcode="store(28) " fcode="store"/>
<opset="store_ln13/6 "/>
</bind>
</comp>

<comp id="116" class="1005" name="icmp_ln94_reg_116">
<pin_list>
<pin id="117" dir="0" index="0" bw="1" slack="2147483647"/>
<pin id="118" dir="1" index="1" bw="1" slack="2147483647"/>
</pin_list>
<bind>
<opset="icmp_ln94 (phireg) "/>
</bind>
</comp>

<comp id="119" class="1004" name="icmp_ln94_phi_fu_119">
<pin_list>
<pin id="120" dir="0" index="0" bw="1" slack="0"/>
<pin id="121" dir="0" index="1" bw="0" slack="2147483647"/>
<pin id="122" dir="0" index="2" bw="1" slack="0"/>
<pin id="123" dir="0" index="3" bw="0" slack="2147483647"/>
<pin id="124" dir="1" index="4" bw="1" slack="0"/>
</pin_list>
<bind>
<opcode="phi(47) " fcode="phi"/>
<opset="icmp_ln94/1 "/>
</bind>
</comp>

<comp id="126" class="1004" name="grp_fu_126">
<pin_list>
<pin id="127" dir="0" index="0" bw="32" slack="0"/>
<pin id="128" dir="0" index="1" bw="32" slack="0"/>
<pin id="129" dir="1" index="2" bw="1" slack="0"/>
</pin_list>
<bind>
<opcode="fcmp(46) " fcode="fcmp"/>
<opset="tmp_2/2 "/>
</bind>
</comp>

<comp id="130" class="1004" name="grp_fu_130">
<pin_list>
<pin id="131" dir="0" index="0" bw="32" slack="1"/>
<pin id="132" dir="0" index="1" bw="32" slack="0"/>
<pin id="133" dir="1" index="2" bw="1" slack="0"/>
</pin_list>
<bind>
<opcode="fcmp(46) " fcode="fcmp"/>
<opset="tmp_4/4 "/>
</bind>
</comp>

<comp id="135" class="1004" name="store_ln0_store_fu_135">
<pin_list>
<pin id="136" dir="0" index="0" bw="1" slack="0"/>
<pin id="137" dir="0" index="1" bw="5" slack="0"/>
<pin id="138" dir="1" index="2" bw="0" slack="2147483647"/>
</pin_list>
<bind>
<opcode="store(28) " fcode="store"/>
<opset="store_ln0/1 "/>
</bind>
</comp>

<comp id="140" class="1004" name="store_ln0_store_fu_140">
<pin_list>
<pin id="141" dir="0" index="0" bw="1" slack="0"/>
<pin id="142" dir="0" index="1" bw="5" slack="0"/>
<pin id="143" dir="1" index="2" bw="0" slack="2147483647"/>
</pin_list>
<bind>
<opcode="store(28) " fcode="store"/>
<opset="store_ln0/1 "/>
</bind>
</comp>

<comp id="145" class="1004" name="store_ln0_store_fu_145">
<pin_list>
<pin id="146" dir="0" index="0" bw="1" slack="0"/>
<pin id="147" dir="0" index="1" bw="8" slack="0"/>
<pin id="148" dir="1" index="2" bw="0" slack="2147483647"/>
</pin_list>
<bind>
<opcode="store(28) " fcode="store"/>
<opset="store_ln0/1 "/>
</bind>
</comp>

<comp id="150" class="1004" name="indvar_flatten1_load_load_fu_150">
<pin_list>
<pin id="151" dir="0" index="0" bw="8" slack="0"/>
<pin id="152" dir="1" index="1" bw="8" slack="0"/>
</pin_list>
<bind>
<opcode="load(27) " fcode="load"/>
<opset="indvar_flatten1_load/1 "/>
</bind>
</comp>

<comp id="153" class="1004" name="r2_load_load_fu_153">
<pin_list>
<pin id="154" dir="0" index="0" bw="5" slack="0"/>
<pin id="155" dir="1" index="1" bw="5" slack="0"/>
</pin_list>
<bind>
<opcode="load(27) " fcode="load"/>
<opset="r2_load/1 "/>
</bind>
</comp>

<comp id="156" class="1004" name="o3_load_load_fu_156">
<pin_list>
<pin id="157" dir="0" index="0" bw="5" slack="0"/>
<pin id="158" dir="1" index="1" bw="5" slack="0"/>
</pin_list>
<bind>
<opcode="load(27) " fcode="load"/>
<opset="o3_load/1 "/>
</bind>
</comp>

<comp id="159" class="1004" name="add_ln8_fu_159">
<pin_list>
<pin id="160" dir="0" index="0" bw="5" slack="0"/>
<pin id="161" dir="0" index="1" bw="1" slack="0"/>
<pin id="162" dir="1" index="2" bw="5" slack="0"/>
</pin_list>
<bind>
<opcode="add(8) " fcode="add"/>
<opset="add_ln8/1 "/>
</bind>
</comp>

<comp id="165" class="1004" name="select_ln8_fu_165">
<pin_list>
<pin id="166" dir="0" index="0" bw="1" slack="0"/>
<pin id="167" dir="0" index="1" bw="1" slack="0"/>
<pin id="168" dir="0" index="2" bw="5" slack="0"/>
<pin id="169" dir="1" index="3" bw="5" slack="0"/>
</pin_list>
<bind>
<opcode="select(49) " fcode="select"/>
<opset="select_ln8/1 "/>
</bind>
</comp>

<comp id="173" class="1004" name="r_fu_173">
<pin_list>
<pin id="174" dir="0" index="0" bw="1" slack="0"/>
<pin id="175" dir="0" index="1" bw="5" slack="0"/>
<pin id="176" dir="0" index="2" bw="5" slack="0"/>
<pin id="177" dir="1" index="3" bw="5" slack="0"/>
</pin_list>
<bind>
<opcode="select(49) " fcode="select"/>
<opset="r/1 "/>
</bind>
</comp>

<comp id="181" class="1004" name="trunc_ln13_fu_181">
<pin_list>
<pin id="182" dir="0" index="0" bw="5" slack="0"/>
<pin id="183" dir="1" index="1" bw="4" slack="0"/>
</pin_list>
<bind>
<opcode="trunc(33) " fcode="trunc"/>
<opset="trunc_ln13/1 "/>
</bind>
</comp>

<comp id="185" class="1004" name="trunc_ln10_fu_185">
<pin_list>
<pin id="186" dir="0" index="0" bw="5" slack="0"/>
<pin id="187" dir="1" index="1" bw="4" slack="0"/>
</pin_list>
<bind>
<opcode="trunc(33) " fcode="trunc"/>
<opset="trunc_ln10/1 "/>
</bind>
</comp>

<comp id="189" class="1004" name="tmp_7_fu_189">
<pin_list>
<pin id="190" dir="0" index="0" bw="9" slack="0"/>
<pin id="191" dir="0" index="1" bw="4" slack="0"/>
<pin id="192" dir="0" index="2" bw="4" slack="0"/>
<pin id="193" dir="0" index="3" bw="1" slack="0"/>
<pin id="194" dir="1" index="4" bw="9" slack="0"/>
</pin_list>
<bind>
<opcode="bitconcatenate(1004) " fcode="bitconcatenate"/>
<opset="tmp_7/1 "/>
</bind>
</comp>

<comp id="199" class="1004" name="zext_ln10_fu_199">
<pin_list>
<pin id="200" dir="0" index="0" bw="9" slack="0"/>
<pin id="201" dir="1" index="1" bw="64" slack="0"/>
</pin_list>
<bind>
<opcode="zext(34) " fcode="zext"/>
<opset="zext_ln10/1 "/>
</bind>
</comp>

<comp id="204" class="1004" name="tmp_8_fu_204">
<pin_list>
<pin id="205" dir="0" index="0" bw="9" slack="0"/>
<pin id="206" dir="0" index="1" bw="4" slack="0"/>
<pin id="207" dir="0" index="2" bw="4" slack="0"/>
<pin id="208" dir="0" index="3" bw="1" slack="0"/>
<pin id="209" dir="1" index="4" bw="9" slack="0"/>
</pin_list>
<bind>
<opcode="bitconcatenate(1004) " fcode="bitconcatenate"/>
<opset="tmp_8/1 "/>
</bind>
</comp>

<comp id="214" class="1004" name="zext_ln11_fu_214">
<pin_list>
<pin id="215" dir="0" index="0" bw="9" slack="0"/>
<pin id="216" dir="1" index="1" bw="64" slack="0"/>
</pin_list>
<bind>
<opcode="zext(34) " fcode="zext"/>
<opset="zext_ln11/1 "/>
</bind>
</comp>

<comp id="219" class="1004" name="o_fu_219">
<pin_list>
<pin id="220" dir="0" index="0" bw="5" slack="0"/>
<pin id="221" dir="0" index="1" bw="1" slack="0"/>
<pin id="222" dir="1" index="2" bw="5" slack="0"/>
</pin_list>
<bind>
<opcode="add(8) " fcode="add"/>
<opset="o/1 "/>
</bind>
</comp>

<comp id="225" class="1004" name="add_ln8_1_fu_225">
<pin_list>
<pin id="226" dir="0" index="0" bw="8" slack="0"/>
<pin id="227" dir="0" index="1" bw="1" slack="0"/>
<pin id="228" dir="1" index="2" bw="8" slack="0"/>
</pin_list>
<bind>
<opcode="add(8) " fcode="add"/>
<opset="add_ln8_1/1 "/>
</bind>
</comp>

<comp id="231" class="1004" name="icmp_ln9_fu_231">
<pin_list>
<pin id="232" dir="0" index="0" bw="5" slack="0"/>
<pin id="233" dir="0" index="1" bw="5" slack="0"/>
<pin id="234" dir="1" index="2" bw="1" slack="0"/>
</pin_list>
<bind>
<opcode="icmp(45) " fcode="icmp"/>
<opset="icmp_ln9/1 "/>
</bind>
</comp>

<comp id="237" class="1004" name="icmp_ln8_fu_237">
<pin_list>
<pin id="238" dir="0" index="0" bw="8" slack="0"/>
<pin id="239" dir="0" index="1" bw="1" slack="0"/>
<pin id="240" dir="1" index="2" bw="1" slack="1"/>
</pin_list>
<bind>
<opcode="icmp(45) " fcode="icmp"/>
<opset="icmp_ln8/1 "/>
</bind>
</comp>

<comp id="243" class="1004" name="store_ln9_store_fu_243">
<pin_list>
<pin id="244" dir="0" index="0" bw="5" slack="0"/>
<pin id="245" dir="0" index="1" bw="5" slack="0"/>
<pin id="246" dir="1" index="2" bw="0" slack="2147483647"/>
</pin_list>
<bind>
<opcode="store(28) " fcode="store"/>
<opset="store_ln9/1 "/>
</bind>
</comp>

<comp id="248" class="1004" name="store_ln8_store_fu_248">
<pin_list>
<pin id="249" dir="0" index="0" bw="5" slack="0"/>
<pin id="250" dir="0" index="1" bw="5" slack="0"/>
<pin id="251" dir="1" index="2" bw="0" slack="2147483647"/>
</pin_list>
<bind>
<opcode="store(28) " fcode="store"/>
<opset="store_ln8/1 "/>
</bind>
</comp>

<comp id="253" class="1004" name="store_ln8_store_fu_253">
<pin_list>
<pin id="254" dir="0" index="0" bw="8" slack="0"/>
<pin id="255" dir="0" index="1" bw="8" slack="0"/>
<pin id="256" dir="1" index="2" bw="0" slack="2147483647"/>
</pin_list>
<bind>
<opcode="store(28) " fcode="store"/>
<opset="store_ln8/1 "/>
</bind>
</comp>

<comp id="258" class="1004" name="a_fu_258">
<pin_list>
<pin id="259" dir="0" index="0" bw="32" slack="0"/>
<pin id="260" dir="1" index="1" bw="32" slack="0"/>
</pin_list>
<bind>
<opcode="bitcast(44) " fcode="bitcast"/>
<opset="a/2 "/>
</bind>
</comp>

<comp id="263" class="1004" name="b_fu_263">
<pin_list>
<pin id="264" dir="0" index="0" bw="32" slack="0"/>
<pin id="265" dir="1" index="1" bw="32" slack="0"/>
</pin_list>
<bind>
<opcode="bitcast(44) " fcode="bitcast"/>
<opset="b/2 "/>
</bind>
</comp>

<comp id="268" class="1004" name="tmp_fu_268">
<pin_list>
<pin id="269" dir="0" index="0" bw="8" slack="0"/>
<pin id="270" dir="0" index="1" bw="32" slack="0"/>
<pin id="271" dir="0" index="2" bw="6" slack="0"/>
<pin id="272" dir="0" index="3" bw="6" slack="0"/>
<pin id="273" dir="1" index="4" bw="8" slack="0"/>
</pin_list>
<bind>
<opcode="partselect(1002) " fcode="partselect"/>
<opset="tmp/2 "/>
</bind>
</comp>

<comp id="278" class="1004" name="trunc_ln12_fu_278">
<pin_list>
<pin id="279" dir="0" index="0" bw="32" slack="0"/>
<pin id="280" dir="1" index="1" bw="23" slack="0"/>
</pin_list>
<bind>
<opcode="trunc(33) " fcode="trunc"/>
<opset="trunc_ln12/2 "/>
</bind>
</comp>

<comp id="282" class="1004" name="tmp_1_fu_282">
<pin_list>
<pin id="283" dir="0" index="0" bw="8" slack="0"/>
<pin id="284" dir="0" index="1" bw="32" slack="0"/>
<pin id="285" dir="0" index="2" bw="6" slack="0"/>
<pin id="286" dir="0" index="3" bw="6" slack="0"/>
<pin id="287" dir="1" index="4" bw="8" slack="0"/>
</pin_list>
<bind>
<opcode="partselect(1002) " fcode="partselect"/>
<opset="tmp_1/2 "/>
</bind>
</comp>

<comp id="292" class="1004" name="trunc_ln12_1_fu_292">
<pin_list>
<pin id="293" dir="0" index="0" bw="32" slack="0"/>
<pin id="294" dir="1" index="1" bw="23" slack="0"/>
</pin_list>
<bind>
<opcode="trunc(33) " fcode="trunc"/>
<opset="trunc_ln12_1/2 "/>
</bind>
</comp>

<comp id="296" class="1004" name="icmp_ln12_fu_296">
<pin_list>
<pin id="297" dir="0" index="0" bw="8" slack="0"/>
<pin id="298" dir="0" index="1" bw="1" slack="0"/>
<pin id="299" dir="1" index="2" bw="1" slack="1"/>
</pin_list>
<bind>
<opcode="icmp(45) " fcode="icmp"/>
<opset="icmp_ln12/2 "/>
</bind>
</comp>

<comp id="302" class="1004" name="icmp_ln12_1_fu_302">
<pin_list>
<pin id="303" dir="0" index="0" bw="23" slack="0"/>
<pin id="304" dir="0" index="1" bw="1" slack="0"/>
<pin id="305" dir="1" index="2" bw="1" slack="1"/>
</pin_list>
<bind>
<opcode="icmp(45) " fcode="icmp"/>
<opset="icmp_ln12_1/2 "/>
</bind>
</comp>

<comp id="308" class="1004" name="icmp_ln12_2_fu_308">
<pin_list>
<pin id="309" dir="0" index="0" bw="8" slack="0"/>
<pin id="310" dir="0" index="1" bw="1" slack="0"/>
<pin id="311" dir="1" index="2" bw="1" slack="1"/>
</pin_list>
<bind>
<opcode="icmp(45) " fcode="icmp"/>
<opset="icmp_ln12_2/2 "/>
</bind>
</comp>

<comp id="314" class="1004" name="icmp_ln12_3_fu_314">
<pin_list>
<pin id="315" dir="0" index="0" bw="23" slack="0"/>
<pin id="316" dir="0" index="1" bw="1" slack="0"/>
<pin id="317" dir="1" index="2" bw="1" slack="1"/>
</pin_list>
<bind>
<opcode="icmp(45) " fcode="icmp"/>
<opset="icmp_ln12_3/2 "/>
</bind>
</comp>

<comp id="320" class="1004" name="or_ln12_fu_320">
<pin_list>
<pin id="321" dir="0" index="0" bw="1" slack="1"/>
<pin id="322" dir="0" index="1" bw="1" slack="1"/>
<pin id="323" dir="1" index="2" bw="1" slack="0"/>
</pin_list>
<bind>
<opcode="or(24) " fcode="or"/>
<opset="or_ln12/3 "/>
</bind>
</comp>

<comp id="324" class="1004" name="or_ln12_1_fu_324">
<pin_list>
<pin id="325" dir="0" index="0" bw="1" slack="1"/>
<pin id="326" dir="0" index="1" bw="1" slack="1"/>
<pin id="327" dir="1" index="2" bw="1" slack="0"/>
</pin_list>
<bind>
<opcode="or(24) " fcode="or"/>
<opset="or_ln12_1/3 "/>
</bind>
</comp>

<comp id="328" class="1004" name="and_ln12_fu_328">
<pin_list>
<pin id="329" dir="0" index="0" bw="1" slack="0"/>
<pin id="330" dir="0" index="1" bw="1" slack="0"/>
<pin id="331" dir="1" index="2" bw="1" slack="0"/>
</pin_list>
<bind>
<opcode="and(23) " fcode="and"/>
<opset="and_ln12/3 "/>
</bind>
</comp>

<comp id="334" class="1004" name="and_ln12_1_fu_334">
<pin_list>
<pin id="335" dir="0" index="0" bw="1" slack="0"/>
<pin id="336" dir="0" index="1" bw="1" slack="0"/>
<pin id="337" dir="1" index="2" bw="1" slack="0"/>
</pin_list>
<bind>
<opcode="and(23) " fcode="and"/>
<opset="and_ln12_1/3 "/>
</bind>
</comp>

<comp id="340" class="1004" name="m_fu_340">
<pin_list>
<pin id="341" dir="0" index="0" bw="1" slack="0"/>
<pin id="342" dir="0" index="1" bw="32" slack="1"/>
<pin id="343" dir="0" index="2" bw="32" slack="1"/>
<pin id="344" dir="1" index="3" bw="32" slack="1"/>
</pin_list>
<bind>
<opcode="select(49) " fcode="select"/>
<opset="m/3 "/>
</bind>
</comp>

<comp id="346" class="1004" name="bitcast_ln13_fu_346">
<pin_list>
<pin id="347" dir="0" index="0" bw="32" slack="2"/>
<pin id="348" dir="1" index="1" bw="32" slack="0"/>
</pin_list>
<bind>
<opcode="bitcast(44) " fcode="bitcast"/>
<opset="bitcast_ln13/5 "/>
</bind>
</comp>

<comp id="349" class="1004" name="tmp_3_fu_349">
<pin_list>
<pin id="350" dir="0" index="0" bw="8" slack="0"/>
<pin id="351" dir="0" index="1" bw="32" slack="0"/>
<pin id="352" dir="0" index="2" bw="6" slack="0"/>
<pin id="353" dir="0" index="3" bw="6" slack="0"/>
<pin id="354" dir="1" index="4" bw="8" slack="0"/>
</pin_list>
<bind>
<opcode="partselect(1002) " fcode="partselect"/>
<opset="tmp_3/5 "/>
</bind>
</comp>

<comp id="359" class="1004" name="trunc_ln13_1_fu_359">
<pin_list>
<pin id="360" dir="0" index="0" bw="32" slack="0"/>
<pin id="361" dir="1" index="1" bw="23" slack="0"/>
</pin_list>
<bind>
<opcode="trunc(33) " fcode="trunc"/>
<opset="trunc_ln13_1/5 "/>
</bind>
</comp>

<comp id="363" class="1004" name="icmp_ln13_fu_363">
<pin_list>
<pin id="364" dir="0" index="0" bw="8" slack="0"/>
<pin id="365" dir="0" index="1" bw="1" slack="0"/>
<pin id="366" dir="1" index="2" bw="1" slack="0"/>
</pin_list>
<bind>
<opcode="icmp(45) " fcode="icmp"/>
<opset="icmp_ln13/5 "/>
</bind>
</comp>

<comp id="369" class="1004" name="icmp_ln13_1_fu_369">
<pin_list>
<pin id="370" dir="0" index="0" bw="23" slack="0"/>
<pin id="371" dir="0" index="1" bw="1" slack="0"/>
<pin id="372" dir="1" index="2" bw="1" slack="0"/>
</pin_list>
<bind>
<opcode="icmp(45) " fcode="icmp"/>
<opset="icmp_ln13_1/5 "/>
</bind>
</comp>

<comp id="375" class="1004" name="or_ln13_fu_375">
<pin_list>
<pin id="376" dir="0" index="0" bw="1" slack="0"/>
<pin id="377" dir="0" index="1" bw="1" slack="0"/>
<pin id="378" dir="1" index="2" bw="1" slack="0"/>
</pin_list>
<bind>
<opcode="or(24) " fcode="or"/>
<opset="or_ln13/5 "/>
</bind>
</comp>

<comp id="381" class="1004" name="and_ln13_fu_381">
<pin_list>
<pin id="382" dir="0" index="0" bw="1" slack="0"/>
<pin id="383" dir="0" index="1" bw="1" slack="0"/>
<pin id="384" dir="1" index="2" bw="1" slack="0"/>
</pin_list>
<bind>
<opcode="and(23) " fcode="and"/>
<opset="and_ln13/5 "/>
</bind>
</comp>

<comp id="387" class="1004" name="select_ln13_fu_387">
<pin_list>
<pin id="388" dir="0" index="0" bw="1" slack="0"/>
<pin id="389" dir="0" index="1" bw="32" slack="0"/>
<pin id="390" dir="0" index="2" bw="1" slack="0"/>
<pin id="391" dir="1" index="3" bw="32" slack="1"/>
</pin_list>
<bind>
<opcode="select(49) " fcode="select"/>
<opset="select_ln13/5 "/>
</bind>
</comp>

<comp id="395" class="1004" name="tmp_5_fu_395">
<pin_list>
<pin id="396" dir="0" index="0" bw="8" slack="0"/>
<pin id="397" dir="0" index="1" bw="4" slack="5"/>
<pin id="398" dir="0" index="2" bw="1" slack="0"/>
<pin id="399" dir="1" index="3" bw="8" slack="0"/>
</pin_list>
<bind>
<opcode="bitconcatenate(1004) " fcode="bitconcatenate"/>
<opset="tmp_5/6 "/>
</bind>
</comp>

<comp id="402" class="1004" name="zext_ln13_fu_402">
<pin_list>
<pin id="403" dir="0" index="0" bw="5" slack="5"/>
<pin id="404" dir="1" index="1" bw="8" slack="0"/>
</pin_list>
<bind>
<opcode="zext(34) " fcode="zext"/>
<opset="zext_ln13/6 "/>
</bind>
</comp>

<comp id="405" class="1004" name="add_ln13_fu_405">
<pin_list>
<pin id="406" dir="0" index="0" bw="8" slack="0"/>
<pin id="407" dir="0" index="1" bw="5" slack="0"/>
<pin id="408" dir="1" index="2" bw="8" slack="0"/>
</pin_list>
<bind>
<opcode="add(8) " fcode="add"/>
<opset="add_ln13/6 "/>
</bind>
</comp>

<comp id="411" class="1004" name="zext_ln13_1_fu_411">
<pin_list>
<pin id="412" dir="0" index="0" bw="8" slack="0"/>
<pin id="413" dir="1" index="1" bw="64" slack="0"/>
</pin_list>
<bind>
<opcode="zext(34) " fcode="zext"/>
<opset="zext_ln13_1/6 "/>
</bind>
</comp>

<comp id="416" class="1005" name="indvar_flatten1_reg_416">
<pin_list>
<pin id="417" dir="0" index="0" bw="8" slack="0"/>
<pin id="418" dir="1" index="1" bw="8" slack="0"/>
</pin_list>
<bind>
<opset="indvar_flatten1 "/>
</bind>
</comp>

<comp id="423" class="1005" name="r2_reg_423">
<pin_list>
<pin id="424" dir="0" index="0" bw="5" slack="0"/>
<pin id="425" dir="1" index="1" bw="5" slack="0"/>
</pin_list>
<bind>
<opset="r2 "/>
</bind>
</comp>

<comp id="430" class="1005" name="o3_reg_430">
<pin_list>
<pin id="431" dir="0" index="0" bw="5" slack="0"/>
<pin id="432" dir="1" index="1" bw="5" slack="0"/>
</pin_list>
<bind>
<opset="o3 "/>
</bind>
</comp>

<comp id="437" class="1005" name="select_ln8_reg_437">
<pin_list>
<pin id="438" dir="0" index="0" bw="5" slack="5"/>
<pin id="439" dir="1" index="1" bw="5" slack="5"/>
</pin_list>
<bind>
<opset="select_ln8 "/>
</bind>
</comp>

<comp id="442" class="1005" name="trunc_ln13_reg_442">
<pin_list>
<pin id="443" dir="0" index="0" bw="4" slack="5"/>
<pin id="444" dir="1" index="1" bw="4" slack="5"/>
</pin_list>
<bind>
<opset="trunc_ln13 "/>
</bind>
</comp>

<comp id="447" class="1005" name="input_r_addr_reg_447">
<pin_list>
<pin id="448" dir="0" index="0" bw="9" slack="1"/>
<pin id="449" dir="1" index="1" bw="9" slack="1"/>
</pin_list>
<bind>
<opset="input_r_addr "/>
</bind>
</comp>

<comp id="452" class="1005" name="input_r_addr_1_reg_452">
<pin_list>
<pin id="453" dir="0" index="0" bw="9" slack="1"/>
<pin id="454" dir="1" index="1" bw="9" slack="1"/>
</pin_list>
<bind>
<opset="input_r_addr_1 "/>
</bind>
</comp>

<comp id="457" class="1005" name="icmp_ln9_reg_457">
<pin_list>
<pin id="458" dir="0" index="0" bw="1" slack="0"/>
<pin id="459" dir="1" index="1" bw="1" slack="0"/>
</pin_list>
<bind>
<opset="icmp_ln9 "/>
</bind>
</comp>

<comp id="462" class="1005" name="icmp_ln8_reg_462">
<pin_list>
<pin id="463" dir="0" index="0" bw="1" slack="1"/>
<pin id="464" dir="1" index="1" bw="1" slack="2147483647"/>
</pin_list>
<bind>
<opset="icmp_ln8 "/>
</bind>
</comp>

<comp id="466" class="1005" name="a_reg_466">
<pin_list>
<pin id="467" dir="0" index="0" bw="32" slack="1"/>
<pin id="468" dir="1" index="1" bw="32" slack="1"/>
</pin_list>
<bind>
<opset="a "/>
</bind>
</comp>

<comp id="472" class="1005" name="b_reg_472">
<pin_list>
<pin id="473" dir="0" index="0" bw="32" slack="1"/>
<pin id="474" dir="1" index="1" bw="32" slack="1"/>
</pin_list>
<bind>
<opset="b "/>
</bind>
</comp>

<comp id="478" class="1005" name="icmp_ln12_reg_478">
<pin_list>
<pin id="479" dir="0" index="0" bw="1" slack="1"/>
<pin id="480" dir="1" index="1" bw="1" slack="1"/>
</pin_list>
<bind>
<opset="icmp_ln12 "/>
</bind>
</comp>

<comp id="483" class="1005" name="icmp_ln12_1_reg_483">
<pin_list>
<pin id="484" dir="0" index="0" bw="1" slack="1"/>
<pin id="485" dir="1" index="1" bw="1" slack="1"/>
</pin_list>
<bind>
<opset="icmp_ln12_1 "/>
</bind>
</comp>

<comp id="488" class="1005" name="icmp_ln12_2_reg_488">
<pin_list>
<pin id="489" dir="0" index="0" bw="1" slack="1"/>
<pin id="490" dir="1" index="1" bw="1" slack="1"/>
</pin_list>
<bind>
<opset="icmp_ln12_2 "/>
</bind>
</comp>

<comp id="493" class="1005" name="icmp_ln12_3_reg_493">
<pin_list>
<pin id="494" dir="0" index="0" bw="1" slack="1"/>
<pin id="495" dir="1" index="1" bw="1" slack="1"/>
</pin_list>
<bind>
<opset="icmp_ln12_3 "/>
</bind>
</comp>

<comp id="498" class="1005" name="m_reg_498">
<pin_list>
<pin id="499" dir="0" index="0" bw="32" slack="1"/>
<pin id="500" dir="1" index="1" bw="32" slack="1"/>
</pin_list>
<bind>
<opset="m "/>
</bind>
</comp>

<comp id="504" class="1005" name="select_ln13_reg_504">
<pin_list>
<pin id="505" dir="0" index="0" bw="32" slack="1"/>
<pin id="506" dir="1" index="1" bw="32" slack="1"/>
</pin_list>
<bind>
<opset="select_ln13 "/>
</bind>
</comp>

</comp_list>

<net_list>
<net id="69"><net_src comp="4" pin="0"/><net_sink comp="66" pin=0"/></net>

<net id="73"><net_src comp="4" pin="0"/><net_sink comp="70" pin=0"/></net>

<net id="77"><net_src comp="4" pin="0"/><net_sink comp="74" pin=0"/></net>

<net id="83"><net_src comp="0" pin="0"/><net_sink comp="78" pin=0"/></net>

<net id="84"><net_src comp="32" pin="0"/><net_sink comp="78" pin=1"/></net>

<net id="94"><net_src comp="78" pin="3"/><net_sink comp="85" pin=2"/></net>

<net id="100"><net_src comp="0" pin="0"/><net_sink comp="95" pin=0"/></net>

<net id="101"><net_src comp="32" pin="0"/><net_sink comp="95" pin=1"/></net>

<net id="102"><net_src comp="95" pin="3"/><net_sink comp="85" pin=0"/></net>

<net id="108"><net_src comp="2" pin="0"/><net_sink comp="103" pin=0"/></net>

<net id="109"><net_src comp="32" pin="0"/><net_sink comp="103" pin=1"/></net>

<net id="115"><net_src comp="103" pin="3"/><net_sink comp="110" pin=0"/></net>

<net id="125"><net_src comp="26" pin="0"/><net_sink comp="119" pin=0"/></net>

<net id="134"><net_src comp="50" pin="0"/><net_sink comp="130" pin=1"/></net>

<net id="139"><net_src comp="22" pin="0"/><net_sink comp="135" pin=0"/></net>

<net id="144"><net_src comp="22" pin="0"/><net_sink comp="140" pin=0"/></net>

<net id="149"><net_src comp="24" pin="0"/><net_sink comp="145" pin=0"/></net>

<net id="163"><net_src comp="153" pin="1"/><net_sink comp="159" pin=0"/></net>

<net id="164"><net_src comp="28" pin="0"/><net_sink comp="159" pin=1"/></net>

<net id="170"><net_src comp="119" pin="4"/><net_sink comp="165" pin=0"/></net>

<net id="171"><net_src comp="22" pin="0"/><net_sink comp="165" pin=1"/></net>

<net id="172"><net_src comp="156" pin="1"/><net_sink comp="165" pin=2"/></net>

<net id="178"><net_src comp="119" pin="4"/><net_sink comp="173" pin=0"/></net>

<net id="179"><net_src comp="159" pin="2"/><net_sink comp="173" pin=1"/></net>

<net id="180"><net_src comp="153" pin="1"/><net_sink comp="173" pin=2"/></net>

<net id="184"><net_src comp="173" pin="3"/><net_sink comp="181" pin=0"/></net>

<net id="188"><net_src comp="165" pin="3"/><net_sink comp="185" pin=0"/></net>

<net id="195"><net_src comp="30" pin="0"/><net_sink comp="189" pin=0"/></net>

<net id="196"><net_src comp="181" pin="1"/><net_sink comp="189" pin=1"/></net>

<net id="197"><net_src comp="185" pin="1"/><net_sink comp="189" pin=2"/></net>

<net id="198"><net_src comp="26" pin="0"/><net_sink comp="189" pin=3"/></net>

<net id="202"><net_src comp="189" pin="4"/><net_sink comp="199" pin=0"/></net>

<net id="203"><net_src comp="199" pin="1"/><net_sink comp="78" pin=2"/></net>

<net id="210"><net_src comp="30" pin="0"/><net_sink comp="204" pin=0"/></net>

<net id="211"><net_src comp="181" pin="1"/><net_sink comp="204" pin=1"/></net>

<net id="212"><net_src comp="185" pin="1"/><net_sink comp="204" pin=2"/></net>

<net id="213"><net_src comp="34" pin="0"/><net_sink comp="204" pin=3"/></net>

<net id="217"><net_src comp="204" pin="4"/><net_sink comp="214" pin=0"/></net>

<net id="218"><net_src comp="214" pin="1"/><net_sink comp="95" pin=2"/></net>

<net id="223"><net_src comp="165" pin="3"/><net_sink comp="219" pin=0"/></net>

<net id="224"><net_src comp="28" pin="0"/><net_sink comp="219" pin=1"/></net>

<net id="229"><net_src comp="150" pin="1"/><net_sink comp="225" pin=0"/></net>

<net id="230"><net_src comp="36" pin="0"/><net_sink comp="225" pin=1"/></net>

<net id="235"><net_src comp="219" pin="2"/><net_sink comp="231" pin=0"/></net>

<net id="236"><net_src comp="38" pin="0"/><net_sink comp="231" pin=1"/></net>

<net id="241"><net_src comp="150" pin="1"/><net_sink comp="237" pin=0"/></net>

<net id="242"><net_src comp="40" pin="0"/><net_sink comp="237" pin=1"/></net>

<net id="247"><net_src comp="219" pin="2"/><net_sink comp="243" pin=0"/></net>

<net id="252"><net_src comp="173" pin="3"/><net_sink comp="248" pin=0"/></net>

<net id="257"><net_src comp="225" pin="2"/><net_sink comp="253" pin=0"/></net>

<net id="261"><net_src comp="85" pin="7"/><net_sink comp="258" pin=0"/></net>

<net id="262"><net_src comp="258" pin="1"/><net_sink comp="126" pin=0"/></net>

<net id="266"><net_src comp="85" pin="3"/><net_sink comp="263" pin=0"/></net>

<net id="267"><net_src comp="263" pin="1"/><net_sink comp="126" pin=1"/></net>

<net id="274"><net_src comp="42" pin="0"/><net_sink comp="268" pin=0"/></net>

<net id="275"><net_src comp="85" pin="7"/><net_sink comp="268" pin=1"/></net>

<net id="276"><net_src comp="44" pin="0"/><net_sink comp="268" pin=2"/></net>

<net id="277"><net_src comp="46" pin="0"/><net_sink comp="268" pin=3"/></net>

<net id="281"><net_src comp="85" pin="7"/><net_sink comp="278" pin=0"/></net>

<net id="288"><net_src comp="42" pin="0"/><net_sink comp="282" pin=0"/></net>

<net id="289"><net_src comp="85" pin="3"/><net_sink comp="282" pin=1"/></net>

<net id="290"><net_src comp="44" pin="0"/><net_sink comp="282" pin=2"/></net>

<net id="291"><net_src comp="46" pin="0"/><net_sink comp="282" pin=3"/></net>

<net id="295"><net_src comp="85" pin="3"/><net_sink comp="292" pin=0"/></net>

<net id="300"><net_src comp="268" pin="4"/><net_sink comp="296" pin=0"/></net>

<net id="301"><net_src comp="40" pin="0"/><net_sink comp="296" pin=1"/></net>

<net id="306"><net_src comp="278" pin="1"/><net_sink comp="302" pin=0"/></net>

<net id="307"><net_src comp="48" pin="0"/><net_sink comp="302" pin=1"/></net>

<net id="312"><net_src comp="282" pin="4"/><net_sink comp="308" pin=0"/></net>

<net id="313"><net_src comp="40" pin="0"/><net_sink comp="308" pin=1"/></net>

<net id="318"><net_src comp="292" pin="1"/><net_sink comp="314" pin=0"/></net>

<net id="319"><net_src comp="48" pin="0"/><net_sink comp="314" pin=1"/></net>

<net id="332"><net_src comp="320" pin="2"/><net_sink comp="328" pin=0"/></net>

<net id="333"><net_src comp="324" pin="2"/><net_sink comp="328" pin=1"/></net>

<net id="338"><net_src comp="328" pin="2"/><net_sink comp="334" pin=0"/></net>

<net id="339"><net_src comp="126" pin="2"/><net_sink comp="334" pin=1"/></net>

<net id="345"><net_src comp="334" pin="2"/><net_sink comp="340" pin=0"/></net>

<net id="355"><net_src comp="42" pin="0"/><net_sink comp="349" pin=0"/></net>

<net id="356"><net_src comp="346" pin="1"/><net_sink comp="349" pin=1"/></net>

<net id="357"><net_src comp="44" pin="0"/><net_sink comp="349" pin=2"/></net>

<net id="358"><net_src comp="46" pin="0"/><net_sink comp="349" pin=3"/></net>

<net id="362"><net_src comp="346" pin="1"/><net_sink comp="359" pin=0"/></net>

<net id="367"><net_src comp="349" pin="4"/><net_sink comp="363" pin=0"/></net>

<net id="368"><net_src comp="40" pin="0"/><net_sink comp="363" pin=1"/></net>

<net id="373"><net_src comp="359" pin="1"/><net_sink comp="369" pin=0"/></net>

<net id="374"><net_src comp="48" pin="0"/><net_sink comp="369" pin=1"/></net>

<net id="379"><net_src comp="369" pin="2"/><net_sink comp="375" pin=0"/></net>

<net id="380"><net_src comp="363" pin="2"/><net_sink comp="375" pin=1"/></net>

<net id="385"><net_src comp="375" pin="2"/><net_sink comp="381" pin=0"/></net>

<net id="386"><net_src comp="130" pin="2"/><net_sink comp="381" pin=1"/></net>

<net id="392"><net_src comp="381" pin="2"/><net_sink comp="387" pin=0"/></net>

<net id="393"><net_src comp="346" pin="1"/><net_sink comp="387" pin=1"/></net>

<net id="394"><net_src comp="14" pin="0"/><net_sink comp="387" pin=2"/></net>

<net id="400"><net_src comp="60" pin="0"/><net_sink comp="395" pin=0"/></net>

<net id="401"><net_src comp="62" pin="0"/><net_sink comp="395" pin=2"/></net>

<net id="409"><net_src comp="395" pin="3"/><net_sink comp="405" pin=0"/></net>

<net id="410"><net_src comp="402" pin="1"/><net_sink comp="405" pin=1"/></net>

<net id="414"><net_src comp="405" pin="2"/><net_sink comp="411" pin=0"/></net>

<net id="415"><net_src comp="411" pin="1"/><net_sink comp="103" pin=2"/></net>

<net id="419"><net_src comp="66" pin="1"/><net_sink comp="416" pin=0"/></net>

<net id="420"><net_src comp="416" pin="1"/><net_sink comp="145" pin=1"/></net>

<net id="421"><net_src comp="416" pin="1"/><net_sink comp="150" pin=0"/></net>

<net id="422"><net_src comp="416" pin="1"/><net_sink comp="253" pin=1"/></net>

<net id="426"><net_src comp="70" pin="1"/><net_sink comp="423" pin=0"/></net>

<net id="427"><net_src comp="423" pin="1"/><net_sink comp="140" pin=1"/></net>

<net id="428"><net_src comp="423" pin="1"/><net_sink comp="153" pin=0"/></net>

<net id="429"><net_src comp="423" pin="1"/><net_sink comp="248" pin=1"/></net>

<net id="433"><net_src comp="74" pin="1"/><net_sink comp="430" pin=0"/></net>

<net id="434"><net_src comp="430" pin="1"/><net_sink comp="135" pin=1"/></net>

<net id="435"><net_src comp="430" pin="1"/><net_sink comp="156" pin=0"/></net>

<net id="436"><net_src comp="430" pin="1"/><net_sink comp="243" pin=1"/></net>

<net id="440"><net_src comp="165" pin="3"/><net_sink comp="437" pin=0"/></net>

<net id="441"><net_src comp="437" pin="1"/><net_sink comp="402" pin=0"/></net>

<net id="445"><net_src comp="181" pin="1"/><net_sink comp="442" pin=0"/></net>

<net id="446"><net_src comp="442" pin="1"/><net_sink comp="395" pin=1"/></net>

<net id="450"><net_src comp="78" pin="3"/><net_sink comp="447" pin=0"/></net>

<net id="451"><net_src comp="447" pin="1"/><net_sink comp="85" pin=2"/></net>

<net id="455"><net_src comp="95" pin="3"/><net_sink comp="452" pin=0"/></net>

<net id="456"><net_src comp="452" pin="1"/><net_sink comp="85" pin=0"/></net>

<net id="460"><net_src comp="231" pin="2"/><net_sink comp="457" pin=0"/></net>

<net id="461"><net_src comp="457" pin="1"/><net_sink comp="119" pin=2"/></net>

<net id="465"><net_src comp="237" pin="2"/><net_sink comp="462" pin=0"/></net>

<net id="469"><net_src comp="258" pin="1"/><net_sink comp="466" pin=0"/></net>

<net id="470"><net_src comp="466" pin="1"/><net_sink comp="126" pin=0"/></net>

<net id="471"><net_src comp="466" pin="1"/><net_sink comp="340" pin=1"/></net>

<net id="475"><net_src comp="263" pin="1"/><net_sink comp="472" pin=0"/></net>

<net id="476"><net_src comp="472" pin="1"/><net_sink comp="126" pin=1"/></net>

<net id="477"><net_src comp="472" pin="1"/><net_sink comp="340" pin=2"/></net>

<net id="481"><net_src comp="296" pin="2"/><net_sink comp="478" pin=0"/></net>

<net id="482"><net_src comp="478" pin="1"/><net_sink comp="320" pin=1"/></net>

<net id="486"><net_src comp="302" pin="2"/><net_sink comp="483" pin=0"/></net>

<net id="487"><net_src comp="483" pin="1"/><net_sink comp="320" pin=0"/></net>

<net id="491"><net_src comp="308" pin="2"/><net_sink comp="488" pin=0"/></net>

<net id="492"><net_src comp="488" pin="1"/><net_sink comp="324" pin=1"/></net>

<net id="496"><net_src comp="314" pin="2"/><net_sink comp="493" pin=0"/></net>

<net id="497"><net_src comp="493" pin="1"/><net_sink comp="324" pin=0"/></net>

<net id="501"><net_src comp="340" pin="3"/><net_sink comp="498" pin=0"/></net>

<net id="502"><net_src comp="498" pin="1"/><net_sink comp="130" pin=0"/></net>

<net id="503"><net_src comp="498" pin="1"/><net_sink comp="346" pin=0"/></net>

<net id="507"><net_src comp="387" pin="3"/><net_sink comp="504" pin=0"/></net>

<net id="508"><net_src comp="504" pin="1"/><net_sink comp="110" pin=1"/></net>

</net_list>

</model> 
---------------- Datapath Model END ------------------

* FSMD analyzer results:
  - Output states:
	Port: output_r | {6 }
 - Input state : 
	Port: relu_max_1 : input_r | {1 2 }
  - Chain level:
	State 1
		store_ln0 : 1
		store_ln0 : 1
		store_ln0 : 1
		icmp_ln94 : 1
		indvar_flatten1_load : 1
		r2_load : 1
		o3_load : 1
		add_ln8 : 2
		select_ln8 : 2
		r : 3
		trunc_ln13 : 4
		trunc_ln10 : 3
		tmp_7 : 5
		zext_ln10 : 6
		input_r_addr : 7
		input_r_load : 8
		tmp_8 : 5
		zext_ln11 : 6
		input_r_addr_1 : 7
		input_r_load_1 : 8
		o : 3
		add_ln8_1 : 2
		icmp_ln9 : 4
		icmp_ln8 : 2
		store_ln9 : 4
		store_ln8 : 4
		store_ln8 : 3
		br_ln8 : 3
	State 2
		a : 1
		b : 1
		tmp : 1
		trunc_ln12 : 1
		tmp_1 : 1
		trunc_ln12_1 : 1
		icmp_ln12 : 2
		icmp_ln12_1 : 2
		icmp_ln12_2 : 2
		icmp_ln12_3 : 2
		tmp_2 : 2
	State 3
	State 4
	State 5
		tmp_3 : 1
		trunc_ln13_1 : 1
		icmp_ln13 : 2
		icmp_ln13_1 : 2
		or_ln13 : 3
		and_ln13 : 3
		select_ln13 : 3
	State 6
		add_ln13 : 1
		zext_ln13_1 : 2
		output_r_addr : 3
		store_ln13 : 4


============================================================
+ Verbose Summary: Datapath Resource usage 
============================================================

* Functional unit list:
|----------|---------------------|---------|---------|
| Operation|   Functional Unit   |    FF   |   LUT   |
|----------|---------------------|---------|---------|
|          |   icmp_ln9_fu_231   |    0    |    13   |
|          |   icmp_ln8_fu_237   |    0    |    15   |
|          |   icmp_ln12_fu_296  |    0    |    15   |
|   icmp   |  icmp_ln12_1_fu_302 |    0    |    30   |
|          |  icmp_ln12_2_fu_308 |    0    |    15   |
|          |  icmp_ln12_3_fu_314 |    0    |    30   |
|          |   icmp_ln13_fu_363  |    0    |    15   |
|          |  icmp_ln13_1_fu_369 |    0    |    30   |
|----------|---------------------|---------|---------|
|          |  select_ln8_fu_165  |    0    |    5    |
|  select  |       r_fu_173      |    0    |    5    |
|          |       m_fu_340      |    0    |    32   |
|          |  select_ln13_fu_387 |    0    |    32   |
|----------|---------------------|---------|---------|
|          |    add_ln8_fu_159   |    0    |    13   |
|    add   |       o_fu_219      |    0    |    13   |
|          |   add_ln8_1_fu_225  |    0    |    15   |
|          |   add_ln13_fu_405   |    0    |    15   |
|----------|---------------------|---------|---------|
|          |    or_ln12_fu_320   |    0    |    2    |
|    or    |   or_ln12_1_fu_324  |    0    |    2    |
|          |    or_ln13_fu_375   |    0    |    2    |
|----------|---------------------|---------|---------|
|          |   and_ln12_fu_328   |    0    |    2    |
|    and   |  and_ln12_1_fu_334  |    0    |    2    |
|          |   and_ln13_fu_381   |    0    |    2    |
|----------|---------------------|---------|---------|
|   fcmp   |      grp_fu_126     |    0    |    0    |
|          |      grp_fu_130     |    0    |    0    |
|----------|---------------------|---------|---------|
|          |  trunc_ln13_fu_181  |    0    |    0    |
|          |  trunc_ln10_fu_185  |    0    |    0    |
|   trunc  |  trunc_ln12_fu_278  |    0    |    0    |
|          | trunc_ln12_1_fu_292 |    0    |    0    |
|          | trunc_ln13_1_fu_359 |    0    |    0    |
|----------|---------------------|---------|---------|
|          |     tmp_7_fu_189    |    0    |    0    |
|bitconcatenate|     tmp_8_fu_204    |    0    |    0    |
|          |     tmp_5_fu_395    |    0    |    0    |
|----------|---------------------|---------|---------|
|          |   zext_ln10_fu_199  |    0    |    0    |
|   zext   |   zext_ln11_fu_214  |    0    |    0    |
|          |   zext_ln13_fu_402  |    0    |    0    |
|          |  zext_ln13_1_fu_411 |    0    |    0    |
|----------|---------------------|---------|---------|
|          |      tmp_fu_268     |    0    |    0    |
|partselect|     tmp_1_fu_282    |    0    |    0    |
|          |     tmp_3_fu_349    |    0    |    0    |
|----------|---------------------|---------|---------|
|   Total  |                     |    0    |   305   |
|----------|---------------------|---------|---------|

Memories:
N/A

* Register list:
+-----------------------+--------+
|                       |   FF   |
+-----------------------+--------+
|       a_reg_466       |   32   |
|       b_reg_472       |   32   |
|  icmp_ln12_1_reg_483  |    1   |
|  icmp_ln12_2_reg_488  |    1   |
|  icmp_ln12_3_reg_493  |    1   |
|   icmp_ln12_reg_478   |    1   |
|    icmp_ln8_reg_462   |    1   |
|   icmp_ln94_reg_116   |    1   |
|    icmp_ln9_reg_457   |    1   |
|indvar_flatten1_reg_416|    8   |
| input_r_addr_1_reg_452|    9   |
|  input_r_addr_reg_447 |    9   |
|       m_reg_498       |   32   |
|       o3_reg_430      |    5   |
|       r2_reg_423      |    5   |
|  select_ln13_reg_504  |   32   |
|   select_ln8_reg_437  |    5   |
|   trunc_ln13_reg_442  |    4   |
+-----------------------+--------+
|         Total         |   180  |
+-----------------------+--------+

* Multiplexer (MUX) list: 
|------------------|------|------|------|--------||---------||---------||---------|
|       Comp       |  Pin | Size |  BW  | S x BW ||  Delay  ||    FF   ||   LUT   |
|------------------|------|------|------|--------||---------||---------||---------|
| grp_access_fu_85 |  p0  |   2  |   9  |   18   ||    0    ||    9    |
| grp_access_fu_85 |  p2  |   2  |   0  |    0   ||    0    ||    9    |
|    grp_fu_126    |  p0  |   2  |  32  |   64   ||    0    ||    9    |
|    grp_fu_126    |  p1  |   2  |  32  |   64   ||    0    ||    9    |
|------------------|------|------|------|--------||---------||---------||---------|
|       Total      |      |      |      |   146  ||  6.352  ||    0    ||    36   |
|------------------|------|------|------|--------||---------||---------||---------|



* Summary:
+-----------+--------+--------+--------+
|           |  Delay |   FF   |   LUT  |
+-----------+--------+--------+--------+
|  Function |    -   |    0   |   305  |
|   Memory  |    -   |    -   |    -   |
|Multiplexer|    6   |    0   |   36   |
|  Register |    -   |   180  |    -   |
+-----------+--------+--------+--------+
|   Total   |    6   |   180  |   341  |
+-----------+--------+--------+--------+
