  **** HLS Build v2025.1 6135595
INFO: [HLS 200-2005] Using work_dir C:/Users/cocol/Ruby_Proj/workspace/Relu_Max_1/Relu_Max_1 
INFO: [HLS 200-2176] Writing Vitis IDE component file C:/Users/cocol/Ruby_Proj/workspace/Relu_Max_1/Relu_Max_1/vitis-comp.json
INFO: [HLS 200-10] Creating and opening component 'C:/Users/cocol/Ruby_Proj/workspace/Relu_Max_1/Relu_Max_1'.
INFO: [HLS 200-1505] Using default flow_target 'vivado'
Resolution: For help on HLS 200-1505 see docs.xilinx.com/access/sources/dita/topic?Doc_Version=2025.1%20English&url=ug1448-hls-guidance&resourceid=200-1505.html
INFO: [HLS 200-2174] Applying component config ini file C:/Users/cocol/Ruby_Proj/workspace/Relu_Max_1/hls_config.cfg
INFO: [HLS 200-1465] Applying config ini 'syn.file=relu_max_1.cpp' from C:/Users/cocol/Ruby_Proj/workspace/Relu_Max_1/hls_config.cfg(8)
INFO: [HLS 200-10] Adding design file 'C:/Users/cocol/Ruby_Proj/workspace/Relu_Max_1/relu_max_1.cpp' to the project
INFO: [HLS 200-1465] Applying config ini 'tb.file=relu_max_1_TB.cpp' from C:/Users/cocol/Ruby_Proj/workspace/Relu_Max_1/hls_config.cfg(10)
INFO: [HLS 200-10] Adding test bench file 'C:/Users/cocol/Ruby_Proj/workspace/Relu_Max_1/relu_max_1_TB.cpp' to the project
INFO: [HLS 200-1465] Applying config ini 'tb.file=./pool1_goldens' from C:/Users/cocol/Ruby_Proj/workspace/Relu_Max_1/hls_config.cfg(11)
INFO: [HLS 200-10] Adding test bench file 'C:/Users/cocol/Ruby_Proj/workspace/Relu_Max_1/pool1_goldens' to the project
INFO: [HLS 200-1465] Applying config ini 'syn.top=relu_max_1' from C:/Users/cocol/Ruby_Proj/workspace/Relu_Max_1/hls_config.cfg(9)
INFO: [HLS 200-1465] Applying config ini 'flow_target=vivado' from C:/Users/cocol/Ruby_Proj/workspace/Relu_Max_1/hls_config.cfg(4)
INFO: [HLS 200-1505] Using flow_target 'vivado'
Resolution: For help on HLS 200-1505 see docs.xilinx.com/access/sources/dita/topic?Doc_Version=2025.1%20English&url=ug1448-hls-guidance&resourceid=200-1505.html
INFO: [HLS 200-1465] Applying config ini 'part=xc7z020clg400-1' from C:/Users/cocol/Ruby_Proj/workspace/Relu_Max_1/hls_config.cfg(1)
INFO: [HLS 200-1611] Setting target device to 'xc7z020-clg400-1'
INFO: [HLS 200-1465] Applying config ini 'clock=12ns' from C:/Users/cocol/Ruby_Proj/workspace/Relu_Max_1/hls_config.cfg(7)
INFO: [SYN 201-201] Setting up clock 'default' with a period of 12ns.
INFO: [HLS 200-1465] Applying config ini 'package.output.format=ip_catalog' from C:/Users/cocol/Ruby_Proj/workspace/Relu_Max_1/hls_config.cfg(5)
INFO: [HLS 200-2176] Writing Vitis IDE component file C:/Users/cocol/Ruby_Proj/workspace/Relu_Max_1/Relu_Max_1/vitis-comp.json
INFO: [SIM 211-2] *************** CSIM start ***************
INFO: [SIM 211-4] CSIM will launch CLANG as the compiler.
INFO: [HLS 200-2036] Building debug C Simulation binaries
   Compiling ../../../../relu_max_1_TB.cpp in debug mode
   Compiling ../../../../relu_max_1.cpp in debug mode
   Generating csim.exe
[synth] checked 256 values, 0 failures, worst severity 0.000 at [-1][-1]
[synth] PASSED

[idx0] checked 256 values, 0 failures, worst severity 0.000 at [-1][-1]
[idx0] PASSED

[max_range] checked 256 values, 0 failures, worst severity 0.000 at [-1][-1]
[max_range] PASSED

[first_intent] checked 256 values, 0 failures, worst severity 0.000 at [-1][-1]
[first_intent] PASSED

[ab156_intent] checked 256 values, 0 failures, worst severity 0.000 at [-1][-1]
[ab156_intent] PASSED

[selfcheck] 0 failures -- PASSED

=================================================
OVERALL: PASSED
INFO: [SIM 211-1] CSim done with 0 errors.
INFO: [SIM 211-3] *************** CSIM finish ***************
INFO: [HLS 200-112] Total CPU user time: 2 seconds. Total CPU system time: 5 seconds. Total elapsed time: 24.28 seconds; peak allocated memory: 172.676 MB.
INFO: [vitis-run 60-791] Total elapsed time: 0h 0m 35s
