  **** HLS Build v2025.1 6135595
INFO: [HLS 200-2005] Using work_dir C:/Users/cocol/Ruby_Proj/workspace/Relu_Max_1/Relu_Max_1 
INFO: [HLS 200-2176] Writing Vitis IDE component file C:/Users/cocol/Ruby_Proj/workspace/Relu_Max_1/Relu_Max_1/vitis-comp.json
INFO: [HLS 200-10] Creating and opening component 'C:/Users/cocol/Ruby_Proj/workspace/Relu_Max_1/Relu_Max_1'.
INFO: [HLS 200-1505] Using default flow_target 'vivado'
Resolution: For help on HLS 200-1505 see docs.xilinx.com/access/sources/dita/topic?Doc_Version=2025.1%20English&url=ug1448-hls-guidance&resourceid=200-1505.html
INFO: [HLS 200-2174] Applying component config ini file C:/Users/cocol/Ruby_Proj/workspace/Relu_Max_1/hls_config.cfg
INFO: [HLS 200-1465] Applying config ini 'syn.file=relu_max_1.cpp' from C:/Users/cocol/Ruby_Proj/workspace/Relu_Max_1/hls_config.cfg(8)
INFO: [HLS 200-10] Adding design file 'C:/Users/cocol/Ruby_Proj/workspace/Relu_Max_1/relu_max_1.cpp' to the project
INFO: [HLS 200-1465] Applying config ini 'syn.cflags=-IC:/Users/cocol/Ruby_Proj/workspace/header' from C:/Users/cocol/Ruby_Proj/workspace/Relu_Max_1/hls_config.cfg(12)
INFO: [HLS 200-1465] Applying config ini 'syn.csimflags=-IC:/Users/cocol/Ruby_Proj/workspace/header' from C:/Users/cocol/Ruby_Proj/workspace/Relu_Max_1/hls_config.cfg(13)
INFO: [HLS 200-1465] Applying config ini 'tb.file=relu_max_1_TB.cpp' from C:/Users/cocol/Ruby_Proj/workspace/Relu_Max_1/hls_config.cfg(10)
INFO: [HLS 200-10] Adding test bench file 'C:/Users/cocol/Ruby_Proj/workspace/Relu_Max_1/relu_max_1_TB.cpp' to the project
INFO: [HLS 200-1465] Applying config ini 'tb.file=./pool1_goldens' from C:/Users/cocol/Ruby_Proj/workspace/Relu_Max_1/hls_config.cfg(11)
INFO: [HLS 200-10] Adding test bench file 'C:/Users/cocol/Ruby_Proj/workspace/Relu_Max_1/pool1_goldens' to the project
INFO: [HLS 200-1465] Applying config ini 'tb.cflags=-IC:/Users/cocol/Ruby_Proj/workspace/header' from C:/Users/cocol/Ruby_Proj/workspace/Relu_Max_1/hls_config.cfg(14)
INFO: [HLS 200-1465] Applying config ini 'syn.top=relu_max_1' from C:/Users/cocol/Ruby_Proj/workspace/Relu_Max_1/hls_config.cfg(9)
INFO: [HLS 200-1465] Applying config ini 'flow_target=vivado' from C:/Users/cocol/Ruby_Proj/workspace/Relu_Max_1/hls_config.cfg(4)
INFO: [HLS 200-1505] Using flow_target 'vivado'
Resolution: For help on HLS 200-1505 see docs.xilinx.com/access/sources/dita/topic?Doc_Version=2025.1%20English&url=ug1448-hls-guidance&resourceid=200-1505.html
INFO: [HLS 200-1465] Applying config ini 'part=xc7z020clg400-1' from C:/Users/cocol/Ruby_Proj/workspace/Relu_Max_1/hls_config.cfg(1)
INFO: [HLS 200-1611] Setting target device to 'xc7z020-clg400-1'
INFO: [HLS 200-1465] Applying config ini 'clock=12ns' from C:/Users/cocol/Ruby_Proj/workspace/Relu_Max_1/hls_config.cfg(7)
INFO: [SYN 201-201] Setting up clock 'default' with a period of 12ns.
INFO: [HLS 200-1465] Applying config ini 'package.output.format=ip_catalog' from C:/Users/cocol/Ruby_Proj/workspace/Relu_Max_1/hls_config.cfg(5)
INFO: [HLS 200-2176] Writing Vitis IDE component file C:/Users/cocol/Ruby_Proj/workspace/Relu_Max_1/Relu_Max_1/vitis-comp.json
INFO: [HLS 200-111] Finished File checks and directory preparation: CPU user time: 2 seconds. CPU system time: 2 seconds. Elapsed time: 4.731 seconds; current allocated memory: 171.074 MB.
INFO: [HLS 200-10] Analyzing design file 'relu_max_1.cpp' ... 
INFO: [HLS 200-111] Finished Source Code Analysis and Preprocessing: CPU user time: 0 seconds. CPU system time: 0 seconds. Elapsed time: 1.979 seconds; current allocated memory: 173.195 MB.
INFO: [HLS 200-777] Using interface defaults for 'Vivado' flow target.
INFO: [HLS 200-1995] There were 47 instructions in the design after the 'Compile/Link' phase of compilation. See the Design Size Report for more details (C:/Users/cocol/Ruby_Proj/workspace/Relu_Max_1/Relu_Max_1/hls/syn/report/csynth_design_size.rpt:2)
INFO: [HLS 200-1995] There were 38 instructions in the design after the 'Unroll/Inline (step 1)' phase of compilation. See the Design Size Report for more details (C:/Users/cocol/Ruby_Proj/workspace/Relu_Max_1/Relu_Max_1/hls/syn/report/csynth_design_size.rpt:2)
INFO: [HLS 200-1995] There were 27 instructions in the design after the 'Unroll/Inline (step 2)' phase of compilation. See the Design Size Report for more details (C:/Users/cocol/Ruby_Proj/workspace/Relu_Max_1/Relu_Max_1/hls/syn/report/csynth_design_size.rpt:2)
INFO: [HLS 200-1995] There were 23 instructions in the design after the 'Unroll/Inline (step 3)' phase of compilation. See the Design Size Report for more details (C:/Users/cocol/Ruby_Proj/workspace/Relu_Max_1/Relu_Max_1/hls/syn/report/csynth_design_size.rpt:2)
INFO: [HLS 200-1995] There were 23 instructions in the design after the 'Unroll/Inline (step 4)' phase of compilation. See the Design Size Report for more details (C:/Users/cocol/Ruby_Proj/workspace/Relu_Max_1/Relu_Max_1/hls/syn/report/csynth_design_size.rpt:2)
INFO: [HLS 200-1995] There were 23 instructions in the design after the 'Array/Struct (step 1)' phase of compilation. See the Design Size Report for more details (C:/Users/cocol/Ruby_Proj/workspace/Relu_Max_1/Relu_Max_1/hls/syn/report/csynth_design_size.rpt:2)
INFO: [HLS 200-1995] There were 23 instructions in the design after the 'Array/Struct (step 2)' phase of compilation. See the Design Size Report for more details (C:/Users/cocol/Ruby_Proj/workspace/Relu_Max_1/Relu_Max_1/hls/syn/report/csynth_design_size.rpt:2)
INFO: [HLS 200-1995] There were 23 instructions in the design after the 'Array/Struct (step 3)' phase of compilation. See the Design Size Report for more details (C:/Users/cocol/Ruby_Proj/workspace/Relu_Max_1/Relu_Max_1/hls/syn/report/csynth_design_size.rpt:2)
INFO: [HLS 200-1995] There were 23 instructions in the design after the 'Array/Struct (step 4)' phase of compilation. See the Design Size Report for more details (C:/Users/cocol/Ruby_Proj/workspace/Relu_Max_1/Relu_Max_1/hls/syn/report/csynth_design_size.rpt:2)
INFO: [HLS 200-1995] There were 23 instructions in the design after the 'Array/Struct (step 5)' phase of compilation. See the Design Size Report for more details (C:/Users/cocol/Ruby_Proj/workspace/Relu_Max_1/Relu_Max_1/hls/syn/report/csynth_design_size.rpt:2)
INFO: [HLS 200-1995] There were 23 instructions in the design after the 'Performance (step 1)' phase of compilation. See the Design Size Report for more details (C:/Users/cocol/Ruby_Proj/workspace/Relu_Max_1/Relu_Max_1/hls/syn/report/csynth_design_size.rpt:2)
INFO: [HLS 200-1995] There were 23 instructions in the design after the 'Performance (step 2)' phase of compilation. See the Design Size Report for more details (C:/Users/cocol/Ruby_Proj/workspace/Relu_Max_1/Relu_Max_1/hls/syn/report/csynth_design_size.rpt:2)
INFO: [HLS 200-1995] There were 23 instructions in the design after the 'Performance (step 3)' phase of compilation. See the Design Size Report for more details (C:/Users/cocol/Ruby_Proj/workspace/Relu_Max_1/Relu_Max_1/hls/syn/report/csynth_design_size.rpt:2)
INFO: [HLS 200-1995] There were 23 instructions in the design after the 'Performance (step 4)' phase of compilation. See the Design Size Report for more details (C:/Users/cocol/Ruby_Proj/workspace/Relu_Max_1/Relu_Max_1/hls/syn/report/csynth_design_size.rpt:2)
INFO: [HLS 200-1995] There were 30 instructions in the design after the 'HW Transforms (step 1)' phase of compilation. See the Design Size Report for more details (C:/Users/cocol/Ruby_Proj/workspace/Relu_Max_1/Relu_Max_1/hls/syn/report/csynth_design_size.rpt:2)
INFO: [HLS 200-1995] There were 38 instructions in the design after the 'HW Transforms (step 2)' phase of compilation. See the Design Size Report for more details (C:/Users/cocol/Ruby_Proj/workspace/Relu_Max_1/Relu_Max_1/hls/syn/report/csynth_design_size.rpt:2)
INFO: [HLS 214-376] automatically set the pipeline for Loop< POOL> at relu_max_1.cpp:9:15 
INFO: [HLS 200-111] Finished Compiling Optimization and Transform: CPU user time: 0 seconds. CPU system time: 1 seconds. Elapsed time: 10.116 seconds; current allocated memory: 175.137 MB.
INFO: [HLS 200-111] Finished Checking Pragmas: CPU user time: 0 seconds. CPU system time: 0 seconds. Elapsed time: 0.008 seconds; current allocated memory: 175.137 MB.
INFO: [HLS 200-10] Starting code transformations ...
INFO: [HLS 200-111] Finished Standard Transforms: CPU user time: 0 seconds. CPU system time: 0 seconds. Elapsed time: 0.032 seconds; current allocated memory: 179.078 MB.
INFO: [HLS 200-10] Checking synthesizability ...
INFO: [HLS 200-111] Finished Checking Synthesizability: CPU user time: 1 seconds. CPU system time: 0 seconds. Elapsed time: 0.028 seconds; current allocated memory: 180.488 MB.
INFO: [HLS 200-111] Finished Loop, function and other optimizations: CPU user time: 0 seconds. CPU system time: 0 seconds. Elapsed time: 0.055 seconds; current allocated memory: 201.191 MB.
INFO: [HLS 200-2061] Successfully converted nested loops 'CH'(relu_max_1.cpp:8:9) and 'POOL'(relu_max_1.cpp:9:15) in function 'relu_max_1' into perfectly nested loops.
INFO: [XFORM 203-541] Flattening a loop nest 'CH' (relu_max_1.cpp:8:9) in function 'relu_max_1'.
INFO: [HLS 200-111] Finished Architecture Synthesis: CPU user time: 0 seconds. CPU system time: 0 seconds. Elapsed time: 0.054 seconds; current allocated memory: 201.203 MB.
INFO: [HLS 200-10] Starting hardware synthesis ...
INFO: [HLS 200-10] Synthesizing 'relu_max_1' ...
INFO: [HLS 200-10] ----------------------------------------------------------------
INFO: [HLS 200-42] -- Implementing module 'relu_max_1' 
INFO: [HLS 200-10] ----------------------------------------------------------------
INFO: [SCHED 204-11] Starting scheduling ...
INFO: [SCHED 204-61] Pipelining loop 'CH_POOL'.
INFO: [HLS 200-1470] Pipelining result : Target II = NA, Final II = 1, Depth = 6, loop 'CH_POOL'
INFO: [SCHED 204-11] Finished scheduling.
INFO: [HLS 200-111] Finished Scheduling: CPU user time: 0 seconds. CPU system time: 0 seconds. Elapsed time: 0.209 seconds; current allocated memory: 201.203 MB.
INFO: [BIND 205-100] Starting micro-architecture generation ...
INFO: [BIND 205-101] Performing variable lifetime analysis.
INFO: [BIND 205-101] Exploring resource sharing.
INFO: [BIND 205-101] Binding ...
INFO: [BIND 205-100] Finished micro-architecture generation.
INFO: [HLS 200-111] Finished Binding: CPU user time: 0 seconds. CPU system time: 0 seconds. Elapsed time: 0.026 seconds; current allocated memory: 201.203 MB.
INFO: [HLS 200-10] ----------------------------------------------------------------
INFO: [HLS 200-10] -- Generating RTL for module 'relu_max_1' 
INFO: [HLS 200-10] ----------------------------------------------------------------
INFO: [RTGEN 206-500] Setting interface mode on port 'relu_max_1/input_r' to 'ap_memory'.
INFO: [RTGEN 206-500] Setting interface mode on port 'relu_max_1/output_r' to 'ap_memory'.
INFO: [RTGEN 206-500] Setting interface mode on function 'relu_max_1' to 'ap_ctrl_hs'.
INFO: [HLS 200-1030] Apply Unified Pipeline Control on module 'relu_max_1' pipeline 'CH_POOL' pipeline type 'loop pipeline'
INFO: [RTGEN 206-100] Generating core module 'fcmp_32ns_32ns_1_2_no_dsp_1': 2 instance(s).
INFO: [RTGEN 206-100] Finished creating RTL model for 'relu_max_1'.
INFO: [HLS 200-111] Finished Creating RTL model: CPU user time: 0 seconds. CPU system time: 0 seconds. Elapsed time: 0.056 seconds; current allocated memory: 202.949 MB.
INFO: [HLS 200-111] Finished Generating all RTL models: CPU user time: 0 seconds. CPU system time: 0 seconds. Elapsed time: 0.528 seconds; current allocated memory: 207.414 MB.
INFO: [HLS 200-111] Finished Updating report files: CPU user time: 0 seconds. CPU system time: 0 seconds. Elapsed time: 1.096 seconds; current allocated memory: 209.027 MB.
INFO: [VHDL 208-304] Generating VHDL RTL for relu_max_1.
INFO: [VLOG 209-307] Generating Verilog RTL for relu_max_1.
INFO: [HLS 200-790] **** Loop Constraint Status: All loop constraints were satisfied.
INFO: [HLS 200-789] **** Estimated Fmax: 115.14 MHz
INFO: [HLS 200-112] Total CPU user time: 3 seconds. Total CPU system time: 3 seconds. Total elapsed time: 18.952 seconds; peak allocated memory: 209.094 MB.
INFO: [v++ 60-791] Total elapsed time: 0h 0m 24s
