07/22/26 21:32:02: Running xcd server. This server was built by gradle.
07/22/26 21:32:02: Server was asked to start on port: '60984'
07/22/26 21:32:02: Server is using token UUID: '8405c92d-03b3-4cf2-a2b3-e0c68dc5522d'
07/22/26 21:32:02: SESSION_MGR: creating session with session uuid: '6d04a3e9-ade5-4ab9-8d63-1f78fcd2ec76' and name 'default'
07/22/26 21:32:02: Attempting to start server on port '60984'
07/22/26 21:32:02: Running Dispatch Server
07/22/26 21:32:02: Version 2.2.0
07/22/26 21:32:04: Dispatch Server: Accepted socket connection from client
07/22/26 21:32:04: Starting Socket connection
07/22/26 21:32:04: EXCHANGE_TOKEN received, server token: 8405c92d-03b3-4cf2-a2b3-e0c68dc5522d, passed token: 8405c92d-03b3-4cf2-a2b3-e0c68dc5522d
07/22/26 21:32:04: DISPATCH_HANDLER: Adding handler from function makeHandler in library xv_system_diagram
07/22/26 21:32:04: SESSION_MGR: creating session with session uuid: '7d35a214-695b-4530-8c7a-7c7e60ff8ec7' and name 'vitis-run_compile_Relu_Max_1'
07/22/26 21:32:04: KERNEL_SVC: creating session with uuid: '7d35a214-695b-4530-8c7a-7c7e60ff8ec7' and name 'vitis-run_compile_Relu_Max_1'
07/22/26 21:32:04: GUIDANCE_SMGR: creating guidance session with uuid: '7d35a214-695b-4530-8c7a-7c7e60ff8ec7' and name 'vitis-run_compile_Relu_Max_1'
07/22/26 21:32:04: SYSTEM_DIAGRAM: creating session with uuid: '7d35a214-695b-4530-8c7a-7c7e60ff8ec7' and name 'vitis-run_compile_Relu_Max_1'
07/22/26 21:32:25: Dispatch Server: Accepted socket connection from client
07/22/26 21:32:25: Starting Socket connection
07/22/26 21:32:37: SESSION_MGR: closing session for UUID '7d35a214-695b-4530-8c7a-7c7e60ff8ec7' with name 'vitis-run_compile_Relu_Max_1'
07/22/26 21:32:37: KERNEL_SVC: closing session for UUID '7d35a214-695b-4530-8c7a-7c7e60ff8ec7' with name 'vitis-run_compile_Relu_Max_1'
07/22/26 21:32:37: GUIDANCE_SMGR: closing session for UUID '7d35a214-695b-4530-8c7a-7c7e60ff8ec7' with name 'vitis-run_compile_Relu_Max_1'
07/22/26 21:32:37: SYSTEM_DIAGRAM: closing session for UUID '7d35a214-695b-4530-8c7a-7c7e60ff8ec7' with name 'vitis-run_compile_Relu_Max_1'
07/22/26 21:32:37: STOP_SERVER received, server token: 8405c92d-03b3-4cf2-a2b3-e0c68dc5522d, passed token: 8405c92d-03b3-4cf2-a2b3-e0c68dc5522d
07/22/26 21:32:37: Socket received request to stop server.
07/22/26 21:32:37: Dispatch Server: do_await_stop
07/22/26 21:32:37: SERVER: destructor for server bound to port 60984
07/22/26 21:32:47: Running xcd server. This server was built by gradle.
07/22/26 21:32:47: Server was asked to start on port: '65006'
07/22/26 21:32:47: Server is using token UUID: '022d4ff4-8e51-4967-9b8d-4ec9413129ed'
07/22/26 21:32:47: SESSION_MGR: creating session with session uuid: '6d04a3e9-ade5-4ab9-8d63-1f78fcd2ec76' and name 'default'
07/22/26 21:32:47: Attempting to start server on port '65006'
07/22/26 21:32:47: Running Dispatch Server
07/22/26 21:32:47: Version 2.2.0
07/22/26 21:32:49: Dispatch Server: Accepted socket connection from client
07/22/26 21:32:49: Starting Socket connection
07/22/26 21:32:49: EXCHANGE_TOKEN received, server token: 022d4ff4-8e51-4967-9b8d-4ec9413129ed, passed token: 022d4ff4-8e51-4967-9b8d-4ec9413129ed
07/22/26 21:32:50: DISPATCH_HANDLER: Adding handler from function makeHandler in library xv_system_diagram
07/22/26 21:32:50: SESSION_MGR: creating session with session uuid: '99e522bb-51c9-48e3-990b-da880223062d' and name 'v++_compile_Relu_Max_1'
07/22/26 21:32:50: KERNEL_SVC: creating session with uuid: '99e522bb-51c9-48e3-990b-da880223062d' and name 'v++_compile_Relu_Max_1'
07/22/26 21:32:50: GUIDANCE_SMGR: creating guidance session with uuid: '99e522bb-51c9-48e3-990b-da880223062d' and name 'v++_compile_Relu_Max_1'
07/22/26 21:32:50: SYSTEM_DIAGRAM: creating session with uuid: '99e522bb-51c9-48e3-990b-da880223062d' and name 'v++_compile_Relu_Max_1'
07/22/26 21:33:04: Dispatch Server: Accepted socket connection from client
07/22/26 21:33:04: Starting Socket connection
07/22/26 21:33:27: SESSION_MGR: closing session for UUID '99e522bb-51c9-48e3-990b-da880223062d' with name 'v++_compile_Relu_Max_1'
07/22/26 21:33:27: KERNEL_SVC: closing session for UUID '99e522bb-51c9-48e3-990b-da880223062d' with name 'v++_compile_Relu_Max_1'
07/22/26 21:33:27: GUIDANCE_SMGR: closing session for UUID '99e522bb-51c9-48e3-990b-da880223062d' with name 'v++_compile_Relu_Max_1'
07/22/26 21:33:27: SYSTEM_DIAGRAM: closing session for UUID '99e522bb-51c9-48e3-990b-da880223062d' with name 'v++_compile_Relu_Max_1'
07/22/26 21:33:27: STOP_SERVER received, server token: 022d4ff4-8e51-4967-9b8d-4ec9413129ed, passed token: 022d4ff4-8e51-4967-9b8d-4ec9413129ed
07/22/26 21:33:27: Socket received request to stop server.
07/22/26 21:33:27: Dispatch Server: do_await_stop
07/22/26 21:33:27: SERVER: destructor for server bound to port 65006
07/22/26 22:15:33: Running xcd server. This server was built by gradle.
07/22/26 22:15:33: Server was asked to start on port: '55275'
07/22/26 22:15:33: Server is using token UUID: '1c9fdeb1-ebff-44a2-8054-b9fdfafa3225'
07/22/26 22:15:33: SESSION_MGR: creating session with session uuid: '6d04a3e9-ade5-4ab9-8d63-1f78fcd2ec76' and name 'default'
07/22/26 22:15:33: Attempting to start server on port '55275'
07/22/26 22:15:33: Running Dispatch Server
07/22/26 22:15:33: Version 2.2.0
07/22/26 22:15:35: Dispatch Server: Accepted socket connection from client
07/22/26 22:15:35: Starting Socket connection
07/22/26 22:15:35: EXCHANGE_TOKEN received, server token: 1c9fdeb1-ebff-44a2-8054-b9fdfafa3225, passed token: 1c9fdeb1-ebff-44a2-8054-b9fdfafa3225
07/22/26 22:15:35: DISPATCH_HANDLER: Adding handler from function makeHandler in library xv_system_diagram
07/22/26 22:15:35: SESSION_MGR: creating session with session uuid: '66169020-640e-4a6a-bd64-2d96b566a3c7' and name 'vitis-run_compile_Relu_Max_1'
07/22/26 22:15:35: KERNEL_SVC: creating session with uuid: '66169020-640e-4a6a-bd64-2d96b566a3c7' and name 'vitis-run_compile_Relu_Max_1'
07/22/26 22:15:35: GUIDANCE_SMGR: creating guidance session with uuid: '66169020-640e-4a6a-bd64-2d96b566a3c7' and name 'vitis-run_compile_Relu_Max_1'
07/22/26 22:15:35: SYSTEM_DIAGRAM: creating session with uuid: '66169020-640e-4a6a-bd64-2d96b566a3c7' and name 'vitis-run_compile_Relu_Max_1'
07/22/26 22:15:39: Dispatch Server: Accepted socket connection from client
07/22/26 22:15:39: Starting Socket connection
07/22/26 22:15:42: SESSION_MGR: closing session for UUID '66169020-640e-4a6a-bd64-2d96b566a3c7' with name 'vitis-run_compile_Relu_Max_1'
07/22/26 22:15:42: KERNEL_SVC: closing session for UUID '66169020-640e-4a6a-bd64-2d96b566a3c7' with name 'vitis-run_compile_Relu_Max_1'
07/22/26 22:15:42: GUIDANCE_SMGR: closing session for UUID '66169020-640e-4a6a-bd64-2d96b566a3c7' with name 'vitis-run_compile_Relu_Max_1'
07/22/26 22:15:42: SYSTEM_DIAGRAM: closing session for UUID '66169020-640e-4a6a-bd64-2d96b566a3c7' with name 'vitis-run_compile_Relu_Max_1'
07/22/26 22:15:42: STOP_SERVER received, server token: 1c9fdeb1-ebff-44a2-8054-b9fdfafa3225, passed token: 1c9fdeb1-ebff-44a2-8054-b9fdfafa3225
07/22/26 22:15:42: Socket received request to stop server.
07/22/26 22:15:42: Dispatch Server: do_await_stop
07/22/26 22:15:42: SERVER: destructor for server bound to port 55275
07/22/26 22:15:58: Running xcd server. This server was built by gradle.
07/22/26 22:15:58: Server was asked to start on port: '55292'
07/22/26 22:15:58: Server is using token UUID: 'f92d4eb4-1c3e-468c-be1e-9c11e68e0ea4'
07/22/26 22:15:58: SESSION_MGR: creating session with session uuid: '6d04a3e9-ade5-4ab9-8d63-1f78fcd2ec76' and name 'default'
07/22/26 22:15:58: Attempting to start server on port '55292'
07/22/26 22:15:58: Running Dispatch Server
07/22/26 22:15:58: Version 2.2.0
07/22/26 22:16:00: Dispatch Server: Accepted socket connection from client
07/22/26 22:16:00: Starting Socket connection
07/22/26 22:16:00: EXCHANGE_TOKEN received, server token: f92d4eb4-1c3e-468c-be1e-9c11e68e0ea4, passed token: f92d4eb4-1c3e-468c-be1e-9c11e68e0ea4
07/22/26 22:16:01: DISPATCH_HANDLER: Adding handler from function makeHandler in library xv_system_diagram
07/22/26 22:16:01: SESSION_MGR: creating session with session uuid: 'c3591594-4b93-425d-9270-cb3c1159bf8a' and name 'v++_compile_Relu_Max_1'
07/22/26 22:16:01: KERNEL_SVC: creating session with uuid: 'c3591594-4b93-425d-9270-cb3c1159bf8a' and name 'v++_compile_Relu_Max_1'
07/22/26 22:16:01: GUIDANCE_SMGR: creating guidance session with uuid: 'c3591594-4b93-425d-9270-cb3c1159bf8a' and name 'v++_compile_Relu_Max_1'
07/22/26 22:16:01: SYSTEM_DIAGRAM: creating session with uuid: 'c3591594-4b93-425d-9270-cb3c1159bf8a' and name 'v++_compile_Relu_Max_1'
07/22/26 22:16:07: Dispatch Server: Accepted socket connection from client
07/22/26 22:16:07: Starting Socket connection
07/22/26 22:16:22: SESSION_MGR: closing session for UUID 'c3591594-4b93-425d-9270-cb3c1159bf8a' with name 'v++_compile_Relu_Max_1'
07/22/26 22:16:22: KERNEL_SVC: closing session for UUID 'c3591594-4b93-425d-9270-cb3c1159bf8a' with name 'v++_compile_Relu_Max_1'
07/22/26 22:16:22: GUIDANCE_SMGR: closing session for UUID 'c3591594-4b93-425d-9270-cb3c1159bf8a' with name 'v++_compile_Relu_Max_1'
07/22/26 22:16:22: SYSTEM_DIAGRAM: closing session for UUID 'c3591594-4b93-425d-9270-cb3c1159bf8a' with name 'v++_compile_Relu_Max_1'
07/22/26 22:16:22: STOP_SERVER received, server token: f92d4eb4-1c3e-468c-be1e-9c11e68e0ea4, passed token: f92d4eb4-1c3e-468c-be1e-9c11e68e0ea4
07/22/26 22:16:22: Socket received request to stop server.
07/22/26 22:16:22: Dispatch Server: do_await_stop
07/22/26 22:16:22: SERVER: destructor for server bound to port 55292
