  **** HLS Build v2025.1 6135595
INFO: [HLS 200-2005] Using work_dir C:/Users/cocol/Ruby_Proj/workspace/conv2/conv2 
INFO: [HLS 200-2176] Writing Vitis IDE component file C:/Users/cocol/Ruby_Proj/workspace/conv2/conv2/vitis-comp.json
INFO: [HLS 200-10] Creating and opening component 'C:/Users/cocol/Ruby_Proj/workspace/conv2/conv2'.
INFO: [HLS 200-1505] Using default flow_target 'vivado'
Resolution: For help on HLS 200-1505 see docs.xilinx.com/access/sources/dita/topic?Doc_Version=2025.1%20English&url=ug1448-hls-guidance&resourceid=200-1505.html
INFO: [HLS 200-2174] Applying component config ini file C:/Users/cocol/Ruby_Proj/workspace/conv2/hls_config.cfg
INFO: [HLS 200-1465] Applying config ini 'syn.file=conv2.cpp' from C:/Users/cocol/Ruby_Proj/workspace/conv2/hls_config.cfg(8)
INFO: [HLS 200-10] Adding design file 'C:/Users/cocol/Ruby_Proj/workspace/conv2/conv2.cpp' to the project
INFO: [HLS 200-1465] Applying config ini 'syn.cflags=-IC:/Users/cocol/Ruby_Proj/workspace/header' from C:/Users/cocol/Ruby_Proj/workspace/conv2/hls_config.cfg(12)
INFO: [HLS 200-1465] Applying config ini 'syn.csimflags=-IC:/Users/cocol/Ruby_Proj/workspace/header' from C:/Users/cocol/Ruby_Proj/workspace/conv2/hls_config.cfg(13)
INFO: [HLS 200-1465] Applying config ini 'tb.file=conv2_TB.cpp' from C:/Users/cocol/Ruby_Proj/workspace/conv2/hls_config.cfg(9)
INFO: [HLS 200-10] Adding test bench file 'C:/Users/cocol/Ruby_Proj/workspace/conv2/conv2_TB.cpp' to the project
INFO: [HLS 200-1465] Applying config ini 'tb.file=./conv2_goldens' from C:/Users/cocol/Ruby_Proj/workspace/conv2/hls_config.cfg(10)
INFO: [HLS 200-10] Adding test bench file 'C:/Users/cocol/Ruby_Proj/workspace/conv2/conv2_goldens' to the project
INFO: [HLS 200-1465] Applying config ini 'tb.cflags=-IC:/Users/cocol/Ruby_Proj/workspace/header' from C:/Users/cocol/Ruby_Proj/workspace/conv2/hls_config.cfg(14)
INFO: [HLS 200-1465] Applying config ini 'syn.top=conv2_1d' from C:/Users/cocol/Ruby_Proj/workspace/conv2/hls_config.cfg(11)
INFO: [HLS 200-1465] Applying config ini 'flow_target=vivado' from C:/Users/cocol/Ruby_Proj/workspace/conv2/hls_config.cfg(4)
INFO: [HLS 200-1505] Using flow_target 'vivado'
Resolution: For help on HLS 200-1505 see docs.xilinx.com/access/sources/dita/topic?Doc_Version=2025.1%20English&url=ug1448-hls-guidance&resourceid=200-1505.html
INFO: [HLS 200-1465] Applying config ini 'part=xc7z020clg400-1' from C:/Users/cocol/Ruby_Proj/workspace/conv2/hls_config.cfg(1)
INFO: [HLS 200-1611] Setting target device to 'xc7z020-clg400-1'
INFO: [HLS 200-1465] Applying config ini 'clock=12ns' from C:/Users/cocol/Ruby_Proj/workspace/conv2/hls_config.cfg(7)
INFO: [SYN 201-201] Setting up clock 'default' with a period of 12ns.
INFO: [HLS 200-1465] Applying config ini 'package.output.format=ip_catalog' from C:/Users/cocol/Ruby_Proj/workspace/conv2/hls_config.cfg(5)
INFO: [HLS 200-2176] Writing Vitis IDE component file C:/Users/cocol/Ruby_Proj/workspace/conv2/conv2/vitis-comp.json
INFO: [HLS 200-111] Finished File checks and directory preparation: CPU user time: 1 seconds. CPU system time: 3 seconds. Elapsed time: 5.074 seconds; current allocated memory: 171.191 MB.
INFO: [HLS 200-10] Analyzing design file 'conv2.cpp' ... 
INFO: [HLS 200-111] Finished Source Code Analysis and Preprocessing: CPU user time: 0 seconds. CPU system time: 0 seconds. Elapsed time: 2.401 seconds; current allocated memory: 173.492 MB.
INFO: [HLS 200-777] Using interface defaults for 'Vivado' flow target.
INFO: [HLS 200-1995] There were 70 instructions in the design after the 'Compile/Link' phase of compilation. See the Design Size Report for more details (C:/Users/cocol/Ruby_Proj/workspace/conv2/conv2/hls/syn/report/csynth_design_size.rpt:2)
INFO: [HLS 200-1995] There were 54 instructions in the design after the 'Unroll/Inline (step 1)' phase of compilation. See the Design Size Report for more details (C:/Users/cocol/Ruby_Proj/workspace/conv2/conv2/hls/syn/report/csynth_design_size.rpt:2)
INFO: [HLS 200-1995] There were 46 instructions in the design after the 'Unroll/Inline (step 2)' phase of compilation. See the Design Size Report for more details (C:/Users/cocol/Ruby_Proj/workspace/conv2/conv2/hls/syn/report/csynth_design_size.rpt:2)
INFO: [HLS 200-1995] There were 40 instructions in the design after the 'Unroll/Inline (step 3)' phase of compilation. See the Design Size Report for more details (C:/Users/cocol/Ruby_Proj/workspace/conv2/conv2/hls/syn/report/csynth_design_size.rpt:2)
INFO: [HLS 200-1995] There were 40 instructions in the design after the 'Unroll/Inline (step 4)' phase of compilation. See the Design Size Report for more details (C:/Users/cocol/Ruby_Proj/workspace/conv2/conv2/hls/syn/report/csynth_design_size.rpt:2)
INFO: [HLS 200-1995] There were 40 instructions in the design after the 'Array/Struct (step 1)' phase of compilation. See the Design Size Report for more details (C:/Users/cocol/Ruby_Proj/workspace/conv2/conv2/hls/syn/report/csynth_design_size.rpt:2)
INFO: [HLS 200-1995] There were 40 instructions in the design after the 'Array/Struct (step 2)' phase of compilation. See the Design Size Report for more details (C:/Users/cocol/Ruby_Proj/workspace/conv2/conv2/hls/syn/report/csynth_design_size.rpt:2)
INFO: [HLS 200-1995] There were 40 instructions in the design after the 'Array/Struct (step 3)' phase of compilation. See the Design Size Report for more details (C:/Users/cocol/Ruby_Proj/workspace/conv2/conv2/hls/syn/report/csynth_design_size.rpt:2)
INFO: [HLS 200-1995] There were 40 instructions in the design after the 'Array/Struct (step 4)' phase of compilation. See the Design Size Report for more details (C:/Users/cocol/Ruby_Proj/workspace/conv2/conv2/hls/syn/report/csynth_design_size.rpt:2)
INFO: [HLS 200-1995] There were 42 instructions in the design after the 'Array/Struct (step 5)' phase of compilation. See the Design Size Report for more details (C:/Users/cocol/Ruby_Proj/workspace/conv2/conv2/hls/syn/report/csynth_design_size.rpt:2)
INFO: [HLS 200-1995] There were 42 instructions in the design after the 'Performance (step 1)' phase of compilation. See the Design Size Report for more details (C:/Users/cocol/Ruby_Proj/workspace/conv2/conv2/hls/syn/report/csynth_design_size.rpt:2)
INFO: [HLS 200-1995] There were 454 instructions in the design after the 'Performance (step 2)' phase of compilation. See the Design Size Report for more details (C:/Users/cocol/Ruby_Proj/workspace/conv2/conv2/hls/syn/report/csynth_design_size.rpt:2)
INFO: [HLS 200-1995] There were 454 instructions in the design after the 'Performance (step 3)' phase of compilation. See the Design Size Report for more details (C:/Users/cocol/Ruby_Proj/workspace/conv2/conv2/hls/syn/report/csynth_design_size.rpt:2)
INFO: [HLS 200-1995] There were 454 instructions in the design after the 'Performance (step 4)' phase of compilation. See the Design Size Report for more details (C:/Users/cocol/Ruby_Proj/workspace/conv2/conv2/hls/syn/report/csynth_design_size.rpt:2)
INFO: [HLS 200-1995] There were 560 instructions in the design after the 'HW Transforms (step 1)' phase of compilation. See the Design Size Report for more details (C:/Users/cocol/Ruby_Proj/workspace/conv2/conv2/hls/syn/report/csynth_design_size.rpt:2)
INFO: [HLS 200-1995] There were 568 instructions in the design after the 'HW Transforms (step 2)' phase of compilation. See the Design Size Report for more details (C:/Users/cocol/Ruby_Proj/workspace/conv2/conv2/hls/syn/report/csynth_design_size.rpt:2)
INFO: [HLS 214-376] automatically set the pipeline for Loop< VITIS_LOOP_17_2> at conv2.cpp:17:26 
INFO: [HLS 214-291] Loop 'VITIS_LOOP_20_3' is marked as complete unroll implied by the pipeline pragma (conv2.cpp:20:30)
INFO: [HLS 214-291] Loop 'VITIS_LOOP_21_4' is marked as complete unroll implied by the pipeline pragma (conv2.cpp:21:34)
INFO: [HLS 214-186] Unrolling loop 'VITIS_LOOP_20_3' (conv2.cpp:20:30) in function 'conv2_1d' completely with a factor of 16 (conv2.cpp:10:0)
INFO: [HLS 214-186] Unrolling loop 'VITIS_LOOP_21_4' (conv2.cpp:21:34) in function 'conv2_1d' completely with a factor of 3 (conv2.cpp:10:0)
INFO: [HLS 200-111] Finished Compiling Optimization and Transform: CPU user time: 1 seconds. CPU system time: 0 seconds. Elapsed time: 9.109 seconds; current allocated memory: 175.363 MB.
INFO: [HLS 200-111] Finished Checking Pragmas: CPU user time: 0 seconds. CPU system time: 0 seconds. Elapsed time: 0.005 seconds; current allocated memory: 175.363 MB.
INFO: [HLS 200-10] Starting code transformations ...
INFO: [HLS 200-111] Finished Standard Transforms: CPU user time: 0 seconds. CPU system time: 0 seconds. Elapsed time: 0.06 seconds; current allocated memory: 180.855 MB.
INFO: [HLS 200-10] Checking synthesizability ...
INFO: [HLS 200-111] Finished Checking Synthesizability: CPU user time: 0 seconds. CPU system time: 0 seconds. Elapsed time: 0.065 seconds; current allocated memory: 182.754 MB.
INFO: [XFORM 203-401] Performing if-conversion on hyperblock from (conv2.cpp:18:20) to (conv2.cpp:17:26) in function 'conv2_1d'... converting 65 basic blocks.
INFO: [HLS 200-111] Finished Loop, function and other optimizations: CPU user time: 0 seconds. CPU system time: 0 seconds. Elapsed time: 0.138 seconds; current allocated memory: 205.465 MB.
INFO: [HLS 200-2061] Successfully converted nested loops 'VITIS_LOOP_16_1'(conv2.cpp:16:22) and 'VITIS_LOOP_17_2'(conv2.cpp:17:26) in function 'conv2_1d' into perfectly nested loops.
INFO: [XFORM 203-541] Flattening a loop nest 'VITIS_LOOP_16_1' (conv2.cpp:16:22) in function 'conv2_1d'.
INFO: [HLS 200-111] Finished Architecture Synthesis: CPU user time: 0 seconds. CPU system time: 0 seconds. Elapsed time: 0.137 seconds; current allocated memory: 205.469 MB.
INFO: [HLS 200-10] Starting hardware synthesis ...
INFO: [HLS 200-10] Synthesizing 'conv2_1d' ...
INFO: [HLS 200-10] ----------------------------------------------------------------
INFO: [HLS 200-42] -- Implementing module 'conv2_1d' 
INFO: [HLS 200-10] ----------------------------------------------------------------
INFO: [SCHED 204-11] Starting scheduling ...
INFO: [SCHED 204-61] Pipelining loop 'VITIS_LOOP_16_1_VITIS_LOOP_17_2'.
WARNING: [HLS 200-885] The II Violation in module 'conv2_1d' (loop 'VITIS_LOOP_16_1_VITIS_LOOP_17_2'): Unable to schedule 'load' operation 32 bit ('weights_load_1', conv2.cpp:16) on array 'weights' due to limited memory ports (II = 1). Please consider using a memory core with more ports or partitioning the array 'weights'.
Resolution: For help on HLS 200-885 see docs.xilinx.com/access/sources/dita/topic?Doc_Version=2025.1%20English&url=ug1448-hls-guidance&resourceid=200-885.html
WARNING: [HLS 200-885] The II Violation in module 'conv2_1d' (loop 'VITIS_LOOP_16_1_VITIS_LOOP_17_2'): Unable to schedule 'load' operation 32 bit ('inputs_load_3', conv2.cpp:26) on array 'inputs' due to limited memory ports (II = 2). Please consider using a memory core with more ports or partitioning the array 'inputs'.
Resolution: For help on HLS 200-885 see docs.xilinx.com/access/sources/dita/topic?Doc_Version=2025.1%20English&url=ug1448-hls-guidance&resourceid=200-885.html
WARNING: [HLS 200-885] The II Violation in module 'conv2_1d' (loop 'VITIS_LOOP_16_1_VITIS_LOOP_17_2'): Unable to schedule 'load' operation 32 bit ('weights_load_5', conv2.cpp:16) on array 'weights' due to limited memory ports (II = 3). Please consider using a memory core with more ports or partitioning the array 'weights'.
Resolution: For help on HLS 200-885 see docs.xilinx.com/access/sources/dita/topic?Doc_Version=2025.1%20English&url=ug1448-hls-guidance&resourceid=200-885.html
WARNING: [HLS 200-885] The II Violation in module 'conv2_1d' (loop 'VITIS_LOOP_16_1_VITIS_LOOP_17_2'): Unable to schedule 'load' operation 32 bit ('weights_load_7', conv2.cpp:16) on array 'weights' due to limited memory ports (II = 4). Please consider using a memory core with more ports or partitioning the array 'weights'.
Resolution: For help on HLS 200-885 see docs.xilinx.com/access/sources/dita/topic?Doc_Version=2025.1%20English&url=ug1448-hls-guidance&resourceid=200-885.html
WARNING: [HLS 200-885] The II Violation in module 'conv2_1d' (loop 'VITIS_LOOP_16_1_VITIS_LOOP_17_2'): Unable to schedule 'load' operation 32 bit ('weights_load_37', conv2.cpp:16) on array 'weights' due to limited memory ports (II = 19). Please consider using a memory core with more ports or partitioning the array 'weights'.
Resolution: For help on HLS 200-885 see docs.xilinx.com/access/sources/dita/topic?Doc_Version=2025.1%20English&url=ug1448-hls-guidance&resourceid=200-885.html
WARNING: [HLS 200-885] The II Violation in module 'conv2_1d' (loop 'VITIS_LOOP_16_1_VITIS_LOOP_17_2'): Unable to schedule 'load' operation 32 bit ('inputs_load_45', conv2.cpp:26) on array 'inputs' due to limited memory ports (II = 23). Please consider using a memory core with more ports or partitioning the array 'inputs'.
Resolution: For help on HLS 200-885 see docs.xilinx.com/access/sources/dita/topic?Doc_Version=2025.1%20English&url=ug1448-hls-guidance&resourceid=200-885.html
INFO: [HLS 200-1470] Pipelining result : Target II = NA, Final II = 24, Depth = 248, loop 'VITIS_LOOP_16_1_VITIS_LOOP_17_2'
INFO: [SCHED 204-11] Finished scheduling.
INFO: [HLS 200-111] Finished Scheduling: CPU user time: 1 seconds. CPU system time: 0 seconds. Elapsed time: 2.267 seconds; current allocated memory: 209.480 MB.
INFO: [#UNDEF] Rewind delay = 24 for the pipelined loop 'VITIS_LOOP_16_1_VITIS_LOOP_17_2' to synchronize the reading of port 'weights' with ap_ready.
INFO: [BIND 205-100] Starting micro-architecture generation ...
INFO: [BIND 205-101] Performing variable lifetime analysis.
INFO: [BIND 205-101] Exploring resource sharing.
INFO: [BIND 205-101] Binding ...
INFO: [BIND 205-100] Finished micro-architecture generation.
INFO: [HLS 200-111] Finished Binding: CPU user time: 0 seconds. CPU system time: 0 seconds. Elapsed time: 0.215 seconds; current allocated memory: 210.660 MB.
INFO: [HLS 200-10] ----------------------------------------------------------------
INFO: [HLS 200-10] -- Generating RTL for module 'conv2_1d' 
INFO: [HLS 200-10] ----------------------------------------------------------------
INFO: [RTGEN 206-500] Setting interface mode on port 'conv2_1d/inputs' to 'ap_memory'.
INFO: [RTGEN 206-500] Setting interface mode on port 'conv2_1d/outputs' to 'ap_memory'.
INFO: [RTGEN 206-500] Setting interface mode on port 'conv2_1d/weights' to 'ap_memory'.
INFO: [RTGEN 206-500] Setting interface mode on port 'conv2_1d/bias' to 'ap_memory'.
INFO: [RTGEN 206-500] Setting interface mode on function 'conv2_1d' to 'ap_ctrl_hs'.
INFO: [HLS 200-1030] Apply Unified Pipeline Control on module 'conv2_1d' pipeline 'VITIS_LOOP_16_1_VITIS_LOOP_17_2' pipeline type 'loop pipeline'
INFO: [RTGEN 206-100] Generating core module 'fadd_32ns_32ns_32_5_full_dsp_1': 2 instance(s).
INFO: [RTGEN 206-100] Generating core module 'fmul_32ns_32ns_32_4_max_dsp_1': 2 instance(s).
INFO: [RTGEN 206-100] Finished creating RTL model for 'conv2_1d'.
INFO: [HLS 200-111] Finished Creating RTL model: CPU user time: 0 seconds. CPU system time: 0 seconds. Elapsed time: 0.455 seconds; current allocated memory: 218.656 MB.
INFO: [HLS 200-111] Finished Generating all RTL models: CPU user time: 1 seconds. CPU system time: 2 seconds. Elapsed time: 2.563 seconds; current allocated memory: 237.426 MB.
INFO: [HLS 200-111] Finished Updating report files: CPU user time: 1 seconds. CPU system time: 0 seconds. Elapsed time: 1.697 seconds; current allocated memory: 239.023 MB.
INFO: [VHDL 208-304] Generating VHDL RTL for conv2_1d.
INFO: [VLOG 209-307] Generating Verilog RTL for conv2_1d.
INFO: [HLS 200-790] **** Loop Constraint Status: All loop constraints were NOT satisfied.
INFO: [HLS 200-789] **** Estimated Fmax: 120.77 MHz
INFO: [HLS 200-112] Total CPU user time: 5 seconds. Total CPU system time: 5 seconds. Total elapsed time: 24.233 seconds; peak allocated memory: 239.090 MB.
INFO: [v++ 60-791] Total elapsed time: 0h 0m 29s
