================================================================
== Design Size Report
================================================================

* Total Instructions per Compilation Phase
+---------------+-----------------------------+--------------+----------------------------------------------------------------------------------------+
| Phase         | Step                        | Instructions | Description                                                                            |
+---------------+-----------------------------+--------------+----------------------------------------------------------------------------------------+
| Compile/Link  |                             | 28,786       | After all functions are compiled and linked into a single design                       |
|               |                             |              |                                                                                        |
| Unroll/Inline |                             |              | After user unroll and inline pragmas are applied                                       |
|               | (1) unroll                  |  2,364       | user unroll pragmas are applied                                                        |
|               | (2) simplification          |  1,261       | simplification of applied user unroll pragmas                                          |
|               | (3) inline                  |  1,125       | user inline pragmas are applied                                                        |
|               | (4) simplification          |    639       | simplification of applied user inline pragmas                                          |
|               |                             |              |                                                                                        |
| Array/Struct  |                             |              | After user array partition and struct aggregate/disaggregate pragmas are applied       |
|               | (1) array partition         |    639       | user array partition pragmas are applied                                               |
|               | (2) simplification          |    639       | simplification of applied user array partition & struct aggregate/disaggregate pragmas |
|               | (3) aggregate/disaggregate  |    639       | user struct aggregate/disaggregate pragmas are applied                                 |
|               | (4) array reshape           |    639       | apply array reshape pragmas                                                            |
|               | (5) access patterns         |    647       | array access pattern optmizations                                                      |
|               |                             |              |                                                                                        |
| Performance   |                             |              | After transformations are applied to meet performance pragma targets                   |
|               | (1) loop simplification     |    647       | loop and instruction simplification                                                    |
|               | (2) parallelization         |  1,695       | loops are unrolled or pipelined to meet performance targets                            |
|               | (3) array partition         |  1,695       | arrays are partitioned to meet performance targets                                     |
|               | (4) simplification          |  1,695       | simplification of design after performance transformations                             |
|               |                             |              |                                                                                        |
| HW Transforms |                             |              | After hardware transfomations                                                          |
|               | (1) lowering                |  2,051       | initial conversion to HW specific instructions                                         |
|               | (2) optimizations           |  2,069       | high level synthesis optimizations                                                     |
+---------------+-----------------------------+--------------+----------------------------------------------------------------------------------------+

* Instructions per Function for each Compilation Phase
+--------------------------------+----------------------+------------------+---------------+---------------+----------------+----------------+
| Function                       | Location             | Compile/Link     | Unroll/Inline | Array/Struct  | Performance    | HW Transforms  |
+--------------------------------+----------------------+------------------+---------------+---------------+----------------+----------------+
| + LSTM                         | LSTM.cpp:54          | 28,786           | 639           | 647           | 1,695          | 2,069          |
|  + LSTM_step                   | LSTM.cpp:8           | 28,757           | 622           | 630           | 1,678          | 2,015          |
|   + sigmoid                    | LSTM.cpp:4           |    27 (3 calls)  |               |               |                |                |
|    + expf                      | expfloat.cpp:20      |    12 (3 calls)  |               |               |                |                |
|       exp                      | hls_exp_float.cpp:15 |     6 (3 calls)  |               |               |                |                |
|   + tanh                       | tanhfloat.cpp:6      | 28,474 (2 calls) |               |               |                |                |
|    + generic_tanh<float>       | hls_tanh.h:28        | 28,470 (2 calls) |               |               |                |                |
|       fp_struct                | x_hls_utils.h:283    |   636 (2 calls)  |               |               |                |                |
|     + generic_fabs<float>      | hls_fabs.h:12        | 1,918 (2 calls)  |               |               |                |                |
|      + generic_copysign<float> | hls_copysign.h:10    | 1,914 (2 calls)  |               |               |                |                |
|         fp_struct              | x_hls_utils.h:283    | 1,272 (4 calls)  |               |               |                |                |
|       + to_ieee                | x_hls_utils.h:346    |   606 (2 calls)  |               |               |                |                |
|        + to_float              | x_hls_utils.h:322    |   602 (2 calls)  |               |               |                |                |
|           data                 | x_hls_utils.h:309    |   558 (2 calls)  |               |               |                |                |
|     + expm1                    | hls_exp_float.cpp:7  | 24,582 (2 calls) |               |               |                |                |
|        fp_struct               | x_hls_utils.h:283    |   636 (2 calls)  |               |               |                |                |
|      + exp_generic<double>     | hls_exp_.h:156       | 23,796 (2 calls) |               |               |                |                |
|         fp_struct              | x_hls_utils.h:456    |   638 (2 calls)  |               |               |                |                |
|         fp_struct              | x_hls_utils.h:454    |     8 (2 calls)  |               |               |                |                |
|       + generic_isnan<double>  | hls_isnan.h:16       |   780 (2 calls)  |               |               |                |                |
|          fp_struct             | x_hls_utils.h:456    |   638 (2 calls)  |               |               |                |                |
|       + generic_isinf<double>  | hls_isinf.h:16       |   778 (2 calls)  |               |               |                |                |
|          fp_struct             | x_hls_utils.h:456    |   638 (2 calls)  |               |               |                |                |
|         expv                   | x_hls_utils.h:485    |   218 (2 calls)  |               |               |                |                |
|         exp_Z1P_m_1            | hls_exp_.h:90        | 5,450 (2 calls)  |               |               |                |                |
|       + to_ieee                | x_hls_utils.h:509    | 4,242 (14 calls) |               |               |                |                |
|        + to_double             | x_hls_utils.h:494    | 4,214 (14 calls) |               |               |                |                |
|           data                 | x_hls_utils.h:475    | 3,906 (14 calls) |               |               |                |                |
|     + generic_nan<float>       | hls_nan.h:10         |   786 (2 calls)  |               |               |                |                |
|        fp_struct               | x_hls_utils.h:281    |     8 (2 calls)  |               |               |                |                |
|      + to_ieee                 | x_hls_utils.h:346    |   606 (2 calls)  |               |               |                |                |
|       + to_float               | x_hls_utils.h:322    |   602 (2 calls)  |               |               |                |                |
|          data                  | x_hls_utils.h:309    |   558 (2 calls)  |               |               |                |                |
|   + generic_tanh<float>        | hls_tanh.h:28        |                  | 464 (2 calls) | 464 (2 calls) |  464 (2 calls) |  466 (2 calls) |
|      exp_generic<double>       | hls_exp_.h:156       |                  | 356 (2 calls) | 356 (2 calls) |  356 (2 calls) |  358 (2 calls) |
+--------------------------------+----------------------+------------------+---------------+---------------+----------------+----------------+

* Design Size Message Settings
+---------------------------------------------+--------+------------------------------------------------------------------+
| Message Setting                             | Value  | Description                                                      |
+---------------------------------------------+--------+------------------------------------------------------------------+
| config_compile -design_size_maximum_warning | 100000 | Show a warning when total design instructions exceeds this value |
+---------------------------------------------+--------+------------------------------------------------------------------+


