

================================================================
== Vitis HLS Report for 'LSTM_step'
================================================================
* Date:           Wed Jul 22 22:22:32 2026

* Version:        2025.1 (Build 6135595 on May 21 2025)
* Project:        LSTM
* Solution:       hls (Vivado IP Flow Target)
* Product family: zynq
* Target device:  xc7z020-clg400-1


================================================================
== Performance Estimates
================================================================
+ Timing: 
    * Summary: 
    +--------+----------+----------+------------+
    |  Clock |  Target  | Estimated| Uncertainty|
    +--------+----------+----------+------------+
    |ap_clk  |  12.00 ns|  8.754 ns|     3.24 ns|
    +--------+----------+----------+------------+

+ Latency: 
    * Summary: 
    +---------+---------+-----------+-----------+------+------+---------+
    |  Latency (cycles) |   Latency (absolute)  |   Interval  | Pipeline|
    |   min   |   max   |    min    |    max    |  min |  max |   Type  |
    +---------+---------+-----------+-----------+------+------+---------+
    |     1012|     1012|  12.144 us|  12.144 us|  1012|  1012|       no|
    +---------+---------+-----------+-----------+------+------+---------+

    + Detail: 
        * Instance: 
        +--------------------------------------+---------------------------+---------+---------+-----------+-----------+-----+-----+------------------------------------------------+
        |                                      |                           |  Latency (cycles) |   Latency (absolute)  |  Interval |                    Pipeline                    |
        |               Instance               |           Module          |   min   |   max   |    min    |    max    | min | max |                      Type                      |
        +--------------------------------------+---------------------------+---------+---------+-----------+-----------+-----+-----+------------------------------------------------+
        |grp_LSTM_step_Pipeline_GATES_fu_768   |LSTM_step_Pipeline_GATES   |      884|      884|  10.608 us|  10.608 us|  528|  528|  loop auto-rewind stp (delay=0 clock cycles(s))|
        |grp_LSTM_step_Pipeline_UPDATE_fu_870  |LSTM_step_Pipeline_UPDATE  |      109|      109|   1.308 us|   1.308 us|   33|   33|  loop auto-rewind stp (delay=0 clock cycles(s))|
        +--------------------------------------+---------------------------+---------+---------+-----------+-----------+-----+-----+------------------------------------------------+

        * Loop: 
        N/A



================================================================
== Utilization Estimates
================================================================
* Summary: 
+-----------------+---------+-----+--------+-------+-----+
|       Name      | BRAM_18K| DSP |   FF   |  LUT  | URAM|
+-----------------+---------+-----+--------+-------+-----+
|DSP              |        -|    -|       -|      -|    -|
|Expression       |        -|    -|       -|      -|    -|
|FIFO             |        -|    -|       -|      -|    -|
|Instance         |        5|  134|   43011|  33750|    -|
|Memory           |        4|    -|       0|      0|    0|
|Multiplexer      |        -|    -|       0|    787|    -|
|Register         |        -|    -|    3990|      -|    -|
+-----------------+---------+-----+--------+-------+-----+
|Total            |        9|  134|   47001|  34537|    0|
+-----------------+---------+-----+--------+-------+-----+
|Available        |      280|  220|  106400|  53200|    0|
+-----------------+---------+-----+--------+-------+-----+
|Utilization (%)  |        3|   60|      44|     64|    0|
+-----------------+---------+-----+--------+-------+-----+

+ Detail: 
    * Instance: 
    +--------------------------------------+--------------------------------+---------+----+-------+-------+-----+
    |               Instance               |             Module             | BRAM_18K| DSP|   FF  |  LUT  | URAM|
    +--------------------------------------+--------------------------------+---------+----+-------+-------+-----+
    |grp_LSTM_step_Pipeline_GATES_fu_768   |LSTM_step_Pipeline_GATES        |        0|  78|  32699|  24911|    0|
    |grp_LSTM_step_Pipeline_UPDATE_fu_870  |LSTM_step_Pipeline_UPDATE       |        0|   0|    618|    130|    0|
    |fadd_32ns_32ns_32_5_full_dsp_1_U165   |fadd_32ns_32ns_32_5_full_dsp_1  |        0|   2|    205|    390|    0|
    |fmul_32ns_32ns_32_4_max_dsp_1_U166    |fmul_32ns_32ns_32_4_max_dsp_1   |        0|   3|    143|    321|    0|
    |fmul_32ns_32ns_32_4_max_dsp_1_U167    |fmul_32ns_32ns_32_4_max_dsp_1   |        0|   3|    143|    321|    0|
    |fmul_32ns_32ns_32_4_max_dsp_1_U168    |fmul_32ns_32ns_32_4_max_dsp_1   |        0|   3|    143|    321|    0|
    |grp_generic_tanh_float_s_fu_2524      |generic_tanh_float_s            |        5|  45|   9060|   7356|    0|
    +--------------------------------------+--------------------------------+---------+----+-------+-------+-----+
    |Total                                 |                                |        5| 134|  43011|  33750|    0|
    +--------------------------------------+--------------------------------+---------+----+-------+-------+-----+

    * DSP: 
    N/A

    * Memory: 
    +-------+---------------------------+---------+---+----+-----+------+-----+------+-------------+
    | Memory|           Module          | BRAM_18K| FF| LUT| URAM| Words| Bits| Banks| W*Bits*Banks|
    +-------+---------------------------+---------+---+----+-----+------+-----+------+-------------+
    |f_U    |LSTM_step_f_RAM_AUTO_1R1W  |        1|  0|   0|    0|    32|   32|     1|         1024|
    |i_U    |LSTM_step_f_RAM_AUTO_1R1W  |        1|  0|   0|    0|    32|   32|     1|         1024|
    |g_U    |LSTM_step_f_RAM_AUTO_1R1W  |        1|  0|   0|    0|    32|   32|     1|         1024|
    |o_U    |LSTM_step_f_RAM_AUTO_1R1W  |        1|  0|   0|    0|    32|   32|     1|         1024|
    +-------+---------------------------+---------+---+----+-----+------+-----+------+-------------+
    |Total  |                           |        4|  0|   0|    0|   128|  128|     4|         4096|
    +-------+---------------------------+---------+---+----+-----+------+-----+------+-------------+

    * FIFO: 
    N/A

    * Expression: 
    N/A

    * Multiplexer: 
    +---------------------------------------+-----+-----------+-----+-----------+
    |                  Name                 | LUT | Input Size| Bits| Total Bits|
    +---------------------------------------+-----+-----------+-----+-----------+
    |ap_NS_fsm                              |  106|         21|    1|         21|
    |f_address0                             |   14|          3|    5|         15|
    |f_ce0                                  |   14|          3|    1|          3|
    |f_we0                                  |    9|          2|    1|          2|
    |g_address0                             |   14|          3|    5|         15|
    |g_ce0                                  |   14|          3|    1|          3|
    |g_we0                                  |    9|          2|    1|          2|
    |grp_fu_2508_ce                         |   14|          3|    1|          3|
    |grp_fu_2508_p0                         |   14|          3|   32|         96|
    |grp_fu_2508_p1                         |   14|          3|   32|         96|
    |grp_fu_2512_ce                         |   14|          3|    1|          3|
    |grp_fu_2512_p0                         |   14|          3|   32|         96|
    |grp_fu_2512_p1                         |   14|          3|   32|         96|
    |grp_fu_2516_ce                         |   14|          3|    1|          3|
    |grp_fu_2516_p0                         |   14|          3|   32|         96|
    |grp_fu_2516_p1                         |   14|          3|   32|         96|
    |grp_fu_2520_ce                         |   14|          3|    1|          3|
    |grp_fu_2520_p0                         |   14|          3|   32|         96|
    |grp_fu_2520_p1                         |   14|          3|   32|         96|
    |grp_generic_tanh_float_s_fu_2524_t_in  |   14|          3|   32|         96|
    |h_address0                             |    9|          2|    5|         10|
    |h_address0_local                       |   81|         17|    5|         85|
    |h_address1_local                       |   81|         17|    5|         85|
    |h_ce0                                  |    9|          2|    1|          2|
    |h_we0                                  |    9|          2|    1|          2|
    |i_address0                             |   14|          3|    5|         15|
    |i_ce0                                  |   14|          3|    1|          3|
    |i_we0                                  |    9|          2|    1|          2|
    |o_address0                             |   14|          3|    5|         15|
    |o_ce0                                  |   14|          3|    1|          3|
    |o_we0                                  |    9|          2|    1|          2|
    |x_address0_local                       |   81|         17|    8|        136|
    |x_address1_local                       |   81|         17|    8|        136|
    +---------------------------------------+-----+-----------+-----+-----------+
    |Total                                  |  787|        166|  354|       1433|
    +---------------------------------------+-----+-----------+-----+-----------+

    * Register: 
    +---------------------------------------------------+----+----+-----+-----------+
    |                        Name                       | FF | LUT| Bits| Const Bits|
    +---------------------------------------------------+----+----+-----+-----------+
    |ap_CS_fsm                                          |  20|   0|   20|          0|
    |empty_199_reg_2193                                 |  32|   0|   32|          0|
    |empty_200_reg_2198                                 |  32|   0|   32|          0|
    |empty_201_reg_2203                                 |  32|   0|   32|          0|
    |empty_202_reg_2208                                 |  32|   0|   32|          0|
    |empty_203_reg_2213                                 |  32|   0|   32|          0|
    |empty_204_reg_2218                                 |  32|   0|   32|          0|
    |empty_205_reg_2223                                 |  32|   0|   32|          0|
    |empty_206_reg_2228                                 |  32|   0|   32|          0|
    |empty_207_reg_2233                                 |  32|   0|   32|          0|
    |empty_208_reg_2238                                 |  32|   0|   32|          0|
    |empty_209_reg_2243                                 |  32|   0|   32|          0|
    |empty_210_reg_2248                                 |  32|   0|   32|          0|
    |empty_211_reg_2253                                 |  32|   0|   32|          0|
    |empty_212_reg_2258                                 |  32|   0|   32|          0|
    |empty_213_reg_2263                                 |  32|   0|   32|          0|
    |empty_214_reg_2268                                 |  32|   0|   32|          0|
    |empty_215_reg_2273                                 |  32|   0|   32|          0|
    |empty_216_reg_2278                                 |  32|   0|   32|          0|
    |empty_217_reg_2283                                 |  32|   0|   32|          0|
    |empty_218_reg_2288                                 |  32|   0|   32|          0|
    |empty_219_reg_2293                                 |  32|   0|   32|          0|
    |empty_220_reg_2298                                 |  32|   0|   32|          0|
    |empty_221_reg_2303                                 |  32|   0|   32|          0|
    |empty_222_reg_2308                                 |  32|   0|   32|          0|
    |empty_223_reg_2313                                 |  32|   0|   32|          0|
    |empty_224_reg_2318                                 |  32|   0|   32|          0|
    |empty_225_reg_2323                                 |  32|   0|   32|          0|
    |empty_226_reg_2328                                 |  32|   0|   32|          0|
    |empty_227_reg_2333                                 |  32|   0|   32|          0|
    |empty_228_reg_2338                                 |  32|   0|   32|          0|
    |empty_229_reg_2343                                 |  32|   0|   32|          0|
    |empty_230_reg_2348                                 |  32|   0|   32|          0|
    |empty_231_reg_2353                                 |  32|   0|   32|          0|
    |empty_232_reg_2358                                 |  32|   0|   32|          0|
    |empty_233_reg_2363                                 |  32|   0|   32|          0|
    |empty_234_reg_2368                                 |  32|   0|   32|          0|
    |empty_235_reg_2373                                 |  32|   0|   32|          0|
    |empty_236_reg_2378                                 |  32|   0|   32|          0|
    |empty_237_reg_2383                                 |  32|   0|   32|          0|
    |empty_238_reg_2388                                 |  32|   0|   32|          0|
    |empty_239_reg_2393                                 |  32|   0|   32|          0|
    |empty_240_reg_2398                                 |  32|   0|   32|          0|
    |empty_241_reg_2403                                 |  32|   0|   32|          0|
    |empty_242_reg_2408                                 |  32|   0|   32|          0|
    |empty_243_reg_2413                                 |  32|   0|   32|          0|
    |empty_244_reg_2418                                 |  32|   0|   32|          0|
    |empty_245_reg_2423                                 |  32|   0|   32|          0|
    |empty_246_reg_2428                                 |  32|   0|   32|          0|
    |empty_247_reg_2433                                 |  32|   0|   32|          0|
    |empty_248_reg_2438                                 |  32|   0|   32|          0|
    |empty_249_reg_2443                                 |  32|   0|   32|          0|
    |empty_250_reg_2448                                 |  32|   0|   32|          0|
    |empty_251_reg_2453                                 |  32|   0|   32|          0|
    |empty_252_reg_2458                                 |  32|   0|   32|          0|
    |empty_253_reg_2463                                 |  32|   0|   32|          0|
    |empty_254_reg_2468                                 |  32|   0|   32|          0|
    |empty_255_reg_2473                                 |  32|   0|   32|          0|
    |empty_256_reg_2478                                 |  32|   0|   32|          0|
    |empty_257_reg_2483                                 |  32|   0|   32|          0|
    |empty_258_reg_2488                                 |  32|   0|   32|          0|
    |empty_259_reg_2493                                 |  32|   0|   32|          0|
    |empty_260_reg_2498                                 |  32|   0|   32|          0|
    |empty_261_reg_2503                                 |  32|   0|   32|          0|
    |empty_reg_2188                                     |  32|   0|   32|          0|
    |grp_LSTM_step_Pipeline_GATES_fu_768_ap_start_reg   |   1|   0|    1|          0|
    |grp_LSTM_step_Pipeline_UPDATE_fu_870_ap_start_reg  |   1|   0|    1|          0|
    |h_load_10_reg_1808                                 |  32|   0|   32|          0|
    |h_load_11_reg_1813                                 |  32|   0|   32|          0|
    |h_load_12_reg_1848                                 |  32|   0|   32|          0|
    |h_load_13_reg_1853                                 |  32|   0|   32|          0|
    |h_load_14_reg_1888                                 |  32|   0|   32|          0|
    |h_load_15_reg_1893                                 |  32|   0|   32|          0|
    |h_load_16_reg_1928                                 |  32|   0|   32|          0|
    |h_load_17_reg_1933                                 |  32|   0|   32|          0|
    |h_load_18_reg_1968                                 |  32|   0|   32|          0|
    |h_load_19_reg_1973                                 |  32|   0|   32|          0|
    |h_load_1_reg_1613                                  |  32|   0|   32|          0|
    |h_load_20_reg_2008                                 |  32|   0|   32|          0|
    |h_load_21_reg_2013                                 |  32|   0|   32|          0|
    |h_load_22_reg_2048                                 |  32|   0|   32|          0|
    |h_load_23_reg_2053                                 |  32|   0|   32|          0|
    |h_load_24_reg_2088                                 |  32|   0|   32|          0|
    |h_load_25_reg_2093                                 |  32|   0|   32|          0|
    |h_load_26_reg_2128                                 |  32|   0|   32|          0|
    |h_load_27_reg_2133                                 |  32|   0|   32|          0|
    |h_load_28_reg_2168                                 |  32|   0|   32|          0|
    |h_load_29_reg_2173                                 |  32|   0|   32|          0|
    |h_load_2_reg_1648                                  |  32|   0|   32|          0|
    |h_load_3_reg_1653                                  |  32|   0|   32|          0|
    |h_load_4_reg_1688                                  |  32|   0|   32|          0|
    |h_load_5_reg_1693                                  |  32|   0|   32|          0|
    |h_load_6_reg_1728                                  |  32|   0|   32|          0|
    |h_load_7_reg_1733                                  |  32|   0|   32|          0|
    |h_load_8_reg_1768                                  |  32|   0|   32|          0|
    |h_load_9_reg_1773                                  |  32|   0|   32|          0|
    |h_load_reg_1608                                    |  32|   0|   32|          0|
    |x_load_10_reg_1798                                 |  32|   0|   32|          0|
    |x_load_11_reg_1803                                 |  32|   0|   32|          0|
    |x_load_12_reg_1838                                 |  32|   0|   32|          0|
    |x_load_13_reg_1843                                 |  32|   0|   32|          0|
    |x_load_14_reg_1878                                 |  32|   0|   32|          0|
    |x_load_15_reg_1883                                 |  32|   0|   32|          0|
    |x_load_16_reg_1918                                 |  32|   0|   32|          0|
    |x_load_17_reg_1923                                 |  32|   0|   32|          0|
    |x_load_18_reg_1958                                 |  32|   0|   32|          0|
    |x_load_19_reg_1963                                 |  32|   0|   32|          0|
    |x_load_1_reg_1603                                  |  32|   0|   32|          0|
    |x_load_20_reg_1998                                 |  32|   0|   32|          0|
    |x_load_21_reg_2003                                 |  32|   0|   32|          0|
    |x_load_22_reg_2038                                 |  32|   0|   32|          0|
    |x_load_23_reg_2043                                 |  32|   0|   32|          0|
    |x_load_24_reg_2078                                 |  32|   0|   32|          0|
    |x_load_25_reg_2083                                 |  32|   0|   32|          0|
    |x_load_26_reg_2118                                 |  32|   0|   32|          0|
    |x_load_27_reg_2123                                 |  32|   0|   32|          0|
    |x_load_28_reg_2158                                 |  32|   0|   32|          0|
    |x_load_29_reg_2163                                 |  32|   0|   32|          0|
    |x_load_2_reg_1638                                  |  32|   0|   32|          0|
    |x_load_3_reg_1643                                  |  32|   0|   32|          0|
    |x_load_4_reg_1678                                  |  32|   0|   32|          0|
    |x_load_5_reg_1683                                  |  32|   0|   32|          0|
    |x_load_6_reg_1718                                  |  32|   0|   32|          0|
    |x_load_7_reg_1723                                  |  32|   0|   32|          0|
    |x_load_8_reg_1758                                  |  32|   0|   32|          0|
    |x_load_9_reg_1763                                  |  32|   0|   32|          0|
    |x_load_reg_1598                                    |  32|   0|   32|          0|
    +---------------------------------------------------+----+----+-----+-----------+
    |Total                                              |3990|   0| 3990|          0|
    +---------------------------------------------------+----+----+-----+-----------+



================================================================
== Interface
================================================================
* Summary: 
+--------------+-----+-----+------------+--------------+--------------+
|   RTL Ports  | Dir | Bits|  Protocol  | Source Object|    C Type    |
+--------------+-----+-----+------------+--------------+--------------+
|ap_clk        |   in|    1|  ap_ctrl_hs|     LSTM_step|  return value|
|ap_rst        |   in|    1|  ap_ctrl_hs|     LSTM_step|  return value|
|ap_start      |   in|    1|  ap_ctrl_hs|     LSTM_step|  return value|
|ap_done       |  out|    1|  ap_ctrl_hs|     LSTM_step|  return value|
|ap_idle       |  out|    1|  ap_ctrl_hs|     LSTM_step|  return value|
|ap_ready      |  out|    1|  ap_ctrl_hs|     LSTM_step|  return value|
|W_f_address0  |  out|   10|   ap_memory|           W_f|         array|
|W_f_ce0       |  out|    1|   ap_memory|           W_f|         array|
|W_f_q0        |   in|   32|   ap_memory|           W_f|         array|
|W_f_address1  |  out|   10|   ap_memory|           W_f|         array|
|W_f_ce1       |  out|    1|   ap_memory|           W_f|         array|
|W_f_q1        |   in|   32|   ap_memory|           W_f|         array|
|U_f_address0  |  out|   10|   ap_memory|           U_f|         array|
|U_f_ce0       |  out|    1|   ap_memory|           U_f|         array|
|U_f_q0        |   in|   32|   ap_memory|           U_f|         array|
|U_f_address1  |  out|   10|   ap_memory|           U_f|         array|
|U_f_ce1       |  out|    1|   ap_memory|           U_f|         array|
|U_f_q1        |   in|   32|   ap_memory|           U_f|         array|
|b_f_address0  |  out|    5|   ap_memory|           b_f|         array|
|b_f_ce0       |  out|    1|   ap_memory|           b_f|         array|
|b_f_q0        |   in|   32|   ap_memory|           b_f|         array|
|W_i_address0  |  out|   10|   ap_memory|           W_i|         array|
|W_i_ce0       |  out|    1|   ap_memory|           W_i|         array|
|W_i_q0        |   in|   32|   ap_memory|           W_i|         array|
|W_i_address1  |  out|   10|   ap_memory|           W_i|         array|
|W_i_ce1       |  out|    1|   ap_memory|           W_i|         array|
|W_i_q1        |   in|   32|   ap_memory|           W_i|         array|
|U_i_address0  |  out|   10|   ap_memory|           U_i|         array|
|U_i_ce0       |  out|    1|   ap_memory|           U_i|         array|
|U_i_q0        |   in|   32|   ap_memory|           U_i|         array|
|U_i_address1  |  out|   10|   ap_memory|           U_i|         array|
|U_i_ce1       |  out|    1|   ap_memory|           U_i|         array|
|U_i_q1        |   in|   32|   ap_memory|           U_i|         array|
|b_i_address0  |  out|    5|   ap_memory|           b_i|         array|
|b_i_ce0       |  out|    1|   ap_memory|           b_i|         array|
|b_i_q0        |   in|   32|   ap_memory|           b_i|         array|
|W_g_address0  |  out|   10|   ap_memory|           W_g|         array|
|W_g_ce0       |  out|    1|   ap_memory|           W_g|         array|
|W_g_q0        |   in|   32|   ap_memory|           W_g|         array|
|W_g_address1  |  out|   10|   ap_memory|           W_g|         array|
|W_g_ce1       |  out|    1|   ap_memory|           W_g|         array|
|W_g_q1        |   in|   32|   ap_memory|           W_g|         array|
|U_g_address0  |  out|   10|   ap_memory|           U_g|         array|
|U_g_ce0       |  out|    1|   ap_memory|           U_g|         array|
|U_g_q0        |   in|   32|   ap_memory|           U_g|         array|
|U_g_address1  |  out|   10|   ap_memory|           U_g|         array|
|U_g_ce1       |  out|    1|   ap_memory|           U_g|         array|
|U_g_q1        |   in|   32|   ap_memory|           U_g|         array|
|b_g_address0  |  out|    5|   ap_memory|           b_g|         array|
|b_g_ce0       |  out|    1|   ap_memory|           b_g|         array|
|b_g_q0        |   in|   32|   ap_memory|           b_g|         array|
|W_o_address0  |  out|   10|   ap_memory|           W_o|         array|
|W_o_ce0       |  out|    1|   ap_memory|           W_o|         array|
|W_o_q0        |   in|   32|   ap_memory|           W_o|         array|
|W_o_address1  |  out|   10|   ap_memory|           W_o|         array|
|W_o_ce1       |  out|    1|   ap_memory|           W_o|         array|
|W_o_q1        |   in|   32|   ap_memory|           W_o|         array|
|U_o_address0  |  out|   10|   ap_memory|           U_o|         array|
|U_o_ce0       |  out|    1|   ap_memory|           U_o|         array|
|U_o_q0        |   in|   32|   ap_memory|           U_o|         array|
|U_o_address1  |  out|   10|   ap_memory|           U_o|         array|
|U_o_ce1       |  out|    1|   ap_memory|           U_o|         array|
|U_o_q1        |   in|   32|   ap_memory|           U_o|         array|
|b_o_address0  |  out|    5|   ap_memory|           b_o|         array|
|b_o_ce0       |  out|    1|   ap_memory|           b_o|         array|
|b_o_q0        |   in|   32|   ap_memory|           b_o|         array|
|x_address0    |  out|    8|   ap_memory|             x|         array|
|x_ce0         |  out|    1|   ap_memory|             x|         array|
|x_q0          |   in|   32|   ap_memory|             x|         array|
|x_address1    |  out|    8|   ap_memory|             x|         array|
|x_ce1         |  out|    1|   ap_memory|             x|         array|
|x_q1          |   in|   32|   ap_memory|             x|         array|
|x1            |   in|    3|     ap_none|            x1|        scalar|
|h_address0    |  out|    5|   ap_memory|             h|         array|
|h_ce0         |  out|    1|   ap_memory|             h|         array|
|h_we0         |  out|    1|   ap_memory|             h|         array|
|h_d0          |  out|   32|   ap_memory|             h|         array|
|h_q0          |   in|   32|   ap_memory|             h|         array|
|h_address1    |  out|    5|   ap_memory|             h|         array|
|h_ce1         |  out|    1|   ap_memory|             h|         array|
|h_q1          |   in|   32|   ap_memory|             h|         array|
|c_address0    |  out|    5|   ap_memory|             c|         array|
|c_ce0         |  out|    1|   ap_memory|             c|         array|
|c_we0         |  out|    1|   ap_memory|             c|         array|
|c_d0          |  out|   32|   ap_memory|             c|         array|
|c_address1    |  out|    5|   ap_memory|             c|         array|
|c_ce1         |  out|    1|   ap_memory|             c|         array|
|c_q1          |   in|   32|   ap_memory|             c|         array|
+--------------+-----+-----+------------+--------------+--------------+

