

================================================================
== Vitis HLS Report for 'LSTM_step_Pipeline_GATES'
================================================================
* Date:           Wed Jul 22 22:22:26 2026

* Version:        2025.1 (Build 6135595 on May 21 2025)
* Project:        LSTM
* Solution:       hls (Vivado IP Flow Target)
* Product family: zynq
* Target device:  xc7z020-clg400-1


================================================================
== Performance Estimates
================================================================
+ Timing: 
    * Summary: 
    +--------+----------+----------+------------+
    |  Clock |  Target  | Estimated| Uncertainty|
    +--------+----------+----------+------------+
    |ap_clk  |  12.00 ns|  8.754 ns|     3.24 ns|
    +--------+----------+----------+------------+

+ Latency: 
    * Summary: 
    +---------+---------+-----------+-----------+-----+-----+------------------------------------------------+
    |  Latency (cycles) |   Latency (absolute)  |  Interval |                    Pipeline                    |
    |   min   |   max   |    min    |    max    | min | max |                      Type                      |
    +---------+---------+-----------+-----------+-----+-----+------------------------------------------------+
    |      884|      884|  10.608 us|  10.608 us|  528|  528|  loop auto-rewind stp (delay=0 clock cycles(s))|
    +---------+---------+-----------+-----------+-----+-----+------------------------------------------------+

    + Detail: 
        * Instance: 
        +----------------------------------+----------------------+---------+---------+----------+----------+-----+-----+---------+
        |                                  |                      |  Latency (cycles) |  Latency (absolute) |  Interval | Pipeline|
        |             Instance             |        Module        |   min   |   max   |    min   |    max   | min | max |   Type  |
        +----------------------------------+----------------------+---------+---------+----------+----------+-----+-----+---------+
        |grp_generic_tanh_float_s_fu_2890  |generic_tanh_float_s  |       59|       59|  0.708 us|  0.708 us|    1|    1|      yes|
        +----------------------------------+----------------------+---------+---------+----------+----------+-----+-----+---------+

        * Loop: 
        +----------+---------+---------+----------+-----------+-----------+------+----------+
        |          |  Latency (cycles) | Iteration|  Initiation Interval  | Trip |          |
        | Loop Name|   min   |   max   |  Latency |  achieved |   target  | Count| Pipelined|
        +----------+---------+---------+----------+-----------+-----------+------+----------+
        |- GATES   |      882|      882|       387|         16|          1|    32|       yes|
        +----------+---------+---------+----------+-----------+-----------+------+----------+



================================================================
== Utilization Estimates
================================================================
* Summary: 
+-----------------+---------+-----+--------+-------+-----+
|       Name      | BRAM_18K| DSP |   FF   |  LUT  | URAM|
+-----------------+---------+-----+--------+-------+-----+
|DSP              |        -|    -|       -|      -|    -|
|Expression       |        -|    -|       0|     36|    -|
|FIFO             |        -|    -|       -|      -|    -|
|Instance         |        -|   78|    5416|  11337|    -|
|Memory           |        -|    -|       -|      -|    -|
|Multiplexer      |        -|    -|       0|   6178|    -|
|Register         |        -|    -|   27283|   7360|    -|
+-----------------+---------+-----+--------+-------+-----+
|Total            |        0|   78|   32699|  24911|    0|
+-----------------+---------+-----+--------+-------+-----+
|Available        |      280|  220|  106400|  53200|    0|
+-----------------+---------+-----+--------+-------+-----+
|Utilization (%)  |        0|   35|      30|     46|    0|
+-----------------+---------+-----+--------+-------+-----+

+ Detail: 
    * Instance: 
    +------------------------------------+--------------------------------+---------+----+-----+-----+-----+
    |              Instance              |             Module             | BRAM_18K| DSP|  FF | LUT | URAM|
    +------------------------------------+--------------------------------+---------+----+-----+-----+-----+
    |fadd_32ns_32ns_32_5_full_dsp_1_U40  |fadd_32ns_32ns_32_5_full_dsp_1  |        0|   2|  205|  390|    0|
    |fadd_32ns_32ns_32_5_full_dsp_1_U41  |fadd_32ns_32ns_32_5_full_dsp_1  |        0|   2|  205|  390|    0|
    |fadd_32ns_32ns_32_5_full_dsp_1_U42  |fadd_32ns_32ns_32_5_full_dsp_1  |        0|   2|  205|  390|    0|
    |fadd_32ns_32ns_32_5_full_dsp_1_U43  |fadd_32ns_32ns_32_5_full_dsp_1  |        0|   2|  205|  390|    0|
    |fadd_32ns_32ns_32_5_full_dsp_1_U44  |fadd_32ns_32ns_32_5_full_dsp_1  |        0|   2|  205|  390|    0|
    |fadd_32ns_32ns_32_5_full_dsp_1_U45  |fadd_32ns_32ns_32_5_full_dsp_1  |        0|   2|  205|  390|    0|
    |fadd_32ns_32ns_32_5_full_dsp_1_U46  |fadd_32ns_32ns_32_5_full_dsp_1  |        0|   2|  205|  390|    0|
    |fadd_32ns_32ns_32_5_full_dsp_1_U47  |fadd_32ns_32ns_32_5_full_dsp_1  |        0|   2|  205|  390|    0|
    |fadd_32ns_32ns_32_5_full_dsp_1_U48  |fadd_32ns_32ns_32_5_full_dsp_1  |        0|   2|  205|  390|    0|
    |fadd_32ns_32ns_32_5_full_dsp_1_U49  |fadd_32ns_32ns_32_5_full_dsp_1  |        0|   2|  205|  390|    0|
    |fadd_32ns_32ns_32_5_full_dsp_1_U50  |fadd_32ns_32ns_32_5_full_dsp_1  |        0|   2|  205|  390|    0|
    |fadd_32ns_32ns_32_5_full_dsp_1_U51  |fadd_32ns_32ns_32_5_full_dsp_1  |        0|   2|  205|  390|    0|
    |fadd_32ns_32ns_32_5_full_dsp_1_U52  |fadd_32ns_32ns_32_5_full_dsp_1  |        0|   2|  205|  390|    0|
    |fadd_32ns_32ns_32_5_full_dsp_1_U53  |fadd_32ns_32ns_32_5_full_dsp_1  |        0|   2|  205|  390|    0|
    |fadd_32ns_32ns_32_5_full_dsp_1_U54  |fadd_32ns_32ns_32_5_full_dsp_1  |        0|   2|  205|  390|    0|
    |fadd_32ns_32ns_32_5_full_dsp_1_U55  |fadd_32ns_32ns_32_5_full_dsp_1  |        0|   2|  205|  390|    0|
    |fdiv_32ns_32ns_32_12_no_dsp_1_U72   |fdiv_32ns_32ns_32_12_no_dsp_1   |        0|   0|    0|    0|    0|
    |fexp_32ns_32ns_32_9_full_dsp_1_U73  |fexp_32ns_32ns_32_9_full_dsp_1  |        0|   7|  277|  924|    0|
    |fmul_32ns_32ns_32_4_max_dsp_1_U59   |fmul_32ns_32ns_32_4_max_dsp_1   |        0|   3|  143|  321|    0|
    |fmul_32ns_32ns_32_4_max_dsp_1_U60   |fmul_32ns_32ns_32_4_max_dsp_1   |        0|   3|  143|  321|    0|
    |fmul_32ns_32ns_32_4_max_dsp_1_U61   |fmul_32ns_32ns_32_4_max_dsp_1   |        0|   3|  143|  321|    0|
    |fmul_32ns_32ns_32_4_max_dsp_1_U62   |fmul_32ns_32ns_32_4_max_dsp_1   |        0|   3|  143|  321|    0|
    |fmul_32ns_32ns_32_4_max_dsp_1_U63   |fmul_32ns_32ns_32_4_max_dsp_1   |        0|   3|  143|  321|    0|
    |fmul_32ns_32ns_32_4_max_dsp_1_U64   |fmul_32ns_32ns_32_4_max_dsp_1   |        0|   3|  143|  321|    0|
    |fmul_32ns_32ns_32_4_max_dsp_1_U65   |fmul_32ns_32ns_32_4_max_dsp_1   |        0|   3|  143|  321|    0|
    |fmul_32ns_32ns_32_4_max_dsp_1_U66   |fmul_32ns_32ns_32_4_max_dsp_1   |        0|   3|  143|  321|    0|
    |fmul_32ns_32ns_32_4_max_dsp_1_U67   |fmul_32ns_32ns_32_4_max_dsp_1   |        0|   3|  143|  321|    0|
    |fmul_32ns_32ns_32_4_max_dsp_1_U68   |fmul_32ns_32ns_32_4_max_dsp_1   |        0|   3|  143|  321|    0|
    |fmul_32ns_32ns_32_4_max_dsp_1_U69   |fmul_32ns_32ns_32_4_max_dsp_1   |        0|   3|  143|  321|    0|
    |fmul_32ns_32ns_32_4_max_dsp_1_U70   |fmul_32ns_32ns_32_4_max_dsp_1   |        0|   3|  143|  321|    0|
    |fmul_32ns_32ns_32_4_max_dsp_1_U71   |fmul_32ns_32ns_32_4_max_dsp_1   |        0|   3|  143|  321|    0|
    +------------------------------------+--------------------------------+---------+----+-----+-----+-----+
    |Total                               |                                |        0|  78| 5416|11337|    0|
    +------------------------------------+--------------------------------+---------+----+-----+-----+-----+

    * DSP: 
    N/A

    * Memory: 
    N/A

    * FIFO: 
    N/A

    * Expression: 
    +----------------------+----------+----+---+----+------------+------------+
    |     Variable Name    | Operation| DSP| FF| LUT| Bitwidth P0| Bitwidth P1|
    +----------------------+----------+----+---+----+------------+------------+
    |add_ln20_fu_3530_p2   |         +|   0|  0|  14|           6|           1|
    |icmp_ln20_fu_3524_p2  |      icmp|   0|  0|  14|           6|           7|
    |ap_enable_pp0         |       xor|   0|  0|   2|           1|           2|
    |xor_ln5_3_fu_5471_p2  |       xor|   0|  0|   2|           1|           2|
    |xor_ln5_4_fu_5505_p2  |       xor|   0|  0|   2|           1|           2|
    |xor_ln5_5_fu_5539_p2  |       xor|   0|  0|   2|           1|           2|
    +----------------------+----------+----+---+----+------------+------------+
    |Total                 |          |   0|  0|  36|          16|          16|
    +----------------------+----------+----+---+----+------------+------------+

    * Multiplexer: 
    +-----------------------------------+----+-----------+-----+-----------+
    |                Name               | LUT| Input Size| Bits| Total Bits|
    +-----------------------------------+----+-----------+-----+-----------+
    |U_f_address0_local                 |  81|         17|   10|        170|
    |U_f_address1_local                 |  81|         17|   10|        170|
    |U_g_address0_local                 |  81|         17|   10|        170|
    |U_g_address1_local                 |  81|         17|   10|        170|
    |U_i_address0_local                 |  81|         17|   10|        170|
    |U_i_address1_local                 |  81|         17|   10|        170|
    |U_o_address0_local                 |  81|         17|   10|        170|
    |U_o_address1_local                 |  81|         17|   10|        170|
    |W_f_address0_local                 |  81|         17|   10|        170|
    |W_f_address1_local                 |  81|         17|   10|        170|
    |W_g_address0_local                 |  81|         17|   10|        170|
    |W_g_address1_local                 |  81|         17|   10|        170|
    |W_i_address0_local                 |  81|         17|   10|        170|
    |W_i_address1_local                 |  81|         17|   10|        170|
    |W_o_address0_local                 |  81|         17|   10|        170|
    |W_o_address1_local                 |  81|         17|   10|        170|
    |ap_NS_fsm                          |  81|         17|    1|         17|
    |ap_done_int                        |   9|          2|    1|          2|
    |ap_enable_reg_pp0_iter0            |   9|          2|    1|          2|
    |ap_enable_reg_pp0_iter1            |   9|          2|    1|          2|
    |ap_enable_reg_pp0_iter24           |   9|          2|    1|          2|
    |ap_loop_exit_ready_pp0_iter10_reg  |   9|          2|    1|          2|
    |ap_loop_exit_ready_pp0_iter11_reg  |   9|          2|    1|          2|
    |ap_loop_exit_ready_pp0_iter12_reg  |   9|          2|    1|          2|
    |ap_loop_exit_ready_pp0_iter13_reg  |   9|          2|    1|          2|
    |ap_loop_exit_ready_pp0_iter14_reg  |   9|          2|    1|          2|
    |ap_loop_exit_ready_pp0_iter15_reg  |   9|          2|    1|          2|
    |ap_loop_exit_ready_pp0_iter16_reg  |   9|          2|    1|          2|
    |ap_loop_exit_ready_pp0_iter17_reg  |   9|          2|    1|          2|
    |ap_loop_exit_ready_pp0_iter18_reg  |   9|          2|    1|          2|
    |ap_loop_exit_ready_pp0_iter19_reg  |   9|          2|    1|          2|
    |ap_loop_exit_ready_pp0_iter1_reg   |   9|          2|    1|          2|
    |ap_loop_exit_ready_pp0_iter20_reg  |   9|          2|    1|          2|
    |ap_loop_exit_ready_pp0_iter21_reg  |   9|          2|    1|          2|
    |ap_loop_exit_ready_pp0_iter22_reg  |   9|          2|    1|          2|
    |ap_loop_exit_ready_pp0_iter23_reg  |   9|          2|    1|          2|
    |ap_loop_exit_ready_pp0_iter2_reg   |   9|          2|    1|          2|
    |ap_loop_exit_ready_pp0_iter3_reg   |   9|          2|    1|          2|
    |ap_loop_exit_ready_pp0_iter4_reg   |   9|          2|    1|          2|
    |ap_loop_exit_ready_pp0_iter5_reg   |   9|          2|    1|          2|
    |ap_loop_exit_ready_pp0_iter6_reg   |   9|          2|    1|          2|
    |ap_loop_exit_ready_pp0_iter7_reg   |   9|          2|    1|          2|
    |ap_loop_exit_ready_pp0_iter8_reg   |   9|          2|    1|          2|
    |ap_loop_exit_ready_pp0_iter9_reg   |   9|          2|    1|          2|
    |ap_sig_allocacmp_j_2               |   9|          2|    6|         12|
    |grp_fu_2902_p0                     |  37|          7|   32|        224|
    |grp_fu_2902_p1                     |  81|         17|   32|        544|
    |grp_fu_2906_p0                     |  37|          7|   32|        224|
    |grp_fu_2906_p1                     |  81|         17|   32|        544|
    |grp_fu_2910_p0                     |  37|          7|   32|        224|
    |grp_fu_2910_p1                     |  81|         17|   32|        544|
    |grp_fu_2914_p0                     |  37|          7|   32|        224|
    |grp_fu_2914_p1                     |  81|         17|   32|        544|
    |grp_fu_2918_p0                     |  37|          7|   32|        224|
    |grp_fu_2918_p1                     |  81|         17|   32|        544|
    |grp_fu_2922_p0                     |  37|          7|   32|        224|
    |grp_fu_2922_p1                     |  81|         17|   32|        544|
    |grp_fu_2926_p0                     |  37|          7|   32|        224|
    |grp_fu_2926_p1                     |  81|         17|   32|        544|
    |grp_fu_2930_p0                     |  37|          7|   32|        224|
    |grp_fu_2930_p1                     |  81|         17|   32|        544|
    |grp_fu_2934_p0                     |  37|          7|   32|        224|
    |grp_fu_2934_p1                     |  81|         17|   32|        544|
    |grp_fu_2938_p0                     |  37|          7|   32|        224|
    |grp_fu_2938_p1                     |  81|         17|   32|        544|
    |grp_fu_2942_p0                     |  37|          7|   32|        224|
    |grp_fu_2942_p1                     |  81|         17|   32|        544|
    |grp_fu_2946_p0                     |  37|          7|   32|        224|
    |grp_fu_2946_p1                     |  81|         17|   32|        544|
    |grp_fu_2950_p0                     |  37|          7|   32|        224|
    |grp_fu_2950_p1                     |  81|         17|   32|        544|
    |grp_fu_2954_p0                     |  37|          7|   32|        224|
    |grp_fu_2954_p1                     |  81|         17|   32|        544|
    |grp_fu_2958_p0                     |  37|          7|   32|        224|
    |grp_fu_2958_p1                     |  81|         17|   32|        544|
    |grp_fu_2962_p0                     |  37|          7|   32|        224|
    |grp_fu_2962_p1                     |  81|         17|   32|        544|
    |grp_fu_2966_p0                     |  20|          4|   32|        128|
    |grp_fu_2971_p0                     |  81|         17|   32|        544|
    |grp_fu_2971_p1                     |  81|         17|   32|        544|
    |grp_fu_2975_p0                     |  81|         17|   32|        544|
    |grp_fu_2975_p1                     |  81|         17|   32|        544|
    |grp_fu_2979_p0                     |  81|         17|   32|        544|
    |grp_fu_2979_p1                     |  81|         17|   32|        544|
    |grp_fu_2983_p0                     |  81|         17|   32|        544|
    |grp_fu_2983_p1                     |  81|         17|   32|        544|
    |grp_fu_2987_p0                     |  81|         17|   32|        544|
    |grp_fu_2987_p1                     |  81|         17|   32|        544|
    |grp_fu_2991_p0                     |  81|         17|   32|        544|
    |grp_fu_2991_p1                     |  81|         17|   32|        544|
    |grp_fu_2995_p0                     |  81|         17|   32|        544|
    |grp_fu_2995_p1                     |  81|         17|   32|        544|
    |grp_fu_2999_p0                     |  81|         17|   32|        544|
    |grp_fu_2999_p1                     |  81|         17|   32|        544|
    |grp_fu_3003_p0                     |  81|         17|   32|        544|
    |grp_fu_3003_p1                     |  81|         17|   32|        544|
    |grp_fu_3007_p0                     |  81|         17|   32|        544|
    |grp_fu_3007_p1                     |  81|         17|   32|        544|
    |grp_fu_3011_p0                     |  81|         17|   32|        544|
    |grp_fu_3011_p1                     |  81|         17|   32|        544|
    |grp_fu_3015_p0                     |  81|         17|   32|        544|
    |grp_fu_3015_p1                     |  81|         17|   32|        544|
    |grp_fu_3019_p0                     |  81|         17|   32|        544|
    |grp_fu_3019_p1                     |  81|         17|   32|        544|
    |grp_fu_3023_p0                     |  81|         17|   32|        544|
    |grp_fu_3023_p1                     |  81|         17|   32|        544|
    |grp_fu_3027_p0                     |  81|         17|   32|        544|
    |grp_fu_3027_p1                     |  81|         17|   32|        544|
    |grp_fu_3031_p0                     |  81|         17|   32|        544|
    |grp_fu_3031_p1                     |  81|         17|   32|        544|
    |grp_fu_3035_p1                     |  20|          4|   32|        128|
    |grp_fu_3040_p1                     |  20|          4|   32|        128|
    |j_fu_278                           |   9|          2|    6|         12|
    +-----------------------------------+----+-----------+-----+-----------+
    |Total                              |6178|       1287| 2344|      32895|
    +-----------------------------------+----+-----------+-----+-----------+

    * Register: 
    +-----------------------------------+-----+----+-----+-----------+
    |                Name               |  FF | LUT| Bits| Const Bits|
    +-----------------------------------+-----+----+-----+-----------+
    |acc_f_16_reg_10027                 |   32|   0|   32|          0|
    |acc_f_32_reg_10047                 |   32|   0|   32|          0|
    |acc_f_48_reg_10067                 |   32|   0|   32|          0|
    |acc_g_16_reg_10037                 |   32|   0|   32|          0|
    |acc_g_32_reg_10057                 |   32|   0|   32|          0|
    |acc_g_48_reg_10077                 |   32|   0|   32|          0|
    |acc_g_64_reg_10092                 |   32|   0|   32|          0|
    |acc_i_16_reg_10032                 |   32|   0|   32|          0|
    |acc_i_32_reg_10052                 |   32|   0|   32|          0|
    |acc_i_48_reg_10072                 |   32|   0|   32|          0|
    |acc_i_64_reg_10087                 |   32|   0|   32|          0|
    |acc_o_16_reg_10042                 |   32|   0|   32|          0|
    |acc_o_32_reg_10062                 |   32|   0|   32|          0|
    |acc_o_48_reg_10082                 |   32|   0|   32|          0|
    |acc_o_64_reg_10097                 |   32|   0|   32|          0|
    |add_i1_reg_10137                   |   32|   0|   32|          0|
    |add_i2_reg_10142                   |   32|   0|   32|          0|
    |add_i_reg_10132                    |   32|   0|   32|          0|
    |ap_CS_fsm                          |   16|   0|   16|          0|
    |ap_done_reg                        |    1|   0|    1|          0|
    |ap_enable_reg_pp0_iter0_reg        |    1|   0|    1|          0|
    |ap_enable_reg_pp0_iter1            |    1|   0|    1|          0|
    |ap_enable_reg_pp0_iter10           |    1|   0|    1|          0|
    |ap_enable_reg_pp0_iter11           |    1|   0|    1|          0|
    |ap_enable_reg_pp0_iter12           |    1|   0|    1|          0|
    |ap_enable_reg_pp0_iter13           |    1|   0|    1|          0|
    |ap_enable_reg_pp0_iter14           |    1|   0|    1|          0|
    |ap_enable_reg_pp0_iter15           |    1|   0|    1|          0|
    |ap_enable_reg_pp0_iter16           |    1|   0|    1|          0|
    |ap_enable_reg_pp0_iter17           |    1|   0|    1|          0|
    |ap_enable_reg_pp0_iter18           |    1|   0|    1|          0|
    |ap_enable_reg_pp0_iter19           |    1|   0|    1|          0|
    |ap_enable_reg_pp0_iter2            |    1|   0|    1|          0|
    |ap_enable_reg_pp0_iter20           |    1|   0|    1|          0|
    |ap_enable_reg_pp0_iter21           |    1|   0|    1|          0|
    |ap_enable_reg_pp0_iter22           |    1|   0|    1|          0|
    |ap_enable_reg_pp0_iter23           |    1|   0|    1|          0|
    |ap_enable_reg_pp0_iter24           |    1|   0|    1|          0|
    |ap_enable_reg_pp0_iter3            |    1|   0|    1|          0|
    |ap_enable_reg_pp0_iter4            |    1|   0|    1|          0|
    |ap_enable_reg_pp0_iter5            |    1|   0|    1|          0|
    |ap_enable_reg_pp0_iter6            |    1|   0|    1|          0|
    |ap_enable_reg_pp0_iter7            |    1|   0|    1|          0|
    |ap_enable_reg_pp0_iter8            |    1|   0|    1|          0|
    |ap_enable_reg_pp0_iter9            |    1|   0|    1|          0|
    |ap_loop_exit_ready_pp0_iter10_reg  |    1|   0|    1|          0|
    |ap_loop_exit_ready_pp0_iter11_reg  |    1|   0|    1|          0|
    |ap_loop_exit_ready_pp0_iter12_reg  |    1|   0|    1|          0|
    |ap_loop_exit_ready_pp0_iter13_reg  |    1|   0|    1|          0|
    |ap_loop_exit_ready_pp0_iter14_reg  |    1|   0|    1|          0|
    |ap_loop_exit_ready_pp0_iter15_reg  |    1|   0|    1|          0|
    |ap_loop_exit_ready_pp0_iter16_reg  |    1|   0|    1|          0|
    |ap_loop_exit_ready_pp0_iter17_reg  |    1|   0|    1|          0|
    |ap_loop_exit_ready_pp0_iter18_reg  |    1|   0|    1|          0|
    |ap_loop_exit_ready_pp0_iter19_reg  |    1|   0|    1|          0|
    |ap_loop_exit_ready_pp0_iter1_reg   |    1|   0|    1|          0|
    |ap_loop_exit_ready_pp0_iter20_reg  |    1|   0|    1|          0|
    |ap_loop_exit_ready_pp0_iter21_reg  |    1|   0|    1|          0|
    |ap_loop_exit_ready_pp0_iter22_reg  |    1|   0|    1|          0|
    |ap_loop_exit_ready_pp0_iter23_reg  |    1|   0|    1|          0|
    |ap_loop_exit_ready_pp0_iter2_reg   |    1|   0|    1|          0|
    |ap_loop_exit_ready_pp0_iter3_reg   |    1|   0|    1|          0|
    |ap_loop_exit_ready_pp0_iter4_reg   |    1|   0|    1|          0|
    |ap_loop_exit_ready_pp0_iter5_reg   |    1|   0|    1|          0|
    |ap_loop_exit_ready_pp0_iter6_reg   |    1|   0|    1|          0|
    |ap_loop_exit_ready_pp0_iter7_reg   |    1|   0|    1|          0|
    |ap_loop_exit_ready_pp0_iter8_reg   |    1|   0|    1|          0|
    |ap_loop_exit_ready_pp0_iter9_reg   |    1|   0|    1|          0|
    |b_f_load_reg_6307                  |   32|   0|   32|          0|
    |b_g_load_reg_6317                  |   32|   0|   32|          0|
    |b_i_load_reg_6312                  |   32|   0|   32|          0|
    |b_o_load_reg_6322                  |   32|   0|   32|          0|
    |icmp_ln20_reg_6081                 |    1|   0|    1|          0|
    |j_fu_278                           |    6|   0|    6|          0|
    |mul115_10_reg_8232                 |   32|   0|   32|          0|
    |mul115_11_reg_8467                 |   32|   0|   32|          0|
    |mul115_12_reg_8472                 |   32|   0|   32|          0|
    |mul115_13_reg_8707                 |   32|   0|   32|          0|
    |mul115_14_reg_8712                 |   32|   0|   32|          0|
    |mul115_15_reg_8947                 |   32|   0|   32|          0|
    |mul115_16_reg_8952                 |   32|   0|   32|          0|
    |mul115_17_reg_9187                 |   32|   0|   32|          0|
    |mul115_18_reg_9192                 |   32|   0|   32|          0|
    |mul115_19_reg_9427                 |   32|   0|   32|          0|
    |mul115_1_reg_7012                  |   32|   0|   32|          0|
    |mul115_20_reg_9432                 |   32|   0|   32|          0|
    |mul115_21_reg_9587                 |   32|   0|   32|          0|
    |mul115_22_reg_9592                 |   32|   0|   32|          0|
    |mul115_23_reg_9747                 |   32|   0|   32|          0|
    |mul115_24_reg_9752                 |   32|   0|   32|          0|
    |mul115_25_reg_9847                 |   32|   0|   32|          0|
    |mul115_26_reg_9852                 |   32|   0|   32|          0|
    |mul115_27_reg_9927                 |   32|   0|   32|          0|
    |mul115_28_reg_9932                 |   32|   0|   32|          0|
    |mul115_29_reg_10007                |   32|   0|   32|          0|
    |mul115_2_reg_7267                  |   32|   0|   32|          0|
    |mul115_30_reg_10012                |   32|   0|   32|          0|
    |mul115_3_reg_7272                  |   32|   0|   32|          0|
    |mul115_4_reg_7507                  |   32|   0|   32|          0|
    |mul115_4_reg_7507_pp0_iter1_reg    |   32|   0|   32|          0|
    |mul115_5_reg_7512                  |   32|   0|   32|          0|
    |mul115_5_reg_7512_pp0_iter1_reg    |   32|   0|   32|          0|
    |mul115_6_reg_7747                  |   32|   0|   32|          0|
    |mul115_6_reg_7747_pp0_iter1_reg    |   32|   0|   32|          0|
    |mul115_7_reg_7752                  |   32|   0|   32|          0|
    |mul115_8_reg_7987                  |   32|   0|   32|          0|
    |mul115_9_reg_7992                  |   32|   0|   32|          0|
    |mul115_s_reg_8227                  |   32|   0|   32|          0|
    |mul131_10_reg_8252                 |   32|   0|   32|          0|
    |mul131_11_reg_8487                 |   32|   0|   32|          0|
    |mul131_12_reg_8492                 |   32|   0|   32|          0|
    |mul131_13_reg_8727                 |   32|   0|   32|          0|
    |mul131_14_reg_8732                 |   32|   0|   32|          0|
    |mul131_15_reg_8967                 |   32|   0|   32|          0|
    |mul131_16_reg_8972                 |   32|   0|   32|          0|
    |mul131_17_reg_9207                 |   32|   0|   32|          0|
    |mul131_18_reg_9212                 |   32|   0|   32|          0|
    |mul131_19_reg_9447                 |   32|   0|   32|          0|
    |mul131_1_reg_7032                  |   32|   0|   32|          0|
    |mul131_20_reg_9452                 |   32|   0|   32|          0|
    |mul131_21_reg_9607                 |   32|   0|   32|          0|
    |mul131_22_reg_9612                 |   32|   0|   32|          0|
    |mul131_23_reg_9767                 |   32|   0|   32|          0|
    |mul131_24_reg_9772                 |   32|   0|   32|          0|
    |mul131_25_reg_9857                 |   32|   0|   32|          0|
    |mul131_26_reg_9862                 |   32|   0|   32|          0|
    |mul131_27_reg_9937                 |   32|   0|   32|          0|
    |mul131_28_reg_9942                 |   32|   0|   32|          0|
    |mul131_29_reg_10017                |   32|   0|   32|          0|
    |mul131_2_reg_7287                  |   32|   0|   32|          0|
    |mul131_30_reg_10022                |   32|   0|   32|          0|
    |mul131_3_reg_7292                  |   32|   0|   32|          0|
    |mul131_4_reg_7527                  |   32|   0|   32|          0|
    |mul131_5_reg_7532                  |   32|   0|   32|          0|
    |mul131_6_reg_7767                  |   32|   0|   32|          0|
    |mul131_7_reg_7772                  |   32|   0|   32|          0|
    |mul131_8_reg_8007                  |   32|   0|   32|          0|
    |mul131_9_reg_8012                  |   32|   0|   32|          0|
    |mul131_s_reg_8247                  |   32|   0|   32|          0|
    |mul1_reg_6907                      |   32|   0|   32|          0|
    |mul21_10_reg_8132                  |   32|   0|   32|          0|
    |mul21_11_reg_8367                  |   32|   0|   32|          0|
    |mul21_12_reg_8372                  |   32|   0|   32|          0|
    |mul21_13_reg_8607                  |   32|   0|   32|          0|
    |mul21_14_reg_8612                  |   32|   0|   32|          0|
    |mul21_15_reg_8847                  |   32|   0|   32|          0|
    |mul21_16_reg_8852                  |   32|   0|   32|          0|
    |mul21_17_reg_9087                  |   32|   0|   32|          0|
    |mul21_18_reg_9092                  |   32|   0|   32|          0|
    |mul21_19_reg_9327                  |   32|   0|   32|          0|
    |mul21_1_reg_6912                   |   32|   0|   32|          0|
    |mul21_20_reg_9332                  |   32|   0|   32|          0|
    |mul21_21_reg_9487                  |   32|   0|   32|          0|
    |mul21_22_reg_9492                  |   32|   0|   32|          0|
    |mul21_23_reg_9647                  |   32|   0|   32|          0|
    |mul21_24_reg_9652                  |   32|   0|   32|          0|
    |mul21_25_reg_9797                  |   32|   0|   32|          0|
    |mul21_26_reg_9802                  |   32|   0|   32|          0|
    |mul21_27_reg_9877                  |   32|   0|   32|          0|
    |mul21_28_reg_9882                  |   32|   0|   32|          0|
    |mul21_29_reg_9957                  |   32|   0|   32|          0|
    |mul21_2_reg_7152                   |   32|   0|   32|          0|
    |mul21_30_reg_9962                  |   32|   0|   32|          0|
    |mul21_3_reg_7157                   |   32|   0|   32|          0|
    |mul21_4_reg_7407                   |   32|   0|   32|          0|
    |mul21_5_reg_7412                   |   32|   0|   32|          0|
    |mul21_6_reg_7647                   |   32|   0|   32|          0|
    |mul21_7_reg_7652                   |   32|   0|   32|          0|
    |mul21_8_reg_7887                   |   32|   0|   32|          0|
    |mul21_9_reg_7892                   |   32|   0|   32|          0|
    |mul21_s_reg_8127                   |   32|   0|   32|          0|
    |mul2_reg_6927                      |   32|   0|   32|          0|
    |mul3_reg_6947                      |   32|   0|   32|          0|
    |mul41_10_reg_8152                  |   32|   0|   32|          0|
    |mul41_11_reg_8387                  |   32|   0|   32|          0|
    |mul41_12_reg_8392                  |   32|   0|   32|          0|
    |mul41_13_reg_8627                  |   32|   0|   32|          0|
    |mul41_14_reg_8632                  |   32|   0|   32|          0|
    |mul41_15_reg_8867                  |   32|   0|   32|          0|
    |mul41_16_reg_8872                  |   32|   0|   32|          0|
    |mul41_17_reg_9107                  |   32|   0|   32|          0|
    |mul41_18_reg_9112                  |   32|   0|   32|          0|
    |mul41_19_reg_9347                  |   32|   0|   32|          0|
    |mul41_1_reg_6932                   |   32|   0|   32|          0|
    |mul41_20_reg_9352                  |   32|   0|   32|          0|
    |mul41_21_reg_9507                  |   32|   0|   32|          0|
    |mul41_22_reg_9512                  |   32|   0|   32|          0|
    |mul41_23_reg_9667                  |   32|   0|   32|          0|
    |mul41_24_reg_9672                  |   32|   0|   32|          0|
    |mul41_25_reg_9807                  |   32|   0|   32|          0|
    |mul41_26_reg_9812                  |   32|   0|   32|          0|
    |mul41_27_reg_9887                  |   32|   0|   32|          0|
    |mul41_28_reg_9892                  |   32|   0|   32|          0|
    |mul41_29_reg_9967                  |   32|   0|   32|          0|
    |mul41_2_reg_7177                   |   32|   0|   32|          0|
    |mul41_30_reg_9972                  |   32|   0|   32|          0|
    |mul41_3_reg_7182                   |   32|   0|   32|          0|
    |mul41_4_reg_7427                   |   32|   0|   32|          0|
    |mul41_4_reg_7427_pp0_iter1_reg     |   32|   0|   32|          0|
    |mul41_5_reg_7432                   |   32|   0|   32|          0|
    |mul41_5_reg_7432_pp0_iter1_reg     |   32|   0|   32|          0|
    |mul41_6_reg_7667                   |   32|   0|   32|          0|
    |mul41_6_reg_7667_pp0_iter1_reg     |   32|   0|   32|          0|
    |mul41_7_reg_7672                   |   32|   0|   32|          0|
    |mul41_8_reg_7907                   |   32|   0|   32|          0|
    |mul41_9_reg_7912                   |   32|   0|   32|          0|
    |mul41_s_reg_8147                   |   32|   0|   32|          0|
    |mul4_reg_6967                      |   32|   0|   32|          0|
    |mul57_10_reg_8172                  |   32|   0|   32|          0|
    |mul57_11_reg_8407                  |   32|   0|   32|          0|
    |mul57_12_reg_8412                  |   32|   0|   32|          0|
    |mul57_13_reg_8647                  |   32|   0|   32|          0|
    |mul57_14_reg_8652                  |   32|   0|   32|          0|
    |mul57_15_reg_8887                  |   32|   0|   32|          0|
    |mul57_16_reg_8892                  |   32|   0|   32|          0|
    |mul57_17_reg_9127                  |   32|   0|   32|          0|
    |mul57_18_reg_9132                  |   32|   0|   32|          0|
    |mul57_19_reg_9367                  |   32|   0|   32|          0|
    |mul57_1_reg_6952                   |   32|   0|   32|          0|
    |mul57_20_reg_9372                  |   32|   0|   32|          0|
    |mul57_21_reg_9527                  |   32|   0|   32|          0|
    |mul57_22_reg_9532                  |   32|   0|   32|          0|
    |mul57_23_reg_9687                  |   32|   0|   32|          0|
    |mul57_24_reg_9692                  |   32|   0|   32|          0|
    |mul57_25_reg_9817                  |   32|   0|   32|          0|
    |mul57_26_reg_9822                  |   32|   0|   32|          0|
    |mul57_27_reg_9897                  |   32|   0|   32|          0|
    |mul57_28_reg_9902                  |   32|   0|   32|          0|
    |mul57_29_reg_9977                  |   32|   0|   32|          0|
    |mul57_2_reg_7197                   |   32|   0|   32|          0|
    |mul57_30_reg_9982                  |   32|   0|   32|          0|
    |mul57_3_reg_7202                   |   32|   0|   32|          0|
    |mul57_4_reg_7447                   |   32|   0|   32|          0|
    |mul57_5_reg_7452                   |   32|   0|   32|          0|
    |mul57_6_reg_7687                   |   32|   0|   32|          0|
    |mul57_7_reg_7692                   |   32|   0|   32|          0|
    |mul57_8_reg_7927                   |   32|   0|   32|          0|
    |mul57_9_reg_7932                   |   32|   0|   32|          0|
    |mul57_s_reg_8167                   |   32|   0|   32|          0|
    |mul5_reg_6987                      |   32|   0|   32|          0|
    |mul6_reg_7007                      |   32|   0|   32|          0|
    |mul78_10_reg_8192                  |   32|   0|   32|          0|
    |mul78_11_reg_8427                  |   32|   0|   32|          0|
    |mul78_12_reg_8432                  |   32|   0|   32|          0|
    |mul78_13_reg_8667                  |   32|   0|   32|          0|
    |mul78_14_reg_8672                  |   32|   0|   32|          0|
    |mul78_15_reg_8907                  |   32|   0|   32|          0|
    |mul78_16_reg_8912                  |   32|   0|   32|          0|
    |mul78_17_reg_9147                  |   32|   0|   32|          0|
    |mul78_18_reg_9152                  |   32|   0|   32|          0|
    |mul78_19_reg_9387                  |   32|   0|   32|          0|
    |mul78_1_reg_6972                   |   32|   0|   32|          0|
    |mul78_20_reg_9392                  |   32|   0|   32|          0|
    |mul78_21_reg_9547                  |   32|   0|   32|          0|
    |mul78_22_reg_9552                  |   32|   0|   32|          0|
    |mul78_23_reg_9707                  |   32|   0|   32|          0|
    |mul78_24_reg_9712                  |   32|   0|   32|          0|
    |mul78_25_reg_9827                  |   32|   0|   32|          0|
    |mul78_26_reg_9832                  |   32|   0|   32|          0|
    |mul78_27_reg_9907                  |   32|   0|   32|          0|
    |mul78_28_reg_9912                  |   32|   0|   32|          0|
    |mul78_29_reg_9987                  |   32|   0|   32|          0|
    |mul78_2_reg_7222                   |   32|   0|   32|          0|
    |mul78_30_reg_9992                  |   32|   0|   32|          0|
    |mul78_3_reg_7227                   |   32|   0|   32|          0|
    |mul78_4_reg_7467                   |   32|   0|   32|          0|
    |mul78_4_reg_7467_pp0_iter1_reg     |   32|   0|   32|          0|
    |mul78_5_reg_7472                   |   32|   0|   32|          0|
    |mul78_5_reg_7472_pp0_iter1_reg     |   32|   0|   32|          0|
    |mul78_6_reg_7707                   |   32|   0|   32|          0|
    |mul78_6_reg_7707_pp0_iter1_reg     |   32|   0|   32|          0|
    |mul78_7_reg_7712                   |   32|   0|   32|          0|
    |mul78_8_reg_7947                   |   32|   0|   32|          0|
    |mul78_9_reg_7952                   |   32|   0|   32|          0|
    |mul78_s_reg_8187                   |   32|   0|   32|          0|
    |mul7_reg_7027                      |   32|   0|   32|          0|
    |mul94_10_reg_8212                  |   32|   0|   32|          0|
    |mul94_11_reg_8447                  |   32|   0|   32|          0|
    |mul94_12_reg_8452                  |   32|   0|   32|          0|
    |mul94_13_reg_8687                  |   32|   0|   32|          0|
    |mul94_14_reg_8692                  |   32|   0|   32|          0|
    |mul94_15_reg_8927                  |   32|   0|   32|          0|
    |mul94_16_reg_8932                  |   32|   0|   32|          0|
    |mul94_17_reg_9167                  |   32|   0|   32|          0|
    |mul94_18_reg_9172                  |   32|   0|   32|          0|
    |mul94_19_reg_9407                  |   32|   0|   32|          0|
    |mul94_1_reg_6992                   |   32|   0|   32|          0|
    |mul94_20_reg_9412                  |   32|   0|   32|          0|
    |mul94_21_reg_9567                  |   32|   0|   32|          0|
    |mul94_22_reg_9572                  |   32|   0|   32|          0|
    |mul94_23_reg_9727                  |   32|   0|   32|          0|
    |mul94_24_reg_9732                  |   32|   0|   32|          0|
    |mul94_25_reg_9837                  |   32|   0|   32|          0|
    |mul94_26_reg_9842                  |   32|   0|   32|          0|
    |mul94_27_reg_9917                  |   32|   0|   32|          0|
    |mul94_28_reg_9922                  |   32|   0|   32|          0|
    |mul94_29_reg_9997                  |   32|   0|   32|          0|
    |mul94_2_reg_7242                   |   32|   0|   32|          0|
    |mul94_30_reg_10002                 |   32|   0|   32|          0|
    |mul94_3_reg_7247                   |   32|   0|   32|          0|
    |mul94_4_reg_7487                   |   32|   0|   32|          0|
    |mul94_5_reg_7492                   |   32|   0|   32|          0|
    |mul94_6_reg_7727                   |   32|   0|   32|          0|
    |mul94_7_reg_7732                   |   32|   0|   32|          0|
    |mul94_8_reg_7967                   |   32|   0|   32|          0|
    |mul94_9_reg_7972                   |   32|   0|   32|          0|
    |mul94_s_reg_8207                   |   32|   0|   32|          0|
    |mul_10_reg_8112                    |   32|   0|   32|          0|
    |mul_11_reg_8347                    |   32|   0|   32|          0|
    |mul_12_reg_8352                    |   32|   0|   32|          0|
    |mul_13_reg_8587                    |   32|   0|   32|          0|
    |mul_14_reg_8592                    |   32|   0|   32|          0|
    |mul_15_reg_8827                    |   32|   0|   32|          0|
    |mul_16_reg_8832                    |   32|   0|   32|          0|
    |mul_17_reg_9067                    |   32|   0|   32|          0|
    |mul_18_reg_9072                    |   32|   0|   32|          0|
    |mul_19_reg_9307                    |   32|   0|   32|          0|
    |mul_1_reg_6892                     |   32|   0|   32|          0|
    |mul_20_reg_9312                    |   32|   0|   32|          0|
    |mul_21_reg_9467                    |   32|   0|   32|          0|
    |mul_22_reg_9472                    |   32|   0|   32|          0|
    |mul_23_reg_9627                    |   32|   0|   32|          0|
    |mul_24_reg_9632                    |   32|   0|   32|          0|
    |mul_25_reg_9787                    |   32|   0|   32|          0|
    |mul_26_reg_9792                    |   32|   0|   32|          0|
    |mul_27_reg_9867                    |   32|   0|   32|          0|
    |mul_28_reg_9872                    |   32|   0|   32|          0|
    |mul_29_reg_9947                    |   32|   0|   32|          0|
    |mul_2_reg_7132                     |   32|   0|   32|          0|
    |mul_30_reg_9952                    |   32|   0|   32|          0|
    |mul_3_reg_7137                     |   32|   0|   32|          0|
    |mul_4_reg_7387                     |   32|   0|   32|          0|
    |mul_4_reg_7387_pp0_iter1_reg       |   32|   0|   32|          0|
    |mul_5_reg_7392                     |   32|   0|   32|          0|
    |mul_5_reg_7392_pp0_iter1_reg       |   32|   0|   32|          0|
    |mul_6_reg_7627                     |   32|   0|   32|          0|
    |mul_6_reg_7627_pp0_iter1_reg       |   32|   0|   32|          0|
    |mul_7_reg_7632                     |   32|   0|   32|          0|
    |mul_8_reg_7867                     |   32|   0|   32|          0|
    |mul_9_reg_7872                     |   32|   0|   32|          0|
    |mul_reg_6887                       |   32|   0|   32|          0|
    |mul_s_reg_8107                     |   32|   0|   32|          0|
    |reg_3045                           |   32|   0|   32|          0|
    |reg_3049                           |   32|   0|   32|          0|
    |reg_3053                           |   32|   0|   32|          0|
    |reg_3057                           |   32|   0|   32|          0|
    |reg_3061                           |   32|   0|   32|          0|
    |reg_3065                           |   32|   0|   32|          0|
    |reg_3069                           |   32|   0|   32|          0|
    |reg_3073                           |   32|   0|   32|          0|
    |reg_3077                           |   32|   0|   32|          0|
    |reg_3081                           |   32|   0|   32|          0|
    |reg_3085                           |   32|   0|   32|          0|
    |reg_3089                           |   32|   0|   32|          0|
    |reg_3093                           |   32|   0|   32|          0|
    |reg_3097                           |   32|   0|   32|          0|
    |reg_3101                           |   32|   0|   32|          0|
    |reg_3105                           |   32|   0|   32|          0|
    |reg_3109                           |   32|   0|   32|          0|
    |reg_3114                           |   32|   0|   32|          0|
    |reg_3119                           |   32|   0|   32|          0|
    |reg_3124                           |   32|   0|   32|          0|
    |reg_3129                           |   32|   0|   32|          0|
    |reg_3134                           |   32|   0|   32|          0|
    |reg_3139                           |   32|   0|   32|          0|
    |reg_3144                           |   32|   0|   32|          0|
    |reg_3149                           |   32|   0|   32|          0|
    |reg_3154                           |   32|   0|   32|          0|
    |reg_3159                           |   32|   0|   32|          0|
    |reg_3164                           |   32|   0|   32|          0|
    |reg_3169                           |   32|   0|   32|          0|
    |reg_3174                           |   32|   0|   32|          0|
    |reg_3179                           |   32|   0|   32|          0|
    |reg_3184                           |   32|   0|   32|          0|
    |reg_3189                           |   32|   0|   32|          0|
    |reg_3194                           |   32|   0|   32|          0|
    |reg_3199                           |   32|   0|   32|          0|
    |reg_3204                           |   32|   0|   32|          0|
    |reg_3209                           |   32|   0|   32|          0|
    |reg_3214                           |   32|   0|   32|          0|
    |reg_3219                           |   32|   0|   32|          0|
    |reg_3224                           |   32|   0|   32|          0|
    |reg_3229                           |   32|   0|   32|          0|
    |reg_3234                           |   32|   0|   32|          0|
    |reg_3239                           |   32|   0|   32|          0|
    |reg_3244                           |   32|   0|   32|          0|
    |reg_3249                           |   32|   0|   32|          0|
    |reg_3254                           |   32|   0|   32|          0|
    |reg_3259                           |   32|   0|   32|          0|
    |reg_3264                           |   32|   0|   32|          0|
    |reg_3269                           |   32|   0|   32|          0|
    |reg_3274                           |   32|   0|   32|          0|
    |reg_3279                           |   32|   0|   32|          0|
    |reg_3284                           |   32|   0|   32|          0|
    |reg_3289                           |   32|   0|   32|          0|
    |reg_3294                           |   32|   0|   32|          0|
    |reg_3299                           |   32|   0|   32|          0|
    |reg_3304                           |   32|   0|   32|          0|
    |reg_3309                           |   32|   0|   32|          0|
    |reg_3314                           |   32|   0|   32|          0|
    |reg_3319                           |   32|   0|   32|          0|
    |reg_3324                           |   32|   0|   32|          0|
    |reg_3329                           |   32|   0|   32|          0|
    |reg_3334                           |   32|   0|   32|          0|
    |reg_3339                           |   32|   0|   32|          0|
    |reg_3344                           |   32|   0|   32|          0|
    |reg_3349                           |   32|   0|   32|          0|
    |reg_3354                           |   32|   0|   32|          0|
    |reg_3359                           |   32|   0|   32|          0|
    |reg_3364                           |   32|   0|   32|          0|
    |reg_3369                           |   32|   0|   32|          0|
    |reg_3374                           |   32|   0|   32|          0|
    |reg_3379                           |   32|   0|   32|          0|
    |reg_3384                           |   32|   0|   32|          0|
    |reg_3389                           |   32|   0|   32|          0|
    |reg_3394                           |   32|   0|   32|          0|
    |reg_3399                           |   32|   0|   32|          0|
    |reg_3404                           |   32|   0|   32|          0|
    |reg_3409                           |   32|   0|   32|          0|
    |reg_3414                           |   32|   0|   32|          0|
    |reg_3419                           |   32|   0|   32|          0|
    |reg_3424                           |   32|   0|   32|          0|
    |reg_3429                           |   32|   0|   32|          0|
    |reg_3434                           |   32|   0|   32|          0|
    |reg_3439                           |   32|   0|   32|          0|
    |reg_3444                           |   32|   0|   32|          0|
    |reg_3449                           |   32|   0|   32|          0|
    |reg_3454                           |   32|   0|   32|          0|
    |reg_3459                           |   32|   0|   32|          0|
    |reg_3464                           |   32|   0|   32|          0|
    |reg_3469                           |   32|   0|   32|          0|
    |reg_3474                           |   32|   0|   32|          0|
    |reg_3479                           |   32|   0|   32|          0|
    |reg_3484                           |   32|   0|   32|          0|
    |reg_3489                           |   32|   0|   32|          0|
    |reg_3494                           |   32|   0|   32|          0|
    |reg_3499                           |   32|   0|   32|          0|
    |reg_3504                           |   32|   0|   32|          0|
    |reg_3509                           |   32|   0|   32|          0|
    |tmp_8_reg_10127                    |   32|   0|   32|          0|
    |tmp_reg_10117                      |   32|   0|   32|          0|
    |tmp_s_reg_10122                    |   32|   0|   32|          0|
    |trunc_ln20_reg_6085                |    5|   0|    5|          0|
    |zext_ln20_reg_6119                 |    6|   0|   64|         58|
    |icmp_ln20_reg_6081                 |   64|  32|    1|          0|
    |mul115_10_reg_8232                 |   64|  32|   32|          0|
    |mul115_11_reg_8467                 |   64|  32|   32|          0|
    |mul115_12_reg_8472                 |   64|  32|   32|          0|
    |mul115_13_reg_8707                 |   64|  32|   32|          0|
    |mul115_14_reg_8712                 |   64|  32|   32|          0|
    |mul115_15_reg_8947                 |   64|  32|   32|          0|
    |mul115_16_reg_8952                 |   64|  32|   32|          0|
    |mul115_17_reg_9187                 |   64|  32|   32|          0|
    |mul115_18_reg_9192                 |   64|  32|   32|          0|
    |mul115_19_reg_9427                 |   64|  32|   32|          0|
    |mul115_20_reg_9432                 |   64|  32|   32|          0|
    |mul115_21_reg_9587                 |   64|  32|   32|          0|
    |mul115_22_reg_9592                 |   64|  32|   32|          0|
    |mul115_23_reg_9747                 |   64|  32|   32|          0|
    |mul115_24_reg_9752                 |   64|  32|   32|          0|
    |mul115_25_reg_9847                 |   64|  32|   32|          0|
    |mul115_26_reg_9852                 |   64|  32|   32|          0|
    |mul115_27_reg_9927                 |   64|  32|   32|          0|
    |mul115_28_reg_9932                 |   64|  32|   32|          0|
    |mul115_29_reg_10007                |   64|  32|   32|          0|
    |mul115_30_reg_10012                |   64|  32|   32|          0|
    |mul115_7_reg_7752                  |   64|  32|   32|          0|
    |mul115_8_reg_7987                  |   64|  32|   32|          0|
    |mul115_9_reg_7992                  |   64|  32|   32|          0|
    |mul115_s_reg_8227                  |   64|  32|   32|          0|
    |mul131_10_reg_8252                 |   64|  32|   32|          0|
    |mul131_11_reg_8487                 |   64|  32|   32|          0|
    |mul131_12_reg_8492                 |   64|  32|   32|          0|
    |mul131_13_reg_8727                 |   64|  32|   32|          0|
    |mul131_14_reg_8732                 |   64|  32|   32|          0|
    |mul131_15_reg_8967                 |   64|  32|   32|          0|
    |mul131_16_reg_8972                 |   64|  32|   32|          0|
    |mul131_17_reg_9207                 |   64|  32|   32|          0|
    |mul131_18_reg_9212                 |   64|  32|   32|          0|
    |mul131_19_reg_9447                 |   64|  32|   32|          0|
    |mul131_1_reg_7032                  |   64|  32|   32|          0|
    |mul131_20_reg_9452                 |   64|  32|   32|          0|
    |mul131_21_reg_9607                 |   64|  32|   32|          0|
    |mul131_22_reg_9612                 |   64|  32|   32|          0|
    |mul131_23_reg_9767                 |   64|  32|   32|          0|
    |mul131_24_reg_9772                 |   64|  32|   32|          0|
    |mul131_25_reg_9857                 |   64|  32|   32|          0|
    |mul131_26_reg_9862                 |   64|  32|   32|          0|
    |mul131_27_reg_9937                 |   64|  32|   32|          0|
    |mul131_28_reg_9942                 |   64|  32|   32|          0|
    |mul131_29_reg_10017                |   64|  32|   32|          0|
    |mul131_2_reg_7287                  |   64|  32|   32|          0|
    |mul131_30_reg_10022                |   64|  32|   32|          0|
    |mul131_3_reg_7292                  |   64|  32|   32|          0|
    |mul131_4_reg_7527                  |   64|  32|   32|          0|
    |mul131_5_reg_7532                  |   64|  32|   32|          0|
    |mul131_6_reg_7767                  |   64|  32|   32|          0|
    |mul131_7_reg_7772                  |   64|  32|   32|          0|
    |mul131_8_reg_8007                  |   64|  32|   32|          0|
    |mul131_9_reg_8012                  |   64|  32|   32|          0|
    |mul131_s_reg_8247                  |   64|  32|   32|          0|
    |mul1_reg_6907                      |   64|  32|   32|          0|
    |mul21_10_reg_8132                  |   64|  32|   32|          0|
    |mul21_11_reg_8367                  |   64|  32|   32|          0|
    |mul21_12_reg_8372                  |   64|  32|   32|          0|
    |mul21_13_reg_8607                  |   64|  32|   32|          0|
    |mul21_14_reg_8612                  |   64|  32|   32|          0|
    |mul21_15_reg_8847                  |   64|  32|   32|          0|
    |mul21_16_reg_8852                  |   64|  32|   32|          0|
    |mul21_17_reg_9087                  |   64|  32|   32|          0|
    |mul21_18_reg_9092                  |   64|  32|   32|          0|
    |mul21_19_reg_9327                  |   64|  32|   32|          0|
    |mul21_1_reg_6912                   |   64|  32|   32|          0|
    |mul21_20_reg_9332                  |   64|  32|   32|          0|
    |mul21_21_reg_9487                  |   64|  32|   32|          0|
    |mul21_22_reg_9492                  |   64|  32|   32|          0|
    |mul21_23_reg_9647                  |   64|  32|   32|          0|
    |mul21_24_reg_9652                  |   64|  32|   32|          0|
    |mul21_25_reg_9797                  |   64|  32|   32|          0|
    |mul21_26_reg_9802                  |   64|  32|   32|          0|
    |mul21_27_reg_9877                  |   64|  32|   32|          0|
    |mul21_28_reg_9882                  |   64|  32|   32|          0|
    |mul21_29_reg_9957                  |   64|  32|   32|          0|
    |mul21_2_reg_7152                   |   64|  32|   32|          0|
    |mul21_30_reg_9962                  |   64|  32|   32|          0|
    |mul21_3_reg_7157                   |   64|  32|   32|          0|
    |mul21_4_reg_7407                   |   64|  32|   32|          0|
    |mul21_5_reg_7412                   |   64|  32|   32|          0|
    |mul21_6_reg_7647                   |   64|  32|   32|          0|
    |mul21_7_reg_7652                   |   64|  32|   32|          0|
    |mul21_8_reg_7887                   |   64|  32|   32|          0|
    |mul21_9_reg_7892                   |   64|  32|   32|          0|
    |mul21_s_reg_8127                   |   64|  32|   32|          0|
    |mul3_reg_6947                      |   64|  32|   32|          0|
    |mul41_10_reg_8152                  |   64|  32|   32|          0|
    |mul41_11_reg_8387                  |   64|  32|   32|          0|
    |mul41_12_reg_8392                  |   64|  32|   32|          0|
    |mul41_13_reg_8627                  |   64|  32|   32|          0|
    |mul41_14_reg_8632                  |   64|  32|   32|          0|
    |mul41_15_reg_8867                  |   64|  32|   32|          0|
    |mul41_16_reg_8872                  |   64|  32|   32|          0|
    |mul41_17_reg_9107                  |   64|  32|   32|          0|
    |mul41_18_reg_9112                  |   64|  32|   32|          0|
    |mul41_19_reg_9347                  |   64|  32|   32|          0|
    |mul41_20_reg_9352                  |   64|  32|   32|          0|
    |mul41_21_reg_9507                  |   64|  32|   32|          0|
    |mul41_22_reg_9512                  |   64|  32|   32|          0|
    |mul41_23_reg_9667                  |   64|  32|   32|          0|
    |mul41_24_reg_9672                  |   64|  32|   32|          0|
    |mul41_25_reg_9807                  |   64|  32|   32|          0|
    |mul41_26_reg_9812                  |   64|  32|   32|          0|
    |mul41_27_reg_9887                  |   64|  32|   32|          0|
    |mul41_28_reg_9892                  |   64|  32|   32|          0|
    |mul41_29_reg_9967                  |   64|  32|   32|          0|
    |mul41_30_reg_9972                  |   64|  32|   32|          0|
    |mul41_7_reg_7672                   |   64|  32|   32|          0|
    |mul41_8_reg_7907                   |   64|  32|   32|          0|
    |mul41_9_reg_7912                   |   64|  32|   32|          0|
    |mul41_s_reg_8147                   |   64|  32|   32|          0|
    |mul57_10_reg_8172                  |   64|  32|   32|          0|
    |mul57_11_reg_8407                  |   64|  32|   32|          0|
    |mul57_12_reg_8412                  |   64|  32|   32|          0|
    |mul57_13_reg_8647                  |   64|  32|   32|          0|
    |mul57_14_reg_8652                  |   64|  32|   32|          0|
    |mul57_15_reg_8887                  |   64|  32|   32|          0|
    |mul57_16_reg_8892                  |   64|  32|   32|          0|
    |mul57_17_reg_9127                  |   64|  32|   32|          0|
    |mul57_18_reg_9132                  |   64|  32|   32|          0|
    |mul57_19_reg_9367                  |   64|  32|   32|          0|
    |mul57_1_reg_6952                   |   64|  32|   32|          0|
    |mul57_20_reg_9372                  |   64|  32|   32|          0|
    |mul57_21_reg_9527                  |   64|  32|   32|          0|
    |mul57_22_reg_9532                  |   64|  32|   32|          0|
    |mul57_23_reg_9687                  |   64|  32|   32|          0|
    |mul57_24_reg_9692                  |   64|  32|   32|          0|
    |mul57_25_reg_9817                  |   64|  32|   32|          0|
    |mul57_26_reg_9822                  |   64|  32|   32|          0|
    |mul57_27_reg_9897                  |   64|  32|   32|          0|
    |mul57_28_reg_9902                  |   64|  32|   32|          0|
    |mul57_29_reg_9977                  |   64|  32|   32|          0|
    |mul57_2_reg_7197                   |   64|  32|   32|          0|
    |mul57_30_reg_9982                  |   64|  32|   32|          0|
    |mul57_3_reg_7202                   |   64|  32|   32|          0|
    |mul57_4_reg_7447                   |   64|  32|   32|          0|
    |mul57_5_reg_7452                   |   64|  32|   32|          0|
    |mul57_6_reg_7687                   |   64|  32|   32|          0|
    |mul57_7_reg_7692                   |   64|  32|   32|          0|
    |mul57_8_reg_7927                   |   64|  32|   32|          0|
    |mul57_9_reg_7932                   |   64|  32|   32|          0|
    |mul57_s_reg_8167                   |   64|  32|   32|          0|
    |mul5_reg_6987                      |   64|  32|   32|          0|
    |mul78_10_reg_8192                  |   64|  32|   32|          0|
    |mul78_11_reg_8427                  |   64|  32|   32|          0|
    |mul78_12_reg_8432                  |   64|  32|   32|          0|
    |mul78_13_reg_8667                  |   64|  32|   32|          0|
    |mul78_14_reg_8672                  |   64|  32|   32|          0|
    |mul78_15_reg_8907                  |   64|  32|   32|          0|
    |mul78_16_reg_8912                  |   64|  32|   32|          0|
    |mul78_17_reg_9147                  |   64|  32|   32|          0|
    |mul78_18_reg_9152                  |   64|  32|   32|          0|
    |mul78_19_reg_9387                  |   64|  32|   32|          0|
    |mul78_20_reg_9392                  |   64|  32|   32|          0|
    |mul78_21_reg_9547                  |   64|  32|   32|          0|
    |mul78_22_reg_9552                  |   64|  32|   32|          0|
    |mul78_23_reg_9707                  |   64|  32|   32|          0|
    |mul78_24_reg_9712                  |   64|  32|   32|          0|
    |mul78_25_reg_9827                  |   64|  32|   32|          0|
    |mul78_26_reg_9832                  |   64|  32|   32|          0|
    |mul78_27_reg_9907                  |   64|  32|   32|          0|
    |mul78_28_reg_9912                  |   64|  32|   32|          0|
    |mul78_29_reg_9987                  |   64|  32|   32|          0|
    |mul78_30_reg_9992                  |   64|  32|   32|          0|
    |mul78_7_reg_7712                   |   64|  32|   32|          0|
    |mul78_8_reg_7947                   |   64|  32|   32|          0|
    |mul78_9_reg_7952                   |   64|  32|   32|          0|
    |mul78_s_reg_8187                   |   64|  32|   32|          0|
    |mul7_reg_7027                      |   64|  32|   32|          0|
    |mul94_10_reg_8212                  |   64|  32|   32|          0|
    |mul94_11_reg_8447                  |   64|  32|   32|          0|
    |mul94_12_reg_8452                  |   64|  32|   32|          0|
    |mul94_13_reg_8687                  |   64|  32|   32|          0|
    |mul94_14_reg_8692                  |   64|  32|   32|          0|
    |mul94_15_reg_8927                  |   64|  32|   32|          0|
    |mul94_16_reg_8932                  |   64|  32|   32|          0|
    |mul94_17_reg_9167                  |   64|  32|   32|          0|
    |mul94_18_reg_9172                  |   64|  32|   32|          0|
    |mul94_19_reg_9407                  |   64|  32|   32|          0|
    |mul94_1_reg_6992                   |   64|  32|   32|          0|
    |mul94_20_reg_9412                  |   64|  32|   32|          0|
    |mul94_21_reg_9567                  |   64|  32|   32|          0|
    |mul94_22_reg_9572                  |   64|  32|   32|          0|
    |mul94_23_reg_9727                  |   64|  32|   32|          0|
    |mul94_24_reg_9732                  |   64|  32|   32|          0|
    |mul94_25_reg_9837                  |   64|  32|   32|          0|
    |mul94_26_reg_9842                  |   64|  32|   32|          0|
    |mul94_27_reg_9917                  |   64|  32|   32|          0|
    |mul94_28_reg_9922                  |   64|  32|   32|          0|
    |mul94_29_reg_9997                  |   64|  32|   32|          0|
    |mul94_2_reg_7242                   |   64|  32|   32|          0|
    |mul94_30_reg_10002                 |   64|  32|   32|          0|
    |mul94_3_reg_7247                   |   64|  32|   32|          0|
    |mul94_4_reg_7487                   |   64|  32|   32|          0|
    |mul94_5_reg_7492                   |   64|  32|   32|          0|
    |mul94_6_reg_7727                   |   64|  32|   32|          0|
    |mul94_7_reg_7732                   |   64|  32|   32|          0|
    |mul94_8_reg_7967                   |   64|  32|   32|          0|
    |mul94_9_reg_7972                   |   64|  32|   32|          0|
    |mul94_s_reg_8207                   |   64|  32|   32|          0|
    |mul_10_reg_8112                    |   64|  32|   32|          0|
    |mul_11_reg_8347                    |   64|  32|   32|          0|
    |mul_12_reg_8352                    |   64|  32|   32|          0|
    |mul_13_reg_8587                    |   64|  32|   32|          0|
    |mul_14_reg_8592                    |   64|  32|   32|          0|
    |mul_15_reg_8827                    |   64|  32|   32|          0|
    |mul_16_reg_8832                    |   64|  32|   32|          0|
    |mul_17_reg_9067                    |   64|  32|   32|          0|
    |mul_18_reg_9072                    |   64|  32|   32|          0|
    |mul_19_reg_9307                    |   64|  32|   32|          0|
    |mul_20_reg_9312                    |   64|  32|   32|          0|
    |mul_21_reg_9467                    |   64|  32|   32|          0|
    |mul_22_reg_9472                    |   64|  32|   32|          0|
    |mul_23_reg_9627                    |   64|  32|   32|          0|
    |mul_24_reg_9632                    |   64|  32|   32|          0|
    |mul_25_reg_9787                    |   64|  32|   32|          0|
    |mul_26_reg_9792                    |   64|  32|   32|          0|
    |mul_27_reg_9867                    |   64|  32|   32|          0|
    |mul_28_reg_9872                    |   64|  32|   32|          0|
    |mul_29_reg_9947                    |   64|  32|   32|          0|
    |mul_30_reg_9952                    |   64|  32|   32|          0|
    |mul_7_reg_7632                     |   64|  32|   32|          0|
    |mul_8_reg_7867                     |   64|  32|   32|          0|
    |mul_9_reg_7872                     |   64|  32|   32|          0|
    |mul_s_reg_8107                     |   64|  32|   32|          0|
    |zext_ln20_reg_6119                 |   64|  32|   64|         58|
    +-----------------------------------+-----+----+-----+-----------+
    |Total                              |27283|7360|19982|        116|
    +-----------------------------------+-----+----+-----+-----------+



================================================================
== Interface
================================================================
* Summary: 
+------------------------------------------+-----+-----+------------+--------------------------+--------------+
|                 RTL Ports                | Dir | Bits|  Protocol  |       Source Object      |    C Type    |
+------------------------------------------+-----+-----+------------+--------------------------+--------------+
|ap_clk                                    |   in|    1|  ap_ctrl_hs|  LSTM_step_Pipeline_GATES|  return value|
|ap_rst                                    |   in|    1|  ap_ctrl_hs|  LSTM_step_Pipeline_GATES|  return value|
|ap_start                                  |   in|    1|  ap_ctrl_hs|  LSTM_step_Pipeline_GATES|  return value|
|ap_done                                   |  out|    1|  ap_ctrl_hs|  LSTM_step_Pipeline_GATES|  return value|
|ap_idle                                   |  out|    1|  ap_ctrl_hs|  LSTM_step_Pipeline_GATES|  return value|
|ap_ready                                  |  out|    1|  ap_ctrl_hs|  LSTM_step_Pipeline_GATES|  return value|
|grp_fu_2508_p_din0                        |  out|   32|  ap_ctrl_hs|  LSTM_step_Pipeline_GATES|  return value|
|grp_fu_2508_p_din1                        |  out|   32|  ap_ctrl_hs|  LSTM_step_Pipeline_GATES|  return value|
|grp_fu_2508_p_opcode                      |  out|    2|  ap_ctrl_hs|  LSTM_step_Pipeline_GATES|  return value|
|grp_fu_2508_p_dout0                       |   in|   32|  ap_ctrl_hs|  LSTM_step_Pipeline_GATES|  return value|
|grp_fu_2508_p_ce                          |  out|    1|  ap_ctrl_hs|  LSTM_step_Pipeline_GATES|  return value|
|grp_fu_2512_p_din0                        |  out|   32|  ap_ctrl_hs|  LSTM_step_Pipeline_GATES|  return value|
|grp_fu_2512_p_din1                        |  out|   32|  ap_ctrl_hs|  LSTM_step_Pipeline_GATES|  return value|
|grp_fu_2512_p_dout0                       |   in|   32|  ap_ctrl_hs|  LSTM_step_Pipeline_GATES|  return value|
|grp_fu_2512_p_ce                          |  out|    1|  ap_ctrl_hs|  LSTM_step_Pipeline_GATES|  return value|
|grp_fu_2516_p_din0                        |  out|   32|  ap_ctrl_hs|  LSTM_step_Pipeline_GATES|  return value|
|grp_fu_2516_p_din1                        |  out|   32|  ap_ctrl_hs|  LSTM_step_Pipeline_GATES|  return value|
|grp_fu_2516_p_dout0                       |   in|   32|  ap_ctrl_hs|  LSTM_step_Pipeline_GATES|  return value|
|grp_fu_2516_p_ce                          |  out|    1|  ap_ctrl_hs|  LSTM_step_Pipeline_GATES|  return value|
|grp_fu_2520_p_din0                        |  out|   32|  ap_ctrl_hs|  LSTM_step_Pipeline_GATES|  return value|
|grp_fu_2520_p_din1                        |  out|   32|  ap_ctrl_hs|  LSTM_step_Pipeline_GATES|  return value|
|grp_fu_2520_p_dout0                       |   in|   32|  ap_ctrl_hs|  LSTM_step_Pipeline_GATES|  return value|
|grp_fu_2520_p_ce                          |  out|    1|  ap_ctrl_hs|  LSTM_step_Pipeline_GATES|  return value|
|grp_generic_tanh_float_s_fu_2524_p_din1   |  out|   32|  ap_ctrl_hs|  LSTM_step_Pipeline_GATES|  return value|
|grp_generic_tanh_float_s_fu_2524_p_dout0  |   in|   32|  ap_ctrl_hs|  LSTM_step_Pipeline_GATES|  return value|
|W_f_address0                              |  out|   10|   ap_memory|                       W_f|         array|
|W_f_ce0                                   |  out|    1|   ap_memory|                       W_f|         array|
|W_f_q0                                    |   in|   32|   ap_memory|                       W_f|         array|
|W_f_address1                              |  out|   10|   ap_memory|                       W_f|         array|
|W_f_ce1                                   |  out|    1|   ap_memory|                       W_f|         array|
|W_f_q1                                    |   in|   32|   ap_memory|                       W_f|         array|
|U_f_address0                              |  out|   10|   ap_memory|                       U_f|         array|
|U_f_ce0                                   |  out|    1|   ap_memory|                       U_f|         array|
|U_f_q0                                    |   in|   32|   ap_memory|                       U_f|         array|
|U_f_address1                              |  out|   10|   ap_memory|                       U_f|         array|
|U_f_ce1                                   |  out|    1|   ap_memory|                       U_f|         array|
|U_f_q1                                    |   in|   32|   ap_memory|                       U_f|         array|
|W_i_address0                              |  out|   10|   ap_memory|                       W_i|         array|
|W_i_ce0                                   |  out|    1|   ap_memory|                       W_i|         array|
|W_i_q0                                    |   in|   32|   ap_memory|                       W_i|         array|
|W_i_address1                              |  out|   10|   ap_memory|                       W_i|         array|
|W_i_ce1                                   |  out|    1|   ap_memory|                       W_i|         array|
|W_i_q1                                    |   in|   32|   ap_memory|                       W_i|         array|
|U_i_address0                              |  out|   10|   ap_memory|                       U_i|         array|
|U_i_ce0                                   |  out|    1|   ap_memory|                       U_i|         array|
|U_i_q0                                    |   in|   32|   ap_memory|                       U_i|         array|
|U_i_address1                              |  out|   10|   ap_memory|                       U_i|         array|
|U_i_ce1                                   |  out|    1|   ap_memory|                       U_i|         array|
|U_i_q1                                    |   in|   32|   ap_memory|                       U_i|         array|
|W_g_address0                              |  out|   10|   ap_memory|                       W_g|         array|
|W_g_ce0                                   |  out|    1|   ap_memory|                       W_g|         array|
|W_g_q0                                    |   in|   32|   ap_memory|                       W_g|         array|
|W_g_address1                              |  out|   10|   ap_memory|                       W_g|         array|
|W_g_ce1                                   |  out|    1|   ap_memory|                       W_g|         array|
|W_g_q1                                    |   in|   32|   ap_memory|                       W_g|         array|
|U_g_address0                              |  out|   10|   ap_memory|                       U_g|         array|
|U_g_ce0                                   |  out|    1|   ap_memory|                       U_g|         array|
|U_g_q0                                    |   in|   32|   ap_memory|                       U_g|         array|
|U_g_address1                              |  out|   10|   ap_memory|                       U_g|         array|
|U_g_ce1                                   |  out|    1|   ap_memory|                       U_g|         array|
|U_g_q1                                    |   in|   32|   ap_memory|                       U_g|         array|
|W_o_address0                              |  out|   10|   ap_memory|                       W_o|         array|
|W_o_ce0                                   |  out|    1|   ap_memory|                       W_o|         array|
|W_o_q0                                    |   in|   32|   ap_memory|                       W_o|         array|
|W_o_address1                              |  out|   10|   ap_memory|                       W_o|         array|
|W_o_ce1                                   |  out|    1|   ap_memory|                       W_o|         array|
|W_o_q1                                    |   in|   32|   ap_memory|                       W_o|         array|
|U_o_address0                              |  out|   10|   ap_memory|                       U_o|         array|
|U_o_ce0                                   |  out|    1|   ap_memory|                       U_o|         array|
|U_o_q0                                    |   in|   32|   ap_memory|                       U_o|         array|
|U_o_address1                              |  out|   10|   ap_memory|                       U_o|         array|
|U_o_ce1                                   |  out|    1|   ap_memory|                       U_o|         array|
|U_o_q1                                    |   in|   32|   ap_memory|                       U_o|         array|
|b_f_address0                              |  out|    5|   ap_memory|                       b_f|         array|
|b_f_ce0                                   |  out|    1|   ap_memory|                       b_f|         array|
|b_f_q0                                    |   in|   32|   ap_memory|                       b_f|         array|
|empty_35                                  |   in|   32|     ap_none|                  empty_35|        scalar|
|empty_36                                  |   in|   32|     ap_none|                  empty_36|        scalar|
|empty_37                                  |   in|   32|     ap_none|                  empty_37|        scalar|
|empty_38                                  |   in|   32|     ap_none|                  empty_38|        scalar|
|empty_39                                  |   in|   32|     ap_none|                  empty_39|        scalar|
|empty_40                                  |   in|   32|     ap_none|                  empty_40|        scalar|
|empty_41                                  |   in|   32|     ap_none|                  empty_41|        scalar|
|empty_42                                  |   in|   32|     ap_none|                  empty_42|        scalar|
|empty_43                                  |   in|   32|     ap_none|                  empty_43|        scalar|
|empty_44                                  |   in|   32|     ap_none|                  empty_44|        scalar|
|empty_45                                  |   in|   32|     ap_none|                  empty_45|        scalar|
|empty_46                                  |   in|   32|     ap_none|                  empty_46|        scalar|
|empty_47                                  |   in|   32|     ap_none|                  empty_47|        scalar|
|empty_48                                  |   in|   32|     ap_none|                  empty_48|        scalar|
|empty_49                                  |   in|   32|     ap_none|                  empty_49|        scalar|
|empty_50                                  |   in|   32|     ap_none|                  empty_50|        scalar|
|empty_51                                  |   in|   32|     ap_none|                  empty_51|        scalar|
|empty_52                                  |   in|   32|     ap_none|                  empty_52|        scalar|
|empty_53                                  |   in|   32|     ap_none|                  empty_53|        scalar|
|empty_54                                  |   in|   32|     ap_none|                  empty_54|        scalar|
|empty_55                                  |   in|   32|     ap_none|                  empty_55|        scalar|
|empty_56                                  |   in|   32|     ap_none|                  empty_56|        scalar|
|empty_57                                  |   in|   32|     ap_none|                  empty_57|        scalar|
|empty_58                                  |   in|   32|     ap_none|                  empty_58|        scalar|
|empty_59                                  |   in|   32|     ap_none|                  empty_59|        scalar|
|empty_60                                  |   in|   32|     ap_none|                  empty_60|        scalar|
|empty_61                                  |   in|   32|     ap_none|                  empty_61|        scalar|
|empty_62                                  |   in|   32|     ap_none|                  empty_62|        scalar|
|empty_63                                  |   in|   32|     ap_none|                  empty_63|        scalar|
|empty_64                                  |   in|   32|     ap_none|                  empty_64|        scalar|
|empty_65                                  |   in|   32|     ap_none|                  empty_65|        scalar|
|empty_66                                  |   in|   32|     ap_none|                  empty_66|        scalar|
|empty_67                                  |   in|   32|     ap_none|                  empty_67|        scalar|
|empty_68                                  |   in|   32|     ap_none|                  empty_68|        scalar|
|empty_69                                  |   in|   32|     ap_none|                  empty_69|        scalar|
|empty_70                                  |   in|   32|     ap_none|                  empty_70|        scalar|
|empty_71                                  |   in|   32|     ap_none|                  empty_71|        scalar|
|empty_72                                  |   in|   32|     ap_none|                  empty_72|        scalar|
|empty_73                                  |   in|   32|     ap_none|                  empty_73|        scalar|
|empty_74                                  |   in|   32|     ap_none|                  empty_74|        scalar|
|empty_75                                  |   in|   32|     ap_none|                  empty_75|        scalar|
|empty_76                                  |   in|   32|     ap_none|                  empty_76|        scalar|
|empty_77                                  |   in|   32|     ap_none|                  empty_77|        scalar|
|empty_78                                  |   in|   32|     ap_none|                  empty_78|        scalar|
|empty_79                                  |   in|   32|     ap_none|                  empty_79|        scalar|
|empty_80                                  |   in|   32|     ap_none|                  empty_80|        scalar|
|empty_81                                  |   in|   32|     ap_none|                  empty_81|        scalar|
|empty_82                                  |   in|   32|     ap_none|                  empty_82|        scalar|
|empty_83                                  |   in|   32|     ap_none|                  empty_83|        scalar|
|empty_84                                  |   in|   32|     ap_none|                  empty_84|        scalar|
|empty_85                                  |   in|   32|     ap_none|                  empty_85|        scalar|
|empty_86                                  |   in|   32|     ap_none|                  empty_86|        scalar|
|empty_87                                  |   in|   32|     ap_none|                  empty_87|        scalar|
|empty_88                                  |   in|   32|     ap_none|                  empty_88|        scalar|
|empty_89                                  |   in|   32|     ap_none|                  empty_89|        scalar|
|empty_90                                  |   in|   32|     ap_none|                  empty_90|        scalar|
|empty_91                                  |   in|   32|     ap_none|                  empty_91|        scalar|
|empty_92                                  |   in|   32|     ap_none|                  empty_92|        scalar|
|empty_93                                  |   in|   32|     ap_none|                  empty_93|        scalar|
|empty_94                                  |   in|   32|     ap_none|                  empty_94|        scalar|
|empty_95                                  |   in|   32|     ap_none|                  empty_95|        scalar|
|empty_96                                  |   in|   32|     ap_none|                  empty_96|        scalar|
|empty_97                                  |   in|   32|     ap_none|                  empty_97|        scalar|
|empty                                     |   in|   32|     ap_none|                     empty|        scalar|
|f_address0                                |  out|    5|   ap_memory|                         f|         array|
|f_ce0                                     |  out|    1|   ap_memory|                         f|         array|
|f_we0                                     |  out|    1|   ap_memory|                         f|         array|
|f_d0                                      |  out|   32|   ap_memory|                         f|         array|
|b_i_address0                              |  out|    5|   ap_memory|                       b_i|         array|
|b_i_ce0                                   |  out|    1|   ap_memory|                       b_i|         array|
|b_i_q0                                    |   in|   32|   ap_memory|                       b_i|         array|
|i_address0                                |  out|    5|   ap_memory|                         i|         array|
|i_ce0                                     |  out|    1|   ap_memory|                         i|         array|
|i_we0                                     |  out|    1|   ap_memory|                         i|         array|
|i_d0                                      |  out|   32|   ap_memory|                         i|         array|
|b_g_address0                              |  out|    5|   ap_memory|                       b_g|         array|
|b_g_ce0                                   |  out|    1|   ap_memory|                       b_g|         array|
|b_g_q0                                    |   in|   32|   ap_memory|                       b_g|         array|
|g_address0                                |  out|    5|   ap_memory|                         g|         array|
|g_ce0                                     |  out|    1|   ap_memory|                         g|         array|
|g_we0                                     |  out|    1|   ap_memory|                         g|         array|
|g_d0                                      |  out|   32|   ap_memory|                         g|         array|
|b_o_address0                              |  out|    5|   ap_memory|                       b_o|         array|
|b_o_ce0                                   |  out|    1|   ap_memory|                       b_o|         array|
|b_o_q0                                    |   in|   32|   ap_memory|                       b_o|         array|
|o_address0                                |  out|    5|   ap_memory|                         o|         array|
|o_ce0                                     |  out|    1|   ap_memory|                         o|         array|
|o_we0                                     |  out|    1|   ap_memory|                         o|         array|
|o_d0                                      |  out|   32|   ap_memory|                         o|         array|
+------------------------------------------+-----+-----+------------+--------------------------+--------------+

