

================================================================
== Vitis HLS Report for 'generic_tanh_float_s'
================================================================
* Date:           Wed Jul 22 22:22:15 2026

* Version:        2025.1 (Build 6135595 on May 21 2025)
* Project:        LSTM
* Solution:       hls (Vivado IP Flow Target)
* Product family: zynq
* Target device:  xc7z020-clg400-1


================================================================
== Performance Estimates
================================================================
+ Timing: 
    * Summary: 
    +--------+----------+----------+------------+
    |  Clock |  Target  | Estimated| Uncertainty|
    +--------+----------+----------+------------+
    |ap_clk  |  12.00 ns|  8.754 ns|     3.24 ns|
    +--------+----------+----------+------------+

+ Latency: 
    * Summary: 
    +---------+---------+----------+----------+-----+-----+---------+
    |  Latency (cycles) |  Latency (absolute) |  Interval | Pipeline|
    |   min   |   max   |    min   |    max   | min | max |   Type  |
    +---------+---------+----------+----------+-----+-----+---------+
    |       59|       59|  0.708 us|  0.708 us|    1|    1|      yes|
    +---------+---------+----------+----------+-----+-----+---------+

    + Detail: 
        * Instance: 
        N/A

        * Loop: 
        N/A

============================================================
+ Verbose Summary: Synthesis Manager
============================================================
InlineROM: 1
ExposeGlobal: 0
============================================================
+ Verbose Summary: CDFG Model
============================================================
IsTopModel: 0
ResetActiveHigh: 1
IsCombinational: 0
IsDatapathOnly: 0
HasWiredReturn: 1
HasMFsm: 2
HasVarLatency: 0
IsPipeline: 1
IsRtlPipelined: 1
IsInstanceOverlapped: 0
IsDontTouch: 0
HasImplIP: 0
IsGatedGlobalClock: 0

+ Individual pipeline summary: 
  * Pipeline-0: initiation interval (II) = 1, depth = 60


============================================================
+ Verbose Summary: Schedule
============================================================
* Number of FSM states : 60
* Pipeline : 1
  Pipeline-0 : II = 1, D = 60, States = { 1 2 3 4 5 6 7 8 9 10 11 12 13 14 15 16 17 18 19 20 21 22 23 24 25 26 27 28 29 30 31 32 33 34 35 36 37 38 39 40 41 42 43 44 45 46 47 48 49 50 51 52 53 54 55 56 57 58 59 60 }
* Dataflow Pipeline: 0

* FSM state transitions: 
1 --> 2 
2 --> 3 
3 --> 4 
4 --> 5 
5 --> 6 
6 --> 7 
7 --> 8 
8 --> 9 
9 --> 10 
10 --> 11 
11 --> 12 
12 --> 13 
13 --> 14 
14 --> 15 
15 --> 16 
16 --> 17 
17 --> 18 
18 --> 19 
19 --> 20 
20 --> 21 
21 --> 22 
22 --> 23 
23 --> 24 
24 --> 25 
25 --> 26 
26 --> 27 
27 --> 28 
28 --> 29 
29 --> 30 
30 --> 31 
31 --> 32 
32 --> 33 
33 --> 34 
34 --> 35 
35 --> 36 
36 --> 37 
37 --> 38 
38 --> 39 
39 --> 40 
40 --> 41 
41 --> 42 
42 --> 43 
43 --> 44 
44 --> 45 
45 --> 46 
46 --> 47 
47 --> 48 
48 --> 49 
49 --> 50 
50 --> 51 
51 --> 52 
52 --> 53 
53 --> 54 
54 --> 55 
55 --> 56 
56 --> 57 
57 --> 58 
58 --> 59 
59 --> 60 
60 --> 

* FSM state operations: 

State 1 <SV = 0> <Delay = 7.25>
ST_1 : Operation 61 [1/1] (0.00ns)   --->   "%t_in_read = read i32 @_ssdm_op_Read.ap_auto.float, i32 %t_in" [C:\scratch\2025.1\hls_product\640\2025.1\src\shared\hls\clib/hlsmath/include/FloatingPoint\hls_tanh.h:28]   --->   Operation 61 'read' 't_in_read' <Predicate = true> <Delay = 0.00>
ST_1 : Operation 62 [1/1] (0.00ns)   --->   "%data = bitcast i32 %t_in_read" [C:\scratch\2025.1\hls_product\640\2025.1\src\shared\hls\clib/src/hls\utils/x_hls_utils.h:288->C:\scratch\2025.1\hls_product\640\2025.1\src\shared\hls\clib/hlsmath/include/FloatingPoint\hls_tanh.h:32]   --->   Operation 62 'bitcast' 'data' <Predicate = true> <Delay = 0.00>
ST_1 : Operation 63 [1/1] (0.00ns)   --->   "%din_sign = bitselect i1 @_ssdm_op_BitSelect.i1.i32.i32, i32 %data, i32 31" [C:\scratch\2025.1\hls_product\640\2025.1\src\shared\hls\clib/src/hls\utils/x_hls_utils.h:294->C:\scratch\2025.1\hls_product\640\2025.1\src\shared\hls\clib/hlsmath/include/FloatingPoint\hls_tanh.h:32]   --->   Operation 63 'bitselect' 'din_sign' <Predicate = true> <Delay = 0.00>
ST_1 : Operation 64 [1/1] (0.00ns)   --->   "%din_exp = partselect i8 @_ssdm_op_PartSelect.i8.i32.i32, i32 %data, i32 23" [C:\scratch\2025.1\hls_product\640\2025.1\src\shared\hls\clib/src/hls\utils/x_hls_utils.h:295->C:\scratch\2025.1\hls_product\640\2025.1\src\shared\hls\clib/hlsmath/include/FloatingPoint\hls_tanh.h:32]   --->   Operation 64 'partselect' 'din_exp' <Predicate = true> <Delay = 0.00>
ST_1 : Operation 65 [1/1] (0.00ns)   --->   "%din_sig = trunc i32 %data" [C:\scratch\2025.1\hls_product\640\2025.1\src\shared\hls\clib/src/hls\utils/x_hls_utils.h:296->C:\scratch\2025.1\hls_product\640\2025.1\src\shared\hls\clib/hlsmath/include/FloatingPoint\hls_tanh.h:32]   --->   Operation 65 'trunc' 'din_sig' <Predicate = true> <Delay = 0.00>
ST_1 : Operation 66 [1/1] (0.00ns)   --->   "%t = trunc i32 %data" [C:\scratch\2025.1\hls_product\640\2025.1\src\shared\hls\clib/src/hls\utils/x_hls_utils.h:313->C:\scratch\2025.1\hls_product\640\2025.1\src\shared\hls\clib/src/hls\utils/x_hls_utils.h:326->C:\scratch\2025.1\hls_product\640\2025.1\src\shared\hls\clib/src/hls\utils/x_hls_utils.h:347->C:\scratch\2025.1\hls_product\640\2025.1\src\shared\hls\clib/hlsmath/include/FloatingPoint/hls_copysign.h:14->C:\scratch\2025.1\hls_product\640\2025.1\src\shared\hls\clib/hlsmath/include/FloatingPoint/hls_fabs.h:13->C:\scratch\2025.1\hls_product\640\2025.1\src\shared\hls\clib/hlsmath/include/FloatingPoint\hls_tanh.h:33]   --->   Operation 66 'trunc' 't' <Predicate = true> <Delay = 0.00>
ST_1 : Operation 67 [1/1] (0.00ns)   --->   "%zext_ln313 = zext i31 %t" [C:\scratch\2025.1\hls_product\640\2025.1\src\shared\hls\clib/src/hls\utils/x_hls_utils.h:313->C:\scratch\2025.1\hls_product\640\2025.1\src\shared\hls\clib/src/hls\utils/x_hls_utils.h:326->C:\scratch\2025.1\hls_product\640\2025.1\src\shared\hls\clib/src/hls\utils/x_hls_utils.h:347->C:\scratch\2025.1\hls_product\640\2025.1\src\shared\hls\clib/hlsmath/include/FloatingPoint/hls_copysign.h:14->C:\scratch\2025.1\hls_product\640\2025.1\src\shared\hls\clib/hlsmath/include/FloatingPoint/hls_fabs.h:13->C:\scratch\2025.1\hls_product\640\2025.1\src\shared\hls\clib/hlsmath/include/FloatingPoint\hls_tanh.h:33]   --->   Operation 67 'zext' 'zext_ln313' <Predicate = true> <Delay = 0.00>
ST_1 : Operation 68 [1/1] (0.00ns)   --->   "%abst_in = bitcast i32 %zext_ln313" [C:\scratch\2025.1\hls_product\640\2025.1\src\shared\hls\clib/src/hls\utils/x_hls_utils.h:327->C:\scratch\2025.1\hls_product\640\2025.1\src\shared\hls\clib/src/hls\utils/x_hls_utils.h:347->C:\scratch\2025.1\hls_product\640\2025.1\src\shared\hls\clib/hlsmath/include/FloatingPoint/hls_copysign.h:14->C:\scratch\2025.1\hls_product\640\2025.1\src\shared\hls\clib/hlsmath/include/FloatingPoint/hls_fabs.h:13->C:\scratch\2025.1\hls_product\640\2025.1\src\shared\hls\clib/hlsmath/include/FloatingPoint\hls_tanh.h:33]   --->   Operation 68 'bitcast' 'abst_in' <Predicate = true> <Delay = 0.00>
ST_1 : Operation 69 [1/1] (1.91ns)   --->   "%icmp_ln36 = icmp_eq  i8 %din_exp, i8 255" [C:\scratch\2025.1\hls_product\640\2025.1\src\shared\hls\clib/hlsmath/include/FloatingPoint\hls_tanh.h:36]   --->   Operation 69 'icmp' 'icmp_ln36' <Predicate = true> <Delay = 1.91> <CoreInst = "Cmp">   --->   Core 9 'Cmp' <Latency = 0> <II = 1> <Delay = 1.91> <FuncUnit> <Opcode : 'seteq' 'setne' 'setle' 'setge' 'setlt' 'setgt'> <InPorts = 2> <OutPorts = 1>
ST_1 : Operation 70 [1/1] (0.00ns)   --->   "%br_ln36 = br i1 %icmp_ln36, void %if.else5, void %if.then" [C:\scratch\2025.1\hls_product\640\2025.1\src\shared\hls\clib/hlsmath/include/FloatingPoint\hls_tanh.h:36]   --->   Operation 70 'br' 'br_ln36' <Predicate = true> <Delay = 0.00>
ST_1 : Operation 71 [1/1] (1.91ns)   --->   "%icmp_ln45 = icmp_ult  i8 %din_exp, i8 72" [C:\scratch\2025.1\hls_product\640\2025.1\src\shared\hls\clib/hlsmath/include/FloatingPoint\hls_tanh.h:45]   --->   Operation 71 'icmp' 'icmp_ln45' <Predicate = (!icmp_ln36)> <Delay = 1.91> <CoreInst = "Cmp">   --->   Core 9 'Cmp' <Latency = 0> <II = 1> <Delay = 1.91> <FuncUnit> <Opcode : 'seteq' 'setne' 'setle' 'setge' 'setlt' 'setgt'> <InPorts = 2> <OutPorts = 1>
ST_1 : Operation 72 [1/1] (0.00ns)   --->   "%br_ln45 = br i1 %icmp_ln45, void %lor.lhs.false, void %if.then12" [C:\scratch\2025.1\hls_product\640\2025.1\src\shared\hls\clib/hlsmath/include/FloatingPoint\hls_tanh.h:45]   --->   Operation 72 'br' 'br_ln45' <Predicate = (!icmp_ln36)> <Delay = 0.00>
ST_1 : Operation 73 [1/1] (1.91ns)   --->   "%icmp_ln46 = icmp_eq  i8 %din_exp, i8 72" [C:\scratch\2025.1\hls_product\640\2025.1\src\shared\hls\clib/hlsmath/include/FloatingPoint\hls_tanh.h:46]   --->   Operation 73 'icmp' 'icmp_ln46' <Predicate = (!icmp_ln36 & !icmp_ln45)> <Delay = 1.91> <CoreInst = "Cmp">   --->   Core 9 'Cmp' <Latency = 0> <II = 1> <Delay = 1.91> <FuncUnit> <Opcode : 'seteq' 'setne' 'setle' 'setge' 'setlt' 'setgt'> <InPorts = 2> <OutPorts = 1>
ST_1 : Operation 74 [1/1] (2.28ns)   --->   "%icmp_ln46_1 = icmp_eq  i23 %din_sig, i23 0" [C:\scratch\2025.1\hls_product\640\2025.1\src\shared\hls\clib/hlsmath/include/FloatingPoint\hls_tanh.h:46]   --->   Operation 74 'icmp' 'icmp_ln46_1' <Predicate = (!icmp_ln36 & !icmp_ln45)> <Delay = 2.28> <CoreInst = "Cmp">   --->   Core 9 'Cmp' <Latency = 0> <II = 1> <Delay = 2.28> <FuncUnit> <Opcode : 'seteq' 'setne' 'setle' 'setge' 'setlt' 'setgt'> <InPorts = 2> <OutPorts = 1>
ST_1 : Operation 75 [1/1] (0.97ns)   --->   "%and_ln46 = and i1 %icmp_ln46, i1 %icmp_ln46_1" [C:\scratch\2025.1\hls_product\640\2025.1\src\shared\hls\clib/hlsmath/include/FloatingPoint\hls_tanh.h:46]   --->   Operation 75 'and' 'and_ln46' <Predicate = (!icmp_ln36 & !icmp_ln45)> <Delay = 0.97> <CoreInst = "LogicGate">   --->   Core 74 'LogicGate' <Latency = 0> <II = 1> <Delay = 0.97> <FuncUnit> <Opcode : 'and' 'or' 'xor'> <InPorts = 2> <OutPorts = 1>
ST_1 : Operation 76 [1/1] (0.00ns)   --->   "%br_ln46 = br i1 %and_ln46, void %if.else13, void %if.then12" [C:\scratch\2025.1\hls_product\640\2025.1\src\shared\hls\clib/hlsmath/include/FloatingPoint\hls_tanh.h:46]   --->   Operation 76 'br' 'br_ln46' <Predicate = (!icmp_ln36 & !icmp_ln45)> <Delay = 0.00>
ST_1 : Operation 77 [1/1] (0.00ns)   --->   "%tmp = partselect i8 @_ssdm_op_PartSelect.i8.i32.i32.i32, i32 %data, i32 23, i32 30" [C:\scratch\2025.1\hls_product\640\2025.1\src\shared\hls\clib/hlsmath/include/FloatingPoint\hls_tanh.h:51]   --->   Operation 77 'partselect' 'tmp' <Predicate = (!icmp_ln36 & !icmp_ln45 & !and_ln46)> <Delay = 0.00>
ST_1 : Operation 78 [1/1] (1.91ns)   --->   "%icmp_ln51 = icmp_ne  i8 %tmp, i8 255" [C:\scratch\2025.1\hls_product\640\2025.1\src\shared\hls\clib/hlsmath/include/FloatingPoint\hls_tanh.h:51]   --->   Operation 78 'icmp' 'icmp_ln51' <Predicate = (!icmp_ln36 & !icmp_ln45 & !and_ln46)> <Delay = 1.91> <CoreInst = "Cmp">   --->   Core 9 'Cmp' <Latency = 0> <II = 1> <Delay = 1.91> <FuncUnit> <Opcode : 'seteq' 'setne' 'setle' 'setge' 'setlt' 'setgt'> <InPorts = 2> <OutPorts = 1>
ST_1 : Operation 79 [2/2] (5.43ns)   --->   "%tmp_2 = fcmp_olt  i32 %abst_in, i32 22" [C:\scratch\2025.1\hls_product\640\2025.1\src\shared\hls\clib/hlsmath/include/FloatingPoint\hls_tanh.h:51]   --->   Operation 79 'fcmp' 'tmp_2' <Predicate = (!icmp_ln36 & !icmp_ln45 & !and_ln46)> <Delay = 5.43> <CoreInst = "FCompare">   --->   Core 19 'FCompare' <Latency = 1> <II = 1> <Delay = 5.43> <FuncUnit> <Opcode : 'fcmp'> <InPorts = 2> <OutPorts = 1>
ST_1 : Operation 80 [5/5] (7.25ns)   --->   "%add = fadd i32 %abst_in, i32 1" [C:\scratch\2025.1\hls_product\640\2025.1\src\shared\hls\clib/hlsmath/include/FloatingPoint\hls_tanh.h:49]   --->   Operation 80 'fadd' 'add' <Predicate = (!icmp_ln36 & and_ln46) | (!icmp_ln36 & icmp_ln45)> <Delay = 7.25> <CoreInst = "FAddSub_fulldsp">   --->   Core 18 'FAddSub_fulldsp' <Latency = 4> <II = 1> <Delay = 7.25> <FuncUnit> <Opcode : 'fadd' 'fsub'> <InPorts = 2> <OutPorts = 1>
ST_1 : Operation 81 [1/1] (1.94ns)   --->   "%br_ln50 = br void %if.end38" [C:\scratch\2025.1\hls_product\640\2025.1\src\shared\hls\clib/hlsmath/include/FloatingPoint\hls_tanh.h:50]   --->   Operation 81 'br' 'br_ln50' <Predicate = (!icmp_ln36 & and_ln46) | (!icmp_ln36 & icmp_ln45)> <Delay = 1.94>
ST_1 : Operation 82 [1/1] (2.28ns)   --->   "%icmp_ln38 = icmp_ne  i23 %din_sig, i23 0" [C:\scratch\2025.1\hls_product\640\2025.1\src\shared\hls\clib/hlsmath/include/FloatingPoint\hls_tanh.h:38]   --->   Operation 82 'icmp' 'icmp_ln38' <Predicate = (icmp_ln36)> <Delay = 2.28> <CoreInst = "Cmp">   --->   Core 9 'Cmp' <Latency = 0> <II = 1> <Delay = 2.28> <FuncUnit> <Opcode : 'seteq' 'setne' 'setle' 'setge' 'setlt' 'setgt'> <InPorts = 2> <OutPorts = 1>
ST_1 : Operation 83 [1/1] (1.94ns)   --->   "%br_ln38 = br void %if.end38" [C:\scratch\2025.1\hls_product\640\2025.1\src\shared\hls\clib/hlsmath/include/FloatingPoint\hls_tanh.h:38]   --->   Operation 83 'br' 'br_ln38' <Predicate = (icmp_ln36)> <Delay = 1.94>

State 2 <SV = 1> <Delay = 8.35>
ST_2 : Operation 84 [1/1] (0.00ns) (grouped into LUT with out node and_ln51)   --->   "%or_ln51 = or i1 %icmp_ln46_1, i1 %icmp_ln51" [C:\scratch\2025.1\hls_product\640\2025.1\src\shared\hls\clib/hlsmath/include/FloatingPoint\hls_tanh.h:51]   --->   Operation 84 'or' 'or_ln51' <Predicate = (!icmp_ln36 & !icmp_ln45 & !and_ln46)> <Delay = 0.00> <CoreInst = "LogicGate">   --->   Core 74 'LogicGate' <Latency = 0> <II = 1> <Delay = 0.97> <FuncUnit> <Opcode : 'and' 'or' 'xor'> <InPorts = 2> <OutPorts = 1>
ST_2 : Operation 85 [1/2] (5.43ns)   --->   "%tmp_2 = fcmp_olt  i32 %abst_in, i32 22" [C:\scratch\2025.1\hls_product\640\2025.1\src\shared\hls\clib/hlsmath/include/FloatingPoint\hls_tanh.h:51]   --->   Operation 85 'fcmp' 'tmp_2' <Predicate = (!icmp_ln36 & !icmp_ln45 & !and_ln46)> <Delay = 5.43> <CoreInst = "FCompare">   --->   Core 19 'FCompare' <Latency = 1> <II = 1> <Delay = 5.43> <FuncUnit> <Opcode : 'fcmp'> <InPorts = 2> <OutPorts = 1>
ST_2 : Operation 86 [1/1] (0.97ns) (out node of the LUT)   --->   "%and_ln51 = and i1 %or_ln51, i1 %tmp_2" [C:\scratch\2025.1\hls_product\640\2025.1\src\shared\hls\clib/hlsmath/include/FloatingPoint\hls_tanh.h:51]   --->   Operation 86 'and' 'and_ln51' <Predicate = (!icmp_ln36 & !icmp_ln45 & !and_ln46)> <Delay = 0.97> <CoreInst = "LogicGate">   --->   Core 74 'LogicGate' <Latency = 0> <II = 1> <Delay = 0.97> <FuncUnit> <Opcode : 'and' 'or' 'xor'> <InPorts = 2> <OutPorts = 1>
ST_2 : Operation 87 [1/1] (1.94ns)   --->   "%br_ln51 = br i1 %and_ln51, void %if.end38, void %if.then14" [C:\scratch\2025.1\hls_product\640\2025.1\src\shared\hls\clib/hlsmath/include/FloatingPoint\hls_tanh.h:51]   --->   Operation 87 'br' 'br_ln51' <Predicate = (!icmp_ln36 & !icmp_ln45 & !and_ln46)> <Delay = 1.94>
ST_2 : Operation 88 [1/1] (1.91ns)   --->   "%icmp_ln54 = icmp_ult  i8 %din_exp, i8 127" [C:\scratch\2025.1\hls_product\640\2025.1\src\shared\hls\clib/hlsmath/include/FloatingPoint\hls_tanh.h:54]   --->   Operation 88 'icmp' 'icmp_ln54' <Predicate = (!icmp_ln36 & !icmp_ln45 & !and_ln46 & and_ln51)> <Delay = 1.91> <CoreInst = "Cmp">   --->   Core 9 'Cmp' <Latency = 0> <II = 1> <Delay = 1.91> <FuncUnit> <Opcode : 'seteq' 'setne' 'setle' 'setge' 'setlt' 'setgt'> <InPorts = 2> <OutPorts = 1>
ST_2 : Operation 89 [1/1] (0.00ns)   --->   "%or_ln = bitconcatenate i32 @_ssdm_op_BitConcatenate.i32.i1.i31, i1 1, i31 %t" [C:\scratch\2025.1\hls_product\640\2025.1\src\shared\hls\clib/hlsmath/include/FloatingPoint\hls_tanh.h:55]   --->   Operation 89 'bitconcatenate' 'or_ln' <Predicate = (!icmp_ln36 & !icmp_ln45 & !and_ln46 & and_ln51)> <Delay = 0.00>
ST_2 : Operation 90 [1/1] (0.00ns)   --->   "%bitcast_ln55 = bitcast i32 %or_ln" [C:\scratch\2025.1\hls_product\640\2025.1\src\shared\hls\clib/hlsmath/include/FloatingPoint\hls_tanh.h:55]   --->   Operation 90 'bitcast' 'bitcast_ln55' <Predicate = (!icmp_ln36 & !icmp_ln45 & !and_ln46 & and_ln51)> <Delay = 0.00>
ST_2 : Operation 91 [5/5] (7.25ns)   --->   "%x = fsub i32 %bitcast_ln55, i32 %abst_in" [C:\scratch\2025.1\hls_product\640\2025.1\src\shared\hls\clib/hlsmath/include/FloatingPoint\hls_tanh.h:55]   --->   Operation 91 'fsub' 'x' <Predicate = (!icmp_ln36 & !icmp_ln45 & !and_ln46 & and_ln51)> <Delay = 7.25> <CoreInst = "FAddSub_fulldsp">   --->   Core 18 'FAddSub_fulldsp' <Latency = 4> <II = 1> <Delay = 7.25> <FuncUnit> <Opcode : 'fadd' 'fsub'> <InPorts = 2> <OutPorts = 1>
ST_2 : Operation 92 [5/5] (7.25ns)   --->   "%x_1 = fadd i32 %abst_in, i32 %abst_in" [C:\scratch\2025.1\hls_product\640\2025.1\src\shared\hls\clib/hlsmath/include/FloatingPoint\hls_tanh.h:58]   --->   Operation 92 'fadd' 'x_1' <Predicate = (!icmp_ln36 & !icmp_ln45 & !and_ln46 & and_ln51)> <Delay = 7.25> <CoreInst = "FAddSub_fulldsp">   --->   Core 18 'FAddSub_fulldsp' <Latency = 4> <II = 1> <Delay = 7.25> <FuncUnit> <Opcode : 'fadd' 'fsub'> <InPorts = 2> <OutPorts = 1>
ST_2 : Operation 93 [1/1] (0.00ns)   --->   "%br_ln63 = br i1 %icmp_ln54, void %if.else28, void %if.then25" [C:\scratch\2025.1\hls_product\640\2025.1\src\shared\hls\clib/hlsmath/include/FloatingPoint\hls_tanh.h:63]   --->   Operation 93 'br' 'br_ln63' <Predicate = (!icmp_ln36 & !icmp_ln45 & !and_ln46 & and_ln51)> <Delay = 0.00>
ST_2 : Operation 94 [4/5] (7.25ns)   --->   "%add = fadd i32 %abst_in, i32 1" [C:\scratch\2025.1\hls_product\640\2025.1\src\shared\hls\clib/hlsmath/include/FloatingPoint\hls_tanh.h:49]   --->   Operation 94 'fadd' 'add' <Predicate = (!icmp_ln36 & and_ln46) | (!icmp_ln36 & icmp_ln45)> <Delay = 7.25> <CoreInst = "FAddSub_fulldsp">   --->   Core 18 'FAddSub_fulldsp' <Latency = 4> <II = 1> <Delay = 7.25> <FuncUnit> <Opcode : 'fadd' 'fsub'> <InPorts = 2> <OutPorts = 1>

State 3 <SV = 2> <Delay = 7.25>
ST_3 : Operation 95 [4/5] (7.25ns)   --->   "%x = fsub i32 %bitcast_ln55, i32 %abst_in" [C:\scratch\2025.1\hls_product\640\2025.1\src\shared\hls\clib/hlsmath/include/FloatingPoint\hls_tanh.h:55]   --->   Operation 95 'fsub' 'x' <Predicate = (!icmp_ln36 & !icmp_ln45 & !and_ln46 & and_ln51)> <Delay = 7.25> <CoreInst = "FAddSub_fulldsp">   --->   Core 18 'FAddSub_fulldsp' <Latency = 4> <II = 1> <Delay = 7.25> <FuncUnit> <Opcode : 'fadd' 'fsub'> <InPorts = 2> <OutPorts = 1>
ST_3 : Operation 96 [4/5] (7.25ns)   --->   "%x_1 = fadd i32 %abst_in, i32 %abst_in" [C:\scratch\2025.1\hls_product\640\2025.1\src\shared\hls\clib/hlsmath/include/FloatingPoint\hls_tanh.h:58]   --->   Operation 96 'fadd' 'x_1' <Predicate = (!icmp_ln36 & !icmp_ln45 & !and_ln46 & and_ln51)> <Delay = 7.25> <CoreInst = "FAddSub_fulldsp">   --->   Core 18 'FAddSub_fulldsp' <Latency = 4> <II = 1> <Delay = 7.25> <FuncUnit> <Opcode : 'fadd' 'fsub'> <InPorts = 2> <OutPorts = 1>
ST_3 : Operation 97 [3/5] (7.25ns)   --->   "%add = fadd i32 %abst_in, i32 1" [C:\scratch\2025.1\hls_product\640\2025.1\src\shared\hls\clib/hlsmath/include/FloatingPoint\hls_tanh.h:49]   --->   Operation 97 'fadd' 'add' <Predicate = (!icmp_ln36 & and_ln46) | (!icmp_ln36 & icmp_ln45)> <Delay = 7.25> <CoreInst = "FAddSub_fulldsp">   --->   Core 18 'FAddSub_fulldsp' <Latency = 4> <II = 1> <Delay = 7.25> <FuncUnit> <Opcode : 'fadd' 'fsub'> <InPorts = 2> <OutPorts = 1>

State 4 <SV = 3> <Delay = 7.25>
ST_4 : Operation 98 [3/5] (7.25ns)   --->   "%x = fsub i32 %bitcast_ln55, i32 %abst_in" [C:\scratch\2025.1\hls_product\640\2025.1\src\shared\hls\clib/hlsmath/include/FloatingPoint\hls_tanh.h:55]   --->   Operation 98 'fsub' 'x' <Predicate = (!icmp_ln36 & !icmp_ln45 & !and_ln46 & and_ln51)> <Delay = 7.25> <CoreInst = "FAddSub_fulldsp">   --->   Core 18 'FAddSub_fulldsp' <Latency = 4> <II = 1> <Delay = 7.25> <FuncUnit> <Opcode : 'fadd' 'fsub'> <InPorts = 2> <OutPorts = 1>
ST_4 : Operation 99 [3/5] (7.25ns)   --->   "%x_1 = fadd i32 %abst_in, i32 %abst_in" [C:\scratch\2025.1\hls_product\640\2025.1\src\shared\hls\clib/hlsmath/include/FloatingPoint\hls_tanh.h:58]   --->   Operation 99 'fadd' 'x_1' <Predicate = (!icmp_ln36 & !icmp_ln45 & !and_ln46 & and_ln51)> <Delay = 7.25> <CoreInst = "FAddSub_fulldsp">   --->   Core 18 'FAddSub_fulldsp' <Latency = 4> <II = 1> <Delay = 7.25> <FuncUnit> <Opcode : 'fadd' 'fsub'> <InPorts = 2> <OutPorts = 1>
ST_4 : Operation 100 [2/5] (7.25ns)   --->   "%add = fadd i32 %abst_in, i32 1" [C:\scratch\2025.1\hls_product\640\2025.1\src\shared\hls\clib/hlsmath/include/FloatingPoint\hls_tanh.h:49]   --->   Operation 100 'fadd' 'add' <Predicate = (!icmp_ln36 & and_ln46) | (!icmp_ln36 & icmp_ln45)> <Delay = 7.25> <CoreInst = "FAddSub_fulldsp">   --->   Core 18 'FAddSub_fulldsp' <Latency = 4> <II = 1> <Delay = 7.25> <FuncUnit> <Opcode : 'fadd' 'fsub'> <InPorts = 2> <OutPorts = 1>

State 5 <SV = 4> <Delay = 7.25>
ST_5 : Operation 101 [2/5] (7.25ns)   --->   "%x = fsub i32 %bitcast_ln55, i32 %abst_in" [C:\scratch\2025.1\hls_product\640\2025.1\src\shared\hls\clib/hlsmath/include/FloatingPoint\hls_tanh.h:55]   --->   Operation 101 'fsub' 'x' <Predicate = (!icmp_ln36 & !icmp_ln45 & !and_ln46 & and_ln51)> <Delay = 7.25> <CoreInst = "FAddSub_fulldsp">   --->   Core 18 'FAddSub_fulldsp' <Latency = 4> <II = 1> <Delay = 7.25> <FuncUnit> <Opcode : 'fadd' 'fsub'> <InPorts = 2> <OutPorts = 1>
ST_5 : Operation 102 [2/5] (7.25ns)   --->   "%x_1 = fadd i32 %abst_in, i32 %abst_in" [C:\scratch\2025.1\hls_product\640\2025.1\src\shared\hls\clib/hlsmath/include/FloatingPoint\hls_tanh.h:58]   --->   Operation 102 'fadd' 'x_1' <Predicate = (!icmp_ln36 & !icmp_ln45 & !and_ln46 & and_ln51)> <Delay = 7.25> <CoreInst = "FAddSub_fulldsp">   --->   Core 18 'FAddSub_fulldsp' <Latency = 4> <II = 1> <Delay = 7.25> <FuncUnit> <Opcode : 'fadd' 'fsub'> <InPorts = 2> <OutPorts = 1>
ST_5 : Operation 103 [1/5] (7.25ns)   --->   "%add = fadd i32 %abst_in, i32 1" [C:\scratch\2025.1\hls_product\640\2025.1\src\shared\hls\clib/hlsmath/include/FloatingPoint\hls_tanh.h:49]   --->   Operation 103 'fadd' 'add' <Predicate = (!icmp_ln36 & and_ln46) | (!icmp_ln36 & icmp_ln45)> <Delay = 7.25> <CoreInst = "FAddSub_fulldsp">   --->   Core 18 'FAddSub_fulldsp' <Latency = 4> <II = 1> <Delay = 7.25> <FuncUnit> <Opcode : 'fadd' 'fsub'> <InPorts = 2> <OutPorts = 1>

State 6 <SV = 5> <Delay = 7.95>
ST_6 : Operation 104 [1/5] (7.25ns)   --->   "%x = fsub i32 %bitcast_ln55, i32 %abst_in" [C:\scratch\2025.1\hls_product\640\2025.1\src\shared\hls\clib/hlsmath/include/FloatingPoint\hls_tanh.h:55]   --->   Operation 104 'fsub' 'x' <Predicate = (!icmp_ln36 & !icmp_ln45 & !and_ln46 & and_ln51)> <Delay = 7.25> <CoreInst = "FAddSub_fulldsp">   --->   Core 18 'FAddSub_fulldsp' <Latency = 4> <II = 1> <Delay = 7.25> <FuncUnit> <Opcode : 'fadd' 'fsub'> <InPorts = 2> <OutPorts = 1>
ST_6 : Operation 105 [1/5] (7.25ns)   --->   "%x_1 = fadd i32 %abst_in, i32 %abst_in" [C:\scratch\2025.1\hls_product\640\2025.1\src\shared\hls\clib/hlsmath/include/FloatingPoint\hls_tanh.h:58]   --->   Operation 105 'fadd' 'x_1' <Predicate = (!icmp_ln36 & !icmp_ln45 & !and_ln46 & and_ln51)> <Delay = 7.25> <CoreInst = "FAddSub_fulldsp">   --->   Core 18 'FAddSub_fulldsp' <Latency = 4> <II = 1> <Delay = 7.25> <FuncUnit> <Opcode : 'fadd' 'fsub'> <InPorts = 2> <OutPorts = 1>
ST_6 : Operation 106 [1/1] (0.69ns)   --->   "%x_3 = select i1 %icmp_ln54, i32 %x, i32 %x_1" [C:\scratch\2025.1\hls_product\640\2025.1\src\shared\hls\clib/hlsmath/include/FloatingPoint\hls_tanh.h:54]   --->   Operation 106 'select' 'x_3' <Predicate = (!icmp_ln36 & !icmp_ln45 & !and_ln46 & and_ln51)> <Delay = 0.69> <CoreInst = "Sel">   --->   Core 73 'Sel' <Latency = 0> <II = 1> <Delay = 0.69> <FuncUnit> <Opcode : 'select'> <InPorts = 3> <OutPorts = 1>
ST_6 : Operation 107 [4/4] (5.70ns)   --->   "%resultf = fmul i32 %abst_in, i32 %add" [C:\scratch\2025.1\hls_product\640\2025.1\src\shared\hls\clib/hlsmath/include/FloatingPoint\hls_tanh.h:49]   --->   Operation 107 'fmul' 'resultf' <Predicate = (!icmp_ln36 & and_ln46) | (!icmp_ln36 & icmp_ln45)> <Delay = 5.70> <CoreInst = "FMul_maxdsp">   --->   Core 30 'FMul_maxdsp' <Latency = 3> <II = 1> <Delay = 5.70> <FuncUnit> <Opcode : 'fmul'> <InPorts = 2> <OutPorts = 1>

State 7 <SV = 6> <Delay = 5.70>
ST_7 : Operation 108 [1/1] (0.00ns)   --->   "%data_1 = bitcast i32 %x_3" [C:\scratch\2025.1\hls_product\640\2025.1\src\shared\hls\clib/src/hls\utils/x_hls_utils.h:288->C:\scratch\2025.1\hls_product\640\2025.1\src\shared\hls\clib\hlsmath\src\common\hls_exp_float.cpp:8->C:\scratch\2025.1\hls_product\640\2025.1\src\shared\hls\clib/hlsmath/include/FloatingPoint\hls_tanh.h:61]   --->   Operation 108 'bitcast' 'data_1' <Predicate = (!icmp_ln36 & !icmp_ln45 & !and_ln46 & and_ln51)> <Delay = 0.00>
ST_7 : Operation 109 [1/1] (0.00ns)   --->   "%xs_exp_1 = partselect i8 @_ssdm_op_PartSelect.i8.i32.i32, i32 %data_1, i32 23" [C:\scratch\2025.1\hls_product\640\2025.1\src\shared\hls\clib/src/hls\utils/x_hls_utils.h:295->C:\scratch\2025.1\hls_product\640\2025.1\src\shared\hls\clib\hlsmath\src\common\hls_exp_float.cpp:8->C:\scratch\2025.1\hls_product\640\2025.1\src\shared\hls\clib/hlsmath/include/FloatingPoint\hls_tanh.h:61]   --->   Operation 109 'partselect' 'xs_exp_1' <Predicate = (!icmp_ln36 & !icmp_ln45 & !and_ln46 & and_ln51)> <Delay = 0.00>
ST_7 : Operation 110 [1/1] (1.91ns)   --->   "%icmp_ln9 = icmp_eq  i8 %xs_exp_1, i8 0" [C:\scratch\2025.1\hls_product\640\2025.1\src\shared\hls\clib\hlsmath\src\common\hls_exp_float.cpp:9->C:\scratch\2025.1\hls_product\640\2025.1\src\shared\hls\clib/hlsmath/include/FloatingPoint\hls_tanh.h:61]   --->   Operation 110 'icmp' 'icmp_ln9' <Predicate = (!icmp_ln36 & !icmp_ln45 & !and_ln46 & and_ln51)> <Delay = 1.91> <CoreInst = "Cmp">   --->   Core 9 'Cmp' <Latency = 0> <II = 1> <Delay = 1.91> <FuncUnit> <Opcode : 'seteq' 'setne' 'setle' 'setge' 'setlt' 'setgt'> <InPorts = 2> <OutPorts = 1>
ST_7 : Operation 111 [1/1] (1.70ns)   --->   "%br_ln9 = br i1 %icmp_ln9, void %if.end.i, void %_ZN11exp_reduce_5expm1Ef.exit" [C:\scratch\2025.1\hls_product\640\2025.1\src\shared\hls\clib\hlsmath\src\common\hls_exp_float.cpp:9->C:\scratch\2025.1\hls_product\640\2025.1\src\shared\hls\clib/hlsmath/include/FloatingPoint\hls_tanh.h:61]   --->   Operation 111 'br' 'br_ln9' <Predicate = (!icmp_ln36 & !icmp_ln45 & !and_ln46 & and_ln51)> <Delay = 1.70>
ST_7 : Operation 112 [1/1] (1.91ns)   --->   "%icmp_ln10 = icmp_ult  i8 %xs_exp_1, i8 96" [C:\scratch\2025.1\hls_product\640\2025.1\src\shared\hls\clib\hlsmath\src\common\hls_exp_float.cpp:10->C:\scratch\2025.1\hls_product\640\2025.1\src\shared\hls\clib/hlsmath/include/FloatingPoint\hls_tanh.h:61]   --->   Operation 112 'icmp' 'icmp_ln10' <Predicate = (!icmp_ln36 & !icmp_ln45 & !and_ln46 & and_ln51 & !icmp_ln9)> <Delay = 1.91> <CoreInst = "Cmp">   --->   Core 9 'Cmp' <Latency = 0> <II = 1> <Delay = 1.91> <FuncUnit> <Opcode : 'seteq' 'setne' 'setle' 'setge' 'setlt' 'setgt'> <InPorts = 2> <OutPorts = 1>
ST_7 : Operation 113 [1/1] (1.70ns)   --->   "%br_ln10 = br i1 %icmp_ln10, void %if.end4.i, void %_ZN11exp_reduce_5expm1Ef.exit" [C:\scratch\2025.1\hls_product\640\2025.1\src\shared\hls\clib\hlsmath\src\common\hls_exp_float.cpp:10->C:\scratch\2025.1\hls_product\640\2025.1\src\shared\hls\clib/hlsmath/include/FloatingPoint\hls_tanh.h:61]   --->   Operation 113 'br' 'br_ln10' <Predicate = (!icmp_ln36 & !icmp_ln45 & !and_ln46 & and_ln51 & !icmp_ln9)> <Delay = 1.70>
ST_7 : Operation 114 [2/2] (4.43ns)   --->   "%xd = fpext i32 %x_3" [C:\scratch\2025.1\hls_product\640\2025.1\src\shared\hls\clib\hlsmath\src\common\hls_exp_float.cpp:11->C:\scratch\2025.1\hls_product\640\2025.1\src\shared\hls\clib/hlsmath/include/FloatingPoint\hls_tanh.h:61]   --->   Operation 114 'fpext' 'xd' <Predicate = (!icmp_ln36 & !icmp_ln45 & !and_ln46 & and_ln51 & !icmp_ln9 & !icmp_ln10)> <Delay = 4.43> <CoreInst = "Float2Double">   --->   Core 64 'Float2Double' <Latency = 1> <II = 1> <Delay = 4.43> <FuncUnit> <Opcode : 'fpext'> <InPorts = 1> <OutPorts = 1>
ST_7 : Operation 115 [1/1] (1.70ns)   --->   "%br_ln0 = br void %_ZN11exp_reduce_5expm1Ef.exit"   --->   Operation 115 'br' 'br_ln0' <Predicate = (!icmp_ln36 & !icmp_ln45 & !and_ln46 & and_ln51 & !icmp_ln9 & !icmp_ln10)> <Delay = 1.70>
ST_7 : Operation 116 [3/4] (5.70ns)   --->   "%resultf = fmul i32 %abst_in, i32 %add" [C:\scratch\2025.1\hls_product\640\2025.1\src\shared\hls\clib/hlsmath/include/FloatingPoint\hls_tanh.h:49]   --->   Operation 116 'fmul' 'resultf' <Predicate = (!icmp_ln36 & and_ln46) | (!icmp_ln36 & icmp_ln45)> <Delay = 5.70> <CoreInst = "FMul_maxdsp">   --->   Core 30 'FMul_maxdsp' <Latency = 3> <II = 1> <Delay = 5.70> <FuncUnit> <Opcode : 'fmul'> <InPorts = 2> <OutPorts = 1>

State 8 <SV = 7> <Delay = 8.62>
ST_8 : Operation 117 [1/2] (4.43ns)   --->   "%xd = fpext i32 %x_3" [C:\scratch\2025.1\hls_product\640\2025.1\src\shared\hls\clib\hlsmath\src\common\hls_exp_float.cpp:11->C:\scratch\2025.1\hls_product\640\2025.1\src\shared\hls\clib/hlsmath/include/FloatingPoint\hls_tanh.h:61]   --->   Operation 117 'fpext' 'xd' <Predicate = (!icmp_ln36 & !icmp_ln45 & !and_ln46 & and_ln51 & !icmp_ln9 & !icmp_ln10)> <Delay = 4.43> <CoreInst = "Float2Double">   --->   Core 64 'Float2Double' <Latency = 1> <II = 1> <Delay = 4.43> <FuncUnit> <Opcode : 'fpext'> <InPorts = 1> <OutPorts = 1>
ST_8 : Operation 118 [23/23] (4.18ns)   --->   "%tmp_4 = call i64 @exp_generic<double>, i64 %xd, i58 %table_exp_Z1_ap_ufixed_58_1_ap_q_mode_5_ap_o_mode_3_0_array, i26 %table_f_Z3_ap_ufixed_59_0_ap_q_mode_5_ap_o_mode_3_0_array, i42 %table_f_Z2_ap_ufixed_59_0_ap_q_mode_5_ap_o_mode_3_0_array" [C:\scratch\2025.1\hls_product\640\2025.1\src\shared\hls\clib\hlsmath\src\common\hls_exp_float.cpp:12->C:\scratch\2025.1\hls_product\640\2025.1\src\shared\hls\clib/hlsmath/include/FloatingPoint\hls_tanh.h:61]   --->   Operation 118 'call' 'tmp_4' <Predicate = (!icmp_ln36 & !icmp_ln45 & !and_ln46 & and_ln51 & !icmp_ln9 & !icmp_ln10)> <Delay = 4.18> <CoreType = "Generic">   --->   Generic Core
ST_8 : Operation 119 [2/4] (5.70ns)   --->   "%resultf = fmul i32 %abst_in, i32 %add" [C:\scratch\2025.1\hls_product\640\2025.1\src\shared\hls\clib/hlsmath/include/FloatingPoint\hls_tanh.h:49]   --->   Operation 119 'fmul' 'resultf' <Predicate = (!icmp_ln36 & and_ln46) | (!icmp_ln36 & icmp_ln45)> <Delay = 5.70> <CoreInst = "FMul_maxdsp">   --->   Core 30 'FMul_maxdsp' <Latency = 3> <II = 1> <Delay = 5.70> <FuncUnit> <Opcode : 'fmul'> <InPorts = 2> <OutPorts = 1>

State 9 <SV = 8> <Delay = 8.62>
ST_9 : Operation 120 [22/23] (8.62ns)   --->   "%tmp_4 = call i64 @exp_generic<double>, i64 %xd, i58 %table_exp_Z1_ap_ufixed_58_1_ap_q_mode_5_ap_o_mode_3_0_array, i26 %table_f_Z3_ap_ufixed_59_0_ap_q_mode_5_ap_o_mode_3_0_array, i42 %table_f_Z2_ap_ufixed_59_0_ap_q_mode_5_ap_o_mode_3_0_array" [C:\scratch\2025.1\hls_product\640\2025.1\src\shared\hls\clib\hlsmath\src\common\hls_exp_float.cpp:12->C:\scratch\2025.1\hls_product\640\2025.1\src\shared\hls\clib/hlsmath/include/FloatingPoint\hls_tanh.h:61]   --->   Operation 120 'call' 'tmp_4' <Predicate = (!icmp_ln36 & !icmp_ln45 & !and_ln46 & and_ln51 & !icmp_ln9 & !icmp_ln10)> <Delay = 8.62> <CoreType = "Generic">   --->   Generic Core
ST_9 : Operation 121 [1/4] (5.70ns)   --->   "%resultf = fmul i32 %abst_in, i32 %add" [C:\scratch\2025.1\hls_product\640\2025.1\src\shared\hls\clib/hlsmath/include/FloatingPoint\hls_tanh.h:49]   --->   Operation 121 'fmul' 'resultf' <Predicate = (!icmp_ln36 & and_ln46) | (!icmp_ln36 & icmp_ln45)> <Delay = 5.70> <CoreInst = "FMul_maxdsp">   --->   Core 30 'FMul_maxdsp' <Latency = 3> <II = 1> <Delay = 5.70> <FuncUnit> <Opcode : 'fmul'> <InPorts = 2> <OutPorts = 1>

State 10 <SV = 9> <Delay = 8.62>
ST_10 : Operation 122 [21/23] (8.62ns)   --->   "%tmp_4 = call i64 @exp_generic<double>, i64 %xd, i58 %table_exp_Z1_ap_ufixed_58_1_ap_q_mode_5_ap_o_mode_3_0_array, i26 %table_f_Z3_ap_ufixed_59_0_ap_q_mode_5_ap_o_mode_3_0_array, i42 %table_f_Z2_ap_ufixed_59_0_ap_q_mode_5_ap_o_mode_3_0_array" [C:\scratch\2025.1\hls_product\640\2025.1\src\shared\hls\clib\hlsmath\src\common\hls_exp_float.cpp:12->C:\scratch\2025.1\hls_product\640\2025.1\src\shared\hls\clib/hlsmath/include/FloatingPoint\hls_tanh.h:61]   --->   Operation 122 'call' 'tmp_4' <Predicate = (!icmp_ln36 & !icmp_ln45 & !and_ln46 & and_ln51 & !icmp_ln9 & !icmp_ln10)> <Delay = 8.62> <CoreType = "Generic">   --->   Generic Core

State 11 <SV = 10> <Delay = 8.62>
ST_11 : Operation 123 [20/23] (8.62ns)   --->   "%tmp_4 = call i64 @exp_generic<double>, i64 %xd, i58 %table_exp_Z1_ap_ufixed_58_1_ap_q_mode_5_ap_o_mode_3_0_array, i26 %table_f_Z3_ap_ufixed_59_0_ap_q_mode_5_ap_o_mode_3_0_array, i42 %table_f_Z2_ap_ufixed_59_0_ap_q_mode_5_ap_o_mode_3_0_array" [C:\scratch\2025.1\hls_product\640\2025.1\src\shared\hls\clib\hlsmath\src\common\hls_exp_float.cpp:12->C:\scratch\2025.1\hls_product\640\2025.1\src\shared\hls\clib/hlsmath/include/FloatingPoint\hls_tanh.h:61]   --->   Operation 123 'call' 'tmp_4' <Predicate = (!icmp_ln36 & !icmp_ln45 & !and_ln46 & and_ln51 & !icmp_ln9 & !icmp_ln10)> <Delay = 8.62> <CoreType = "Generic">   --->   Generic Core

State 12 <SV = 11> <Delay = 8.62>
ST_12 : Operation 124 [19/23] (8.62ns)   --->   "%tmp_4 = call i64 @exp_generic<double>, i64 %xd, i58 %table_exp_Z1_ap_ufixed_58_1_ap_q_mode_5_ap_o_mode_3_0_array, i26 %table_f_Z3_ap_ufixed_59_0_ap_q_mode_5_ap_o_mode_3_0_array, i42 %table_f_Z2_ap_ufixed_59_0_ap_q_mode_5_ap_o_mode_3_0_array" [C:\scratch\2025.1\hls_product\640\2025.1\src\shared\hls\clib\hlsmath\src\common\hls_exp_float.cpp:12->C:\scratch\2025.1\hls_product\640\2025.1\src\shared\hls\clib/hlsmath/include/FloatingPoint\hls_tanh.h:61]   --->   Operation 124 'call' 'tmp_4' <Predicate = (!icmp_ln36 & !icmp_ln45 & !and_ln46 & and_ln51 & !icmp_ln9 & !icmp_ln10)> <Delay = 8.62> <CoreType = "Generic">   --->   Generic Core

State 13 <SV = 12> <Delay = 8.62>
ST_13 : Operation 125 [18/23] (8.62ns)   --->   "%tmp_4 = call i64 @exp_generic<double>, i64 %xd, i58 %table_exp_Z1_ap_ufixed_58_1_ap_q_mode_5_ap_o_mode_3_0_array, i26 %table_f_Z3_ap_ufixed_59_0_ap_q_mode_5_ap_o_mode_3_0_array, i42 %table_f_Z2_ap_ufixed_59_0_ap_q_mode_5_ap_o_mode_3_0_array" [C:\scratch\2025.1\hls_product\640\2025.1\src\shared\hls\clib\hlsmath\src\common\hls_exp_float.cpp:12->C:\scratch\2025.1\hls_product\640\2025.1\src\shared\hls\clib/hlsmath/include/FloatingPoint\hls_tanh.h:61]   --->   Operation 125 'call' 'tmp_4' <Predicate = (!icmp_ln36 & !icmp_ln45 & !and_ln46 & and_ln51 & !icmp_ln9 & !icmp_ln10)> <Delay = 8.62> <CoreType = "Generic">   --->   Generic Core

State 14 <SV = 13> <Delay = 8.62>
ST_14 : Operation 126 [17/23] (8.62ns)   --->   "%tmp_4 = call i64 @exp_generic<double>, i64 %xd, i58 %table_exp_Z1_ap_ufixed_58_1_ap_q_mode_5_ap_o_mode_3_0_array, i26 %table_f_Z3_ap_ufixed_59_0_ap_q_mode_5_ap_o_mode_3_0_array, i42 %table_f_Z2_ap_ufixed_59_0_ap_q_mode_5_ap_o_mode_3_0_array" [C:\scratch\2025.1\hls_product\640\2025.1\src\shared\hls\clib\hlsmath\src\common\hls_exp_float.cpp:12->C:\scratch\2025.1\hls_product\640\2025.1\src\shared\hls\clib/hlsmath/include/FloatingPoint\hls_tanh.h:61]   --->   Operation 126 'call' 'tmp_4' <Predicate = (!icmp_ln36 & !icmp_ln45 & !and_ln46 & and_ln51 & !icmp_ln9 & !icmp_ln10)> <Delay = 8.62> <CoreType = "Generic">   --->   Generic Core

State 15 <SV = 14> <Delay = 8.62>
ST_15 : Operation 127 [16/23] (8.62ns)   --->   "%tmp_4 = call i64 @exp_generic<double>, i64 %xd, i58 %table_exp_Z1_ap_ufixed_58_1_ap_q_mode_5_ap_o_mode_3_0_array, i26 %table_f_Z3_ap_ufixed_59_0_ap_q_mode_5_ap_o_mode_3_0_array, i42 %table_f_Z2_ap_ufixed_59_0_ap_q_mode_5_ap_o_mode_3_0_array" [C:\scratch\2025.1\hls_product\640\2025.1\src\shared\hls\clib\hlsmath\src\common\hls_exp_float.cpp:12->C:\scratch\2025.1\hls_product\640\2025.1\src\shared\hls\clib/hlsmath/include/FloatingPoint\hls_tanh.h:61]   --->   Operation 127 'call' 'tmp_4' <Predicate = (!icmp_ln36 & !icmp_ln45 & !and_ln46 & and_ln51 & !icmp_ln9 & !icmp_ln10)> <Delay = 8.62> <CoreType = "Generic">   --->   Generic Core

State 16 <SV = 15> <Delay = 8.62>
ST_16 : Operation 128 [15/23] (8.62ns)   --->   "%tmp_4 = call i64 @exp_generic<double>, i64 %xd, i58 %table_exp_Z1_ap_ufixed_58_1_ap_q_mode_5_ap_o_mode_3_0_array, i26 %table_f_Z3_ap_ufixed_59_0_ap_q_mode_5_ap_o_mode_3_0_array, i42 %table_f_Z2_ap_ufixed_59_0_ap_q_mode_5_ap_o_mode_3_0_array" [C:\scratch\2025.1\hls_product\640\2025.1\src\shared\hls\clib\hlsmath\src\common\hls_exp_float.cpp:12->C:\scratch\2025.1\hls_product\640\2025.1\src\shared\hls\clib/hlsmath/include/FloatingPoint\hls_tanh.h:61]   --->   Operation 128 'call' 'tmp_4' <Predicate = (!icmp_ln36 & !icmp_ln45 & !and_ln46 & and_ln51 & !icmp_ln9 & !icmp_ln10)> <Delay = 8.62> <CoreType = "Generic">   --->   Generic Core

State 17 <SV = 16> <Delay = 8.62>
ST_17 : Operation 129 [14/23] (8.62ns)   --->   "%tmp_4 = call i64 @exp_generic<double>, i64 %xd, i58 %table_exp_Z1_ap_ufixed_58_1_ap_q_mode_5_ap_o_mode_3_0_array, i26 %table_f_Z3_ap_ufixed_59_0_ap_q_mode_5_ap_o_mode_3_0_array, i42 %table_f_Z2_ap_ufixed_59_0_ap_q_mode_5_ap_o_mode_3_0_array" [C:\scratch\2025.1\hls_product\640\2025.1\src\shared\hls\clib\hlsmath\src\common\hls_exp_float.cpp:12->C:\scratch\2025.1\hls_product\640\2025.1\src\shared\hls\clib/hlsmath/include/FloatingPoint\hls_tanh.h:61]   --->   Operation 129 'call' 'tmp_4' <Predicate = (!icmp_ln36 & !icmp_ln45 & !and_ln46 & and_ln51 & !icmp_ln9 & !icmp_ln10)> <Delay = 8.62> <CoreType = "Generic">   --->   Generic Core

State 18 <SV = 17> <Delay = 8.62>
ST_18 : Operation 130 [13/23] (8.62ns)   --->   "%tmp_4 = call i64 @exp_generic<double>, i64 %xd, i58 %table_exp_Z1_ap_ufixed_58_1_ap_q_mode_5_ap_o_mode_3_0_array, i26 %table_f_Z3_ap_ufixed_59_0_ap_q_mode_5_ap_o_mode_3_0_array, i42 %table_f_Z2_ap_ufixed_59_0_ap_q_mode_5_ap_o_mode_3_0_array" [C:\scratch\2025.1\hls_product\640\2025.1\src\shared\hls\clib\hlsmath\src\common\hls_exp_float.cpp:12->C:\scratch\2025.1\hls_product\640\2025.1\src\shared\hls\clib/hlsmath/include/FloatingPoint\hls_tanh.h:61]   --->   Operation 130 'call' 'tmp_4' <Predicate = (!icmp_ln36 & !icmp_ln45 & !and_ln46 & and_ln51 & !icmp_ln9 & !icmp_ln10)> <Delay = 8.62> <CoreType = "Generic">   --->   Generic Core

State 19 <SV = 18> <Delay = 8.62>
ST_19 : Operation 131 [12/23] (8.62ns)   --->   "%tmp_4 = call i64 @exp_generic<double>, i64 %xd, i58 %table_exp_Z1_ap_ufixed_58_1_ap_q_mode_5_ap_o_mode_3_0_array, i26 %table_f_Z3_ap_ufixed_59_0_ap_q_mode_5_ap_o_mode_3_0_array, i42 %table_f_Z2_ap_ufixed_59_0_ap_q_mode_5_ap_o_mode_3_0_array" [C:\scratch\2025.1\hls_product\640\2025.1\src\shared\hls\clib\hlsmath\src\common\hls_exp_float.cpp:12->C:\scratch\2025.1\hls_product\640\2025.1\src\shared\hls\clib/hlsmath/include/FloatingPoint\hls_tanh.h:61]   --->   Operation 131 'call' 'tmp_4' <Predicate = (!icmp_ln36 & !icmp_ln45 & !and_ln46 & and_ln51 & !icmp_ln9 & !icmp_ln10)> <Delay = 8.62> <CoreType = "Generic">   --->   Generic Core

State 20 <SV = 19> <Delay = 8.62>
ST_20 : Operation 132 [11/23] (8.62ns)   --->   "%tmp_4 = call i64 @exp_generic<double>, i64 %xd, i58 %table_exp_Z1_ap_ufixed_58_1_ap_q_mode_5_ap_o_mode_3_0_array, i26 %table_f_Z3_ap_ufixed_59_0_ap_q_mode_5_ap_o_mode_3_0_array, i42 %table_f_Z2_ap_ufixed_59_0_ap_q_mode_5_ap_o_mode_3_0_array" [C:\scratch\2025.1\hls_product\640\2025.1\src\shared\hls\clib\hlsmath\src\common\hls_exp_float.cpp:12->C:\scratch\2025.1\hls_product\640\2025.1\src\shared\hls\clib/hlsmath/include/FloatingPoint\hls_tanh.h:61]   --->   Operation 132 'call' 'tmp_4' <Predicate = (!icmp_ln36 & !icmp_ln45 & !and_ln46 & and_ln51 & !icmp_ln9 & !icmp_ln10)> <Delay = 8.62> <CoreType = "Generic">   --->   Generic Core

State 21 <SV = 20> <Delay = 8.62>
ST_21 : Operation 133 [10/23] (8.62ns)   --->   "%tmp_4 = call i64 @exp_generic<double>, i64 %xd, i58 %table_exp_Z1_ap_ufixed_58_1_ap_q_mode_5_ap_o_mode_3_0_array, i26 %table_f_Z3_ap_ufixed_59_0_ap_q_mode_5_ap_o_mode_3_0_array, i42 %table_f_Z2_ap_ufixed_59_0_ap_q_mode_5_ap_o_mode_3_0_array" [C:\scratch\2025.1\hls_product\640\2025.1\src\shared\hls\clib\hlsmath\src\common\hls_exp_float.cpp:12->C:\scratch\2025.1\hls_product\640\2025.1\src\shared\hls\clib/hlsmath/include/FloatingPoint\hls_tanh.h:61]   --->   Operation 133 'call' 'tmp_4' <Predicate = (!icmp_ln36 & !icmp_ln45 & !and_ln46 & and_ln51 & !icmp_ln9 & !icmp_ln10)> <Delay = 8.62> <CoreType = "Generic">   --->   Generic Core

State 22 <SV = 21> <Delay = 8.62>
ST_22 : Operation 134 [9/23] (8.62ns)   --->   "%tmp_4 = call i64 @exp_generic<double>, i64 %xd, i58 %table_exp_Z1_ap_ufixed_58_1_ap_q_mode_5_ap_o_mode_3_0_array, i26 %table_f_Z3_ap_ufixed_59_0_ap_q_mode_5_ap_o_mode_3_0_array, i42 %table_f_Z2_ap_ufixed_59_0_ap_q_mode_5_ap_o_mode_3_0_array" [C:\scratch\2025.1\hls_product\640\2025.1\src\shared\hls\clib\hlsmath\src\common\hls_exp_float.cpp:12->C:\scratch\2025.1\hls_product\640\2025.1\src\shared\hls\clib/hlsmath/include/FloatingPoint\hls_tanh.h:61]   --->   Operation 134 'call' 'tmp_4' <Predicate = (!icmp_ln36 & !icmp_ln45 & !and_ln46 & and_ln51 & !icmp_ln9 & !icmp_ln10)> <Delay = 8.62> <CoreType = "Generic">   --->   Generic Core

State 23 <SV = 22> <Delay = 8.62>
ST_23 : Operation 135 [8/23] (8.62ns)   --->   "%tmp_4 = call i64 @exp_generic<double>, i64 %xd, i58 %table_exp_Z1_ap_ufixed_58_1_ap_q_mode_5_ap_o_mode_3_0_array, i26 %table_f_Z3_ap_ufixed_59_0_ap_q_mode_5_ap_o_mode_3_0_array, i42 %table_f_Z2_ap_ufixed_59_0_ap_q_mode_5_ap_o_mode_3_0_array" [C:\scratch\2025.1\hls_product\640\2025.1\src\shared\hls\clib\hlsmath\src\common\hls_exp_float.cpp:12->C:\scratch\2025.1\hls_product\640\2025.1\src\shared\hls\clib/hlsmath/include/FloatingPoint\hls_tanh.h:61]   --->   Operation 135 'call' 'tmp_4' <Predicate = (!icmp_ln36 & !icmp_ln45 & !and_ln46 & and_ln51 & !icmp_ln9 & !icmp_ln10)> <Delay = 8.62> <CoreType = "Generic">   --->   Generic Core

State 24 <SV = 23> <Delay = 8.62>
ST_24 : Operation 136 [7/23] (8.62ns)   --->   "%tmp_4 = call i64 @exp_generic<double>, i64 %xd, i58 %table_exp_Z1_ap_ufixed_58_1_ap_q_mode_5_ap_o_mode_3_0_array, i26 %table_f_Z3_ap_ufixed_59_0_ap_q_mode_5_ap_o_mode_3_0_array, i42 %table_f_Z2_ap_ufixed_59_0_ap_q_mode_5_ap_o_mode_3_0_array" [C:\scratch\2025.1\hls_product\640\2025.1\src\shared\hls\clib\hlsmath\src\common\hls_exp_float.cpp:12->C:\scratch\2025.1\hls_product\640\2025.1\src\shared\hls\clib/hlsmath/include/FloatingPoint\hls_tanh.h:61]   --->   Operation 136 'call' 'tmp_4' <Predicate = (!icmp_ln36 & !icmp_ln45 & !and_ln46 & and_ln51 & !icmp_ln9 & !icmp_ln10)> <Delay = 8.62> <CoreType = "Generic">   --->   Generic Core

State 25 <SV = 24> <Delay = 8.62>
ST_25 : Operation 137 [6/23] (8.62ns)   --->   "%tmp_4 = call i64 @exp_generic<double>, i64 %xd, i58 %table_exp_Z1_ap_ufixed_58_1_ap_q_mode_5_ap_o_mode_3_0_array, i26 %table_f_Z3_ap_ufixed_59_0_ap_q_mode_5_ap_o_mode_3_0_array, i42 %table_f_Z2_ap_ufixed_59_0_ap_q_mode_5_ap_o_mode_3_0_array" [C:\scratch\2025.1\hls_product\640\2025.1\src\shared\hls\clib\hlsmath\src\common\hls_exp_float.cpp:12->C:\scratch\2025.1\hls_product\640\2025.1\src\shared\hls\clib/hlsmath/include/FloatingPoint\hls_tanh.h:61]   --->   Operation 137 'call' 'tmp_4' <Predicate = (!icmp_ln36 & !icmp_ln45 & !and_ln46 & and_ln51 & !icmp_ln9 & !icmp_ln10)> <Delay = 8.62> <CoreType = "Generic">   --->   Generic Core

State 26 <SV = 25> <Delay = 8.62>
ST_26 : Operation 138 [5/23] (8.62ns)   --->   "%tmp_4 = call i64 @exp_generic<double>, i64 %xd, i58 %table_exp_Z1_ap_ufixed_58_1_ap_q_mode_5_ap_o_mode_3_0_array, i26 %table_f_Z3_ap_ufixed_59_0_ap_q_mode_5_ap_o_mode_3_0_array, i42 %table_f_Z2_ap_ufixed_59_0_ap_q_mode_5_ap_o_mode_3_0_array" [C:\scratch\2025.1\hls_product\640\2025.1\src\shared\hls\clib\hlsmath\src\common\hls_exp_float.cpp:12->C:\scratch\2025.1\hls_product\640\2025.1\src\shared\hls\clib/hlsmath/include/FloatingPoint\hls_tanh.h:61]   --->   Operation 138 'call' 'tmp_4' <Predicate = (!icmp_ln36 & !icmp_ln45 & !and_ln46 & and_ln51 & !icmp_ln9 & !icmp_ln10)> <Delay = 8.62> <CoreType = "Generic">   --->   Generic Core

State 27 <SV = 26> <Delay = 8.62>
ST_27 : Operation 139 [4/23] (8.62ns)   --->   "%tmp_4 = call i64 @exp_generic<double>, i64 %xd, i58 %table_exp_Z1_ap_ufixed_58_1_ap_q_mode_5_ap_o_mode_3_0_array, i26 %table_f_Z3_ap_ufixed_59_0_ap_q_mode_5_ap_o_mode_3_0_array, i42 %table_f_Z2_ap_ufixed_59_0_ap_q_mode_5_ap_o_mode_3_0_array" [C:\scratch\2025.1\hls_product\640\2025.1\src\shared\hls\clib\hlsmath\src\common\hls_exp_float.cpp:12->C:\scratch\2025.1\hls_product\640\2025.1\src\shared\hls\clib/hlsmath/include/FloatingPoint\hls_tanh.h:61]   --->   Operation 139 'call' 'tmp_4' <Predicate = (!icmp_ln36 & !icmp_ln45 & !and_ln46 & and_ln51 & !icmp_ln9 & !icmp_ln10)> <Delay = 8.62> <CoreType = "Generic">   --->   Generic Core

State 28 <SV = 27> <Delay = 8.62>
ST_28 : Operation 140 [3/23] (8.62ns)   --->   "%tmp_4 = call i64 @exp_generic<double>, i64 %xd, i58 %table_exp_Z1_ap_ufixed_58_1_ap_q_mode_5_ap_o_mode_3_0_array, i26 %table_f_Z3_ap_ufixed_59_0_ap_q_mode_5_ap_o_mode_3_0_array, i42 %table_f_Z2_ap_ufixed_59_0_ap_q_mode_5_ap_o_mode_3_0_array" [C:\scratch\2025.1\hls_product\640\2025.1\src\shared\hls\clib\hlsmath\src\common\hls_exp_float.cpp:12->C:\scratch\2025.1\hls_product\640\2025.1\src\shared\hls\clib/hlsmath/include/FloatingPoint\hls_tanh.h:61]   --->   Operation 140 'call' 'tmp_4' <Predicate = (!icmp_ln36 & !icmp_ln45 & !and_ln46 & and_ln51 & !icmp_ln9 & !icmp_ln10)> <Delay = 8.62> <CoreType = "Generic">   --->   Generic Core

State 29 <SV = 28> <Delay = 8.62>
ST_29 : Operation 141 [2/23] (8.62ns)   --->   "%tmp_4 = call i64 @exp_generic<double>, i64 %xd, i58 %table_exp_Z1_ap_ufixed_58_1_ap_q_mode_5_ap_o_mode_3_0_array, i26 %table_f_Z3_ap_ufixed_59_0_ap_q_mode_5_ap_o_mode_3_0_array, i42 %table_f_Z2_ap_ufixed_59_0_ap_q_mode_5_ap_o_mode_3_0_array" [C:\scratch\2025.1\hls_product\640\2025.1\src\shared\hls\clib\hlsmath\src\common\hls_exp_float.cpp:12->C:\scratch\2025.1\hls_product\640\2025.1\src\shared\hls\clib/hlsmath/include/FloatingPoint\hls_tanh.h:61]   --->   Operation 141 'call' 'tmp_4' <Predicate = (!icmp_ln36 & !icmp_ln45 & !and_ln46 & and_ln51 & !icmp_ln9 & !icmp_ln10)> <Delay = 8.62> <CoreType = "Generic">   --->   Generic Core

State 30 <SV = 29> <Delay = 4.64>
ST_30 : Operation 142 [1/23] (4.64ns)   --->   "%tmp_4 = call i64 @exp_generic<double>, i64 %xd, i58 %table_exp_Z1_ap_ufixed_58_1_ap_q_mode_5_ap_o_mode_3_0_array, i26 %table_f_Z3_ap_ufixed_59_0_ap_q_mode_5_ap_o_mode_3_0_array, i42 %table_f_Z2_ap_ufixed_59_0_ap_q_mode_5_ap_o_mode_3_0_array" [C:\scratch\2025.1\hls_product\640\2025.1\src\shared\hls\clib\hlsmath\src\common\hls_exp_float.cpp:12->C:\scratch\2025.1\hls_product\640\2025.1\src\shared\hls\clib/hlsmath/include/FloatingPoint\hls_tanh.h:61]   --->   Operation 142 'call' 'tmp_4' <Predicate = (!icmp_ln36 & !icmp_ln45 & !and_ln46 & and_ln51 & !icmp_ln9 & !icmp_ln10)> <Delay = 4.64> <CoreType = "Generic">   --->   Generic Core

State 31 <SV = 30> <Delay = 8.23>
ST_31 : Operation 143 [5/5] (8.23ns)   --->   "%sub_i = dadd i64 %tmp_4, i64 -1" [C:\scratch\2025.1\hls_product\640\2025.1\src\shared\hls\clib\hlsmath\src\common\hls_exp_float.cpp:12->C:\scratch\2025.1\hls_product\640\2025.1\src\shared\hls\clib/hlsmath/include/FloatingPoint\hls_tanh.h:61]   --->   Operation 143 'dadd' 'sub_i' <Predicate = (!icmp_ln36 & !icmp_ln45 & !and_ln46 & and_ln51 & !icmp_ln9 & !icmp_ln10)> <Delay = 8.23> <CoreInst = "DAddSub_fulldsp">   --->   Core 37 'DAddSub_fulldsp' <Latency = 4> <II = 1> <Delay = 8.23> <FuncUnit> <Opcode : 'dadd' 'dsub'> <InPorts = 2> <OutPorts = 1>

State 32 <SV = 31> <Delay = 8.23>
ST_32 : Operation 144 [4/5] (8.23ns)   --->   "%sub_i = dadd i64 %tmp_4, i64 -1" [C:\scratch\2025.1\hls_product\640\2025.1\src\shared\hls\clib\hlsmath\src\common\hls_exp_float.cpp:12->C:\scratch\2025.1\hls_product\640\2025.1\src\shared\hls\clib/hlsmath/include/FloatingPoint\hls_tanh.h:61]   --->   Operation 144 'dadd' 'sub_i' <Predicate = (!icmp_ln36 & !icmp_ln45 & !and_ln46 & and_ln51 & !icmp_ln9 & !icmp_ln10)> <Delay = 8.23> <CoreInst = "DAddSub_fulldsp">   --->   Core 37 'DAddSub_fulldsp' <Latency = 4> <II = 1> <Delay = 8.23> <FuncUnit> <Opcode : 'dadd' 'dsub'> <InPorts = 2> <OutPorts = 1>

State 33 <SV = 32> <Delay = 8.23>
ST_33 : Operation 145 [3/5] (8.23ns)   --->   "%sub_i = dadd i64 %tmp_4, i64 -1" [C:\scratch\2025.1\hls_product\640\2025.1\src\shared\hls\clib\hlsmath\src\common\hls_exp_float.cpp:12->C:\scratch\2025.1\hls_product\640\2025.1\src\shared\hls\clib/hlsmath/include/FloatingPoint\hls_tanh.h:61]   --->   Operation 145 'dadd' 'sub_i' <Predicate = (!icmp_ln36 & !icmp_ln45 & !and_ln46 & and_ln51 & !icmp_ln9 & !icmp_ln10)> <Delay = 8.23> <CoreInst = "DAddSub_fulldsp">   --->   Core 37 'DAddSub_fulldsp' <Latency = 4> <II = 1> <Delay = 8.23> <FuncUnit> <Opcode : 'dadd' 'dsub'> <InPorts = 2> <OutPorts = 1>

State 34 <SV = 33> <Delay = 8.23>
ST_34 : Operation 146 [2/5] (8.23ns)   --->   "%sub_i = dadd i64 %tmp_4, i64 -1" [C:\scratch\2025.1\hls_product\640\2025.1\src\shared\hls\clib\hlsmath\src\common\hls_exp_float.cpp:12->C:\scratch\2025.1\hls_product\640\2025.1\src\shared\hls\clib/hlsmath/include/FloatingPoint\hls_tanh.h:61]   --->   Operation 146 'dadd' 'sub_i' <Predicate = (!icmp_ln36 & !icmp_ln45 & !and_ln46 & and_ln51 & !icmp_ln9 & !icmp_ln10)> <Delay = 8.23> <CoreInst = "DAddSub_fulldsp">   --->   Core 37 'DAddSub_fulldsp' <Latency = 4> <II = 1> <Delay = 8.23> <FuncUnit> <Opcode : 'dadd' 'dsub'> <InPorts = 2> <OutPorts = 1>

State 35 <SV = 34> <Delay = 8.23>
ST_35 : Operation 147 [1/5] (8.23ns)   --->   "%sub_i = dadd i64 %tmp_4, i64 -1" [C:\scratch\2025.1\hls_product\640\2025.1\src\shared\hls\clib\hlsmath\src\common\hls_exp_float.cpp:12->C:\scratch\2025.1\hls_product\640\2025.1\src\shared\hls\clib/hlsmath/include/FloatingPoint\hls_tanh.h:61]   --->   Operation 147 'dadd' 'sub_i' <Predicate = (!icmp_ln36 & !icmp_ln45 & !and_ln46 & and_ln51 & !icmp_ln9 & !icmp_ln10)> <Delay = 8.23> <CoreInst = "DAddSub_fulldsp">   --->   Core 37 'DAddSub_fulldsp' <Latency = 4> <II = 1> <Delay = 8.23> <FuncUnit> <Opcode : 'dadd' 'dsub'> <InPorts = 2> <OutPorts = 1>

State 36 <SV = 35> <Delay = 5.20>
ST_36 : Operation 148 [2/2] (5.20ns)   --->   "%conv6_i = fptrunc i64 %sub_i" [C:\scratch\2025.1\hls_product\640\2025.1\src\shared\hls\clib\hlsmath\src\common\hls_exp_float.cpp:12->C:\scratch\2025.1\hls_product\640\2025.1\src\shared\hls\clib/hlsmath/include/FloatingPoint\hls_tanh.h:61]   --->   Operation 148 'fptrunc' 'conv6_i' <Predicate = (!icmp_ln36 & !icmp_ln45 & !and_ln46 & and_ln51 & !icmp_ln9 & !icmp_ln10)> <Delay = 5.20> <CoreInst = "Double2Float">   --->   Core 67 'Double2Float' <Latency = 1> <II = 1> <Delay = 5.20> <FuncUnit> <Opcode : 'fptrunc'> <InPorts = 1> <OutPorts = 1>

State 37 <SV = 36> <Delay = 5.20>
ST_37 : Operation 149 [1/2] (5.20ns)   --->   "%conv6_i = fptrunc i64 %sub_i" [C:\scratch\2025.1\hls_product\640\2025.1\src\shared\hls\clib\hlsmath\src\common\hls_exp_float.cpp:12->C:\scratch\2025.1\hls_product\640\2025.1\src\shared\hls\clib/hlsmath/include/FloatingPoint\hls_tanh.h:61]   --->   Operation 149 'fptrunc' 'conv6_i' <Predicate = (!icmp_ln36 & !icmp_ln45 & !and_ln46 & and_ln51 & !icmp_ln9 & !icmp_ln10)> <Delay = 5.20> <CoreInst = "Double2Float">   --->   Core 67 'Double2Float' <Latency = 1> <II = 1> <Delay = 5.20> <FuncUnit> <Opcode : 'fptrunc'> <InPorts = 1> <OutPorts = 1>
ST_37 : Operation 150 [1/1] (0.00ns)   --->   "%expx = phi i32 %conv6_i, void %if.end4.i, i32 0, void %if.then14, i32 %x_3, void %if.end.i"   --->   Operation 150 'phi' 'expx' <Predicate = (!icmp_ln36 & !icmp_ln45 & !and_ln46 & and_ln51)> <Delay = 0.00>

State 38 <SV = 37> <Delay = 7.25>
ST_38 : Operation 151 [5/5] (7.25ns)   --->   "%add2 = fadd i32 %expx, i32 2" [C:\scratch\2025.1\hls_product\640\2025.1\src\shared\hls\clib/hlsmath/include/FloatingPoint\hls_tanh.h:71]   --->   Operation 151 'fadd' 'add2' <Predicate = (!icmp_ln36 & !icmp_ln45 & !and_ln46 & and_ln51)> <Delay = 7.25> <CoreInst = "FAddSub_fulldsp">   --->   Core 18 'FAddSub_fulldsp' <Latency = 4> <II = 1> <Delay = 7.25> <FuncUnit> <Opcode : 'fadd' 'fsub'> <InPorts = 2> <OutPorts = 1>

State 39 <SV = 38> <Delay = 7.25>
ST_39 : Operation 152 [4/5] (7.25ns)   --->   "%add2 = fadd i32 %expx, i32 2" [C:\scratch\2025.1\hls_product\640\2025.1\src\shared\hls\clib/hlsmath/include/FloatingPoint\hls_tanh.h:71]   --->   Operation 152 'fadd' 'add2' <Predicate = (!icmp_ln36 & !icmp_ln45 & !and_ln46 & and_ln51)> <Delay = 7.25> <CoreInst = "FAddSub_fulldsp">   --->   Core 18 'FAddSub_fulldsp' <Latency = 4> <II = 1> <Delay = 7.25> <FuncUnit> <Opcode : 'fadd' 'fsub'> <InPorts = 2> <OutPorts = 1>

State 40 <SV = 39> <Delay = 7.25>
ST_40 : Operation 153 [3/5] (7.25ns)   --->   "%add2 = fadd i32 %expx, i32 2" [C:\scratch\2025.1\hls_product\640\2025.1\src\shared\hls\clib/hlsmath/include/FloatingPoint\hls_tanh.h:71]   --->   Operation 153 'fadd' 'add2' <Predicate = (!icmp_ln36 & !icmp_ln45 & !and_ln46 & and_ln51)> <Delay = 7.25> <CoreInst = "FAddSub_fulldsp">   --->   Core 18 'FAddSub_fulldsp' <Latency = 4> <II = 1> <Delay = 7.25> <FuncUnit> <Opcode : 'fadd' 'fsub'> <InPorts = 2> <OutPorts = 1>

State 41 <SV = 40> <Delay = 7.25>
ST_41 : Operation 154 [2/5] (7.25ns)   --->   "%add2 = fadd i32 %expx, i32 2" [C:\scratch\2025.1\hls_product\640\2025.1\src\shared\hls\clib/hlsmath/include/FloatingPoint\hls_tanh.h:71]   --->   Operation 154 'fadd' 'add2' <Predicate = (!icmp_ln36 & !icmp_ln45 & !and_ln46 & and_ln51)> <Delay = 7.25> <CoreInst = "FAddSub_fulldsp">   --->   Core 18 'FAddSub_fulldsp' <Latency = 4> <II = 1> <Delay = 7.25> <FuncUnit> <Opcode : 'fadd' 'fsub'> <InPorts = 2> <OutPorts = 1>

State 42 <SV = 41> <Delay = 7.25>
ST_42 : Operation 155 [1/5] (7.25ns)   --->   "%add2 = fadd i32 %expx, i32 2" [C:\scratch\2025.1\hls_product\640\2025.1\src\shared\hls\clib/hlsmath/include/FloatingPoint\hls_tanh.h:71]   --->   Operation 155 'fadd' 'add2' <Predicate = (!icmp_ln36 & !icmp_ln45 & !and_ln46 & and_ln51)> <Delay = 7.25> <CoreInst = "FAddSub_fulldsp">   --->   Core 18 'FAddSub_fulldsp' <Latency = 4> <II = 1> <Delay = 7.25> <FuncUnit> <Opcode : 'fadd' 'fsub'> <InPorts = 2> <OutPorts = 1>
ST_42 : Operation 156 [1/1] (0.00ns)   --->   "%bitcast_ln66 = bitcast i32 %expx" [C:\scratch\2025.1\hls_product\640\2025.1\src\shared\hls\clib/hlsmath/include/FloatingPoint\hls_tanh.h:66]   --->   Operation 156 'bitcast' 'bitcast_ln66' <Predicate = (!icmp_ln36 & !icmp_ln45 & !and_ln46 & and_ln51 & icmp_ln54)> <Delay = 0.00>
ST_42 : Operation 157 [1/1] (0.00ns)   --->   "%bit_sel = bitselect i1 @_ssdm_op_BitSelect.i1.i32.i32, i32 %bitcast_ln66, i32 31" [C:\scratch\2025.1\hls_product\640\2025.1\src\shared\hls\clib/hlsmath/include/FloatingPoint\hls_tanh.h:66]   --->   Operation 157 'bitselect' 'bit_sel' <Predicate = (!icmp_ln36 & !icmp_ln45 & !and_ln46 & and_ln51 & icmp_ln54)> <Delay = 0.00>
ST_42 : Operation 158 [1/1] (0.97ns)   --->   "%xor_ln66 = xor i1 %bit_sel, i1 1" [C:\scratch\2025.1\hls_product\640\2025.1\src\shared\hls\clib/hlsmath/include/FloatingPoint\hls_tanh.h:66]   --->   Operation 158 'xor' 'xor_ln66' <Predicate = (!icmp_ln36 & !icmp_ln45 & !and_ln46 & and_ln51 & icmp_ln54)> <Delay = 0.97> <CoreInst = "LogicGate">   --->   Core 74 'LogicGate' <Latency = 0> <II = 1> <Delay = 0.97> <FuncUnit> <Opcode : 'and' 'or' 'xor'> <InPorts = 2> <OutPorts = 1>
ST_42 : Operation 159 [1/1] (0.00ns)   --->   "%trunc_ln66 = trunc i32 %bitcast_ln66" [C:\scratch\2025.1\hls_product\640\2025.1\src\shared\hls\clib/hlsmath/include/FloatingPoint\hls_tanh.h:66]   --->   Operation 159 'trunc' 'trunc_ln66' <Predicate = (!icmp_ln36 & !icmp_ln45 & !and_ln46 & and_ln51 & icmp_ln54)> <Delay = 0.00>

State 43 <SV = 42> <Delay = 8.75>
ST_43 : Operation 160 [12/12] (8.75ns)   --->   "%div = fdiv i32 2, i32 %add2" [C:\scratch\2025.1\hls_product\640\2025.1\src\shared\hls\clib/hlsmath/include/FloatingPoint\hls_tanh.h:71]   --->   Operation 160 'fdiv' 'div' <Predicate = (!icmp_ln36 & !icmp_ln45 & !and_ln46 & and_ln51 & !icmp_ln54)> <Delay = 8.75> <CoreInst = "FDiv">   --->   Core 20 'FDiv' <Latency = 11> <II = 1> <Delay = 8.75> <FuncUnit> <Opcode : 'fdiv' 'frem'> <InPorts = 2> <OutPorts = 1>
ST_43 : Operation 161 [1/1] (0.00ns)   --->   "%xor_ln = bitconcatenate i32 @_ssdm_op_BitConcatenate.i32.i1.i31, i1 %xor_ln66, i31 %trunc_ln66" [C:\scratch\2025.1\hls_product\640\2025.1\src\shared\hls\clib/hlsmath/include/FloatingPoint\hls_tanh.h:66]   --->   Operation 161 'bitconcatenate' 'xor_ln' <Predicate = (!icmp_ln36 & !icmp_ln45 & !and_ln46 & and_ln51 & icmp_ln54)> <Delay = 0.00>
ST_43 : Operation 162 [1/1] (0.00ns)   --->   "%bitcast_ln66_1 = bitcast i32 %xor_ln" [C:\scratch\2025.1\hls_product\640\2025.1\src\shared\hls\clib/hlsmath/include/FloatingPoint\hls_tanh.h:66]   --->   Operation 162 'bitcast' 'bitcast_ln66_1' <Predicate = (!icmp_ln36 & !icmp_ln45 & !and_ln46 & and_ln51 & icmp_ln54)> <Delay = 0.00>
ST_43 : Operation 163 [12/12] (8.75ns)   --->   "%resultf_1 = fdiv i32 %bitcast_ln66_1, i32 %add2" [C:\scratch\2025.1\hls_product\640\2025.1\src\shared\hls\clib/hlsmath/include/FloatingPoint\hls_tanh.h:66]   --->   Operation 163 'fdiv' 'resultf_1' <Predicate = (!icmp_ln36 & !icmp_ln45 & !and_ln46 & and_ln51 & icmp_ln54)> <Delay = 8.75> <CoreInst = "FDiv">   --->   Core 20 'FDiv' <Latency = 11> <II = 1> <Delay = 8.75> <FuncUnit> <Opcode : 'fdiv' 'frem'> <InPorts = 2> <OutPorts = 1>

State 44 <SV = 43> <Delay = 8.75>
ST_44 : Operation 164 [11/12] (8.75ns)   --->   "%div = fdiv i32 2, i32 %add2" [C:\scratch\2025.1\hls_product\640\2025.1\src\shared\hls\clib/hlsmath/include/FloatingPoint\hls_tanh.h:71]   --->   Operation 164 'fdiv' 'div' <Predicate = (!icmp_ln36 & !icmp_ln45 & !and_ln46 & and_ln51 & !icmp_ln54)> <Delay = 8.75> <CoreInst = "FDiv">   --->   Core 20 'FDiv' <Latency = 11> <II = 1> <Delay = 8.75> <FuncUnit> <Opcode : 'fdiv' 'frem'> <InPorts = 2> <OutPorts = 1>
ST_44 : Operation 165 [11/12] (8.75ns)   --->   "%resultf_1 = fdiv i32 %bitcast_ln66_1, i32 %add2" [C:\scratch\2025.1\hls_product\640\2025.1\src\shared\hls\clib/hlsmath/include/FloatingPoint\hls_tanh.h:66]   --->   Operation 165 'fdiv' 'resultf_1' <Predicate = (!icmp_ln36 & !icmp_ln45 & !and_ln46 & and_ln51 & icmp_ln54)> <Delay = 8.75> <CoreInst = "FDiv">   --->   Core 20 'FDiv' <Latency = 11> <II = 1> <Delay = 8.75> <FuncUnit> <Opcode : 'fdiv' 'frem'> <InPorts = 2> <OutPorts = 1>

State 45 <SV = 44> <Delay = 8.75>
ST_45 : Operation 166 [10/12] (8.75ns)   --->   "%div = fdiv i32 2, i32 %add2" [C:\scratch\2025.1\hls_product\640\2025.1\src\shared\hls\clib/hlsmath/include/FloatingPoint\hls_tanh.h:71]   --->   Operation 166 'fdiv' 'div' <Predicate = (!icmp_ln36 & !icmp_ln45 & !and_ln46 & and_ln51 & !icmp_ln54)> <Delay = 8.75> <CoreInst = "FDiv">   --->   Core 20 'FDiv' <Latency = 11> <II = 1> <Delay = 8.75> <FuncUnit> <Opcode : 'fdiv' 'frem'> <InPorts = 2> <OutPorts = 1>
ST_45 : Operation 167 [10/12] (8.75ns)   --->   "%resultf_1 = fdiv i32 %bitcast_ln66_1, i32 %add2" [C:\scratch\2025.1\hls_product\640\2025.1\src\shared\hls\clib/hlsmath/include/FloatingPoint\hls_tanh.h:66]   --->   Operation 167 'fdiv' 'resultf_1' <Predicate = (!icmp_ln36 & !icmp_ln45 & !and_ln46 & and_ln51 & icmp_ln54)> <Delay = 8.75> <CoreInst = "FDiv">   --->   Core 20 'FDiv' <Latency = 11> <II = 1> <Delay = 8.75> <FuncUnit> <Opcode : 'fdiv' 'frem'> <InPorts = 2> <OutPorts = 1>

State 46 <SV = 45> <Delay = 8.75>
ST_46 : Operation 168 [9/12] (8.75ns)   --->   "%div = fdiv i32 2, i32 %add2" [C:\scratch\2025.1\hls_product\640\2025.1\src\shared\hls\clib/hlsmath/include/FloatingPoint\hls_tanh.h:71]   --->   Operation 168 'fdiv' 'div' <Predicate = (!icmp_ln36 & !icmp_ln45 & !and_ln46 & and_ln51 & !icmp_ln54)> <Delay = 8.75> <CoreInst = "FDiv">   --->   Core 20 'FDiv' <Latency = 11> <II = 1> <Delay = 8.75> <FuncUnit> <Opcode : 'fdiv' 'frem'> <InPorts = 2> <OutPorts = 1>
ST_46 : Operation 169 [9/12] (8.75ns)   --->   "%resultf_1 = fdiv i32 %bitcast_ln66_1, i32 %add2" [C:\scratch\2025.1\hls_product\640\2025.1\src\shared\hls\clib/hlsmath/include/FloatingPoint\hls_tanh.h:66]   --->   Operation 169 'fdiv' 'resultf_1' <Predicate = (!icmp_ln36 & !icmp_ln45 & !and_ln46 & and_ln51 & icmp_ln54)> <Delay = 8.75> <CoreInst = "FDiv">   --->   Core 20 'FDiv' <Latency = 11> <II = 1> <Delay = 8.75> <FuncUnit> <Opcode : 'fdiv' 'frem'> <InPorts = 2> <OutPorts = 1>

State 47 <SV = 46> <Delay = 8.75>
ST_47 : Operation 170 [8/12] (8.75ns)   --->   "%div = fdiv i32 2, i32 %add2" [C:\scratch\2025.1\hls_product\640\2025.1\src\shared\hls\clib/hlsmath/include/FloatingPoint\hls_tanh.h:71]   --->   Operation 170 'fdiv' 'div' <Predicate = (!icmp_ln36 & !icmp_ln45 & !and_ln46 & and_ln51 & !icmp_ln54)> <Delay = 8.75> <CoreInst = "FDiv">   --->   Core 20 'FDiv' <Latency = 11> <II = 1> <Delay = 8.75> <FuncUnit> <Opcode : 'fdiv' 'frem'> <InPorts = 2> <OutPorts = 1>
ST_47 : Operation 171 [8/12] (8.75ns)   --->   "%resultf_1 = fdiv i32 %bitcast_ln66_1, i32 %add2" [C:\scratch\2025.1\hls_product\640\2025.1\src\shared\hls\clib/hlsmath/include/FloatingPoint\hls_tanh.h:66]   --->   Operation 171 'fdiv' 'resultf_1' <Predicate = (!icmp_ln36 & !icmp_ln45 & !and_ln46 & and_ln51 & icmp_ln54)> <Delay = 8.75> <CoreInst = "FDiv">   --->   Core 20 'FDiv' <Latency = 11> <II = 1> <Delay = 8.75> <FuncUnit> <Opcode : 'fdiv' 'frem'> <InPorts = 2> <OutPorts = 1>

State 48 <SV = 47> <Delay = 8.75>
ST_48 : Operation 172 [7/12] (8.75ns)   --->   "%div = fdiv i32 2, i32 %add2" [C:\scratch\2025.1\hls_product\640\2025.1\src\shared\hls\clib/hlsmath/include/FloatingPoint\hls_tanh.h:71]   --->   Operation 172 'fdiv' 'div' <Predicate = (!icmp_ln36 & !icmp_ln45 & !and_ln46 & and_ln51 & !icmp_ln54)> <Delay = 8.75> <CoreInst = "FDiv">   --->   Core 20 'FDiv' <Latency = 11> <II = 1> <Delay = 8.75> <FuncUnit> <Opcode : 'fdiv' 'frem'> <InPorts = 2> <OutPorts = 1>
ST_48 : Operation 173 [7/12] (8.75ns)   --->   "%resultf_1 = fdiv i32 %bitcast_ln66_1, i32 %add2" [C:\scratch\2025.1\hls_product\640\2025.1\src\shared\hls\clib/hlsmath/include/FloatingPoint\hls_tanh.h:66]   --->   Operation 173 'fdiv' 'resultf_1' <Predicate = (!icmp_ln36 & !icmp_ln45 & !and_ln46 & and_ln51 & icmp_ln54)> <Delay = 8.75> <CoreInst = "FDiv">   --->   Core 20 'FDiv' <Latency = 11> <II = 1> <Delay = 8.75> <FuncUnit> <Opcode : 'fdiv' 'frem'> <InPorts = 2> <OutPorts = 1>

State 49 <SV = 48> <Delay = 8.75>
ST_49 : Operation 174 [6/12] (8.75ns)   --->   "%div = fdiv i32 2, i32 %add2" [C:\scratch\2025.1\hls_product\640\2025.1\src\shared\hls\clib/hlsmath/include/FloatingPoint\hls_tanh.h:71]   --->   Operation 174 'fdiv' 'div' <Predicate = (!icmp_ln36 & !icmp_ln45 & !and_ln46 & and_ln51 & !icmp_ln54)> <Delay = 8.75> <CoreInst = "FDiv">   --->   Core 20 'FDiv' <Latency = 11> <II = 1> <Delay = 8.75> <FuncUnit> <Opcode : 'fdiv' 'frem'> <InPorts = 2> <OutPorts = 1>
ST_49 : Operation 175 [6/12] (8.75ns)   --->   "%resultf_1 = fdiv i32 %bitcast_ln66_1, i32 %add2" [C:\scratch\2025.1\hls_product\640\2025.1\src\shared\hls\clib/hlsmath/include/FloatingPoint\hls_tanh.h:66]   --->   Operation 175 'fdiv' 'resultf_1' <Predicate = (!icmp_ln36 & !icmp_ln45 & !and_ln46 & and_ln51 & icmp_ln54)> <Delay = 8.75> <CoreInst = "FDiv">   --->   Core 20 'FDiv' <Latency = 11> <II = 1> <Delay = 8.75> <FuncUnit> <Opcode : 'fdiv' 'frem'> <InPorts = 2> <OutPorts = 1>

State 50 <SV = 49> <Delay = 8.75>
ST_50 : Operation 176 [5/12] (8.75ns)   --->   "%div = fdiv i32 2, i32 %add2" [C:\scratch\2025.1\hls_product\640\2025.1\src\shared\hls\clib/hlsmath/include/FloatingPoint\hls_tanh.h:71]   --->   Operation 176 'fdiv' 'div' <Predicate = (!icmp_ln36 & !icmp_ln45 & !and_ln46 & and_ln51 & !icmp_ln54)> <Delay = 8.75> <CoreInst = "FDiv">   --->   Core 20 'FDiv' <Latency = 11> <II = 1> <Delay = 8.75> <FuncUnit> <Opcode : 'fdiv' 'frem'> <InPorts = 2> <OutPorts = 1>
ST_50 : Operation 177 [5/12] (8.75ns)   --->   "%resultf_1 = fdiv i32 %bitcast_ln66_1, i32 %add2" [C:\scratch\2025.1\hls_product\640\2025.1\src\shared\hls\clib/hlsmath/include/FloatingPoint\hls_tanh.h:66]   --->   Operation 177 'fdiv' 'resultf_1' <Predicate = (!icmp_ln36 & !icmp_ln45 & !and_ln46 & and_ln51 & icmp_ln54)> <Delay = 8.75> <CoreInst = "FDiv">   --->   Core 20 'FDiv' <Latency = 11> <II = 1> <Delay = 8.75> <FuncUnit> <Opcode : 'fdiv' 'frem'> <InPorts = 2> <OutPorts = 1>

State 51 <SV = 50> <Delay = 8.75>
ST_51 : Operation 178 [4/12] (8.75ns)   --->   "%div = fdiv i32 2, i32 %add2" [C:\scratch\2025.1\hls_product\640\2025.1\src\shared\hls\clib/hlsmath/include/FloatingPoint\hls_tanh.h:71]   --->   Operation 178 'fdiv' 'div' <Predicate = (!icmp_ln36 & !icmp_ln45 & !and_ln46 & and_ln51 & !icmp_ln54)> <Delay = 8.75> <CoreInst = "FDiv">   --->   Core 20 'FDiv' <Latency = 11> <II = 1> <Delay = 8.75> <FuncUnit> <Opcode : 'fdiv' 'frem'> <InPorts = 2> <OutPorts = 1>
ST_51 : Operation 179 [4/12] (8.75ns)   --->   "%resultf_1 = fdiv i32 %bitcast_ln66_1, i32 %add2" [C:\scratch\2025.1\hls_product\640\2025.1\src\shared\hls\clib/hlsmath/include/FloatingPoint\hls_tanh.h:66]   --->   Operation 179 'fdiv' 'resultf_1' <Predicate = (!icmp_ln36 & !icmp_ln45 & !and_ln46 & and_ln51 & icmp_ln54)> <Delay = 8.75> <CoreInst = "FDiv">   --->   Core 20 'FDiv' <Latency = 11> <II = 1> <Delay = 8.75> <FuncUnit> <Opcode : 'fdiv' 'frem'> <InPorts = 2> <OutPorts = 1>

State 52 <SV = 51> <Delay = 8.75>
ST_52 : Operation 180 [3/12] (8.75ns)   --->   "%div = fdiv i32 2, i32 %add2" [C:\scratch\2025.1\hls_product\640\2025.1\src\shared\hls\clib/hlsmath/include/FloatingPoint\hls_tanh.h:71]   --->   Operation 180 'fdiv' 'div' <Predicate = (!icmp_ln36 & !icmp_ln45 & !and_ln46 & and_ln51 & !icmp_ln54)> <Delay = 8.75> <CoreInst = "FDiv">   --->   Core 20 'FDiv' <Latency = 11> <II = 1> <Delay = 8.75> <FuncUnit> <Opcode : 'fdiv' 'frem'> <InPorts = 2> <OutPorts = 1>
ST_52 : Operation 181 [3/12] (8.75ns)   --->   "%resultf_1 = fdiv i32 %bitcast_ln66_1, i32 %add2" [C:\scratch\2025.1\hls_product\640\2025.1\src\shared\hls\clib/hlsmath/include/FloatingPoint\hls_tanh.h:66]   --->   Operation 181 'fdiv' 'resultf_1' <Predicate = (!icmp_ln36 & !icmp_ln45 & !and_ln46 & and_ln51 & icmp_ln54)> <Delay = 8.75> <CoreInst = "FDiv">   --->   Core 20 'FDiv' <Latency = 11> <II = 1> <Delay = 8.75> <FuncUnit> <Opcode : 'fdiv' 'frem'> <InPorts = 2> <OutPorts = 1>

State 53 <SV = 52> <Delay = 8.75>
ST_53 : Operation 182 [2/12] (8.75ns)   --->   "%div = fdiv i32 2, i32 %add2" [C:\scratch\2025.1\hls_product\640\2025.1\src\shared\hls\clib/hlsmath/include/FloatingPoint\hls_tanh.h:71]   --->   Operation 182 'fdiv' 'div' <Predicate = (!icmp_ln36 & !icmp_ln45 & !and_ln46 & and_ln51 & !icmp_ln54)> <Delay = 8.75> <CoreInst = "FDiv">   --->   Core 20 'FDiv' <Latency = 11> <II = 1> <Delay = 8.75> <FuncUnit> <Opcode : 'fdiv' 'frem'> <InPorts = 2> <OutPorts = 1>
ST_53 : Operation 183 [2/12] (8.75ns)   --->   "%resultf_1 = fdiv i32 %bitcast_ln66_1, i32 %add2" [C:\scratch\2025.1\hls_product\640\2025.1\src\shared\hls\clib/hlsmath/include/FloatingPoint\hls_tanh.h:66]   --->   Operation 183 'fdiv' 'resultf_1' <Predicate = (!icmp_ln36 & !icmp_ln45 & !and_ln46 & and_ln51 & icmp_ln54)> <Delay = 8.75> <CoreInst = "FDiv">   --->   Core 20 'FDiv' <Latency = 11> <II = 1> <Delay = 8.75> <FuncUnit> <Opcode : 'fdiv' 'frem'> <InPorts = 2> <OutPorts = 1>

State 54 <SV = 53> <Delay = 8.75>
ST_54 : Operation 184 [1/12] (8.75ns)   --->   "%div = fdiv i32 2, i32 %add2" [C:\scratch\2025.1\hls_product\640\2025.1\src\shared\hls\clib/hlsmath/include/FloatingPoint\hls_tanh.h:71]   --->   Operation 184 'fdiv' 'div' <Predicate = (!icmp_ln36 & !icmp_ln45 & !and_ln46 & and_ln51 & !icmp_ln54)> <Delay = 8.75> <CoreInst = "FDiv">   --->   Core 20 'FDiv' <Latency = 11> <II = 1> <Delay = 8.75> <FuncUnit> <Opcode : 'fdiv' 'frem'> <InPorts = 2> <OutPorts = 1>
ST_54 : Operation 185 [1/12] (8.75ns)   --->   "%resultf_1 = fdiv i32 %bitcast_ln66_1, i32 %add2" [C:\scratch\2025.1\hls_product\640\2025.1\src\shared\hls\clib/hlsmath/include/FloatingPoint\hls_tanh.h:66]   --->   Operation 185 'fdiv' 'resultf_1' <Predicate = (!icmp_ln36 & !icmp_ln45 & !and_ln46 & and_ln51 & icmp_ln54)> <Delay = 8.75> <CoreInst = "FDiv">   --->   Core 20 'FDiv' <Latency = 11> <II = 1> <Delay = 8.75> <FuncUnit> <Opcode : 'fdiv' 'frem'> <InPorts = 2> <OutPorts = 1>

State 55 <SV = 54> <Delay = 7.25>
ST_55 : Operation 186 [5/5] (7.25ns)   --->   "%resultf_2 = fsub i32 1, i32 %div" [C:\scratch\2025.1\hls_product\640\2025.1\src\shared\hls\clib/hlsmath/include/FloatingPoint\hls_tanh.h:71]   --->   Operation 186 'fsub' 'resultf_2' <Predicate = (!icmp_ln36 & !icmp_ln45 & !and_ln46 & and_ln51 & !icmp_ln54)> <Delay = 7.25> <CoreInst = "FAddSub_fulldsp">   --->   Core 18 'FAddSub_fulldsp' <Latency = 4> <II = 1> <Delay = 7.25> <FuncUnit> <Opcode : 'fadd' 'fsub'> <InPorts = 2> <OutPorts = 1>
ST_55 : Operation 187 [1/1] (1.94ns)   --->   "%br_ln67 = br void %if.end38" [C:\scratch\2025.1\hls_product\640\2025.1\src\shared\hls\clib/hlsmath/include/FloatingPoint\hls_tanh.h:67]   --->   Operation 187 'br' 'br_ln67' <Predicate = (!icmp_ln36 & !icmp_ln45 & !and_ln46 & and_ln51 & icmp_ln54)> <Delay = 1.94>

State 56 <SV = 55> <Delay = 7.25>
ST_56 : Operation 188 [4/5] (7.25ns)   --->   "%resultf_2 = fsub i32 1, i32 %div" [C:\scratch\2025.1\hls_product\640\2025.1\src\shared\hls\clib/hlsmath/include/FloatingPoint\hls_tanh.h:71]   --->   Operation 188 'fsub' 'resultf_2' <Predicate = (!icmp_ln36 & !icmp_ln45 & !and_ln46 & and_ln51 & !icmp_ln54)> <Delay = 7.25> <CoreInst = "FAddSub_fulldsp">   --->   Core 18 'FAddSub_fulldsp' <Latency = 4> <II = 1> <Delay = 7.25> <FuncUnit> <Opcode : 'fadd' 'fsub'> <InPorts = 2> <OutPorts = 1>

State 57 <SV = 56> <Delay = 7.25>
ST_57 : Operation 189 [3/5] (7.25ns)   --->   "%resultf_2 = fsub i32 1, i32 %div" [C:\scratch\2025.1\hls_product\640\2025.1\src\shared\hls\clib/hlsmath/include/FloatingPoint\hls_tanh.h:71]   --->   Operation 189 'fsub' 'resultf_2' <Predicate = (!icmp_ln36 & !icmp_ln45 & !and_ln46 & and_ln51 & !icmp_ln54)> <Delay = 7.25> <CoreInst = "FAddSub_fulldsp">   --->   Core 18 'FAddSub_fulldsp' <Latency = 4> <II = 1> <Delay = 7.25> <FuncUnit> <Opcode : 'fadd' 'fsub'> <InPorts = 2> <OutPorts = 1>

State 58 <SV = 57> <Delay = 7.25>
ST_58 : Operation 190 [2/5] (7.25ns)   --->   "%resultf_2 = fsub i32 1, i32 %div" [C:\scratch\2025.1\hls_product\640\2025.1\src\shared\hls\clib/hlsmath/include/FloatingPoint\hls_tanh.h:71]   --->   Operation 190 'fsub' 'resultf_2' <Predicate = (!icmp_ln36 & !icmp_ln45 & !and_ln46 & and_ln51 & !icmp_ln54)> <Delay = 7.25> <CoreInst = "FAddSub_fulldsp">   --->   Core 18 'FAddSub_fulldsp' <Latency = 4> <II = 1> <Delay = 7.25> <FuncUnit> <Opcode : 'fadd' 'fsub'> <InPorts = 2> <OutPorts = 1>

State 59 <SV = 58> <Delay = 7.25>
ST_59 : Operation 191 [1/5] (7.25ns)   --->   "%resultf_2 = fsub i32 1, i32 %div" [C:\scratch\2025.1\hls_product\640\2025.1\src\shared\hls\clib/hlsmath/include/FloatingPoint\hls_tanh.h:71]   --->   Operation 191 'fsub' 'resultf_2' <Predicate = (!icmp_ln36 & !icmp_ln45 & !and_ln46 & and_ln51 & !icmp_ln54)> <Delay = 7.25> <CoreInst = "FAddSub_fulldsp">   --->   Core 18 'FAddSub_fulldsp' <Latency = 4> <II = 1> <Delay = 7.25> <FuncUnit> <Opcode : 'fadd' 'fsub'> <InPorts = 2> <OutPorts = 1>

State 60 <SV = 59> <Delay = 2.92>
ST_60 : Operation 192 [1/1] (1.94ns)   --->   "%br_ln0 = br void %if.end38"   --->   Operation 192 'br' 'br_ln0' <Predicate = (!icmp_ln36 & !icmp_ln45 & !and_ln46 & and_ln51 & !icmp_ln54)> <Delay = 1.94>
ST_60 : Operation 193 [1/1] (0.69ns)   --->   "%select_ln38 = select i1 %icmp_ln38, i32 nan, i32 1" [C:\scratch\2025.1\hls_product\640\2025.1\src\shared\hls\clib/hlsmath/include/FloatingPoint\hls_tanh.h:38]   --->   Operation 193 'select' 'select_ln38' <Predicate = (icmp_ln36)> <Delay = 0.69> <CoreInst = "Sel">   --->   Core 73 'Sel' <Latency = 0> <II = 1> <Delay = 0.69> <FuncUnit> <Opcode : 'select'> <InPorts = 3> <OutPorts = 1>
ST_60 : Operation 194 [1/1] (0.00ns)   --->   "%resultf_3 = phi i32 %resultf, void %if.then12, i32 %resultf_1, void %if.then25, i32 %resultf_2, void %if.else28, i32 %select_ln38, void %if.then, i32 1, void %if.else13"   --->   Operation 194 'phi' 'resultf_3' <Predicate = true> <Delay = 0.00>
ST_60 : Operation 195 [1/1] (0.00ns)   --->   "%bitcast_ln83 = bitcast i32 %resultf_3" [C:\scratch\2025.1\hls_product\640\2025.1\src\shared\hls\clib/hlsmath/include/FloatingPoint\hls_tanh.h:83]   --->   Operation 195 'bitcast' 'bitcast_ln83' <Predicate = (din_sign)> <Delay = 0.00>
ST_60 : Operation 196 [1/1] (0.00ns) (grouped into LUT with out node select_ln79)   --->   "%bit_sel1 = bitselect i1 @_ssdm_op_BitSelect.i1.i32.i32, i32 %bitcast_ln83, i32 31" [C:\scratch\2025.1\hls_product\640\2025.1\src\shared\hls\clib/hlsmath/include/FloatingPoint\hls_tanh.h:83]   --->   Operation 196 'bitselect' 'bit_sel1' <Predicate = (din_sign)> <Delay = 0.00>
ST_60 : Operation 197 [1/1] (0.00ns) (grouped into LUT with out node select_ln79)   --->   "%xor_ln83 = xor i1 %bit_sel1, i1 1" [C:\scratch\2025.1\hls_product\640\2025.1\src\shared\hls\clib/hlsmath/include/FloatingPoint\hls_tanh.h:83]   --->   Operation 197 'xor' 'xor_ln83' <Predicate = (din_sign)> <Delay = 0.00> <CoreInst = "LogicGate">   --->   Core 74 'LogicGate' <Latency = 0> <II = 1> <Delay = 0.97> <FuncUnit> <Opcode : 'and' 'or' 'xor'> <InPorts = 2> <OutPorts = 1>
ST_60 : Operation 198 [1/1] (0.00ns) (grouped into LUT with out node select_ln79)   --->   "%trunc_ln83 = trunc i32 %bitcast_ln83" [C:\scratch\2025.1\hls_product\640\2025.1\src\shared\hls\clib/hlsmath/include/FloatingPoint\hls_tanh.h:83]   --->   Operation 198 'trunc' 'trunc_ln83' <Predicate = (din_sign)> <Delay = 0.00>
ST_60 : Operation 199 [1/1] (0.00ns) (grouped into LUT with out node select_ln79)   --->   "%xor_ln1 = bitconcatenate i32 @_ssdm_op_BitConcatenate.i32.i1.i31, i1 %xor_ln83, i31 %trunc_ln83" [C:\scratch\2025.1\hls_product\640\2025.1\src\shared\hls\clib/hlsmath/include/FloatingPoint\hls_tanh.h:83]   --->   Operation 199 'bitconcatenate' 'xor_ln1' <Predicate = (din_sign)> <Delay = 0.00>
ST_60 : Operation 200 [1/1] (0.00ns) (grouped into LUT with out node select_ln79)   --->   "%bitcast_ln83_1 = bitcast i32 %xor_ln1" [C:\scratch\2025.1\hls_product\640\2025.1\src\shared\hls\clib/hlsmath/include/FloatingPoint\hls_tanh.h:83]   --->   Operation 200 'bitcast' 'bitcast_ln83_1' <Predicate = (din_sign)> <Delay = 0.00>
ST_60 : Operation 201 [1/1] (0.97ns) (out node of the LUT)   --->   "%select_ln79 = select i1 %din_sign, i32 %bitcast_ln83_1, i32 %resultf_3" [C:\scratch\2025.1\hls_product\640\2025.1\src\shared\hls\clib/hlsmath/include/FloatingPoint\hls_tanh.h:79]   --->   Operation 201 'select' 'select_ln79' <Predicate = true> <Delay = 0.97> <CoreInst = "Sel">   --->   Core 73 'Sel' <Latency = 0> <II = 1> <Delay = 0.69> <FuncUnit> <Opcode : 'select'> <InPorts = 3> <OutPorts = 1>
ST_60 : Operation 202 [1/1] (0.00ns)   --->   "%ret_ln85 = ret i32 %select_ln79" [C:\scratch\2025.1\hls_product\640\2025.1\src\shared\hls\clib/hlsmath/include/FloatingPoint\hls_tanh.h:85]   --->   Operation 202 'ret' 'ret_ln85' <Predicate = true> <Delay = 0.00>


============================================================
+ Verbose Summary: Timing violations
============================================================
Target clock period: 12.000ns, clock uncertainty: 3.240ns.

 <State 1>: 7.256ns
The critical path consists of the following:
	wire read operation ('t_in', C:\scratch\2025.1\hls_product\640\2025.1\src\shared\hls\clib/hlsmath/include/FloatingPoint\hls_tanh.h:28) on port 't_in' (C:\scratch\2025.1\hls_product\640\2025.1\src\shared\hls\clib/hlsmath/include/FloatingPoint\hls_tanh.h:28) [5]  (0.000 ns)
	'fadd' operation 32 bit ('add', C:\scratch\2025.1\hls_product\640\2025.1\src\shared\hls\clib/hlsmath/include/FloatingPoint\hls_tanh.h:49) [68]  (7.256 ns)

 <State 2>: 8.355ns
The critical path consists of the following:
	'fcmp' operation 1 bit ('tmp_2', C:\scratch\2025.1\hls_product\640\2025.1\src\shared\hls\clib/hlsmath/include/FloatingPoint\hls_tanh.h:51) [27]  (5.431 ns)
	'and' operation 1 bit ('and_ln51', C:\scratch\2025.1\hls_product\640\2025.1\src\shared\hls\clib/hlsmath/include/FloatingPoint\hls_tanh.h:51) [28]  (0.978 ns)
	multiplexor before 'phi' operation 32 bit ('resultf') with incoming values : ('resultf', C:\scratch\2025.1\hls_product\640\2025.1\src\shared\hls\clib/hlsmath/include/FloatingPoint\hls_tanh.h:71) ('resultf', C:\scratch\2025.1\hls_product\640\2025.1\src\shared\hls\clib/hlsmath/include/FloatingPoint\hls_tanh.h:66) ('resultf', C:\scratch\2025.1\hls_product\640\2025.1\src\shared\hls\clib/hlsmath/include/FloatingPoint\hls_tanh.h:49) ('select_ln38', C:\scratch\2025.1\hls_product\640\2025.1\src\shared\hls\clib/hlsmath/include/FloatingPoint\hls_tanh.h:38) [76]  (1.946 ns)

 <State 3>: 7.256ns
The critical path consists of the following:
	'fadd' operation 32 bit ('add', C:\scratch\2025.1\hls_product\640\2025.1\src\shared\hls\clib/hlsmath/include/FloatingPoint\hls_tanh.h:49) [68]  (7.256 ns)

 <State 4>: 7.256ns
The critical path consists of the following:
	'fadd' operation 32 bit ('add', C:\scratch\2025.1\hls_product\640\2025.1\src\shared\hls\clib/hlsmath/include/FloatingPoint\hls_tanh.h:49) [68]  (7.256 ns)

 <State 5>: 7.256ns
The critical path consists of the following:
	'fadd' operation 32 bit ('add', C:\scratch\2025.1\hls_product\640\2025.1\src\shared\hls\clib/hlsmath/include/FloatingPoint\hls_tanh.h:49) [68]  (7.256 ns)

 <State 6>: 7.954ns
The critical path consists of the following:
	'fsub' operation 32 bit ('x', C:\scratch\2025.1\hls_product\640\2025.1\src\shared\hls\clib/hlsmath/include/FloatingPoint\hls_tanh.h:55) [34]  (7.256 ns)
	'select' operation 32 bit ('x', C:\scratch\2025.1\hls_product\640\2025.1\src\shared\hls\clib/hlsmath/include/FloatingPoint\hls_tanh.h:54) [36]  (0.698 ns)

 <State 7>: 5.702ns
The critical path consists of the following:
	'fmul' operation 32 bit ('resultf', C:\scratch\2025.1\hls_product\640\2025.1\src\shared\hls\clib/hlsmath/include/FloatingPoint\hls_tanh.h:49) [69]  (5.702 ns)

 <State 8>: 8.625ns
The critical path consists of the following:
	'fpext' operation 64 bit ('xd', C:\scratch\2025.1\hls_product\640\2025.1\src\shared\hls\clib\hlsmath\src\common\hls_exp_float.cpp:11->C:\scratch\2025.1\hls_product\640\2025.1\src\shared\hls\clib/hlsmath/include/FloatingPoint\hls_tanh.h:61) [45]  (4.436 ns)
	'call' operation 64 bit ('tmp_4', C:\scratch\2025.1\hls_product\640\2025.1\src\shared\hls\clib\hlsmath\src\common\hls_exp_float.cpp:12->C:\scratch\2025.1\hls_product\640\2025.1\src\shared\hls\clib/hlsmath/include/FloatingPoint\hls_tanh.h:61) to 'exp_generic<double>' [46]  (4.189 ns)

 <State 9>: 8.625ns
The critical path consists of the following:
	'call' operation 64 bit ('tmp_4', C:\scratch\2025.1\hls_product\640\2025.1\src\shared\hls\clib\hlsmath\src\common\hls_exp_float.cpp:12->C:\scratch\2025.1\hls_product\640\2025.1\src\shared\hls\clib/hlsmath/include/FloatingPoint\hls_tanh.h:61) to 'exp_generic<double>' [46]  (8.625 ns)

 <State 10>: 8.625ns
The critical path consists of the following:
	'call' operation 64 bit ('tmp_4', C:\scratch\2025.1\hls_product\640\2025.1\src\shared\hls\clib\hlsmath\src\common\hls_exp_float.cpp:12->C:\scratch\2025.1\hls_product\640\2025.1\src\shared\hls\clib/hlsmath/include/FloatingPoint\hls_tanh.h:61) to 'exp_generic<double>' [46]  (8.625 ns)

 <State 11>: 8.625ns
The critical path consists of the following:
	'call' operation 64 bit ('tmp_4', C:\scratch\2025.1\hls_product\640\2025.1\src\shared\hls\clib\hlsmath\src\common\hls_exp_float.cpp:12->C:\scratch\2025.1\hls_product\640\2025.1\src\shared\hls\clib/hlsmath/include/FloatingPoint\hls_tanh.h:61) to 'exp_generic<double>' [46]  (8.625 ns)

 <State 12>: 8.625ns
The critical path consists of the following:
	'call' operation 64 bit ('tmp_4', C:\scratch\2025.1\hls_product\640\2025.1\src\shared\hls\clib\hlsmath\src\common\hls_exp_float.cpp:12->C:\scratch\2025.1\hls_product\640\2025.1\src\shared\hls\clib/hlsmath/include/FloatingPoint\hls_tanh.h:61) to 'exp_generic<double>' [46]  (8.625 ns)

 <State 13>: 8.625ns
The critical path consists of the following:
	'call' operation 64 bit ('tmp_4', C:\scratch\2025.1\hls_product\640\2025.1\src\shared\hls\clib\hlsmath\src\common\hls_exp_float.cpp:12->C:\scratch\2025.1\hls_product\640\2025.1\src\shared\hls\clib/hlsmath/include/FloatingPoint\hls_tanh.h:61) to 'exp_generic<double>' [46]  (8.625 ns)

 <State 14>: 8.625ns
The critical path consists of the following:
	'call' operation 64 bit ('tmp_4', C:\scratch\2025.1\hls_product\640\2025.1\src\shared\hls\clib\hlsmath\src\common\hls_exp_float.cpp:12->C:\scratch\2025.1\hls_product\640\2025.1\src\shared\hls\clib/hlsmath/include/FloatingPoint\hls_tanh.h:61) to 'exp_generic<double>' [46]  (8.625 ns)

 <State 15>: 8.625ns
The critical path consists of the following:
	'call' operation 64 bit ('tmp_4', C:\scratch\2025.1\hls_product\640\2025.1\src\shared\hls\clib\hlsmath\src\common\hls_exp_float.cpp:12->C:\scratch\2025.1\hls_product\640\2025.1\src\shared\hls\clib/hlsmath/include/FloatingPoint\hls_tanh.h:61) to 'exp_generic<double>' [46]  (8.625 ns)

 <State 16>: 8.625ns
The critical path consists of the following:
	'call' operation 64 bit ('tmp_4', C:\scratch\2025.1\hls_product\640\2025.1\src\shared\hls\clib\hlsmath\src\common\hls_exp_float.cpp:12->C:\scratch\2025.1\hls_product\640\2025.1\src\shared\hls\clib/hlsmath/include/FloatingPoint\hls_tanh.h:61) to 'exp_generic<double>' [46]  (8.625 ns)

 <State 17>: 8.625ns
The critical path consists of the following:
	'call' operation 64 bit ('tmp_4', C:\scratch\2025.1\hls_product\640\2025.1\src\shared\hls\clib\hlsmath\src\common\hls_exp_float.cpp:12->C:\scratch\2025.1\hls_product\640\2025.1\src\shared\hls\clib/hlsmath/include/FloatingPoint\hls_tanh.h:61) to 'exp_generic<double>' [46]  (8.625 ns)

 <State 18>: 8.625ns
The critical path consists of the following:
	'call' operation 64 bit ('tmp_4', C:\scratch\2025.1\hls_product\640\2025.1\src\shared\hls\clib\hlsmath\src\common\hls_exp_float.cpp:12->C:\scratch\2025.1\hls_product\640\2025.1\src\shared\hls\clib/hlsmath/include/FloatingPoint\hls_tanh.h:61) to 'exp_generic<double>' [46]  (8.625 ns)

 <State 19>: 8.625ns
The critical path consists of the following:
	'call' operation 64 bit ('tmp_4', C:\scratch\2025.1\hls_product\640\2025.1\src\shared\hls\clib\hlsmath\src\common\hls_exp_float.cpp:12->C:\scratch\2025.1\hls_product\640\2025.1\src\shared\hls\clib/hlsmath/include/FloatingPoint\hls_tanh.h:61) to 'exp_generic<double>' [46]  (8.625 ns)

 <State 20>: 8.625ns
The critical path consists of the following:
	'call' operation 64 bit ('tmp_4', C:\scratch\2025.1\hls_product\640\2025.1\src\shared\hls\clib\hlsmath\src\common\hls_exp_float.cpp:12->C:\scratch\2025.1\hls_product\640\2025.1\src\shared\hls\clib/hlsmath/include/FloatingPoint\hls_tanh.h:61) to 'exp_generic<double>' [46]  (8.625 ns)

 <State 21>: 8.625ns
The critical path consists of the following:
	'call' operation 64 bit ('tmp_4', C:\scratch\2025.1\hls_product\640\2025.1\src\shared\hls\clib\hlsmath\src\common\hls_exp_float.cpp:12->C:\scratch\2025.1\hls_product\640\2025.1\src\shared\hls\clib/hlsmath/include/FloatingPoint\hls_tanh.h:61) to 'exp_generic<double>' [46]  (8.625 ns)

 <State 22>: 8.625ns
The critical path consists of the following:
	'call' operation 64 bit ('tmp_4', C:\scratch\2025.1\hls_product\640\2025.1\src\shared\hls\clib\hlsmath\src\common\hls_exp_float.cpp:12->C:\scratch\2025.1\hls_product\640\2025.1\src\shared\hls\clib/hlsmath/include/FloatingPoint\hls_tanh.h:61) to 'exp_generic<double>' [46]  (8.625 ns)

 <State 23>: 8.625ns
The critical path consists of the following:
	'call' operation 64 bit ('tmp_4', C:\scratch\2025.1\hls_product\640\2025.1\src\shared\hls\clib\hlsmath\src\common\hls_exp_float.cpp:12->C:\scratch\2025.1\hls_product\640\2025.1\src\shared\hls\clib/hlsmath/include/FloatingPoint\hls_tanh.h:61) to 'exp_generic<double>' [46]  (8.625 ns)

 <State 24>: 8.625ns
The critical path consists of the following:
	'call' operation 64 bit ('tmp_4', C:\scratch\2025.1\hls_product\640\2025.1\src\shared\hls\clib\hlsmath\src\common\hls_exp_float.cpp:12->C:\scratch\2025.1\hls_product\640\2025.1\src\shared\hls\clib/hlsmath/include/FloatingPoint\hls_tanh.h:61) to 'exp_generic<double>' [46]  (8.625 ns)

 <State 25>: 8.625ns
The critical path consists of the following:
	'call' operation 64 bit ('tmp_4', C:\scratch\2025.1\hls_product\640\2025.1\src\shared\hls\clib\hlsmath\src\common\hls_exp_float.cpp:12->C:\scratch\2025.1\hls_product\640\2025.1\src\shared\hls\clib/hlsmath/include/FloatingPoint\hls_tanh.h:61) to 'exp_generic<double>' [46]  (8.625 ns)

 <State 26>: 8.625ns
The critical path consists of the following:
	'call' operation 64 bit ('tmp_4', C:\scratch\2025.1\hls_product\640\2025.1\src\shared\hls\clib\hlsmath\src\common\hls_exp_float.cpp:12->C:\scratch\2025.1\hls_product\640\2025.1\src\shared\hls\clib/hlsmath/include/FloatingPoint\hls_tanh.h:61) to 'exp_generic<double>' [46]  (8.625 ns)

 <State 27>: 8.625ns
The critical path consists of the following:
	'call' operation 64 bit ('tmp_4', C:\scratch\2025.1\hls_product\640\2025.1\src\shared\hls\clib\hlsmath\src\common\hls_exp_float.cpp:12->C:\scratch\2025.1\hls_product\640\2025.1\src\shared\hls\clib/hlsmath/include/FloatingPoint\hls_tanh.h:61) to 'exp_generic<double>' [46]  (8.625 ns)

 <State 28>: 8.625ns
The critical path consists of the following:
	'call' operation 64 bit ('tmp_4', C:\scratch\2025.1\hls_product\640\2025.1\src\shared\hls\clib\hlsmath\src\common\hls_exp_float.cpp:12->C:\scratch\2025.1\hls_product\640\2025.1\src\shared\hls\clib/hlsmath/include/FloatingPoint\hls_tanh.h:61) to 'exp_generic<double>' [46]  (8.625 ns)

 <State 29>: 8.625ns
The critical path consists of the following:
	'call' operation 64 bit ('tmp_4', C:\scratch\2025.1\hls_product\640\2025.1\src\shared\hls\clib\hlsmath\src\common\hls_exp_float.cpp:12->C:\scratch\2025.1\hls_product\640\2025.1\src\shared\hls\clib/hlsmath/include/FloatingPoint\hls_tanh.h:61) to 'exp_generic<double>' [46]  (8.625 ns)

 <State 30>: 4.641ns
The critical path consists of the following:
	'call' operation 64 bit ('tmp_4', C:\scratch\2025.1\hls_product\640\2025.1\src\shared\hls\clib\hlsmath\src\common\hls_exp_float.cpp:12->C:\scratch\2025.1\hls_product\640\2025.1\src\shared\hls\clib/hlsmath/include/FloatingPoint\hls_tanh.h:61) to 'exp_generic<double>' [46]  (4.641 ns)

 <State 31>: 8.232ns
The critical path consists of the following:
	'dadd' operation 64 bit ('sub_i', C:\scratch\2025.1\hls_product\640\2025.1\src\shared\hls\clib\hlsmath\src\common\hls_exp_float.cpp:12->C:\scratch\2025.1\hls_product\640\2025.1\src\shared\hls\clib/hlsmath/include/FloatingPoint\hls_tanh.h:61) [47]  (8.232 ns)

 <State 32>: 8.232ns
The critical path consists of the following:
	'dadd' operation 64 bit ('sub_i', C:\scratch\2025.1\hls_product\640\2025.1\src\shared\hls\clib\hlsmath\src\common\hls_exp_float.cpp:12->C:\scratch\2025.1\hls_product\640\2025.1\src\shared\hls\clib/hlsmath/include/FloatingPoint\hls_tanh.h:61) [47]  (8.232 ns)

 <State 33>: 8.232ns
The critical path consists of the following:
	'dadd' operation 64 bit ('sub_i', C:\scratch\2025.1\hls_product\640\2025.1\src\shared\hls\clib\hlsmath\src\common\hls_exp_float.cpp:12->C:\scratch\2025.1\hls_product\640\2025.1\src\shared\hls\clib/hlsmath/include/FloatingPoint\hls_tanh.h:61) [47]  (8.232 ns)

 <State 34>: 8.232ns
The critical path consists of the following:
	'dadd' operation 64 bit ('sub_i', C:\scratch\2025.1\hls_product\640\2025.1\src\shared\hls\clib\hlsmath\src\common\hls_exp_float.cpp:12->C:\scratch\2025.1\hls_product\640\2025.1\src\shared\hls\clib/hlsmath/include/FloatingPoint\hls_tanh.h:61) [47]  (8.232 ns)

 <State 35>: 8.232ns
The critical path consists of the following:
	'dadd' operation 64 bit ('sub_i', C:\scratch\2025.1\hls_product\640\2025.1\src\shared\hls\clib\hlsmath\src\common\hls_exp_float.cpp:12->C:\scratch\2025.1\hls_product\640\2025.1\src\shared\hls\clib/hlsmath/include/FloatingPoint\hls_tanh.h:61) [47]  (8.232 ns)

 <State 36>: 5.202ns
The critical path consists of the following:
	'fptrunc' operation 32 bit ('conv6_i', C:\scratch\2025.1\hls_product\640\2025.1\src\shared\hls\clib\hlsmath\src\common\hls_exp_float.cpp:12->C:\scratch\2025.1\hls_product\640\2025.1\src\shared\hls\clib/hlsmath/include/FloatingPoint\hls_tanh.h:61) [48]  (5.202 ns)

 <State 37>: 5.202ns
The critical path consists of the following:
	'fptrunc' operation 32 bit ('conv6_i', C:\scratch\2025.1\hls_product\640\2025.1\src\shared\hls\clib\hlsmath\src\common\hls_exp_float.cpp:12->C:\scratch\2025.1\hls_product\640\2025.1\src\shared\hls\clib/hlsmath/include/FloatingPoint\hls_tanh.h:61) [48]  (5.202 ns)
	'phi' operation 32 bit ('dc') with incoming values : ('x', C:\scratch\2025.1\hls_product\640\2025.1\src\shared\hls\clib/hlsmath/include/FloatingPoint\hls_tanh.h:54) ('conv6_i', C:\scratch\2025.1\hls_product\640\2025.1\src\shared\hls\clib\hlsmath\src\common\hls_exp_float.cpp:12->C:\scratch\2025.1\hls_product\640\2025.1\src\shared\hls\clib/hlsmath/include/FloatingPoint\hls_tanh.h:61) [51]  (0.000 ns)

 <State 38>: 7.256ns
The critical path consists of the following:
	'fadd' operation 32 bit ('add2', C:\scratch\2025.1\hls_product\640\2025.1\src\shared\hls\clib/hlsmath/include/FloatingPoint\hls_tanh.h:71) [52]  (7.256 ns)

 <State 39>: 7.256ns
The critical path consists of the following:
	'fadd' operation 32 bit ('add2', C:\scratch\2025.1\hls_product\640\2025.1\src\shared\hls\clib/hlsmath/include/FloatingPoint\hls_tanh.h:71) [52]  (7.256 ns)

 <State 40>: 7.256ns
The critical path consists of the following:
	'fadd' operation 32 bit ('add2', C:\scratch\2025.1\hls_product\640\2025.1\src\shared\hls\clib/hlsmath/include/FloatingPoint\hls_tanh.h:71) [52]  (7.256 ns)

 <State 41>: 7.256ns
The critical path consists of the following:
	'fadd' operation 32 bit ('add2', C:\scratch\2025.1\hls_product\640\2025.1\src\shared\hls\clib/hlsmath/include/FloatingPoint\hls_tanh.h:71) [52]  (7.256 ns)

 <State 42>: 7.256ns
The critical path consists of the following:
	'fadd' operation 32 bit ('add2', C:\scratch\2025.1\hls_product\640\2025.1\src\shared\hls\clib/hlsmath/include/FloatingPoint\hls_tanh.h:71) [52]  (7.256 ns)

 <State 43>: 8.754ns
The critical path consists of the following:
	'fdiv' operation 32 bit ('div', C:\scratch\2025.1\hls_product\640\2025.1\src\shared\hls\clib/hlsmath/include/FloatingPoint\hls_tanh.h:71) [55]  (8.754 ns)

 <State 44>: 8.754ns
The critical path consists of the following:
	'fdiv' operation 32 bit ('div', C:\scratch\2025.1\hls_product\640\2025.1\src\shared\hls\clib/hlsmath/include/FloatingPoint\hls_tanh.h:71) [55]  (8.754 ns)

 <State 45>: 8.754ns
The critical path consists of the following:
	'fdiv' operation 32 bit ('div', C:\scratch\2025.1\hls_product\640\2025.1\src\shared\hls\clib/hlsmath/include/FloatingPoint\hls_tanh.h:71) [55]  (8.754 ns)

 <State 46>: 8.754ns
The critical path consists of the following:
	'fdiv' operation 32 bit ('div', C:\scratch\2025.1\hls_product\640\2025.1\src\shared\hls\clib/hlsmath/include/FloatingPoint\hls_tanh.h:71) [55]  (8.754 ns)

 <State 47>: 8.754ns
The critical path consists of the following:
	'fdiv' operation 32 bit ('div', C:\scratch\2025.1\hls_product\640\2025.1\src\shared\hls\clib/hlsmath/include/FloatingPoint\hls_tanh.h:71) [55]  (8.754 ns)

 <State 48>: 8.754ns
The critical path consists of the following:
	'fdiv' operation 32 bit ('div', C:\scratch\2025.1\hls_product\640\2025.1\src\shared\hls\clib/hlsmath/include/FloatingPoint\hls_tanh.h:71) [55]  (8.754 ns)

 <State 49>: 8.754ns
The critical path consists of the following:
	'fdiv' operation 32 bit ('div', C:\scratch\2025.1\hls_product\640\2025.1\src\shared\hls\clib/hlsmath/include/FloatingPoint\hls_tanh.h:71) [55]  (8.754 ns)

 <State 50>: 8.754ns
The critical path consists of the following:
	'fdiv' operation 32 bit ('div', C:\scratch\2025.1\hls_product\640\2025.1\src\shared\hls\clib/hlsmath/include/FloatingPoint\hls_tanh.h:71) [55]  (8.754 ns)

 <State 51>: 8.754ns
The critical path consists of the following:
	'fdiv' operation 32 bit ('div', C:\scratch\2025.1\hls_product\640\2025.1\src\shared\hls\clib/hlsmath/include/FloatingPoint\hls_tanh.h:71) [55]  (8.754 ns)

 <State 52>: 8.754ns
The critical path consists of the following:
	'fdiv' operation 32 bit ('div', C:\scratch\2025.1\hls_product\640\2025.1\src\shared\hls\clib/hlsmath/include/FloatingPoint\hls_tanh.h:71) [55]  (8.754 ns)

 <State 53>: 8.754ns
The critical path consists of the following:
	'fdiv' operation 32 bit ('div', C:\scratch\2025.1\hls_product\640\2025.1\src\shared\hls\clib/hlsmath/include/FloatingPoint\hls_tanh.h:71) [55]  (8.754 ns)

 <State 54>: 8.754ns
The critical path consists of the following:
	'fdiv' operation 32 bit ('div', C:\scratch\2025.1\hls_product\640\2025.1\src\shared\hls\clib/hlsmath/include/FloatingPoint\hls_tanh.h:71) [55]  (8.754 ns)

 <State 55>: 7.256ns
The critical path consists of the following:
	'fsub' operation 32 bit ('resultf', C:\scratch\2025.1\hls_product\640\2025.1\src\shared\hls\clib/hlsmath/include/FloatingPoint\hls_tanh.h:71) [56]  (7.256 ns)

 <State 56>: 7.256ns
The critical path consists of the following:
	'fsub' operation 32 bit ('resultf', C:\scratch\2025.1\hls_product\640\2025.1\src\shared\hls\clib/hlsmath/include/FloatingPoint\hls_tanh.h:71) [56]  (7.256 ns)

 <State 57>: 7.256ns
The critical path consists of the following:
	'fsub' operation 32 bit ('resultf', C:\scratch\2025.1\hls_product\640\2025.1\src\shared\hls\clib/hlsmath/include/FloatingPoint\hls_tanh.h:71) [56]  (7.256 ns)

 <State 58>: 7.256ns
The critical path consists of the following:
	'fsub' operation 32 bit ('resultf', C:\scratch\2025.1\hls_product\640\2025.1\src\shared\hls\clib/hlsmath/include/FloatingPoint\hls_tanh.h:71) [56]  (7.256 ns)

 <State 59>: 7.256ns
The critical path consists of the following:
	'fsub' operation 32 bit ('resultf', C:\scratch\2025.1\hls_product\640\2025.1\src\shared\hls\clib/hlsmath/include/FloatingPoint\hls_tanh.h:71) [56]  (7.256 ns)

 <State 60>: 2.924ns
The critical path consists of the following:
	multiplexor before 'phi' operation 32 bit ('resultf') with incoming values : ('resultf', C:\scratch\2025.1\hls_product\640\2025.1\src\shared\hls\clib/hlsmath/include/FloatingPoint\hls_tanh.h:71) ('resultf', C:\scratch\2025.1\hls_product\640\2025.1\src\shared\hls\clib/hlsmath/include/FloatingPoint\hls_tanh.h:66) ('resultf', C:\scratch\2025.1\hls_product\640\2025.1\src\shared\hls\clib/hlsmath/include/FloatingPoint\hls_tanh.h:49) ('select_ln38', C:\scratch\2025.1\hls_product\640\2025.1\src\shared\hls\clib/hlsmath/include/FloatingPoint\hls_tanh.h:38) [76]  (1.946 ns)
	'phi' operation 32 bit ('resultf') with incoming values : ('resultf', C:\scratch\2025.1\hls_product\640\2025.1\src\shared\hls\clib/hlsmath/include/FloatingPoint\hls_tanh.h:71) ('resultf', C:\scratch\2025.1\hls_product\640\2025.1\src\shared\hls\clib/hlsmath/include/FloatingPoint\hls_tanh.h:66) ('resultf', C:\scratch\2025.1\hls_product\640\2025.1\src\shared\hls\clib/hlsmath/include/FloatingPoint\hls_tanh.h:49) ('select_ln38', C:\scratch\2025.1\hls_product\640\2025.1\src\shared\hls\clib/hlsmath/include/FloatingPoint\hls_tanh.h:38) [76]  (0.000 ns)
	'select' operation 32 bit ('select_ln79', C:\scratch\2025.1\hls_product\640\2025.1\src\shared\hls\clib/hlsmath/include/FloatingPoint\hls_tanh.h:79) [83]  (0.978 ns)


============================================================
+ Verbose Summary: Binding
============================================================
N/A
* FSMD analyzer results:
  - Output states:
 - Input state : 
  - Chain level:
	State 1
	State 2
	State 3
	State 4
	State 5
	State 6
	State 7
	State 8
	State 9
	State 10
	State 11
	State 12
	State 13
	State 14
	State 15
	State 16
	State 17
	State 18
	State 19
	State 20
	State 21
	State 22
	State 23
	State 24
	State 25
	State 26
	State 27
	State 28
	State 29
	State 30
	State 31
	State 32
	State 33
	State 34
	State 35
	State 36
	State 37
	State 38
	State 39
	State 40
	State 41
	State 42
	State 43
	State 44
	State 45
	State 46
	State 47
	State 48
	State 49
	State 50
	State 51
	State 52
	State 53
	State 54
	State 55
	State 56
	State 57
	State 58
	State 59
	State 60


============================================================
+ Verbose Summary: Datapath Resource usage 
============================================================
N/A
