

================================================================
== Vitis HLS Report for 'LSTM_step_Pipeline_UPDATE'
================================================================
* Date:           Wed Jul 22 22:22:20 2026

* Version:        2025.1 (Build 6135595 on May 21 2025)
* Project:        LSTM
* Solution:       hls (Vivado IP Flow Target)
* Product family: zynq
* Target device:  xc7z020-clg400-1


================================================================
== Performance Estimates
================================================================
+ Timing: 
    * Summary: 
    +--------+----------+----------+------------+
    |  Clock |  Target  | Estimated| Uncertainty|
    +--------+----------+----------+------------+
    |ap_clk  |  12.00 ns|  8.754 ns|     3.24 ns|
    +--------+----------+----------+------------+

+ Latency: 
    * Summary: 
    +---------+---------+----------+----------+-----+-----+------------------------------------------------+
    |  Latency (cycles) |  Latency (absolute) |  Interval |                    Pipeline                    |
    |   min   |   max   |    min   |    max   | min | max |                      Type                      |
    +---------+---------+----------+----------+-----+-----+------------------------------------------------+
    |      109|      109|  1.308 us|  1.308 us|   33|   33|  loop auto-rewind stp (delay=0 clock cycles(s))|
    +---------+---------+----------+----------+-----+-----+------------------------------------------------+

    + Detail: 
        * Instance: 
        +---------------------------------+----------------------+---------+---------+----------+----------+-----+-----+---------+
        |                                 |                      |  Latency (cycles) |  Latency (absolute) |  Interval | Pipeline|
        |             Instance            |        Module        |   min   |   max   |    min   |    max   | min | max |   Type  |
        +---------------------------------+----------------------+---------+---------+----------+----------+-----+-----+---------+
        |grp_generic_tanh_float_s_fu_136  |generic_tanh_float_s  |       59|       59|  0.708 us|  0.708 us|    1|    1|      yes|
        +---------------------------------+----------------------+---------+---------+----------+----------+-----+-----+---------+

        * Loop: 
        +----------+---------+---------+----------+-----------+-----------+------+----------+
        |          |  Latency (cycles) | Iteration|  Initiation Interval  | Trip |          |
        | Loop Name|   min   |   max   |  Latency |  achieved |   target  | Count| Pipelined|
        +----------+---------+---------+----------+-----------+-----------+------+----------+
        |- UPDATE  |      107|      107|        77|          1|          1|    32|       yes|
        +----------+---------+---------+----------+-----------+-----------+------+----------+

============================================================
+ Verbose Summary: Synthesis Manager
============================================================
InlineROM: 1
ExposeGlobal: 0
============================================================
+ Verbose Summary: CDFG Model
============================================================
IsTopModel: 0
ResetActiveHigh: 1
IsCombinational: 0
IsDatapathOnly: 0
HasWiredReturn: 1
HasMFsm: 2
HasVarLatency: 1
IsPipeline: 0
IsRtlPipelined: 0
IsInstanceOverlapped: 0
IsDontTouch: 0
HasImplIP: 0
IsGatedGlobalClock: 0

+ Individual pipeline summary: 
  * Pipeline-0: initiation interval (II) = 1, depth = 77


============================================================
+ Verbose Summary: Schedule
============================================================
* Number of FSM states : 77
* Pipeline : 1
  Pipeline-0 : II = 1, D = 77, States = { 1 2 3 4 5 6 7 8 9 10 11 12 13 14 15 16 17 18 19 20 21 22 23 24 25 26 27 28 29 30 31 32 33 34 35 36 37 38 39 40 41 42 43 44 45 46 47 48 49 50 51 52 53 54 55 56 57 58 59 60 61 62 63 64 65 66 67 68 69 70 71 72 73 74 75 76 77 }
* Dataflow Pipeline: 0

* FSM state transitions: 
1 --> 2 
2 --> 3 
3 --> 4 
4 --> 5 
5 --> 6 
6 --> 7 
7 --> 8 
8 --> 9 
9 --> 10 
10 --> 11 
11 --> 12 
12 --> 13 
13 --> 14 
14 --> 15 
15 --> 16 
16 --> 17 
17 --> 18 
18 --> 19 
19 --> 20 
20 --> 21 
21 --> 22 
22 --> 23 
23 --> 24 
24 --> 25 
25 --> 26 
26 --> 27 
27 --> 28 
28 --> 29 
29 --> 30 
30 --> 31 
31 --> 32 
32 --> 33 
33 --> 34 
34 --> 35 
35 --> 36 
36 --> 37 
37 --> 38 
38 --> 39 
39 --> 40 
40 --> 41 
41 --> 42 
42 --> 43 
43 --> 44 
44 --> 45 
45 --> 46 
46 --> 47 
47 --> 48 
48 --> 49 
49 --> 50 
50 --> 51 
51 --> 52 
52 --> 53 
53 --> 54 
54 --> 55 
55 --> 56 
56 --> 57 
57 --> 58 
58 --> 59 
59 --> 60 
60 --> 61 
61 --> 62 
62 --> 63 
63 --> 64 
64 --> 65 
65 --> 66 
66 --> 67 
67 --> 68 
68 --> 69 
69 --> 70 
70 --> 71 
71 --> 72 
72 --> 73 
73 --> 74 
74 --> 75 
75 --> 76 
76 --> 77 
77 --> 

* FSM state operations: 

State 1 <SV = 0> <Delay = 5.00>
ST_1 : Operation 80 [1/1] (0.00ns)   --->   "%j = alloca i32 1" [LSTM.cpp:48]   --->   Operation 80 'alloca' 'j' <Predicate = true> <Delay = 0.00>
ST_1 : Operation 81 [1/1] (0.00ns)   --->   "%specinterface_ln0 = specinterface void @_ssdm_op_SpecInterface, i32 %h, void @empty, i32 0, i32 0, void @empty_0, i32 4294967295, i32 0, void @empty_0, void @empty_0, void @empty_0, i32 0, i32 0, i32 0, i32 0, void @empty_0, void @empty_0, i32 4294967295, i32 0, i32 0"   --->   Operation 81 'specinterface' 'specinterface_ln0' <Predicate = true> <Delay = 0.00>
ST_1 : Operation 82 [1/1] (0.00ns)   --->   "%specinterface_ln0 = specinterface void @_ssdm_op_SpecInterface, i32 %c, void @empty, i32 0, i32 0, void @empty_0, i32 4294967295, i32 0, void @empty_0, void @empty_0, void @empty_0, i32 0, i32 0, i32 0, i32 0, void @empty_0, void @empty_0, i32 4294967295, i32 0, i32 0"   --->   Operation 82 'specinterface' 'specinterface_ln0' <Predicate = true> <Delay = 0.00>
ST_1 : Operation 83 [1/1] (1.58ns)   --->   "%store_ln48 = store i6 0, i6 %j" [LSTM.cpp:48]   --->   Operation 83 'store' 'store_ln48' <Predicate = true> <Delay = 1.58>
ST_1 : Operation 84 [1/1] (0.00ns)   --->   "%br_ln0 = br void %for.inc168"   --->   Operation 84 'br' 'br_ln0' <Predicate = true> <Delay = 0.00>
ST_1 : Operation 85 [1/1] (0.00ns)   --->   "%j_1 = load i6 %j" [LSTM.cpp:48]   --->   Operation 85 'load' 'j_1' <Predicate = true> <Delay = 0.00>
ST_1 : Operation 86 [1/1] (1.82ns)   --->   "%icmp_ln48 = icmp_eq  i6 %j_1, i6 32" [LSTM.cpp:48]   --->   Operation 86 'icmp' 'icmp_ln48' <Predicate = true> <Delay = 1.82> <CoreInst = "Cmp">   --->   Core 9 'Cmp' <Latency = 0> <II = 1> <Delay = 1.82> <FuncUnit> <Opcode : 'seteq' 'setne' 'setle' 'setge' 'setlt' 'setgt'> <InPorts = 2> <OutPorts = 1>
ST_1 : Operation 87 [1/1] (1.82ns)   --->   "%add_ln48 = add i6 %j_1, i6 1" [LSTM.cpp:48]   --->   Operation 87 'add' 'add_ln48' <Predicate = true> <Delay = 1.82> <CoreInst = "Adder">   --->   Core 1 'Adder' <Latency = 0> <II = 1> <Delay = 1.82> <FuncUnit> <Opcode : 'add' 'sub'> <InPorts = 2> <OutPorts = 1>
ST_1 : Operation 88 [1/1] (0.00ns)   --->   "%br_ln48 = br i1 %icmp_ln48, void %for.inc168.split, void %for.end170.exitStub" [LSTM.cpp:48]   --->   Operation 88 'br' 'br_ln48' <Predicate = true> <Delay = 0.00>
ST_1 : Operation 89 [1/1] (0.00ns)   --->   "%zext_ln48 = zext i6 %j_1" [LSTM.cpp:48]   --->   Operation 89 'zext' 'zext_ln48' <Predicate = (!icmp_ln48)> <Delay = 0.00>
ST_1 : Operation 90 [1/1] (0.00ns)   --->   "%f_addr = getelementptr i32 %f, i64 0, i64 %zext_ln48" [LSTM.cpp:49]   --->   Operation 90 'getelementptr' 'f_addr' <Predicate = (!icmp_ln48)> <Delay = 0.00>
ST_1 : Operation 91 [2/2] (3.25ns)   --->   "%f_load = load i5 %f_addr" [LSTM.cpp:49]   --->   Operation 91 'load' 'f_load' <Predicate = (!icmp_ln48)> <Delay = 3.25> <CoreInst = "RAM">   --->   Core 81 'RAM' <Latency = 1> <II = 1> <Delay = 3.25> <Storage> <Opcode : 'load' 'store'> <Ports = 2> <Width = 32> <Depth = 32> <RAM>
ST_1 : Operation 92 [1/1] (0.00ns)   --->   "%c_addr = getelementptr i32 %c, i64 0, i64 %zext_ln48" [LSTM.cpp:49]   --->   Operation 92 'getelementptr' 'c_addr' <Predicate = (!icmp_ln48)> <Delay = 0.00>
ST_1 : Operation 93 [2/2] (3.25ns)   --->   "%c_load = load i5 %c_addr" [LSTM.cpp:49]   --->   Operation 93 'load' 'c_load' <Predicate = (!icmp_ln48)> <Delay = 3.25> <CoreInst = "RAM">   --->   Core 81 'RAM' <Latency = 1> <II = 1> <Delay = 3.25> <Storage> <Opcode : 'load' 'store'> <Ports = 2> <Width = 32> <Depth = 32> <RAM>
ST_1 : Operation 94 [1/1] (0.00ns)   --->   "%i_addr = getelementptr i32 %i, i64 0, i64 %zext_ln48" [LSTM.cpp:49]   --->   Operation 94 'getelementptr' 'i_addr' <Predicate = (!icmp_ln48)> <Delay = 0.00>
ST_1 : Operation 95 [2/2] (3.25ns)   --->   "%i_load = load i5 %i_addr" [LSTM.cpp:49]   --->   Operation 95 'load' 'i_load' <Predicate = (!icmp_ln48)> <Delay = 3.25> <CoreInst = "RAM">   --->   Core 81 'RAM' <Latency = 1> <II = 1> <Delay = 3.25> <Storage> <Opcode : 'load' 'store'> <Ports = 2> <Width = 32> <Depth = 32> <RAM>
ST_1 : Operation 96 [1/1] (0.00ns)   --->   "%g_addr = getelementptr i32 %g, i64 0, i64 %zext_ln48" [LSTM.cpp:49]   --->   Operation 96 'getelementptr' 'g_addr' <Predicate = (!icmp_ln48)> <Delay = 0.00>
ST_1 : Operation 97 [2/2] (3.25ns)   --->   "%g_load = load i5 %g_addr" [LSTM.cpp:49]   --->   Operation 97 'load' 'g_load' <Predicate = (!icmp_ln48)> <Delay = 3.25> <CoreInst = "RAM">   --->   Core 81 'RAM' <Latency = 1> <II = 1> <Delay = 3.25> <Storage> <Opcode : 'load' 'store'> <Ports = 2> <Width = 32> <Depth = 32> <RAM>
ST_1 : Operation 98 [1/1] (1.58ns)   --->   "%store_ln48 = store i6 %add_ln48, i6 %j" [LSTM.cpp:48]   --->   Operation 98 'store' 'store_ln48' <Predicate = (!icmp_ln48)> <Delay = 1.58>

State 2 <SV = 1> <Delay = 3.25>
ST_2 : Operation 99 [1/2] ( I:3.25ns O:3.25ns )   --->   "%f_load = load i5 %f_addr" [LSTM.cpp:49]   --->   Operation 99 'load' 'f_load' <Predicate = true> <Delay = 3.25> <CoreInst = "RAM">   --->   Core 81 'RAM' <Latency = 1> <II = 1> <Delay = 3.25> <Storage> <Opcode : 'load' 'store'> <Ports = 2> <Width = 32> <Depth = 32> <RAM>
ST_2 : Operation 100 [1/2] ( I:3.25ns O:3.25ns )   --->   "%c_load = load i5 %c_addr" [LSTM.cpp:49]   --->   Operation 100 'load' 'c_load' <Predicate = true> <Delay = 3.25> <CoreInst = "RAM">   --->   Core 81 'RAM' <Latency = 1> <II = 1> <Delay = 3.25> <Storage> <Opcode : 'load' 'store'> <Ports = 2> <Width = 32> <Depth = 32> <RAM>
ST_2 : Operation 101 [1/2] ( I:3.25ns O:3.25ns )   --->   "%i_load = load i5 %i_addr" [LSTM.cpp:49]   --->   Operation 101 'load' 'i_load' <Predicate = true> <Delay = 3.25> <CoreInst = "RAM">   --->   Core 81 'RAM' <Latency = 1> <II = 1> <Delay = 3.25> <Storage> <Opcode : 'load' 'store'> <Ports = 2> <Width = 32> <Depth = 32> <RAM>
ST_2 : Operation 102 [1/2] ( I:3.25ns O:3.25ns )   --->   "%g_load = load i5 %g_addr" [LSTM.cpp:49]   --->   Operation 102 'load' 'g_load' <Predicate = true> <Delay = 3.25> <CoreInst = "RAM">   --->   Core 81 'RAM' <Latency = 1> <II = 1> <Delay = 3.25> <Storage> <Opcode : 'load' 'store'> <Ports = 2> <Width = 32> <Depth = 32> <RAM>

State 3 <SV = 2> <Delay = 5.70>
ST_3 : Operation 103 [1/1] (0.00ns)   --->   "%bitcast_ln49 = bitcast i32 %c_load" [LSTM.cpp:49]   --->   Operation 103 'bitcast' 'bitcast_ln49' <Predicate = true> <Delay = 0.00>
ST_3 : Operation 104 [4/4] (5.70ns)   --->   "%mul8 = fmul i32 %f_load, i32 %bitcast_ln49" [LSTM.cpp:49]   --->   Operation 104 'fmul' 'mul8' <Predicate = true> <Delay = 5.70> <CoreInst = "FMul_maxdsp">   --->   Core 30 'FMul_maxdsp' <Latency = 3> <II = 1> <Delay = 5.70> <FuncUnit> <Opcode : 'fmul'> <InPorts = 2> <OutPorts = 1>
ST_3 : Operation 105 [4/4] (5.70ns)   --->   "%mul9 = fmul i32 %i_load, i32 %g_load" [LSTM.cpp:49]   --->   Operation 105 'fmul' 'mul9' <Predicate = true> <Delay = 5.70> <CoreInst = "FMul_maxdsp">   --->   Core 30 'FMul_maxdsp' <Latency = 3> <II = 1> <Delay = 5.70> <FuncUnit> <Opcode : 'fmul'> <InPorts = 2> <OutPorts = 1>

State 4 <SV = 3> <Delay = 5.70>
ST_4 : Operation 106 [3/4] (5.70ns)   --->   "%mul8 = fmul i32 %f_load, i32 %bitcast_ln49" [LSTM.cpp:49]   --->   Operation 106 'fmul' 'mul8' <Predicate = true> <Delay = 5.70> <CoreInst = "FMul_maxdsp">   --->   Core 30 'FMul_maxdsp' <Latency = 3> <II = 1> <Delay = 5.70> <FuncUnit> <Opcode : 'fmul'> <InPorts = 2> <OutPorts = 1>
ST_4 : Operation 107 [3/4] (5.70ns)   --->   "%mul9 = fmul i32 %i_load, i32 %g_load" [LSTM.cpp:49]   --->   Operation 107 'fmul' 'mul9' <Predicate = true> <Delay = 5.70> <CoreInst = "FMul_maxdsp">   --->   Core 30 'FMul_maxdsp' <Latency = 3> <II = 1> <Delay = 5.70> <FuncUnit> <Opcode : 'fmul'> <InPorts = 2> <OutPorts = 1>

State 5 <SV = 4> <Delay = 5.70>
ST_5 : Operation 108 [2/4] (5.70ns)   --->   "%mul8 = fmul i32 %f_load, i32 %bitcast_ln49" [LSTM.cpp:49]   --->   Operation 108 'fmul' 'mul8' <Predicate = true> <Delay = 5.70> <CoreInst = "FMul_maxdsp">   --->   Core 30 'FMul_maxdsp' <Latency = 3> <II = 1> <Delay = 5.70> <FuncUnit> <Opcode : 'fmul'> <InPorts = 2> <OutPorts = 1>
ST_5 : Operation 109 [2/4] (5.70ns)   --->   "%mul9 = fmul i32 %i_load, i32 %g_load" [LSTM.cpp:49]   --->   Operation 109 'fmul' 'mul9' <Predicate = true> <Delay = 5.70> <CoreInst = "FMul_maxdsp">   --->   Core 30 'FMul_maxdsp' <Latency = 3> <II = 1> <Delay = 5.70> <FuncUnit> <Opcode : 'fmul'> <InPorts = 2> <OutPorts = 1>

State 6 <SV = 5> <Delay = 5.70>
ST_6 : Operation 110 [1/4] (5.70ns)   --->   "%mul8 = fmul i32 %f_load, i32 %bitcast_ln49" [LSTM.cpp:49]   --->   Operation 110 'fmul' 'mul8' <Predicate = true> <Delay = 5.70> <CoreInst = "FMul_maxdsp">   --->   Core 30 'FMul_maxdsp' <Latency = 3> <II = 1> <Delay = 5.70> <FuncUnit> <Opcode : 'fmul'> <InPorts = 2> <OutPorts = 1>
ST_6 : Operation 111 [1/4] (5.70ns)   --->   "%mul9 = fmul i32 %i_load, i32 %g_load" [LSTM.cpp:49]   --->   Operation 111 'fmul' 'mul9' <Predicate = true> <Delay = 5.70> <CoreInst = "FMul_maxdsp">   --->   Core 30 'FMul_maxdsp' <Latency = 3> <II = 1> <Delay = 5.70> <FuncUnit> <Opcode : 'fmul'> <InPorts = 2> <OutPorts = 1>

State 7 <SV = 6> <Delay = 7.25>
ST_7 : Operation 112 [5/5] (7.25ns)   --->   "%x_assign_7 = fadd i32 %mul8, i32 %mul9" [LSTM.cpp:49]   --->   Operation 112 'fadd' 'x_assign_7' <Predicate = true> <Delay = 7.25> <CoreInst = "FAddSub_fulldsp">   --->   Core 18 'FAddSub_fulldsp' <Latency = 4> <II = 1> <Delay = 7.25> <FuncUnit> <Opcode : 'fadd' 'fsub'> <InPorts = 2> <OutPorts = 1>

State 8 <SV = 7> <Delay = 7.25>
ST_8 : Operation 113 [4/5] (7.25ns)   --->   "%x_assign_7 = fadd i32 %mul8, i32 %mul9" [LSTM.cpp:49]   --->   Operation 113 'fadd' 'x_assign_7' <Predicate = true> <Delay = 7.25> <CoreInst = "FAddSub_fulldsp">   --->   Core 18 'FAddSub_fulldsp' <Latency = 4> <II = 1> <Delay = 7.25> <FuncUnit> <Opcode : 'fadd' 'fsub'> <InPorts = 2> <OutPorts = 1>

State 9 <SV = 8> <Delay = 7.25>
ST_9 : Operation 114 [3/5] (7.25ns)   --->   "%x_assign_7 = fadd i32 %mul8, i32 %mul9" [LSTM.cpp:49]   --->   Operation 114 'fadd' 'x_assign_7' <Predicate = true> <Delay = 7.25> <CoreInst = "FAddSub_fulldsp">   --->   Core 18 'FAddSub_fulldsp' <Latency = 4> <II = 1> <Delay = 7.25> <FuncUnit> <Opcode : 'fadd' 'fsub'> <InPorts = 2> <OutPorts = 1>

State 10 <SV = 9> <Delay = 7.25>
ST_10 : Operation 115 [2/5] (7.25ns)   --->   "%x_assign_7 = fadd i32 %mul8, i32 %mul9" [LSTM.cpp:49]   --->   Operation 115 'fadd' 'x_assign_7' <Predicate = true> <Delay = 7.25> <CoreInst = "FAddSub_fulldsp">   --->   Core 18 'FAddSub_fulldsp' <Latency = 4> <II = 1> <Delay = 7.25> <FuncUnit> <Opcode : 'fadd' 'fsub'> <InPorts = 2> <OutPorts = 1>

State 11 <SV = 10> <Delay = 7.25>
ST_11 : Operation 116 [1/5] (7.25ns)   --->   "%x_assign_7 = fadd i32 %mul8, i32 %mul9" [LSTM.cpp:49]   --->   Operation 116 'fadd' 'x_assign_7' <Predicate = true> <Delay = 7.25> <CoreInst = "FAddSub_fulldsp">   --->   Core 18 'FAddSub_fulldsp' <Latency = 4> <II = 1> <Delay = 7.25> <FuncUnit> <Opcode : 'fadd' 'fsub'> <InPorts = 2> <OutPorts = 1>

State 12 <SV = 11> <Delay = 7.25>
ST_12 : Operation 117 [1/1] (0.00ns)   --->   "%bitcast_ln49_1 = bitcast i32 %x_assign_7" [LSTM.cpp:49]   --->   Operation 117 'bitcast' 'bitcast_ln49_1' <Predicate = true> <Delay = 0.00>
ST_12 : Operation 118 [1/1] ( I:3.25ns O:3.25ns )   --->   "%store_ln49 = store i32 %bitcast_ln49_1, i5 %c_addr" [LSTM.cpp:49]   --->   Operation 118 'store' 'store_ln49' <Predicate = true> <Delay = 3.25> <CoreInst = "RAM">   --->   Core 81 'RAM' <Latency = 1> <II = 1> <Delay = 3.25> <Storage> <Opcode : 'load' 'store'> <Ports = 2> <Width = 32> <Depth = 32> <RAM>
ST_12 : Operation 119 [61/61] (7.25ns)   --->   "%tmp_9 = call i32 @generic_tanh<float>, i32 %x_assign_7, i58 %table_exp_Z1_ap_ufixed_58_1_ap_q_mode_5_ap_o_mode_3_0_array, i26 %table_f_Z3_ap_ufixed_59_0_ap_q_mode_5_ap_o_mode_3_0_array, i42 %table_f_Z2_ap_ufixed_59_0_ap_q_mode_5_ap_o_mode_3_0_array" [C:\scratch\2025.1\hls_product\640\2025.1\src\shared\hls\clib\hlsmath\src\c++\tanhfloat.cpp:7->LSTM.cpp:50]   --->   Operation 119 'call' 'tmp_9' <Predicate = (!icmp_ln48)> <Delay = 7.25> <CoreType = "Generic">   --->   Generic Core

State 13 <SV = 12> <Delay = 8.75>
ST_13 : Operation 120 [60/61] (8.75ns)   --->   "%tmp_9 = call i32 @generic_tanh<float>, i32 %x_assign_7, i58 %table_exp_Z1_ap_ufixed_58_1_ap_q_mode_5_ap_o_mode_3_0_array, i26 %table_f_Z3_ap_ufixed_59_0_ap_q_mode_5_ap_o_mode_3_0_array, i42 %table_f_Z2_ap_ufixed_59_0_ap_q_mode_5_ap_o_mode_3_0_array" [C:\scratch\2025.1\hls_product\640\2025.1\src\shared\hls\clib\hlsmath\src\c++\tanhfloat.cpp:7->LSTM.cpp:50]   --->   Operation 120 'call' 'tmp_9' <Predicate = (!icmp_ln48)> <Delay = 8.75> <CoreType = "Generic">   --->   Generic Core

State 14 <SV = 13> <Delay = 8.75>
ST_14 : Operation 121 [59/61] (8.75ns)   --->   "%tmp_9 = call i32 @generic_tanh<float>, i32 %x_assign_7, i58 %table_exp_Z1_ap_ufixed_58_1_ap_q_mode_5_ap_o_mode_3_0_array, i26 %table_f_Z3_ap_ufixed_59_0_ap_q_mode_5_ap_o_mode_3_0_array, i42 %table_f_Z2_ap_ufixed_59_0_ap_q_mode_5_ap_o_mode_3_0_array" [C:\scratch\2025.1\hls_product\640\2025.1\src\shared\hls\clib\hlsmath\src\c++\tanhfloat.cpp:7->LSTM.cpp:50]   --->   Operation 121 'call' 'tmp_9' <Predicate = (!icmp_ln48)> <Delay = 8.75> <CoreType = "Generic">   --->   Generic Core

State 15 <SV = 14> <Delay = 8.75>
ST_15 : Operation 122 [58/61] (8.75ns)   --->   "%tmp_9 = call i32 @generic_tanh<float>, i32 %x_assign_7, i58 %table_exp_Z1_ap_ufixed_58_1_ap_q_mode_5_ap_o_mode_3_0_array, i26 %table_f_Z3_ap_ufixed_59_0_ap_q_mode_5_ap_o_mode_3_0_array, i42 %table_f_Z2_ap_ufixed_59_0_ap_q_mode_5_ap_o_mode_3_0_array" [C:\scratch\2025.1\hls_product\640\2025.1\src\shared\hls\clib\hlsmath\src\c++\tanhfloat.cpp:7->LSTM.cpp:50]   --->   Operation 122 'call' 'tmp_9' <Predicate = (!icmp_ln48)> <Delay = 8.75> <CoreType = "Generic">   --->   Generic Core

State 16 <SV = 15> <Delay = 8.75>
ST_16 : Operation 123 [57/61] (8.75ns)   --->   "%tmp_9 = call i32 @generic_tanh<float>, i32 %x_assign_7, i58 %table_exp_Z1_ap_ufixed_58_1_ap_q_mode_5_ap_o_mode_3_0_array, i26 %table_f_Z3_ap_ufixed_59_0_ap_q_mode_5_ap_o_mode_3_0_array, i42 %table_f_Z2_ap_ufixed_59_0_ap_q_mode_5_ap_o_mode_3_0_array" [C:\scratch\2025.1\hls_product\640\2025.1\src\shared\hls\clib\hlsmath\src\c++\tanhfloat.cpp:7->LSTM.cpp:50]   --->   Operation 123 'call' 'tmp_9' <Predicate = (!icmp_ln48)> <Delay = 8.75> <CoreType = "Generic">   --->   Generic Core

State 17 <SV = 16> <Delay = 8.75>
ST_17 : Operation 124 [56/61] (8.75ns)   --->   "%tmp_9 = call i32 @generic_tanh<float>, i32 %x_assign_7, i58 %table_exp_Z1_ap_ufixed_58_1_ap_q_mode_5_ap_o_mode_3_0_array, i26 %table_f_Z3_ap_ufixed_59_0_ap_q_mode_5_ap_o_mode_3_0_array, i42 %table_f_Z2_ap_ufixed_59_0_ap_q_mode_5_ap_o_mode_3_0_array" [C:\scratch\2025.1\hls_product\640\2025.1\src\shared\hls\clib\hlsmath\src\c++\tanhfloat.cpp:7->LSTM.cpp:50]   --->   Operation 124 'call' 'tmp_9' <Predicate = (!icmp_ln48)> <Delay = 8.75> <CoreType = "Generic">   --->   Generic Core

State 18 <SV = 17> <Delay = 8.75>
ST_18 : Operation 125 [55/61] (8.75ns)   --->   "%tmp_9 = call i32 @generic_tanh<float>, i32 %x_assign_7, i58 %table_exp_Z1_ap_ufixed_58_1_ap_q_mode_5_ap_o_mode_3_0_array, i26 %table_f_Z3_ap_ufixed_59_0_ap_q_mode_5_ap_o_mode_3_0_array, i42 %table_f_Z2_ap_ufixed_59_0_ap_q_mode_5_ap_o_mode_3_0_array" [C:\scratch\2025.1\hls_product\640\2025.1\src\shared\hls\clib\hlsmath\src\c++\tanhfloat.cpp:7->LSTM.cpp:50]   --->   Operation 125 'call' 'tmp_9' <Predicate = (!icmp_ln48)> <Delay = 8.75> <CoreType = "Generic">   --->   Generic Core

State 19 <SV = 18> <Delay = 8.75>
ST_19 : Operation 126 [54/61] (8.75ns)   --->   "%tmp_9 = call i32 @generic_tanh<float>, i32 %x_assign_7, i58 %table_exp_Z1_ap_ufixed_58_1_ap_q_mode_5_ap_o_mode_3_0_array, i26 %table_f_Z3_ap_ufixed_59_0_ap_q_mode_5_ap_o_mode_3_0_array, i42 %table_f_Z2_ap_ufixed_59_0_ap_q_mode_5_ap_o_mode_3_0_array" [C:\scratch\2025.1\hls_product\640\2025.1\src\shared\hls\clib\hlsmath\src\c++\tanhfloat.cpp:7->LSTM.cpp:50]   --->   Operation 126 'call' 'tmp_9' <Predicate = (!icmp_ln48)> <Delay = 8.75> <CoreType = "Generic">   --->   Generic Core

State 20 <SV = 19> <Delay = 8.75>
ST_20 : Operation 127 [53/61] (8.75ns)   --->   "%tmp_9 = call i32 @generic_tanh<float>, i32 %x_assign_7, i58 %table_exp_Z1_ap_ufixed_58_1_ap_q_mode_5_ap_o_mode_3_0_array, i26 %table_f_Z3_ap_ufixed_59_0_ap_q_mode_5_ap_o_mode_3_0_array, i42 %table_f_Z2_ap_ufixed_59_0_ap_q_mode_5_ap_o_mode_3_0_array" [C:\scratch\2025.1\hls_product\640\2025.1\src\shared\hls\clib\hlsmath\src\c++\tanhfloat.cpp:7->LSTM.cpp:50]   --->   Operation 127 'call' 'tmp_9' <Predicate = (!icmp_ln48)> <Delay = 8.75> <CoreType = "Generic">   --->   Generic Core

State 21 <SV = 20> <Delay = 8.75>
ST_21 : Operation 128 [52/61] (8.75ns)   --->   "%tmp_9 = call i32 @generic_tanh<float>, i32 %x_assign_7, i58 %table_exp_Z1_ap_ufixed_58_1_ap_q_mode_5_ap_o_mode_3_0_array, i26 %table_f_Z3_ap_ufixed_59_0_ap_q_mode_5_ap_o_mode_3_0_array, i42 %table_f_Z2_ap_ufixed_59_0_ap_q_mode_5_ap_o_mode_3_0_array" [C:\scratch\2025.1\hls_product\640\2025.1\src\shared\hls\clib\hlsmath\src\c++\tanhfloat.cpp:7->LSTM.cpp:50]   --->   Operation 128 'call' 'tmp_9' <Predicate = (!icmp_ln48)> <Delay = 8.75> <CoreType = "Generic">   --->   Generic Core

State 22 <SV = 21> <Delay = 8.75>
ST_22 : Operation 129 [51/61] (8.75ns)   --->   "%tmp_9 = call i32 @generic_tanh<float>, i32 %x_assign_7, i58 %table_exp_Z1_ap_ufixed_58_1_ap_q_mode_5_ap_o_mode_3_0_array, i26 %table_f_Z3_ap_ufixed_59_0_ap_q_mode_5_ap_o_mode_3_0_array, i42 %table_f_Z2_ap_ufixed_59_0_ap_q_mode_5_ap_o_mode_3_0_array" [C:\scratch\2025.1\hls_product\640\2025.1\src\shared\hls\clib\hlsmath\src\c++\tanhfloat.cpp:7->LSTM.cpp:50]   --->   Operation 129 'call' 'tmp_9' <Predicate = (!icmp_ln48)> <Delay = 8.75> <CoreType = "Generic">   --->   Generic Core

State 23 <SV = 22> <Delay = 8.75>
ST_23 : Operation 130 [50/61] (8.75ns)   --->   "%tmp_9 = call i32 @generic_tanh<float>, i32 %x_assign_7, i58 %table_exp_Z1_ap_ufixed_58_1_ap_q_mode_5_ap_o_mode_3_0_array, i26 %table_f_Z3_ap_ufixed_59_0_ap_q_mode_5_ap_o_mode_3_0_array, i42 %table_f_Z2_ap_ufixed_59_0_ap_q_mode_5_ap_o_mode_3_0_array" [C:\scratch\2025.1\hls_product\640\2025.1\src\shared\hls\clib\hlsmath\src\c++\tanhfloat.cpp:7->LSTM.cpp:50]   --->   Operation 130 'call' 'tmp_9' <Predicate = (!icmp_ln48)> <Delay = 8.75> <CoreType = "Generic">   --->   Generic Core

State 24 <SV = 23> <Delay = 8.75>
ST_24 : Operation 131 [49/61] (8.75ns)   --->   "%tmp_9 = call i32 @generic_tanh<float>, i32 %x_assign_7, i58 %table_exp_Z1_ap_ufixed_58_1_ap_q_mode_5_ap_o_mode_3_0_array, i26 %table_f_Z3_ap_ufixed_59_0_ap_q_mode_5_ap_o_mode_3_0_array, i42 %table_f_Z2_ap_ufixed_59_0_ap_q_mode_5_ap_o_mode_3_0_array" [C:\scratch\2025.1\hls_product\640\2025.1\src\shared\hls\clib\hlsmath\src\c++\tanhfloat.cpp:7->LSTM.cpp:50]   --->   Operation 131 'call' 'tmp_9' <Predicate = (!icmp_ln48)> <Delay = 8.75> <CoreType = "Generic">   --->   Generic Core

State 25 <SV = 24> <Delay = 8.75>
ST_25 : Operation 132 [48/61] (8.75ns)   --->   "%tmp_9 = call i32 @generic_tanh<float>, i32 %x_assign_7, i58 %table_exp_Z1_ap_ufixed_58_1_ap_q_mode_5_ap_o_mode_3_0_array, i26 %table_f_Z3_ap_ufixed_59_0_ap_q_mode_5_ap_o_mode_3_0_array, i42 %table_f_Z2_ap_ufixed_59_0_ap_q_mode_5_ap_o_mode_3_0_array" [C:\scratch\2025.1\hls_product\640\2025.1\src\shared\hls\clib\hlsmath\src\c++\tanhfloat.cpp:7->LSTM.cpp:50]   --->   Operation 132 'call' 'tmp_9' <Predicate = (!icmp_ln48)> <Delay = 8.75> <CoreType = "Generic">   --->   Generic Core

State 26 <SV = 25> <Delay = 8.75>
ST_26 : Operation 133 [47/61] (8.75ns)   --->   "%tmp_9 = call i32 @generic_tanh<float>, i32 %x_assign_7, i58 %table_exp_Z1_ap_ufixed_58_1_ap_q_mode_5_ap_o_mode_3_0_array, i26 %table_f_Z3_ap_ufixed_59_0_ap_q_mode_5_ap_o_mode_3_0_array, i42 %table_f_Z2_ap_ufixed_59_0_ap_q_mode_5_ap_o_mode_3_0_array" [C:\scratch\2025.1\hls_product\640\2025.1\src\shared\hls\clib\hlsmath\src\c++\tanhfloat.cpp:7->LSTM.cpp:50]   --->   Operation 133 'call' 'tmp_9' <Predicate = (!icmp_ln48)> <Delay = 8.75> <CoreType = "Generic">   --->   Generic Core

State 27 <SV = 26> <Delay = 8.75>
ST_27 : Operation 134 [46/61] (8.75ns)   --->   "%tmp_9 = call i32 @generic_tanh<float>, i32 %x_assign_7, i58 %table_exp_Z1_ap_ufixed_58_1_ap_q_mode_5_ap_o_mode_3_0_array, i26 %table_f_Z3_ap_ufixed_59_0_ap_q_mode_5_ap_o_mode_3_0_array, i42 %table_f_Z2_ap_ufixed_59_0_ap_q_mode_5_ap_o_mode_3_0_array" [C:\scratch\2025.1\hls_product\640\2025.1\src\shared\hls\clib\hlsmath\src\c++\tanhfloat.cpp:7->LSTM.cpp:50]   --->   Operation 134 'call' 'tmp_9' <Predicate = (!icmp_ln48)> <Delay = 8.75> <CoreType = "Generic">   --->   Generic Core

State 28 <SV = 27> <Delay = 8.75>
ST_28 : Operation 135 [45/61] (8.75ns)   --->   "%tmp_9 = call i32 @generic_tanh<float>, i32 %x_assign_7, i58 %table_exp_Z1_ap_ufixed_58_1_ap_q_mode_5_ap_o_mode_3_0_array, i26 %table_f_Z3_ap_ufixed_59_0_ap_q_mode_5_ap_o_mode_3_0_array, i42 %table_f_Z2_ap_ufixed_59_0_ap_q_mode_5_ap_o_mode_3_0_array" [C:\scratch\2025.1\hls_product\640\2025.1\src\shared\hls\clib\hlsmath\src\c++\tanhfloat.cpp:7->LSTM.cpp:50]   --->   Operation 135 'call' 'tmp_9' <Predicate = (!icmp_ln48)> <Delay = 8.75> <CoreType = "Generic">   --->   Generic Core

State 29 <SV = 28> <Delay = 8.75>
ST_29 : Operation 136 [44/61] (8.75ns)   --->   "%tmp_9 = call i32 @generic_tanh<float>, i32 %x_assign_7, i58 %table_exp_Z1_ap_ufixed_58_1_ap_q_mode_5_ap_o_mode_3_0_array, i26 %table_f_Z3_ap_ufixed_59_0_ap_q_mode_5_ap_o_mode_3_0_array, i42 %table_f_Z2_ap_ufixed_59_0_ap_q_mode_5_ap_o_mode_3_0_array" [C:\scratch\2025.1\hls_product\640\2025.1\src\shared\hls\clib\hlsmath\src\c++\tanhfloat.cpp:7->LSTM.cpp:50]   --->   Operation 136 'call' 'tmp_9' <Predicate = (!icmp_ln48)> <Delay = 8.75> <CoreType = "Generic">   --->   Generic Core

State 30 <SV = 29> <Delay = 8.75>
ST_30 : Operation 137 [43/61] (8.75ns)   --->   "%tmp_9 = call i32 @generic_tanh<float>, i32 %x_assign_7, i58 %table_exp_Z1_ap_ufixed_58_1_ap_q_mode_5_ap_o_mode_3_0_array, i26 %table_f_Z3_ap_ufixed_59_0_ap_q_mode_5_ap_o_mode_3_0_array, i42 %table_f_Z2_ap_ufixed_59_0_ap_q_mode_5_ap_o_mode_3_0_array" [C:\scratch\2025.1\hls_product\640\2025.1\src\shared\hls\clib\hlsmath\src\c++\tanhfloat.cpp:7->LSTM.cpp:50]   --->   Operation 137 'call' 'tmp_9' <Predicate = (!icmp_ln48)> <Delay = 8.75> <CoreType = "Generic">   --->   Generic Core

State 31 <SV = 30> <Delay = 8.75>
ST_31 : Operation 138 [42/61] (8.75ns)   --->   "%tmp_9 = call i32 @generic_tanh<float>, i32 %x_assign_7, i58 %table_exp_Z1_ap_ufixed_58_1_ap_q_mode_5_ap_o_mode_3_0_array, i26 %table_f_Z3_ap_ufixed_59_0_ap_q_mode_5_ap_o_mode_3_0_array, i42 %table_f_Z2_ap_ufixed_59_0_ap_q_mode_5_ap_o_mode_3_0_array" [C:\scratch\2025.1\hls_product\640\2025.1\src\shared\hls\clib\hlsmath\src\c++\tanhfloat.cpp:7->LSTM.cpp:50]   --->   Operation 138 'call' 'tmp_9' <Predicate = (!icmp_ln48)> <Delay = 8.75> <CoreType = "Generic">   --->   Generic Core

State 32 <SV = 31> <Delay = 8.75>
ST_32 : Operation 139 [41/61] (8.75ns)   --->   "%tmp_9 = call i32 @generic_tanh<float>, i32 %x_assign_7, i58 %table_exp_Z1_ap_ufixed_58_1_ap_q_mode_5_ap_o_mode_3_0_array, i26 %table_f_Z3_ap_ufixed_59_0_ap_q_mode_5_ap_o_mode_3_0_array, i42 %table_f_Z2_ap_ufixed_59_0_ap_q_mode_5_ap_o_mode_3_0_array" [C:\scratch\2025.1\hls_product\640\2025.1\src\shared\hls\clib\hlsmath\src\c++\tanhfloat.cpp:7->LSTM.cpp:50]   --->   Operation 139 'call' 'tmp_9' <Predicate = (!icmp_ln48)> <Delay = 8.75> <CoreType = "Generic">   --->   Generic Core

State 33 <SV = 32> <Delay = 8.75>
ST_33 : Operation 140 [40/61] (8.75ns)   --->   "%tmp_9 = call i32 @generic_tanh<float>, i32 %x_assign_7, i58 %table_exp_Z1_ap_ufixed_58_1_ap_q_mode_5_ap_o_mode_3_0_array, i26 %table_f_Z3_ap_ufixed_59_0_ap_q_mode_5_ap_o_mode_3_0_array, i42 %table_f_Z2_ap_ufixed_59_0_ap_q_mode_5_ap_o_mode_3_0_array" [C:\scratch\2025.1\hls_product\640\2025.1\src\shared\hls\clib\hlsmath\src\c++\tanhfloat.cpp:7->LSTM.cpp:50]   --->   Operation 140 'call' 'tmp_9' <Predicate = (!icmp_ln48)> <Delay = 8.75> <CoreType = "Generic">   --->   Generic Core

State 34 <SV = 33> <Delay = 8.75>
ST_34 : Operation 141 [39/61] (8.75ns)   --->   "%tmp_9 = call i32 @generic_tanh<float>, i32 %x_assign_7, i58 %table_exp_Z1_ap_ufixed_58_1_ap_q_mode_5_ap_o_mode_3_0_array, i26 %table_f_Z3_ap_ufixed_59_0_ap_q_mode_5_ap_o_mode_3_0_array, i42 %table_f_Z2_ap_ufixed_59_0_ap_q_mode_5_ap_o_mode_3_0_array" [C:\scratch\2025.1\hls_product\640\2025.1\src\shared\hls\clib\hlsmath\src\c++\tanhfloat.cpp:7->LSTM.cpp:50]   --->   Operation 141 'call' 'tmp_9' <Predicate = (!icmp_ln48)> <Delay = 8.75> <CoreType = "Generic">   --->   Generic Core

State 35 <SV = 34> <Delay = 8.75>
ST_35 : Operation 142 [38/61] (8.75ns)   --->   "%tmp_9 = call i32 @generic_tanh<float>, i32 %x_assign_7, i58 %table_exp_Z1_ap_ufixed_58_1_ap_q_mode_5_ap_o_mode_3_0_array, i26 %table_f_Z3_ap_ufixed_59_0_ap_q_mode_5_ap_o_mode_3_0_array, i42 %table_f_Z2_ap_ufixed_59_0_ap_q_mode_5_ap_o_mode_3_0_array" [C:\scratch\2025.1\hls_product\640\2025.1\src\shared\hls\clib\hlsmath\src\c++\tanhfloat.cpp:7->LSTM.cpp:50]   --->   Operation 142 'call' 'tmp_9' <Predicate = (!icmp_ln48)> <Delay = 8.75> <CoreType = "Generic">   --->   Generic Core

State 36 <SV = 35> <Delay = 8.75>
ST_36 : Operation 143 [37/61] (8.75ns)   --->   "%tmp_9 = call i32 @generic_tanh<float>, i32 %x_assign_7, i58 %table_exp_Z1_ap_ufixed_58_1_ap_q_mode_5_ap_o_mode_3_0_array, i26 %table_f_Z3_ap_ufixed_59_0_ap_q_mode_5_ap_o_mode_3_0_array, i42 %table_f_Z2_ap_ufixed_59_0_ap_q_mode_5_ap_o_mode_3_0_array" [C:\scratch\2025.1\hls_product\640\2025.1\src\shared\hls\clib\hlsmath\src\c++\tanhfloat.cpp:7->LSTM.cpp:50]   --->   Operation 143 'call' 'tmp_9' <Predicate = (!icmp_ln48)> <Delay = 8.75> <CoreType = "Generic">   --->   Generic Core

State 37 <SV = 36> <Delay = 8.75>
ST_37 : Operation 144 [36/61] (8.75ns)   --->   "%tmp_9 = call i32 @generic_tanh<float>, i32 %x_assign_7, i58 %table_exp_Z1_ap_ufixed_58_1_ap_q_mode_5_ap_o_mode_3_0_array, i26 %table_f_Z3_ap_ufixed_59_0_ap_q_mode_5_ap_o_mode_3_0_array, i42 %table_f_Z2_ap_ufixed_59_0_ap_q_mode_5_ap_o_mode_3_0_array" [C:\scratch\2025.1\hls_product\640\2025.1\src\shared\hls\clib\hlsmath\src\c++\tanhfloat.cpp:7->LSTM.cpp:50]   --->   Operation 144 'call' 'tmp_9' <Predicate = (!icmp_ln48)> <Delay = 8.75> <CoreType = "Generic">   --->   Generic Core

State 38 <SV = 37> <Delay = 8.75>
ST_38 : Operation 145 [35/61] (8.75ns)   --->   "%tmp_9 = call i32 @generic_tanh<float>, i32 %x_assign_7, i58 %table_exp_Z1_ap_ufixed_58_1_ap_q_mode_5_ap_o_mode_3_0_array, i26 %table_f_Z3_ap_ufixed_59_0_ap_q_mode_5_ap_o_mode_3_0_array, i42 %table_f_Z2_ap_ufixed_59_0_ap_q_mode_5_ap_o_mode_3_0_array" [C:\scratch\2025.1\hls_product\640\2025.1\src\shared\hls\clib\hlsmath\src\c++\tanhfloat.cpp:7->LSTM.cpp:50]   --->   Operation 145 'call' 'tmp_9' <Predicate = (!icmp_ln48)> <Delay = 8.75> <CoreType = "Generic">   --->   Generic Core

State 39 <SV = 38> <Delay = 8.75>
ST_39 : Operation 146 [34/61] (8.75ns)   --->   "%tmp_9 = call i32 @generic_tanh<float>, i32 %x_assign_7, i58 %table_exp_Z1_ap_ufixed_58_1_ap_q_mode_5_ap_o_mode_3_0_array, i26 %table_f_Z3_ap_ufixed_59_0_ap_q_mode_5_ap_o_mode_3_0_array, i42 %table_f_Z2_ap_ufixed_59_0_ap_q_mode_5_ap_o_mode_3_0_array" [C:\scratch\2025.1\hls_product\640\2025.1\src\shared\hls\clib\hlsmath\src\c++\tanhfloat.cpp:7->LSTM.cpp:50]   --->   Operation 146 'call' 'tmp_9' <Predicate = (!icmp_ln48)> <Delay = 8.75> <CoreType = "Generic">   --->   Generic Core

State 40 <SV = 39> <Delay = 8.75>
ST_40 : Operation 147 [33/61] (8.75ns)   --->   "%tmp_9 = call i32 @generic_tanh<float>, i32 %x_assign_7, i58 %table_exp_Z1_ap_ufixed_58_1_ap_q_mode_5_ap_o_mode_3_0_array, i26 %table_f_Z3_ap_ufixed_59_0_ap_q_mode_5_ap_o_mode_3_0_array, i42 %table_f_Z2_ap_ufixed_59_0_ap_q_mode_5_ap_o_mode_3_0_array" [C:\scratch\2025.1\hls_product\640\2025.1\src\shared\hls\clib\hlsmath\src\c++\tanhfloat.cpp:7->LSTM.cpp:50]   --->   Operation 147 'call' 'tmp_9' <Predicate = (!icmp_ln48)> <Delay = 8.75> <CoreType = "Generic">   --->   Generic Core

State 41 <SV = 40> <Delay = 8.75>
ST_41 : Operation 148 [32/61] (8.75ns)   --->   "%tmp_9 = call i32 @generic_tanh<float>, i32 %x_assign_7, i58 %table_exp_Z1_ap_ufixed_58_1_ap_q_mode_5_ap_o_mode_3_0_array, i26 %table_f_Z3_ap_ufixed_59_0_ap_q_mode_5_ap_o_mode_3_0_array, i42 %table_f_Z2_ap_ufixed_59_0_ap_q_mode_5_ap_o_mode_3_0_array" [C:\scratch\2025.1\hls_product\640\2025.1\src\shared\hls\clib\hlsmath\src\c++\tanhfloat.cpp:7->LSTM.cpp:50]   --->   Operation 148 'call' 'tmp_9' <Predicate = (!icmp_ln48)> <Delay = 8.75> <CoreType = "Generic">   --->   Generic Core

State 42 <SV = 41> <Delay = 8.75>
ST_42 : Operation 149 [31/61] (8.75ns)   --->   "%tmp_9 = call i32 @generic_tanh<float>, i32 %x_assign_7, i58 %table_exp_Z1_ap_ufixed_58_1_ap_q_mode_5_ap_o_mode_3_0_array, i26 %table_f_Z3_ap_ufixed_59_0_ap_q_mode_5_ap_o_mode_3_0_array, i42 %table_f_Z2_ap_ufixed_59_0_ap_q_mode_5_ap_o_mode_3_0_array" [C:\scratch\2025.1\hls_product\640\2025.1\src\shared\hls\clib\hlsmath\src\c++\tanhfloat.cpp:7->LSTM.cpp:50]   --->   Operation 149 'call' 'tmp_9' <Predicate = (!icmp_ln48)> <Delay = 8.75> <CoreType = "Generic">   --->   Generic Core

State 43 <SV = 42> <Delay = 8.75>
ST_43 : Operation 150 [30/61] (8.75ns)   --->   "%tmp_9 = call i32 @generic_tanh<float>, i32 %x_assign_7, i58 %table_exp_Z1_ap_ufixed_58_1_ap_q_mode_5_ap_o_mode_3_0_array, i26 %table_f_Z3_ap_ufixed_59_0_ap_q_mode_5_ap_o_mode_3_0_array, i42 %table_f_Z2_ap_ufixed_59_0_ap_q_mode_5_ap_o_mode_3_0_array" [C:\scratch\2025.1\hls_product\640\2025.1\src\shared\hls\clib\hlsmath\src\c++\tanhfloat.cpp:7->LSTM.cpp:50]   --->   Operation 150 'call' 'tmp_9' <Predicate = (!icmp_ln48)> <Delay = 8.75> <CoreType = "Generic">   --->   Generic Core

State 44 <SV = 43> <Delay = 8.75>
ST_44 : Operation 151 [29/61] (8.75ns)   --->   "%tmp_9 = call i32 @generic_tanh<float>, i32 %x_assign_7, i58 %table_exp_Z1_ap_ufixed_58_1_ap_q_mode_5_ap_o_mode_3_0_array, i26 %table_f_Z3_ap_ufixed_59_0_ap_q_mode_5_ap_o_mode_3_0_array, i42 %table_f_Z2_ap_ufixed_59_0_ap_q_mode_5_ap_o_mode_3_0_array" [C:\scratch\2025.1\hls_product\640\2025.1\src\shared\hls\clib\hlsmath\src\c++\tanhfloat.cpp:7->LSTM.cpp:50]   --->   Operation 151 'call' 'tmp_9' <Predicate = (!icmp_ln48)> <Delay = 8.75> <CoreType = "Generic">   --->   Generic Core

State 45 <SV = 44> <Delay = 8.75>
ST_45 : Operation 152 [28/61] (8.75ns)   --->   "%tmp_9 = call i32 @generic_tanh<float>, i32 %x_assign_7, i58 %table_exp_Z1_ap_ufixed_58_1_ap_q_mode_5_ap_o_mode_3_0_array, i26 %table_f_Z3_ap_ufixed_59_0_ap_q_mode_5_ap_o_mode_3_0_array, i42 %table_f_Z2_ap_ufixed_59_0_ap_q_mode_5_ap_o_mode_3_0_array" [C:\scratch\2025.1\hls_product\640\2025.1\src\shared\hls\clib\hlsmath\src\c++\tanhfloat.cpp:7->LSTM.cpp:50]   --->   Operation 152 'call' 'tmp_9' <Predicate = (!icmp_ln48)> <Delay = 8.75> <CoreType = "Generic">   --->   Generic Core

State 46 <SV = 45> <Delay = 8.75>
ST_46 : Operation 153 [27/61] (8.75ns)   --->   "%tmp_9 = call i32 @generic_tanh<float>, i32 %x_assign_7, i58 %table_exp_Z1_ap_ufixed_58_1_ap_q_mode_5_ap_o_mode_3_0_array, i26 %table_f_Z3_ap_ufixed_59_0_ap_q_mode_5_ap_o_mode_3_0_array, i42 %table_f_Z2_ap_ufixed_59_0_ap_q_mode_5_ap_o_mode_3_0_array" [C:\scratch\2025.1\hls_product\640\2025.1\src\shared\hls\clib\hlsmath\src\c++\tanhfloat.cpp:7->LSTM.cpp:50]   --->   Operation 153 'call' 'tmp_9' <Predicate = (!icmp_ln48)> <Delay = 8.75> <CoreType = "Generic">   --->   Generic Core

State 47 <SV = 46> <Delay = 8.75>
ST_47 : Operation 154 [26/61] (8.75ns)   --->   "%tmp_9 = call i32 @generic_tanh<float>, i32 %x_assign_7, i58 %table_exp_Z1_ap_ufixed_58_1_ap_q_mode_5_ap_o_mode_3_0_array, i26 %table_f_Z3_ap_ufixed_59_0_ap_q_mode_5_ap_o_mode_3_0_array, i42 %table_f_Z2_ap_ufixed_59_0_ap_q_mode_5_ap_o_mode_3_0_array" [C:\scratch\2025.1\hls_product\640\2025.1\src\shared\hls\clib\hlsmath\src\c++\tanhfloat.cpp:7->LSTM.cpp:50]   --->   Operation 154 'call' 'tmp_9' <Predicate = (!icmp_ln48)> <Delay = 8.75> <CoreType = "Generic">   --->   Generic Core

State 48 <SV = 47> <Delay = 8.75>
ST_48 : Operation 155 [25/61] (8.75ns)   --->   "%tmp_9 = call i32 @generic_tanh<float>, i32 %x_assign_7, i58 %table_exp_Z1_ap_ufixed_58_1_ap_q_mode_5_ap_o_mode_3_0_array, i26 %table_f_Z3_ap_ufixed_59_0_ap_q_mode_5_ap_o_mode_3_0_array, i42 %table_f_Z2_ap_ufixed_59_0_ap_q_mode_5_ap_o_mode_3_0_array" [C:\scratch\2025.1\hls_product\640\2025.1\src\shared\hls\clib\hlsmath\src\c++\tanhfloat.cpp:7->LSTM.cpp:50]   --->   Operation 155 'call' 'tmp_9' <Predicate = (!icmp_ln48)> <Delay = 8.75> <CoreType = "Generic">   --->   Generic Core

State 49 <SV = 48> <Delay = 8.75>
ST_49 : Operation 156 [24/61] (8.75ns)   --->   "%tmp_9 = call i32 @generic_tanh<float>, i32 %x_assign_7, i58 %table_exp_Z1_ap_ufixed_58_1_ap_q_mode_5_ap_o_mode_3_0_array, i26 %table_f_Z3_ap_ufixed_59_0_ap_q_mode_5_ap_o_mode_3_0_array, i42 %table_f_Z2_ap_ufixed_59_0_ap_q_mode_5_ap_o_mode_3_0_array" [C:\scratch\2025.1\hls_product\640\2025.1\src\shared\hls\clib\hlsmath\src\c++\tanhfloat.cpp:7->LSTM.cpp:50]   --->   Operation 156 'call' 'tmp_9' <Predicate = (!icmp_ln48)> <Delay = 8.75> <CoreType = "Generic">   --->   Generic Core

State 50 <SV = 49> <Delay = 8.75>
ST_50 : Operation 157 [23/61] (8.75ns)   --->   "%tmp_9 = call i32 @generic_tanh<float>, i32 %x_assign_7, i58 %table_exp_Z1_ap_ufixed_58_1_ap_q_mode_5_ap_o_mode_3_0_array, i26 %table_f_Z3_ap_ufixed_59_0_ap_q_mode_5_ap_o_mode_3_0_array, i42 %table_f_Z2_ap_ufixed_59_0_ap_q_mode_5_ap_o_mode_3_0_array" [C:\scratch\2025.1\hls_product\640\2025.1\src\shared\hls\clib\hlsmath\src\c++\tanhfloat.cpp:7->LSTM.cpp:50]   --->   Operation 157 'call' 'tmp_9' <Predicate = (!icmp_ln48)> <Delay = 8.75> <CoreType = "Generic">   --->   Generic Core

State 51 <SV = 50> <Delay = 8.75>
ST_51 : Operation 158 [22/61] (8.75ns)   --->   "%tmp_9 = call i32 @generic_tanh<float>, i32 %x_assign_7, i58 %table_exp_Z1_ap_ufixed_58_1_ap_q_mode_5_ap_o_mode_3_0_array, i26 %table_f_Z3_ap_ufixed_59_0_ap_q_mode_5_ap_o_mode_3_0_array, i42 %table_f_Z2_ap_ufixed_59_0_ap_q_mode_5_ap_o_mode_3_0_array" [C:\scratch\2025.1\hls_product\640\2025.1\src\shared\hls\clib\hlsmath\src\c++\tanhfloat.cpp:7->LSTM.cpp:50]   --->   Operation 158 'call' 'tmp_9' <Predicate = (!icmp_ln48)> <Delay = 8.75> <CoreType = "Generic">   --->   Generic Core

State 52 <SV = 51> <Delay = 8.75>
ST_52 : Operation 159 [21/61] (8.75ns)   --->   "%tmp_9 = call i32 @generic_tanh<float>, i32 %x_assign_7, i58 %table_exp_Z1_ap_ufixed_58_1_ap_q_mode_5_ap_o_mode_3_0_array, i26 %table_f_Z3_ap_ufixed_59_0_ap_q_mode_5_ap_o_mode_3_0_array, i42 %table_f_Z2_ap_ufixed_59_0_ap_q_mode_5_ap_o_mode_3_0_array" [C:\scratch\2025.1\hls_product\640\2025.1\src\shared\hls\clib\hlsmath\src\c++\tanhfloat.cpp:7->LSTM.cpp:50]   --->   Operation 159 'call' 'tmp_9' <Predicate = (!icmp_ln48)> <Delay = 8.75> <CoreType = "Generic">   --->   Generic Core

State 53 <SV = 52> <Delay = 8.75>
ST_53 : Operation 160 [20/61] (8.75ns)   --->   "%tmp_9 = call i32 @generic_tanh<float>, i32 %x_assign_7, i58 %table_exp_Z1_ap_ufixed_58_1_ap_q_mode_5_ap_o_mode_3_0_array, i26 %table_f_Z3_ap_ufixed_59_0_ap_q_mode_5_ap_o_mode_3_0_array, i42 %table_f_Z2_ap_ufixed_59_0_ap_q_mode_5_ap_o_mode_3_0_array" [C:\scratch\2025.1\hls_product\640\2025.1\src\shared\hls\clib\hlsmath\src\c++\tanhfloat.cpp:7->LSTM.cpp:50]   --->   Operation 160 'call' 'tmp_9' <Predicate = (!icmp_ln48)> <Delay = 8.75> <CoreType = "Generic">   --->   Generic Core

State 54 <SV = 53> <Delay = 8.75>
ST_54 : Operation 161 [19/61] (8.75ns)   --->   "%tmp_9 = call i32 @generic_tanh<float>, i32 %x_assign_7, i58 %table_exp_Z1_ap_ufixed_58_1_ap_q_mode_5_ap_o_mode_3_0_array, i26 %table_f_Z3_ap_ufixed_59_0_ap_q_mode_5_ap_o_mode_3_0_array, i42 %table_f_Z2_ap_ufixed_59_0_ap_q_mode_5_ap_o_mode_3_0_array" [C:\scratch\2025.1\hls_product\640\2025.1\src\shared\hls\clib\hlsmath\src\c++\tanhfloat.cpp:7->LSTM.cpp:50]   --->   Operation 161 'call' 'tmp_9' <Predicate = (!icmp_ln48)> <Delay = 8.75> <CoreType = "Generic">   --->   Generic Core

State 55 <SV = 54> <Delay = 8.75>
ST_55 : Operation 162 [18/61] (8.75ns)   --->   "%tmp_9 = call i32 @generic_tanh<float>, i32 %x_assign_7, i58 %table_exp_Z1_ap_ufixed_58_1_ap_q_mode_5_ap_o_mode_3_0_array, i26 %table_f_Z3_ap_ufixed_59_0_ap_q_mode_5_ap_o_mode_3_0_array, i42 %table_f_Z2_ap_ufixed_59_0_ap_q_mode_5_ap_o_mode_3_0_array" [C:\scratch\2025.1\hls_product\640\2025.1\src\shared\hls\clib\hlsmath\src\c++\tanhfloat.cpp:7->LSTM.cpp:50]   --->   Operation 162 'call' 'tmp_9' <Predicate = (!icmp_ln48)> <Delay = 8.75> <CoreType = "Generic">   --->   Generic Core

State 56 <SV = 55> <Delay = 8.75>
ST_56 : Operation 163 [17/61] (8.75ns)   --->   "%tmp_9 = call i32 @generic_tanh<float>, i32 %x_assign_7, i58 %table_exp_Z1_ap_ufixed_58_1_ap_q_mode_5_ap_o_mode_3_0_array, i26 %table_f_Z3_ap_ufixed_59_0_ap_q_mode_5_ap_o_mode_3_0_array, i42 %table_f_Z2_ap_ufixed_59_0_ap_q_mode_5_ap_o_mode_3_0_array" [C:\scratch\2025.1\hls_product\640\2025.1\src\shared\hls\clib\hlsmath\src\c++\tanhfloat.cpp:7->LSTM.cpp:50]   --->   Operation 163 'call' 'tmp_9' <Predicate = (!icmp_ln48)> <Delay = 8.75> <CoreType = "Generic">   --->   Generic Core

State 57 <SV = 56> <Delay = 8.75>
ST_57 : Operation 164 [16/61] (8.75ns)   --->   "%tmp_9 = call i32 @generic_tanh<float>, i32 %x_assign_7, i58 %table_exp_Z1_ap_ufixed_58_1_ap_q_mode_5_ap_o_mode_3_0_array, i26 %table_f_Z3_ap_ufixed_59_0_ap_q_mode_5_ap_o_mode_3_0_array, i42 %table_f_Z2_ap_ufixed_59_0_ap_q_mode_5_ap_o_mode_3_0_array" [C:\scratch\2025.1\hls_product\640\2025.1\src\shared\hls\clib\hlsmath\src\c++\tanhfloat.cpp:7->LSTM.cpp:50]   --->   Operation 164 'call' 'tmp_9' <Predicate = (!icmp_ln48)> <Delay = 8.75> <CoreType = "Generic">   --->   Generic Core

State 58 <SV = 57> <Delay = 8.75>
ST_58 : Operation 165 [15/61] (8.75ns)   --->   "%tmp_9 = call i32 @generic_tanh<float>, i32 %x_assign_7, i58 %table_exp_Z1_ap_ufixed_58_1_ap_q_mode_5_ap_o_mode_3_0_array, i26 %table_f_Z3_ap_ufixed_59_0_ap_q_mode_5_ap_o_mode_3_0_array, i42 %table_f_Z2_ap_ufixed_59_0_ap_q_mode_5_ap_o_mode_3_0_array" [C:\scratch\2025.1\hls_product\640\2025.1\src\shared\hls\clib\hlsmath\src\c++\tanhfloat.cpp:7->LSTM.cpp:50]   --->   Operation 165 'call' 'tmp_9' <Predicate = (!icmp_ln48)> <Delay = 8.75> <CoreType = "Generic">   --->   Generic Core

State 59 <SV = 58> <Delay = 8.75>
ST_59 : Operation 166 [14/61] (8.75ns)   --->   "%tmp_9 = call i32 @generic_tanh<float>, i32 %x_assign_7, i58 %table_exp_Z1_ap_ufixed_58_1_ap_q_mode_5_ap_o_mode_3_0_array, i26 %table_f_Z3_ap_ufixed_59_0_ap_q_mode_5_ap_o_mode_3_0_array, i42 %table_f_Z2_ap_ufixed_59_0_ap_q_mode_5_ap_o_mode_3_0_array" [C:\scratch\2025.1\hls_product\640\2025.1\src\shared\hls\clib\hlsmath\src\c++\tanhfloat.cpp:7->LSTM.cpp:50]   --->   Operation 166 'call' 'tmp_9' <Predicate = (!icmp_ln48)> <Delay = 8.75> <CoreType = "Generic">   --->   Generic Core

State 60 <SV = 59> <Delay = 8.75>
ST_60 : Operation 167 [13/61] (8.75ns)   --->   "%tmp_9 = call i32 @generic_tanh<float>, i32 %x_assign_7, i58 %table_exp_Z1_ap_ufixed_58_1_ap_q_mode_5_ap_o_mode_3_0_array, i26 %table_f_Z3_ap_ufixed_59_0_ap_q_mode_5_ap_o_mode_3_0_array, i42 %table_f_Z2_ap_ufixed_59_0_ap_q_mode_5_ap_o_mode_3_0_array" [C:\scratch\2025.1\hls_product\640\2025.1\src\shared\hls\clib\hlsmath\src\c++\tanhfloat.cpp:7->LSTM.cpp:50]   --->   Operation 167 'call' 'tmp_9' <Predicate = (!icmp_ln48)> <Delay = 8.75> <CoreType = "Generic">   --->   Generic Core

State 61 <SV = 60> <Delay = 8.75>
ST_61 : Operation 168 [12/61] (8.75ns)   --->   "%tmp_9 = call i32 @generic_tanh<float>, i32 %x_assign_7, i58 %table_exp_Z1_ap_ufixed_58_1_ap_q_mode_5_ap_o_mode_3_0_array, i26 %table_f_Z3_ap_ufixed_59_0_ap_q_mode_5_ap_o_mode_3_0_array, i42 %table_f_Z2_ap_ufixed_59_0_ap_q_mode_5_ap_o_mode_3_0_array" [C:\scratch\2025.1\hls_product\640\2025.1\src\shared\hls\clib\hlsmath\src\c++\tanhfloat.cpp:7->LSTM.cpp:50]   --->   Operation 168 'call' 'tmp_9' <Predicate = (!icmp_ln48)> <Delay = 8.75> <CoreType = "Generic">   --->   Generic Core

State 62 <SV = 61> <Delay = 8.75>
ST_62 : Operation 169 [11/61] (8.75ns)   --->   "%tmp_9 = call i32 @generic_tanh<float>, i32 %x_assign_7, i58 %table_exp_Z1_ap_ufixed_58_1_ap_q_mode_5_ap_o_mode_3_0_array, i26 %table_f_Z3_ap_ufixed_59_0_ap_q_mode_5_ap_o_mode_3_0_array, i42 %table_f_Z2_ap_ufixed_59_0_ap_q_mode_5_ap_o_mode_3_0_array" [C:\scratch\2025.1\hls_product\640\2025.1\src\shared\hls\clib\hlsmath\src\c++\tanhfloat.cpp:7->LSTM.cpp:50]   --->   Operation 169 'call' 'tmp_9' <Predicate = (!icmp_ln48)> <Delay = 8.75> <CoreType = "Generic">   --->   Generic Core

State 63 <SV = 62> <Delay = 8.75>
ST_63 : Operation 170 [10/61] (8.75ns)   --->   "%tmp_9 = call i32 @generic_tanh<float>, i32 %x_assign_7, i58 %table_exp_Z1_ap_ufixed_58_1_ap_q_mode_5_ap_o_mode_3_0_array, i26 %table_f_Z3_ap_ufixed_59_0_ap_q_mode_5_ap_o_mode_3_0_array, i42 %table_f_Z2_ap_ufixed_59_0_ap_q_mode_5_ap_o_mode_3_0_array" [C:\scratch\2025.1\hls_product\640\2025.1\src\shared\hls\clib\hlsmath\src\c++\tanhfloat.cpp:7->LSTM.cpp:50]   --->   Operation 170 'call' 'tmp_9' <Predicate = (!icmp_ln48)> <Delay = 8.75> <CoreType = "Generic">   --->   Generic Core

State 64 <SV = 63> <Delay = 8.75>
ST_64 : Operation 171 [9/61] (8.75ns)   --->   "%tmp_9 = call i32 @generic_tanh<float>, i32 %x_assign_7, i58 %table_exp_Z1_ap_ufixed_58_1_ap_q_mode_5_ap_o_mode_3_0_array, i26 %table_f_Z3_ap_ufixed_59_0_ap_q_mode_5_ap_o_mode_3_0_array, i42 %table_f_Z2_ap_ufixed_59_0_ap_q_mode_5_ap_o_mode_3_0_array" [C:\scratch\2025.1\hls_product\640\2025.1\src\shared\hls\clib\hlsmath\src\c++\tanhfloat.cpp:7->LSTM.cpp:50]   --->   Operation 171 'call' 'tmp_9' <Predicate = (!icmp_ln48)> <Delay = 8.75> <CoreType = "Generic">   --->   Generic Core

State 65 <SV = 64> <Delay = 8.75>
ST_65 : Operation 172 [8/61] (8.75ns)   --->   "%tmp_9 = call i32 @generic_tanh<float>, i32 %x_assign_7, i58 %table_exp_Z1_ap_ufixed_58_1_ap_q_mode_5_ap_o_mode_3_0_array, i26 %table_f_Z3_ap_ufixed_59_0_ap_q_mode_5_ap_o_mode_3_0_array, i42 %table_f_Z2_ap_ufixed_59_0_ap_q_mode_5_ap_o_mode_3_0_array" [C:\scratch\2025.1\hls_product\640\2025.1\src\shared\hls\clib\hlsmath\src\c++\tanhfloat.cpp:7->LSTM.cpp:50]   --->   Operation 172 'call' 'tmp_9' <Predicate = (!icmp_ln48)> <Delay = 8.75> <CoreType = "Generic">   --->   Generic Core

State 66 <SV = 65> <Delay = 8.75>
ST_66 : Operation 173 [7/61] (8.75ns)   --->   "%tmp_9 = call i32 @generic_tanh<float>, i32 %x_assign_7, i58 %table_exp_Z1_ap_ufixed_58_1_ap_q_mode_5_ap_o_mode_3_0_array, i26 %table_f_Z3_ap_ufixed_59_0_ap_q_mode_5_ap_o_mode_3_0_array, i42 %table_f_Z2_ap_ufixed_59_0_ap_q_mode_5_ap_o_mode_3_0_array" [C:\scratch\2025.1\hls_product\640\2025.1\src\shared\hls\clib\hlsmath\src\c++\tanhfloat.cpp:7->LSTM.cpp:50]   --->   Operation 173 'call' 'tmp_9' <Predicate = (!icmp_ln48)> <Delay = 8.75> <CoreType = "Generic">   --->   Generic Core

State 67 <SV = 66> <Delay = 8.75>
ST_67 : Operation 174 [6/61] (8.75ns)   --->   "%tmp_9 = call i32 @generic_tanh<float>, i32 %x_assign_7, i58 %table_exp_Z1_ap_ufixed_58_1_ap_q_mode_5_ap_o_mode_3_0_array, i26 %table_f_Z3_ap_ufixed_59_0_ap_q_mode_5_ap_o_mode_3_0_array, i42 %table_f_Z2_ap_ufixed_59_0_ap_q_mode_5_ap_o_mode_3_0_array" [C:\scratch\2025.1\hls_product\640\2025.1\src\shared\hls\clib\hlsmath\src\c++\tanhfloat.cpp:7->LSTM.cpp:50]   --->   Operation 174 'call' 'tmp_9' <Predicate = (!icmp_ln48)> <Delay = 8.75> <CoreType = "Generic">   --->   Generic Core

State 68 <SV = 67> <Delay = 8.75>
ST_68 : Operation 175 [5/61] (8.75ns)   --->   "%tmp_9 = call i32 @generic_tanh<float>, i32 %x_assign_7, i58 %table_exp_Z1_ap_ufixed_58_1_ap_q_mode_5_ap_o_mode_3_0_array, i26 %table_f_Z3_ap_ufixed_59_0_ap_q_mode_5_ap_o_mode_3_0_array, i42 %table_f_Z2_ap_ufixed_59_0_ap_q_mode_5_ap_o_mode_3_0_array" [C:\scratch\2025.1\hls_product\640\2025.1\src\shared\hls\clib\hlsmath\src\c++\tanhfloat.cpp:7->LSTM.cpp:50]   --->   Operation 175 'call' 'tmp_9' <Predicate = (!icmp_ln48)> <Delay = 8.75> <CoreType = "Generic">   --->   Generic Core

State 69 <SV = 68> <Delay = 8.75>
ST_69 : Operation 176 [4/61] (8.75ns)   --->   "%tmp_9 = call i32 @generic_tanh<float>, i32 %x_assign_7, i58 %table_exp_Z1_ap_ufixed_58_1_ap_q_mode_5_ap_o_mode_3_0_array, i26 %table_f_Z3_ap_ufixed_59_0_ap_q_mode_5_ap_o_mode_3_0_array, i42 %table_f_Z2_ap_ufixed_59_0_ap_q_mode_5_ap_o_mode_3_0_array" [C:\scratch\2025.1\hls_product\640\2025.1\src\shared\hls\clib\hlsmath\src\c++\tanhfloat.cpp:7->LSTM.cpp:50]   --->   Operation 176 'call' 'tmp_9' <Predicate = (!icmp_ln48)> <Delay = 8.75> <CoreType = "Generic">   --->   Generic Core

State 70 <SV = 69> <Delay = 8.75>
ST_70 : Operation 177 [3/61] (8.75ns)   --->   "%tmp_9 = call i32 @generic_tanh<float>, i32 %x_assign_7, i58 %table_exp_Z1_ap_ufixed_58_1_ap_q_mode_5_ap_o_mode_3_0_array, i26 %table_f_Z3_ap_ufixed_59_0_ap_q_mode_5_ap_o_mode_3_0_array, i42 %table_f_Z2_ap_ufixed_59_0_ap_q_mode_5_ap_o_mode_3_0_array" [C:\scratch\2025.1\hls_product\640\2025.1\src\shared\hls\clib\hlsmath\src\c++\tanhfloat.cpp:7->LSTM.cpp:50]   --->   Operation 177 'call' 'tmp_9' <Predicate = (!icmp_ln48)> <Delay = 8.75> <CoreType = "Generic">   --->   Generic Core

State 71 <SV = 70> <Delay = 8.75>
ST_71 : Operation 178 [1/1] (0.00ns)   --->   "%o_addr = getelementptr i32 %o, i64 0, i64 %zext_ln48" [LSTM.cpp:50]   --->   Operation 178 'getelementptr' 'o_addr' <Predicate = true> <Delay = 0.00>
ST_71 : Operation 179 [2/2] (3.25ns)   --->   "%o_load = load i5 %o_addr" [LSTM.cpp:50]   --->   Operation 179 'load' 'o_load' <Predicate = true> <Delay = 3.25> <CoreInst = "RAM">   --->   Core 81 'RAM' <Latency = 1> <II = 1> <Delay = 3.25> <Storage> <Opcode : 'load' 'store'> <Ports = 2> <Width = 32> <Depth = 32> <RAM>
ST_71 : Operation 180 [2/61] (8.75ns)   --->   "%tmp_9 = call i32 @generic_tanh<float>, i32 %x_assign_7, i58 %table_exp_Z1_ap_ufixed_58_1_ap_q_mode_5_ap_o_mode_3_0_array, i26 %table_f_Z3_ap_ufixed_59_0_ap_q_mode_5_ap_o_mode_3_0_array, i42 %table_f_Z2_ap_ufixed_59_0_ap_q_mode_5_ap_o_mode_3_0_array" [C:\scratch\2025.1\hls_product\640\2025.1\src\shared\hls\clib\hlsmath\src\c++\tanhfloat.cpp:7->LSTM.cpp:50]   --->   Operation 180 'call' 'tmp_9' <Predicate = (!icmp_ln48)> <Delay = 8.75> <CoreType = "Generic">   --->   Generic Core

State 72 <SV = 71> <Delay = 3.62>
ST_72 : Operation 181 [1/2] ( I:3.25ns O:3.25ns )   --->   "%o_load = load i5 %o_addr" [LSTM.cpp:50]   --->   Operation 181 'load' 'o_load' <Predicate = true> <Delay = 3.25> <CoreInst = "RAM">   --->   Core 81 'RAM' <Latency = 1> <II = 1> <Delay = 3.25> <Storage> <Opcode : 'load' 'store'> <Ports = 2> <Width = 32> <Depth = 32> <RAM>
ST_72 : Operation 182 [1/61] (3.62ns)   --->   "%tmp_9 = call i32 @generic_tanh<float>, i32 %x_assign_7, i58 %table_exp_Z1_ap_ufixed_58_1_ap_q_mode_5_ap_o_mode_3_0_array, i26 %table_f_Z3_ap_ufixed_59_0_ap_q_mode_5_ap_o_mode_3_0_array, i42 %table_f_Z2_ap_ufixed_59_0_ap_q_mode_5_ap_o_mode_3_0_array" [C:\scratch\2025.1\hls_product\640\2025.1\src\shared\hls\clib\hlsmath\src\c++\tanhfloat.cpp:7->LSTM.cpp:50]   --->   Operation 182 'call' 'tmp_9' <Predicate = (!icmp_ln48)> <Delay = 3.62> <CoreType = "Generic">   --->   Generic Core

State 73 <SV = 72> <Delay = 5.70>
ST_73 : Operation 183 [4/4] (5.70ns)   --->   "%mul = fmul i32 %o_load, i32 %tmp_9" [LSTM.cpp:50]   --->   Operation 183 'fmul' 'mul' <Predicate = true> <Delay = 5.70> <CoreInst = "FMul_maxdsp">   --->   Core 30 'FMul_maxdsp' <Latency = 3> <II = 1> <Delay = 5.70> <FuncUnit> <Opcode : 'fmul'> <InPorts = 2> <OutPorts = 1>

State 74 <SV = 73> <Delay = 5.70>
ST_74 : Operation 184 [3/4] (5.70ns)   --->   "%mul = fmul i32 %o_load, i32 %tmp_9" [LSTM.cpp:50]   --->   Operation 184 'fmul' 'mul' <Predicate = true> <Delay = 5.70> <CoreInst = "FMul_maxdsp">   --->   Core 30 'FMul_maxdsp' <Latency = 3> <II = 1> <Delay = 5.70> <FuncUnit> <Opcode : 'fmul'> <InPorts = 2> <OutPorts = 1>

State 75 <SV = 74> <Delay = 5.70>
ST_75 : Operation 185 [2/4] (5.70ns)   --->   "%mul = fmul i32 %o_load, i32 %tmp_9" [LSTM.cpp:50]   --->   Operation 185 'fmul' 'mul' <Predicate = true> <Delay = 5.70> <CoreInst = "FMul_maxdsp">   --->   Core 30 'FMul_maxdsp' <Latency = 3> <II = 1> <Delay = 5.70> <FuncUnit> <Opcode : 'fmul'> <InPorts = 2> <OutPorts = 1>

State 76 <SV = 75> <Delay = 5.70>
ST_76 : Operation 186 [1/4] (5.70ns)   --->   "%mul = fmul i32 %o_load, i32 %tmp_9" [LSTM.cpp:50]   --->   Operation 186 'fmul' 'mul' <Predicate = true> <Delay = 5.70> <CoreInst = "FMul_maxdsp">   --->   Core 30 'FMul_maxdsp' <Latency = 3> <II = 1> <Delay = 5.70> <FuncUnit> <Opcode : 'fmul'> <InPorts = 2> <OutPorts = 1>
ST_76 : Operation 194 [1/1] (1.58ns)   --->   "%ret_ln0 = ret"   --->   Operation 194 'ret' 'ret_ln0' <Predicate = (icmp_ln48)> <Delay = 1.58>

State 77 <SV = 76> <Delay = 3.25>
ST_77 : Operation 187 [1/1] (0.00ns)   --->   "%specpipeline_ln48 = specpipeline void @_ssdm_op_SpecPipeline, i32 4294967295, i32 0, i32 0, i32 0, void @empty_0" [LSTM.cpp:48]   --->   Operation 187 'specpipeline' 'specpipeline_ln48' <Predicate = true> <Delay = 0.00>
ST_77 : Operation 188 [1/1] (0.00ns)   --->   "%speclooptripcount_ln48 = speclooptripcount void @_ssdm_op_SpecLoopTripCount, i64 32, i64 32, i64 32" [LSTM.cpp:48]   --->   Operation 188 'speclooptripcount' 'speclooptripcount_ln48' <Predicate = true> <Delay = 0.00>
ST_77 : Operation 189 [1/1] (0.00ns)   --->   "%specloopname_ln48 = specloopname void @_ssdm_op_SpecLoopName, void @empty_4" [LSTM.cpp:48]   --->   Operation 189 'specloopname' 'specloopname_ln48' <Predicate = true> <Delay = 0.00>
ST_77 : Operation 190 [1/1] (0.00ns)   --->   "%bitcast_ln50 = bitcast i32 %mul" [LSTM.cpp:50]   --->   Operation 190 'bitcast' 'bitcast_ln50' <Predicate = true> <Delay = 0.00>
ST_77 : Operation 191 [1/1] (0.00ns)   --->   "%h_addr = getelementptr i32 %h, i64 0, i64 %zext_ln48" [LSTM.cpp:50]   --->   Operation 191 'getelementptr' 'h_addr' <Predicate = true> <Delay = 0.00>
ST_77 : Operation 192 [1/1] ( I:3.25ns O:3.25ns )   --->   "%store_ln50 = store i32 %bitcast_ln50, i5 %h_addr" [LSTM.cpp:50]   --->   Operation 192 'store' 'store_ln50' <Predicate = true> <Delay = 3.25> <CoreInst = "RAM">   --->   Core 81 'RAM' <Latency = 1> <II = 1> <Delay = 3.25> <Storage> <Opcode : 'load' 'store'> <Ports = 2> <Width = 32> <Depth = 32> <RAM>
ST_77 : Operation 193 [1/1] (0.00ns)   --->   "%br_ln48 = br void %for.inc168" [LSTM.cpp:48]   --->   Operation 193 'br' 'br_ln48' <Predicate = true> <Delay = 0.00>


============================================================
+ Verbose Summary: Binding
============================================================
STG Binding: 
---------------- STG Properties BEGIN ----------------
- Is combinational: 0
- Is one-state seq: 0
- Is datapath-only: 0
- Is pipelined: 0
- Is top level: 0
Port [ Return ] is wired: 1; IO mode=ap_ctrl_hs:ce=0
Port [ f]:  wired=1; compound=1; hidden=0; nouse=0; global=0; static=0; extern=0; dir=0; type=1; pingpong=0; private_global=0; MemPort=[13]; IO mode=ap_memory:ce=0
Port [ c]:  wired=1; compound=1; hidden=0; nouse=0; global=0; static=0; extern=0; dir=2; type=1; pingpong=0; private_global=0; MemPort=[01]; IO mode=ap_memory:ce=0
Port [ i]:  wired=1; compound=1; hidden=0; nouse=0; global=0; static=0; extern=0; dir=0; type=1; pingpong=0; private_global=0; MemPort=[13]; IO mode=ap_memory:ce=0
Port [ g]:  wired=1; compound=1; hidden=0; nouse=0; global=0; static=0; extern=0; dir=0; type=1; pingpong=0; private_global=0; MemPort=[13]; IO mode=ap_memory:ce=0
Port [ o]:  wired=1; compound=1; hidden=0; nouse=0; global=0; static=0; extern=0; dir=0; type=1; pingpong=0; private_global=0; MemPort=[13]; IO mode=ap_memory:ce=0
Port [ h]:  wired=1; compound=1; hidden=0; nouse=0; global=0; static=0; extern=0; dir=1; type=1; pingpong=0; private_global=0; MemPort=[03]; IO mode=ap_memory:ce=0
Port [ table_exp_Z1_ap_ufixed_58_1_ap_q_mode_5_ap_o_mode_3_0_array]:  wired=0; compound=1; hidden=1; nouse=1; global=1; static=1; extern=0; dir=0; type=1; pingpong=0; private_global=0; MemPort=[1]; IO mode=ap_memory:ce=0
Port [ table_f_Z3_ap_ufixed_59_0_ap_q_mode_5_ap_o_mode_3_0_array]:  wired=0; compound=1; hidden=1; nouse=1; global=1; static=1; extern=0; dir=0; type=1; pingpong=0; private_global=0; MemPort=[11]; IO mode=ap_memory:ce=0
Port [ table_f_Z2_ap_ufixed_59_0_ap_q_mode_5_ap_o_mode_3_0_array]:  wired=0; compound=1; hidden=1; nouse=1; global=1; static=1; extern=0; dir=0; type=1; pingpong=0; private_global=0; MemPort=[1]; IO mode=ap_memory:ce=0
---------------- STG Properties END ------------------

---------------- Datapath Model BEGIN ----------------

<LifeTime>
<method=bitvector/>
j                      (alloca           ) [ 010000000000000000000000000000000000000000000000000000000000000000000000000000]
specinterface_ln0      (specinterface    ) [ 000000000000000000000000000000000000000000000000000000000000000000000000000000]
specinterface_ln0      (specinterface    ) [ 000000000000000000000000000000000000000000000000000000000000000000000000000000]
store_ln48             (store            ) [ 000000000000000000000000000000000000000000000000000000000000000000000000000000]
br_ln0                 (br               ) [ 000000000000000000000000000000000000000000000000000000000000000000000000000000]
j_1                    (load             ) [ 000000000000000000000000000000000000000000000000000000000000000000000000000000]
icmp_ln48              (icmp             ) [ 011111111111111111111111111111111111111111111111111111111111111111111111111110]
add_ln48               (add              ) [ 000000000000000000000000000000000000000000000000000000000000000000000000000000]
br_ln48                (br               ) [ 000000000000000000000000000000000000000000000000000000000000000000000000000000]
zext_ln48              (zext             ) [ 011111111111111111111111111111111111111111111111111111111111111111111111111111]
f_addr                 (getelementptr    ) [ 011000000000000000000000000000000000000000000000000000000000000000000000000000]
c_addr                 (getelementptr    ) [ 011111111111100000000000000000000000000000000000000000000000000000000000000000]
i_addr                 (getelementptr    ) [ 011000000000000000000000000000000000000000000000000000000000000000000000000000]
g_addr                 (getelementptr    ) [ 011000000000000000000000000000000000000000000000000000000000000000000000000000]
store_ln48             (store            ) [ 000000000000000000000000000000000000000000000000000000000000000000000000000000]
f_load                 (load             ) [ 010111100000000000000000000000000000000000000000000000000000000000000000000000]
c_load                 (load             ) [ 010100000000000000000000000000000000000000000000000000000000000000000000000000]
i_load                 (load             ) [ 010111100000000000000000000000000000000000000000000000000000000000000000000000]
g_load                 (load             ) [ 010111100000000000000000000000000000000000000000000000000000000000000000000000]
bitcast_ln49           (bitcast          ) [ 010011100000000000000000000000000000000000000000000000000000000000000000000000]
mul8                   (fmul             ) [ 010000011111000000000000000000000000000000000000000000000000000000000000000000]
mul9                   (fmul             ) [ 010000011111000000000000000000000000000000000000000000000000000000000000000000]
x_assign_7             (fadd             ) [ 010000000000111111111111111111111111111111111111111111111111111111111111100000]
bitcast_ln49_1         (bitcast          ) [ 000000000000000000000000000000000000000000000000000000000000000000000000000000]
store_ln49             (store            ) [ 000000000000000000000000000000000000000000000000000000000000000000000000000000]
o_addr                 (getelementptr    ) [ 010000000000000000000000000000000000000000000000000000000000000000000000100000]
o_load                 (load             ) [ 010000000000000000000000000000000000000000000000000000000000000000000000011110]
tmp_9                  (call             ) [ 010000000000000000000000000000000000000000000000000000000000000000000000011110]
mul                    (fmul             ) [ 010000000000000000000000000000000000000000000000000000000000000000000000000001]
specpipeline_ln48      (specpipeline     ) [ 000000000000000000000000000000000000000000000000000000000000000000000000000000]
speclooptripcount_ln48 (speclooptripcount) [ 000000000000000000000000000000000000000000000000000000000000000000000000000000]
specloopname_ln48      (specloopname     ) [ 000000000000000000000000000000000000000000000000000000000000000000000000000000]
bitcast_ln50           (bitcast          ) [ 000000000000000000000000000000000000000000000000000000000000000000000000000000]
h_addr                 (getelementptr    ) [ 000000000000000000000000000000000000000000000000000000000000000000000000000000]
store_ln50             (store            ) [ 000000000000000000000000000000000000000000000000000000000000000000000000000000]
br_ln48                (br               ) [ 000000000000000000000000000000000000000000000000000000000000000000000000000000]
ret_ln0                (ret              ) [ 000000000000000000000000000000000000000000000000000000000000000000000000000000]
</LifeTime>

<model>

<comp_list>
<comp id="0" class="1000" name="f">
<pin_list>
<pin id="1" dir="1" index="0" bw="1" slack="0"/>
</pin_list>
<bind>
<StgValue><ssdm name="f"/><MemPortTyVec>1 3 </MemPortTyVec>
</StgValue>
</bind>
</comp>

<comp id="2" class="1000" name="c">
<pin_list>
<pin id="3" dir="1" index="0" bw="1" slack="0"/>
</pin_list>
<bind>
<StgValue><ssdm name="c"/><MemPortTyVec>0 1 </MemPortTyVec>
</StgValue>
</bind>
</comp>

<comp id="4" class="1000" name="i">
<pin_list>
<pin id="5" dir="1" index="0" bw="1" slack="0"/>
</pin_list>
<bind>
<StgValue><ssdm name="i"/><MemPortTyVec>1 3 </MemPortTyVec>
</StgValue>
</bind>
</comp>

<comp id="6" class="1000" name="g">
<pin_list>
<pin id="7" dir="1" index="0" bw="1" slack="0"/>
</pin_list>
<bind>
<StgValue><ssdm name="g"/><MemPortTyVec>1 3 </MemPortTyVec>
</StgValue>
</bind>
</comp>

<comp id="8" class="1000" name="o">
<pin_list>
<pin id="9" dir="1" index="0" bw="1" slack="0"/>
</pin_list>
<bind>
<StgValue><ssdm name="o"/><MemPortTyVec>1 3 </MemPortTyVec>
</StgValue>
</bind>
</comp>

<comp id="10" class="1000" name="h">
<pin_list>
<pin id="11" dir="1" index="0" bw="1" slack="0"/>
</pin_list>
<bind>
<StgValue><ssdm name="h"/><MemPortTyVec>0 3 </MemPortTyVec>
</StgValue>
</bind>
</comp>

<comp id="12" class="1000" name="table_exp_Z1_ap_ufixed_58_1_ap_q_mode_5_ap_o_mode_3_0_array">
<pin_list>
<pin id="13" dir="1" index="0" bw="1" slack="0"/>
</pin_list>
<bind>
<StgValue><ssdm name="table_exp_Z1_ap_ufixed_58_1_ap_q_mode_5_ap_o_mode_3_0_array"/><MemPortTyVec>1 </MemPortTyVec>
</StgValue>
</bind>
</comp>

<comp id="14" class="1000" name="table_f_Z3_ap_ufixed_59_0_ap_q_mode_5_ap_o_mode_3_0_array">
<pin_list>
<pin id="15" dir="1" index="0" bw="1" slack="0"/>
</pin_list>
<bind>
<StgValue><ssdm name="table_f_Z3_ap_ufixed_59_0_ap_q_mode_5_ap_o_mode_3_0_array"/><MemPortTyVec>1 1 </MemPortTyVec>
</StgValue>
</bind>
</comp>

<comp id="16" class="1000" name="table_f_Z2_ap_ufixed_59_0_ap_q_mode_5_ap_o_mode_3_0_array">
<pin_list>
<pin id="17" dir="1" index="0" bw="1" slack="0"/>
</pin_list>
<bind>
<StgValue><ssdm name="table_f_Z2_ap_ufixed_59_0_ap_q_mode_5_ap_o_mode_3_0_array"/><MemPortTyVec>1 </MemPortTyVec>
</StgValue>
</bind>
</comp>

<comp id="18" class="1001" name="const_18">
<pin_list>
<pin id="19" dir="1" index="0" bw="1" slack="0"/>
</pin_list>
<bind>
<StgValue><ssdm name=""/></StgValue>
</bind>
</comp>

<comp id="20" class="1001" name="const_20">
<pin_list>
<pin id="21" dir="1" index="0" bw="1" slack="2147483647"/>
</pin_list>
<bind>
<StgValue><ssdm name="_ssdm_op_SpecInterface"/></StgValue>
</bind>
</comp>

<comp id="22" class="1001" name="const_22">
<pin_list>
<pin id="23" dir="1" index="0" bw="1" slack="2147483647"/>
</pin_list>
<bind>
<StgValue><ssdm name="empty"/></StgValue>
</bind>
</comp>

<comp id="24" class="1001" name="const_24">
<pin_list>
<pin id="25" dir="1" index="0" bw="1" slack="2147483647"/>
</pin_list>
<bind>
<StgValue><ssdm name=""/></StgValue>
</bind>
</comp>

<comp id="26" class="1001" name="const_26">
<pin_list>
<pin id="27" dir="1" index="0" bw="1" slack="2147483647"/>
</pin_list>
<bind>
<StgValue><ssdm name="empty_0"/></StgValue>
</bind>
</comp>

<comp id="28" class="1001" name="const_28">
<pin_list>
<pin id="29" dir="1" index="0" bw="1" slack="2147483647"/>
</pin_list>
<bind>
<StgValue><ssdm name=""/></StgValue>
</bind>
</comp>

<comp id="30" class="1001" name="const_30">
<pin_list>
<pin id="31" dir="1" index="0" bw="1" slack="0"/>
</pin_list>
<bind>
<StgValue><ssdm name=""/></StgValue>
</bind>
</comp>

<comp id="32" class="1001" name="const_32">
<pin_list>
<pin id="33" dir="1" index="0" bw="1" slack="0"/>
</pin_list>
<bind>
<StgValue><ssdm name=""/></StgValue>
</bind>
</comp>

<comp id="34" class="1001" name="const_34">
<pin_list>
<pin id="35" dir="1" index="0" bw="1" slack="0"/>
</pin_list>
<bind>
<StgValue><ssdm name=""/></StgValue>
</bind>
</comp>

<comp id="36" class="1001" name="const_36">
<pin_list>
<pin id="37" dir="1" index="0" bw="1" slack="0"/>
</pin_list>
<bind>
<StgValue><ssdm name=""/></StgValue>
</bind>
</comp>

<comp id="38" class="1001" name="const_38">
<pin_list>
<pin id="39" dir="1" index="0" bw="1" slack="0"/>
</pin_list>
<bind>
<StgValue><ssdm name="generic_tanh<float>"/></StgValue>
</bind>
</comp>

<comp id="40" class="1001" name="const_40">
<pin_list>
<pin id="41" dir="1" index="0" bw="1" slack="2147483647"/>
</pin_list>
<bind>
<StgValue><ssdm name="_ssdm_op_SpecPipeline"/></StgValue>
</bind>
</comp>

<comp id="42" class="1001" name="const_42">
<pin_list>
<pin id="43" dir="1" index="0" bw="1" slack="2147483647"/>
</pin_list>
<bind>
<StgValue><ssdm name="_ssdm_op_SpecLoopTripCount"/></StgValue>
</bind>
</comp>

<comp id="44" class="1001" name="const_44">
<pin_list>
<pin id="45" dir="1" index="0" bw="1" slack="2147483647"/>
</pin_list>
<bind>
<StgValue><ssdm name=""/></StgValue>
</bind>
</comp>

<comp id="46" class="1001" name="const_46">
<pin_list>
<pin id="47" dir="1" index="0" bw="1" slack="2147483647"/>
</pin_list>
<bind>
<StgValue><ssdm name="_ssdm_op_SpecLoopName"/></StgValue>
</bind>
</comp>

<comp id="48" class="1001" name="const_48">
<pin_list>
<pin id="49" dir="1" index="0" bw="1" slack="2147483647"/>
</pin_list>
<bind>
<StgValue><ssdm name="empty_4"/></StgValue>
</bind>
</comp>

<comp id="50" class="1004" name="j_fu_50">
<pin_list>
<pin id="51" dir="0" index="0" bw="1" slack="0"/>
<pin id="52" dir="1" index="1" bw="6" slack="0"/>
</pin_list>
<bind>
<opcode="alloca(26) " fcode="alloca"/>
<opset="j/1 "/>
</bind>
</comp>

<comp id="54" class="1004" name="f_addr_gep_fu_54">
<pin_list>
<pin id="55" dir="0" index="0" bw="32" slack="0"/>
<pin id="56" dir="0" index="1" bw="1" slack="0"/>
<pin id="57" dir="0" index="2" bw="6" slack="0"/>
<pin id="58" dir="1" index="3" bw="5" slack="0"/>
</pin_list>
<bind>
<opcode="getelementptr(29) " fcode="getelementptr"/>
<opset="f_addr/1 "/>
</bind>
</comp>

<comp id="61" class="1004" name="grp_access_fu_61">
<pin_list>
<pin id="62" dir="0" index="0" bw="5" slack="0"/>
<pin id="63" dir="0" index="1" bw="32" slack="2147483647"/>
<pin id="64" dir="0" index="2" bw="0" slack="2147483647"/>
<pin id="65" dir="1" index="3" bw="32" slack="1"/>
</pin_list>
<bind>
<opcode="load(27) " fcode="load"/>
<opset="f_load/1 "/>
</bind>
</comp>

<comp id="67" class="1004" name="c_addr_gep_fu_67">
<pin_list>
<pin id="68" dir="0" index="0" bw="32" slack="0"/>
<pin id="69" dir="0" index="1" bw="1" slack="0"/>
<pin id="70" dir="0" index="2" bw="6" slack="0"/>
<pin id="71" dir="1" index="3" bw="5" slack="0"/>
</pin_list>
<bind>
<opcode="getelementptr(29) " fcode="getelementptr"/>
<opset="c_addr/1 "/>
</bind>
</comp>

<comp id="74" class="1004" name="grp_access_fu_74">
<pin_list>
<pin id="75" dir="0" index="0" bw="5" slack="11"/>
<pin id="76" dir="0" index="1" bw="32" slack="0"/>
<pin id="77" dir="0" index="2" bw="0" slack="0"/>
<pin id="79" dir="0" index="4" bw="5" slack="2147483647"/>
<pin id="80" dir="0" index="5" bw="32" slack="2147483647"/>
<pin id="81" dir="0" index="6" bw="0" slack="2147483647"/>
<pin id="78" dir="1" index="3" bw="32" slack="2147483647"/>
<pin id="82" dir="1" index="7" bw="32" slack="1"/>
</pin_list>
<bind>
<opcode="load(27) store(28) " fcode="store"/>
<opset="c_load/1 store_ln49/12 "/>
</bind>
</comp>

<comp id="84" class="1004" name="i_addr_gep_fu_84">
<pin_list>
<pin id="85" dir="0" index="0" bw="32" slack="0"/>
<pin id="86" dir="0" index="1" bw="1" slack="0"/>
<pin id="87" dir="0" index="2" bw="6" slack="0"/>
<pin id="88" dir="1" index="3" bw="5" slack="0"/>
</pin_list>
<bind>
<opcode="getelementptr(29) " fcode="getelementptr"/>
<opset="i_addr/1 "/>
</bind>
</comp>

<comp id="91" class="1004" name="grp_access_fu_91">
<pin_list>
<pin id="92" dir="0" index="0" bw="5" slack="0"/>
<pin id="93" dir="0" index="1" bw="32" slack="2147483647"/>
<pin id="94" dir="0" index="2" bw="0" slack="2147483647"/>
<pin id="95" dir="1" index="3" bw="32" slack="1"/>
</pin_list>
<bind>
<opcode="load(27) " fcode="load"/>
<opset="i_load/1 "/>
</bind>
</comp>

<comp id="97" class="1004" name="g_addr_gep_fu_97">
<pin_list>
<pin id="98" dir="0" index="0" bw="32" slack="0"/>
<pin id="99" dir="0" index="1" bw="1" slack="0"/>
<pin id="100" dir="0" index="2" bw="6" slack="0"/>
<pin id="101" dir="1" index="3" bw="5" slack="0"/>
</pin_list>
<bind>
<opcode="getelementptr(29) " fcode="getelementptr"/>
<opset="g_addr/1 "/>
</bind>
</comp>

<comp id="104" class="1004" name="grp_access_fu_104">
<pin_list>
<pin id="105" dir="0" index="0" bw="5" slack="0"/>
<pin id="106" dir="0" index="1" bw="32" slack="2147483647"/>
<pin id="107" dir="0" index="2" bw="0" slack="2147483647"/>
<pin id="108" dir="1" index="3" bw="32" slack="1"/>
</pin_list>
<bind>
<opcode="load(27) " fcode="load"/>
<opset="g_load/1 "/>
</bind>
</comp>

<comp id="110" class="1004" name="o_addr_gep_fu_110">
<pin_list>
<pin id="111" dir="0" index="0" bw="32" slack="0"/>
<pin id="112" dir="0" index="1" bw="1" slack="0"/>
<pin id="113" dir="0" index="2" bw="6" slack="70"/>
<pin id="114" dir="1" index="3" bw="5" slack="0"/>
</pin_list>
<bind>
<opcode="getelementptr(29) " fcode="getelementptr"/>
<opset="o_addr/71 "/>
</bind>
</comp>

<comp id="117" class="1004" name="grp_access_fu_117">
<pin_list>
<pin id="118" dir="0" index="0" bw="5" slack="0"/>
<pin id="119" dir="0" index="1" bw="32" slack="2147483647"/>
<pin id="120" dir="0" index="2" bw="0" slack="2147483647"/>
<pin id="121" dir="1" index="3" bw="32" slack="1"/>
</pin_list>
<bind>
<opcode="load(27) " fcode="load"/>
<opset="o_load/71 "/>
</bind>
</comp>

<comp id="123" class="1004" name="h_addr_gep_fu_123">
<pin_list>
<pin id="124" dir="0" index="0" bw="32" slack="0"/>
<pin id="125" dir="0" index="1" bw="1" slack="0"/>
<pin id="126" dir="0" index="2" bw="6" slack="76"/>
<pin id="127" dir="1" index="3" bw="5" slack="0"/>
</pin_list>
<bind>
<opcode="getelementptr(29) " fcode="getelementptr"/>
<opset="h_addr/77 "/>
</bind>
</comp>

<comp id="130" class="1004" name="store_ln50_access_fu_130">
<pin_list>
<pin id="131" dir="0" index="0" bw="5" slack="0"/>
<pin id="132" dir="0" index="1" bw="32" slack="0"/>
<pin id="133" dir="0" index="2" bw="0" slack="2147483647"/>
<pin id="134" dir="1" index="3" bw="32" slack="2147483647"/>
</pin_list>
<bind>
<opcode="store(28) " fcode="store"/>
<opset="store_ln50/77 "/>
</bind>
</comp>

<comp id="136" class="1004" name="grp_generic_tanh_float_s_fu_136">
<pin_list>
<pin id="137" dir="0" index="0" bw="32" slack="0"/>
<pin id="138" dir="0" index="1" bw="32" slack="1"/>
<pin id="139" dir="0" index="2" bw="58" slack="0"/>
<pin id="140" dir="0" index="3" bw="26" slack="0"/>
<pin id="141" dir="0" index="4" bw="42" slack="0"/>
<pin id="142" dir="1" index="5" bw="32" slack="1"/>
</pin_list>
<bind>
<opcode="call(48) " fcode="call"/>
<opset="tmp_9/12 "/>
</bind>
</comp>

<comp id="147" class="1004" name="grp_fu_147">
<pin_list>
<pin id="148" dir="0" index="0" bw="32" slack="1"/>
<pin id="149" dir="0" index="1" bw="32" slack="1"/>
<pin id="150" dir="1" index="2" bw="32" slack="1"/>
</pin_list>
<bind>
<opcode="fadd(9) " fcode="fadd"/>
<opset="x_assign_7/7 "/>
</bind>
</comp>

<comp id="151" class="1004" name="grp_fu_151">
<pin_list>
<pin id="152" dir="0" index="0" bw="32" slack="1"/>
<pin id="153" dir="0" index="1" bw="32" slack="0"/>
<pin id="154" dir="1" index="2" bw="32" slack="1"/>
</pin_list>
<bind>
<opcode="fmul(13) " fcode="fmul"/>
<opset="mul8/3 "/>
</bind>
</comp>

<comp id="155" class="1004" name="grp_fu_155">
<pin_list>
<pin id="156" dir="0" index="0" bw="32" slack="1"/>
<pin id="157" dir="0" index="1" bw="32" slack="1"/>
<pin id="158" dir="1" index="2" bw="32" slack="1"/>
</pin_list>
<bind>
<opcode="fmul(13) " fcode="fmul"/>
<opset="mul9/3 "/>
</bind>
</comp>

<comp id="159" class="1004" name="grp_fu_159">
<pin_list>
<pin id="160" dir="0" index="0" bw="32" slack="1"/>
<pin id="161" dir="0" index="1" bw="32" slack="1"/>
<pin id="162" dir="1" index="2" bw="32" slack="1"/>
</pin_list>
<bind>
<opcode="fmul(13) " fcode="fmul"/>
<opset="mul/73 "/>
</bind>
</comp>

<comp id="163" class="1004" name="store_ln48_store_fu_163">
<pin_list>
<pin id="164" dir="0" index="0" bw="1" slack="0"/>
<pin id="165" dir="0" index="1" bw="6" slack="0"/>
<pin id="166" dir="1" index="2" bw="0" slack="2147483647"/>
</pin_list>
<bind>
<opcode="store(28) " fcode="store"/>
<opset="store_ln48/1 "/>
</bind>
</comp>

<comp id="168" class="1004" name="j_1_load_fu_168">
<pin_list>
<pin id="169" dir="0" index="0" bw="6" slack="0"/>
<pin id="170" dir="1" index="1" bw="6" slack="0"/>
</pin_list>
<bind>
<opcode="load(27) " fcode="load"/>
<opset="j_1/1 "/>
</bind>
</comp>

<comp id="171" class="1004" name="icmp_ln48_fu_171">
<pin_list>
<pin id="172" dir="0" index="0" bw="6" slack="0"/>
<pin id="173" dir="0" index="1" bw="6" slack="0"/>
<pin id="174" dir="1" index="2" bw="1" slack="11"/>
</pin_list>
<bind>
<opcode="icmp(45) " fcode="icmp"/>
<opset="icmp_ln48/1 "/>
</bind>
</comp>

<comp id="177" class="1004" name="add_ln48_fu_177">
<pin_list>
<pin id="178" dir="0" index="0" bw="6" slack="0"/>
<pin id="179" dir="0" index="1" bw="1" slack="0"/>
<pin id="180" dir="1" index="2" bw="6" slack="0"/>
</pin_list>
<bind>
<opcode="add(8) " fcode="add"/>
<opset="add_ln48/1 "/>
</bind>
</comp>

<comp id="183" class="1004" name="zext_ln48_fu_183">
<pin_list>
<pin id="184" dir="0" index="0" bw="6" slack="0"/>
<pin id="185" dir="1" index="1" bw="64" slack="0"/>
</pin_list>
<bind>
<opcode="zext(34) " fcode="zext"/>
<opset="zext_ln48/1 "/>
</bind>
</comp>

<comp id="191" class="1004" name="store_ln48_store_fu_191">
<pin_list>
<pin id="192" dir="0" index="0" bw="6" slack="0"/>
<pin id="193" dir="0" index="1" bw="6" slack="0"/>
<pin id="194" dir="1" index="2" bw="0" slack="2147483647"/>
</pin_list>
<bind>
<opcode="store(28) " fcode="store"/>
<opset="store_ln48/1 "/>
</bind>
</comp>

<comp id="196" class="1004" name="bitcast_ln49_fu_196">
<pin_list>
<pin id="197" dir="0" index="0" bw="32" slack="1"/>
<pin id="198" dir="1" index="1" bw="32" slack="0"/>
</pin_list>
<bind>
<opcode="bitcast(44) " fcode="bitcast"/>
<opset="bitcast_ln49/3 "/>
</bind>
</comp>

<comp id="200" class="1004" name="bitcast_ln49_1_fu_200">
<pin_list>
<pin id="201" dir="0" index="0" bw="32" slack="1"/>
<pin id="202" dir="1" index="1" bw="32" slack="0"/>
</pin_list>
<bind>
<opcode="bitcast(44) " fcode="bitcast"/>
<opset="bitcast_ln49_1/12 "/>
</bind>
</comp>

<comp id="204" class="1004" name="bitcast_ln50_fu_204">
<pin_list>
<pin id="205" dir="0" index="0" bw="32" slack="1"/>
<pin id="206" dir="1" index="1" bw="32" slack="0"/>
</pin_list>
<bind>
<opcode="bitcast(44) " fcode="bitcast"/>
<opset="bitcast_ln50/77 "/>
</bind>
</comp>

<comp id="208" class="1005" name="j_reg_208">
<pin_list>
<pin id="209" dir="0" index="0" bw="6" slack="0"/>
<pin id="210" dir="1" index="1" bw="6" slack="0"/>
</pin_list>
<bind>
<opset="j "/>
</bind>
</comp>

<comp id="215" class="1005" name="icmp_ln48_reg_215">
<pin_list>
<pin id="216" dir="0" index="0" bw="1" slack="11"/>
<pin id="217" dir="1" index="1" bw="1" slack="2147483647"/>
</pin_list>
<bind>
<opset="icmp_ln48 "/>
</bind>
</comp>

<comp id="219" class="1005" name="zext_ln48_reg_219">
<pin_list>
<pin id="220" dir="0" index="0" bw="64" slack="70"/>
<pin id="221" dir="1" index="1" bw="64" slack="70"/>
</pin_list>
<bind>
<opset="zext_ln48 "/>
</bind>
</comp>

<comp id="225" class="1005" name="f_addr_reg_225">
<pin_list>
<pin id="226" dir="0" index="0" bw="5" slack="1"/>
<pin id="227" dir="1" index="1" bw="5" slack="1"/>
</pin_list>
<bind>
<opset="f_addr "/>
</bind>
</comp>

<comp id="230" class="1005" name="c_addr_reg_230">
<pin_list>
<pin id="231" dir="0" index="0" bw="5" slack="1"/>
<pin id="232" dir="1" index="1" bw="5" slack="1"/>
</pin_list>
<bind>
<opset="c_addr "/>
</bind>
</comp>

<comp id="236" class="1005" name="i_addr_reg_236">
<pin_list>
<pin id="237" dir="0" index="0" bw="5" slack="1"/>
<pin id="238" dir="1" index="1" bw="5" slack="1"/>
</pin_list>
<bind>
<opset="i_addr "/>
</bind>
</comp>

<comp id="241" class="1005" name="g_addr_reg_241">
<pin_list>
<pin id="242" dir="0" index="0" bw="5" slack="1"/>
<pin id="243" dir="1" index="1" bw="5" slack="1"/>
</pin_list>
<bind>
<opset="g_addr "/>
</bind>
</comp>

<comp id="246" class="1005" name="f_load_reg_246">
<pin_list>
<pin id="247" dir="0" index="0" bw="32" slack="1"/>
<pin id="248" dir="1" index="1" bw="32" slack="1"/>
</pin_list>
<bind>
<opset="f_load "/>
</bind>
</comp>

<comp id="251" class="1005" name="c_load_reg_251">
<pin_list>
<pin id="252" dir="0" index="0" bw="32" slack="1"/>
<pin id="253" dir="1" index="1" bw="32" slack="1"/>
</pin_list>
<bind>
<opset="c_load "/>
</bind>
</comp>

<comp id="256" class="1005" name="i_load_reg_256">
<pin_list>
<pin id="257" dir="0" index="0" bw="32" slack="1"/>
<pin id="258" dir="1" index="1" bw="32" slack="1"/>
</pin_list>
<bind>
<opset="i_load "/>
</bind>
</comp>

<comp id="261" class="1005" name="g_load_reg_261">
<pin_list>
<pin id="262" dir="0" index="0" bw="32" slack="1"/>
<pin id="263" dir="1" index="1" bw="32" slack="1"/>
</pin_list>
<bind>
<opset="g_load "/>
</bind>
</comp>

<comp id="266" class="1005" name="bitcast_ln49_reg_266">
<pin_list>
<pin id="267" dir="0" index="0" bw="32" slack="1"/>
<pin id="268" dir="1" index="1" bw="32" slack="1"/>
</pin_list>
<bind>
<opset="bitcast_ln49 "/>
</bind>
</comp>

<comp id="271" class="1005" name="mul8_reg_271">
<pin_list>
<pin id="272" dir="0" index="0" bw="32" slack="1"/>
<pin id="273" dir="1" index="1" bw="32" slack="1"/>
</pin_list>
<bind>
<opset="mul8 "/>
</bind>
</comp>

<comp id="276" class="1005" name="mul9_reg_276">
<pin_list>
<pin id="277" dir="0" index="0" bw="32" slack="1"/>
<pin id="278" dir="1" index="1" bw="32" slack="1"/>
</pin_list>
<bind>
<opset="mul9 "/>
</bind>
</comp>

<comp id="281" class="1005" name="x_assign_7_reg_281">
<pin_list>
<pin id="282" dir="0" index="0" bw="32" slack="1"/>
<pin id="283" dir="1" index="1" bw="32" slack="1"/>
</pin_list>
<bind>
<opset="x_assign_7 "/>
</bind>
</comp>

<comp id="287" class="1005" name="o_addr_reg_287">
<pin_list>
<pin id="288" dir="0" index="0" bw="5" slack="1"/>
<pin id="289" dir="1" index="1" bw="5" slack="1"/>
</pin_list>
<bind>
<opset="o_addr "/>
</bind>
</comp>

<comp id="292" class="1005" name="o_load_reg_292">
<pin_list>
<pin id="293" dir="0" index="0" bw="32" slack="1"/>
<pin id="294" dir="1" index="1" bw="32" slack="1"/>
</pin_list>
<bind>
<opset="o_load "/>
</bind>
</comp>

<comp id="297" class="1005" name="tmp_9_reg_297">
<pin_list>
<pin id="298" dir="0" index="0" bw="32" slack="1"/>
<pin id="299" dir="1" index="1" bw="32" slack="1"/>
</pin_list>
<bind>
<opset="tmp_9 "/>
</bind>
</comp>

<comp id="302" class="1005" name="mul_reg_302">
<pin_list>
<pin id="303" dir="0" index="0" bw="32" slack="1"/>
<pin id="304" dir="1" index="1" bw="32" slack="1"/>
</pin_list>
<bind>
<opset="mul "/>
</bind>
</comp>

</comp_list>

<net_list>
<net id="53"><net_src comp="18" pin="0"/><net_sink comp="50" pin=0"/></net>

<net id="59"><net_src comp="0" pin="0"/><net_sink comp="54" pin=0"/></net>

<net id="60"><net_src comp="36" pin="0"/><net_sink comp="54" pin=1"/></net>

<net id="66"><net_src comp="54" pin="3"/><net_sink comp="61" pin=0"/></net>

<net id="72"><net_src comp="2" pin="0"/><net_sink comp="67" pin=0"/></net>

<net id="73"><net_src comp="36" pin="0"/><net_sink comp="67" pin=1"/></net>

<net id="83"><net_src comp="67" pin="3"/><net_sink comp="74" pin=2"/></net>

<net id="89"><net_src comp="4" pin="0"/><net_sink comp="84" pin=0"/></net>

<net id="90"><net_src comp="36" pin="0"/><net_sink comp="84" pin=1"/></net>

<net id="96"><net_src comp="84" pin="3"/><net_sink comp="91" pin=0"/></net>

<net id="102"><net_src comp="6" pin="0"/><net_sink comp="97" pin=0"/></net>

<net id="103"><net_src comp="36" pin="0"/><net_sink comp="97" pin=1"/></net>

<net id="109"><net_src comp="97" pin="3"/><net_sink comp="104" pin=0"/></net>

<net id="115"><net_src comp="8" pin="0"/><net_sink comp="110" pin=0"/></net>

<net id="116"><net_src comp="36" pin="0"/><net_sink comp="110" pin=1"/></net>

<net id="122"><net_src comp="110" pin="3"/><net_sink comp="117" pin=0"/></net>

<net id="128"><net_src comp="10" pin="0"/><net_sink comp="123" pin=0"/></net>

<net id="129"><net_src comp="36" pin="0"/><net_sink comp="123" pin=1"/></net>

<net id="135"><net_src comp="123" pin="3"/><net_sink comp="130" pin=0"/></net>

<net id="143"><net_src comp="38" pin="0"/><net_sink comp="136" pin=0"/></net>

<net id="144"><net_src comp="12" pin="0"/><net_sink comp="136" pin=2"/></net>

<net id="145"><net_src comp="14" pin="0"/><net_sink comp="136" pin=3"/></net>

<net id="146"><net_src comp="16" pin="0"/><net_sink comp="136" pin=4"/></net>

<net id="167"><net_src comp="30" pin="0"/><net_sink comp="163" pin=0"/></net>

<net id="175"><net_src comp="168" pin="1"/><net_sink comp="171" pin=0"/></net>

<net id="176"><net_src comp="32" pin="0"/><net_sink comp="171" pin=1"/></net>

<net id="181"><net_src comp="168" pin="1"/><net_sink comp="177" pin=0"/></net>

<net id="182"><net_src comp="34" pin="0"/><net_sink comp="177" pin=1"/></net>

<net id="186"><net_src comp="168" pin="1"/><net_sink comp="183" pin=0"/></net>

<net id="187"><net_src comp="183" pin="1"/><net_sink comp="54" pin=2"/></net>

<net id="188"><net_src comp="183" pin="1"/><net_sink comp="67" pin=2"/></net>

<net id="189"><net_src comp="183" pin="1"/><net_sink comp="84" pin=2"/></net>

<net id="190"><net_src comp="183" pin="1"/><net_sink comp="97" pin=2"/></net>

<net id="195"><net_src comp="177" pin="2"/><net_sink comp="191" pin=0"/></net>

<net id="199"><net_src comp="196" pin="1"/><net_sink comp="151" pin=1"/></net>

<net id="203"><net_src comp="200" pin="1"/><net_sink comp="74" pin=1"/></net>

<net id="207"><net_src comp="204" pin="1"/><net_sink comp="130" pin=1"/></net>

<net id="211"><net_src comp="50" pin="1"/><net_sink comp="208" pin=0"/></net>

<net id="212"><net_src comp="208" pin="1"/><net_sink comp="163" pin=1"/></net>

<net id="213"><net_src comp="208" pin="1"/><net_sink comp="168" pin=0"/></net>

<net id="214"><net_src comp="208" pin="1"/><net_sink comp="191" pin=1"/></net>

<net id="218"><net_src comp="171" pin="2"/><net_sink comp="215" pin=0"/></net>

<net id="222"><net_src comp="183" pin="1"/><net_sink comp="219" pin=0"/></net>

<net id="223"><net_src comp="219" pin="1"/><net_sink comp="110" pin=2"/></net>

<net id="224"><net_src comp="219" pin="1"/><net_sink comp="123" pin=2"/></net>

<net id="228"><net_src comp="54" pin="3"/><net_sink comp="225" pin=0"/></net>

<net id="229"><net_src comp="225" pin="1"/><net_sink comp="61" pin=0"/></net>

<net id="233"><net_src comp="67" pin="3"/><net_sink comp="230" pin=0"/></net>

<net id="234"><net_src comp="230" pin="1"/><net_sink comp="74" pin=2"/></net>

<net id="235"><net_src comp="230" pin="1"/><net_sink comp="74" pin=0"/></net>

<net id="239"><net_src comp="84" pin="3"/><net_sink comp="236" pin=0"/></net>

<net id="240"><net_src comp="236" pin="1"/><net_sink comp="91" pin=0"/></net>

<net id="244"><net_src comp="97" pin="3"/><net_sink comp="241" pin=0"/></net>

<net id="245"><net_src comp="241" pin="1"/><net_sink comp="104" pin=0"/></net>

<net id="249"><net_src comp="61" pin="3"/><net_sink comp="246" pin=0"/></net>

<net id="250"><net_src comp="246" pin="1"/><net_sink comp="151" pin=0"/></net>

<net id="254"><net_src comp="74" pin="7"/><net_sink comp="251" pin=0"/></net>

<net id="255"><net_src comp="251" pin="1"/><net_sink comp="196" pin=0"/></net>

<net id="259"><net_src comp="91" pin="3"/><net_sink comp="256" pin=0"/></net>

<net id="260"><net_src comp="256" pin="1"/><net_sink comp="155" pin=0"/></net>

<net id="264"><net_src comp="104" pin="3"/><net_sink comp="261" pin=0"/></net>

<net id="265"><net_src comp="261" pin="1"/><net_sink comp="155" pin=1"/></net>

<net id="269"><net_src comp="196" pin="1"/><net_sink comp="266" pin=0"/></net>

<net id="270"><net_src comp="266" pin="1"/><net_sink comp="151" pin=1"/></net>

<net id="274"><net_src comp="151" pin="2"/><net_sink comp="271" pin=0"/></net>

<net id="275"><net_src comp="271" pin="1"/><net_sink comp="147" pin=0"/></net>

<net id="279"><net_src comp="155" pin="2"/><net_sink comp="276" pin=0"/></net>

<net id="280"><net_src comp="276" pin="1"/><net_sink comp="147" pin=1"/></net>

<net id="284"><net_src comp="147" pin="2"/><net_sink comp="281" pin=0"/></net>

<net id="285"><net_src comp="281" pin="1"/><net_sink comp="200" pin=0"/></net>

<net id="286"><net_src comp="281" pin="1"/><net_sink comp="136" pin=1"/></net>

<net id="290"><net_src comp="110" pin="3"/><net_sink comp="287" pin=0"/></net>

<net id="291"><net_src comp="287" pin="1"/><net_sink comp="117" pin=0"/></net>

<net id="295"><net_src comp="117" pin="3"/><net_sink comp="292" pin=0"/></net>

<net id="296"><net_src comp="292" pin="1"/><net_sink comp="159" pin=0"/></net>

<net id="300"><net_src comp="136" pin="5"/><net_sink comp="297" pin=0"/></net>

<net id="301"><net_src comp="297" pin="1"/><net_sink comp="159" pin=1"/></net>

<net id="305"><net_src comp="159" pin="2"/><net_sink comp="302" pin=0"/></net>

<net id="306"><net_src comp="302" pin="1"/><net_sink comp="204" pin=0"/></net>

</net_list>

</model> 
---------------- Datapath Model END ------------------

* FSMD analyzer results:
  - Output states:
	Port: c | {12 }
	Port: h | {77 }
 - Input state : 
	Port: LSTM_step_Pipeline_UPDATE : f | {1 2 }
	Port: LSTM_step_Pipeline_UPDATE : c | {1 2 }
	Port: LSTM_step_Pipeline_UPDATE : i | {1 2 }
	Port: LSTM_step_Pipeline_UPDATE : g | {1 2 }
	Port: LSTM_step_Pipeline_UPDATE : o | {71 72 }
	Port: LSTM_step_Pipeline_UPDATE : table_exp_Z1_ap_ufixed_58_1_ap_q_mode_5_ap_o_mode_3_0_array | {35 36 }
	Port: LSTM_step_Pipeline_UPDATE : table_f_Z3_ap_ufixed_59_0_ap_q_mode_5_ap_o_mode_3_0_array | {29 30 }
	Port: LSTM_step_Pipeline_UPDATE : table_f_Z2_ap_ufixed_59_0_ap_q_mode_5_ap_o_mode_3_0_array | {32 33 }
  - Chain level:
	State 1
		store_ln48 : 1
		j_1 : 1
		icmp_ln48 : 2
		add_ln48 : 2
		br_ln48 : 3
		zext_ln48 : 2
		f_addr : 3
		f_load : 4
		c_addr : 3
		c_load : 4
		i_addr : 3
		i_load : 4
		g_addr : 3
		g_load : 4
		store_ln48 : 3
	State 2
	State 3
		mul8 : 1
	State 4
	State 5
	State 6
	State 7
	State 8
	State 9
	State 10
	State 11
	State 12
		store_ln49 : 1
	State 13
	State 14
	State 15
	State 16
	State 17
	State 18
	State 19
	State 20
	State 21
	State 22
	State 23
	State 24
	State 25
	State 26
	State 27
	State 28
	State 29
	State 30
	State 31
	State 32
	State 33
	State 34
	State 35
	State 36
	State 37
	State 38
	State 39
	State 40
	State 41
	State 42
	State 43
	State 44
	State 45
	State 46
	State 47
	State 48
	State 49
	State 50
	State 51
	State 52
	State 53
	State 54
	State 55
	State 56
	State 57
	State 58
	State 59
	State 60
	State 61
	State 62
	State 63
	State 64
	State 65
	State 66
	State 67
	State 68
	State 69
	State 70
	State 71
		o_load : 1
	State 72
	State 73
	State 74
	State 75
	State 76
	State 77
		store_ln50 : 1


============================================================
+ Verbose Summary: Datapath Resource usage 
============================================================

* Functional unit list:
|----------|---------------------------------|---------|---------|---------|---------|
| Operation|         Functional Unit         |   DSP   |  Delay  |    FF   |   LUT   |
|----------|---------------------------------|---------|---------|---------|---------|
|   call   | grp_generic_tanh_float_s_fu_136 |    45   | 28.8226 |   5131  |   6575  |
|----------|---------------------------------|---------|---------|---------|---------|
|          |            grp_fu_151           |    3    |    0    |   143   |   321   |
|   fmul   |            grp_fu_155           |    3    |    0    |   143   |   321   |
|          |            grp_fu_159           |    3    |    0    |   143   |   321   |
|----------|---------------------------------|---------|---------|---------|---------|
|   fadd   |            grp_fu_147           |    2    |    0    |   205   |   390   |
|----------|---------------------------------|---------|---------|---------|---------|
|   icmp   |         icmp_ln48_fu_171        |    0    |    0    |    0    |    14   |
|----------|---------------------------------|---------|---------|---------|---------|
|    add   |         add_ln48_fu_177         |    0    |    0    |    0    |    14   |
|----------|---------------------------------|---------|---------|---------|---------|
|   zext   |         zext_ln48_fu_183        |    0    |    0    |    0    |    0    |
|----------|---------------------------------|---------|---------|---------|---------|
|   Total  |                                 |    56   | 28.8226 |   5765  |   7956  |
|----------|---------------------------------|---------|---------|---------|---------|

Memories:
N/A

* Register list:
+--------------------+--------+
|                    |   FF   |
+--------------------+--------+
|bitcast_ln49_reg_266|   32   |
|   c_addr_reg_230   |    5   |
|   c_load_reg_251   |   32   |
|   f_addr_reg_225   |    5   |
|   f_load_reg_246   |   32   |
|   g_addr_reg_241   |    5   |
|   g_load_reg_261   |   32   |
|   i_addr_reg_236   |    5   |
|   i_load_reg_256   |   32   |
|  icmp_ln48_reg_215 |    1   |
|      j_reg_208     |    6   |
|    mul8_reg_271    |   32   |
|    mul9_reg_276    |   32   |
|     mul_reg_302    |   32   |
|   o_addr_reg_287   |    5   |
|   o_load_reg_292   |   32   |
|    tmp_9_reg_297   |   32   |
| x_assign_7_reg_281 |   32   |
|  zext_ln48_reg_219 |   64   |
+--------------------+--------+
|        Total       |   448  |
+--------------------+--------+

* Multiplexer (MUX) list: 
|-------------------|------|------|------|--------||---------||---------||---------|
|        Comp       |  Pin | Size |  BW  | S x BW ||  Delay  ||    FF   ||   LUT   |
|-------------------|------|------|------|--------||---------||---------||---------|
|  grp_access_fu_61 |  p0  |   2  |   5  |   10   ||    0    ||    9    |
|  grp_access_fu_74 |  p2  |   2  |   0  |    0   ||    0    ||    9    |
|  grp_access_fu_91 |  p0  |   2  |   5  |   10   ||    0    ||    9    |
| grp_access_fu_104 |  p0  |   2  |   5  |   10   ||    0    ||    9    |
| grp_access_fu_117 |  p0  |   2  |   5  |   10   ||    0    ||    9    |
|     grp_fu_151    |  p1  |   2  |  32  |   64   ||    0    ||    9    |
|-------------------|------|------|------|--------||---------||---------||---------|
|       Total       |      |      |      |   104  ||  9.528  ||    0    ||    54   |
|-------------------|------|------|------|--------||---------||---------||---------|



* Summary:
+-----------+--------+--------+--------+--------+
|           |   DSP  |  Delay |   FF   |   LUT  |
+-----------+--------+--------+--------+--------+
|  Function |   56   |   28   |  5765  |  7956  |
|   Memory  |    -   |    -   |    -   |    -   |
|Multiplexer|    -   |    9   |    0   |   54   |
|  Register |    -   |    -   |   448  |    -   |
+-----------+--------+--------+--------+--------+
|   Total   |   56   |   38   |  6213  |  8010  |
+-----------+--------+--------+--------+--------+
