C:\Users\cocol\Ruby_Proj\workspace\LSTM\LSTM\hls\.autopilot\db\LSTM.pp.0.cpp:6873:5: warning: Added loop label VITIS_LOOP_676_1:   [xilinx-label-all-loops]
    for (unsigned i = low; i != high+1; ++i) {
    ^~~
    VITIS_LOOP_676_1: 
C:\Users\cocol\Ruby_Proj\workspace\LSTM\LSTM\hls\.autopilot\db\LSTM.pp.0.cpp:6873:5: note: FIX-IT applied suggested code changes
C:\Users\cocol\Ruby_Proj\workspace\LSTM\LSTM\hls\.autopilot\db\LSTM.pp.0.cpp:6887:5: warning: Added loop label VITIS_LOOP_690_1:   [xilinx-label-all-loops]
    for (unsigned i = low; i != high+1; ++i) {
    ^~~
    VITIS_LOOP_690_1: 
C:\Users\cocol\Ruby_Proj\workspace\LSTM\LSTM\hls\.autopilot\db\LSTM.pp.0.cpp:6887:5: note: FIX-IT applied suggested code changes
C:\Users\cocol\Ruby_Proj\workspace\LSTM\LSTM\hls\.autopilot\db\LSTM.pp.0.cpp:6901:5: warning: Added loop label VITIS_LOOP_704_1:   [xilinx-label-all-loops]
    for (unsigned i = low; i != high+1; ++i) {
    ^~~
    VITIS_LOOP_704_1: 
C:\Users\cocol\Ruby_Proj\workspace\LSTM\LSTM\hls\.autopilot\db\LSTM.pp.0.cpp:6901:5: note: FIX-IT applied suggested code changes
C:\Users\cocol\Ruby_Proj\workspace\LSTM\LSTM\hls\.autopilot\db\LSTM.pp.0.cpp:8857:7: warning: Added loop label VITIS_LOOP_1248_1:   [xilinx-label-all-loops]
      for (i = 0; i < __N - 1; ++i) {
      ^~~
      VITIS_LOOP_1248_1: 
C:\Users\cocol\Ruby_Proj\workspace\LSTM\LSTM\hls\.autopilot\db\LSTM.pp.0.cpp:8857:7: note: FIX-IT applied suggested code changes
C:\Users\cocol\Ruby_Proj\workspace\LSTM\LSTM\hls\.autopilot\db\LSTM.pp.0.cpp:13171:72: error: Invalid Directive: for current device, ROM_1P + LUTRAM is invalid combination for BIND_STORAGE's option 'type + impl' [clang-diagnostic-error]
#pragma HLS BIND_STORAGE variable=fourth_order_double::sin_cos_K0 type=ROM_1P impl=LUTRAM
                                                                       ^
C:\Users\cocol\Ruby_Proj\workspace\LSTM\LSTM\hls\.autopilot\db\LSTM.pp.0.cpp:13172:72: error: Invalid Directive: for current device, ROM_1P + LUTRAM is invalid combination for BIND_STORAGE's option 'type + impl' [clang-diagnostic-error]
#pragma HLS BIND_STORAGE variable=fourth_order_double::sin_cos_K1 type=ROM_1P impl=LUTRAM
                                                                       ^
C:\Users\cocol\Ruby_Proj\workspace\LSTM\LSTM\hls\.autopilot\db\LSTM.pp.0.cpp:13173:72: error: Invalid Directive: for current device, ROM_1P + LUTRAM is invalid combination for BIND_STORAGE's option 'type + impl' [clang-diagnostic-error]
#pragma HLS BIND_STORAGE variable=fourth_order_double::sin_cos_K2 type=ROM_1P impl=LUTRAM
                                                                       ^
C:\Users\cocol\Ruby_Proj\workspace\LSTM\LSTM\hls\.autopilot\db\LSTM.pp.0.cpp:13174:72: error: Invalid Directive: for current device, ROM_1P + LUTRAM is invalid combination for BIND_STORAGE's option 'type + impl' [clang-diagnostic-error]
#pragma HLS BIND_STORAGE variable=fourth_order_double::sin_cos_K3 type=ROM_1P impl=LUTRAM
                                                                       ^
C:\Users\cocol\Ruby_Proj\workspace\LSTM\LSTM\hls\.autopilot\db\LSTM.pp.0.cpp:13175:72: error: Invalid Directive: for current device, ROM_1P + LUTRAM is invalid combination for BIND_STORAGE's option 'type + impl' [clang-diagnostic-error]
#pragma HLS BIND_STORAGE variable=fourth_order_double::sin_cos_K4 type=ROM_1P impl=LUTRAM
                                                                       ^
C:\Users\cocol\Ruby_Proj\workspace\LSTM\LSTM\hls\.autopilot\db\LSTM.pp.0.cpp:13205:68: error: Invalid Directive: for current device, ROM_1P + LUTRAM is invalid combination for BIND_STORAGE's option 'type + impl' [clang-diagnostic-error]
#pragma HLS BIND_STORAGE variable=fourth_order_double::cos_K0 type=ROM_1P impl=LUTRAM
                                                                   ^
C:\Users\cocol\Ruby_Proj\workspace\LSTM\LSTM\hls\.autopilot\db\LSTM.pp.0.cpp:13206:68: error: Invalid Directive: for current device, ROM_1P + LUTRAM is invalid combination for BIND_STORAGE's option 'type + impl' [clang-diagnostic-error]
#pragma HLS BIND_STORAGE variable=fourth_order_double::cos_K1 type=ROM_1P impl=LUTRAM
                                                                   ^
C:\Users\cocol\Ruby_Proj\workspace\LSTM\LSTM\hls\.autopilot\db\LSTM.pp.0.cpp:13207:68: error: Invalid Directive: for current device, ROM_1P + LUTRAM is invalid combination for BIND_STORAGE's option 'type + impl' [clang-diagnostic-error]
#pragma HLS BIND_STORAGE variable=fourth_order_double::cos_K2 type=ROM_1P impl=LUTRAM
                                                                   ^
C:\Users\cocol\Ruby_Proj\workspace\LSTM\LSTM\hls\.autopilot\db\LSTM.pp.0.cpp:13208:68: error: Invalid Directive: for current device, ROM_1P + LUTRAM is invalid combination for BIND_STORAGE's option 'type + impl' [clang-diagnostic-error]
#pragma HLS BIND_STORAGE variable=fourth_order_double::cos_K3 type=ROM_1P impl=LUTRAM
                                                                   ^
C:\Users\cocol\Ruby_Proj\workspace\LSTM\LSTM\hls\.autopilot\db\LSTM.pp.0.cpp:13209:68: error: Invalid Directive: for current device, ROM_1P + LUTRAM is invalid combination for BIND_STORAGE's option 'type + impl' [clang-diagnostic-error]
#pragma HLS BIND_STORAGE variable=fourth_order_double::cos_K4 type=ROM_1P impl=LUTRAM
                                                                   ^
C:\Users\cocol\Ruby_Proj\workspace\LSTM\LSTM\hls\.autopilot\db\LSTM.pp.0.cpp:13210:68: error: Invalid Directive: for current device, ROM_1P + LUTRAM is invalid combination for BIND_STORAGE's option 'type + impl' [clang-diagnostic-error]
#pragma HLS BIND_STORAGE variable=fourth_order_double::sin_K0 type=ROM_1P impl=LUTRAM
                                                                   ^
C:\Users\cocol\Ruby_Proj\workspace\LSTM\LSTM\hls\.autopilot\db\LSTM.pp.0.cpp:13211:68: error: Invalid Directive: for current device, ROM_1P + LUTRAM is invalid combination for BIND_STORAGE's option 'type + impl' [clang-diagnostic-error]
#pragma HLS BIND_STORAGE variable=fourth_order_double::sin_K1 type=ROM_1P impl=LUTRAM
                                                                   ^
C:\Users\cocol\Ruby_Proj\workspace\LSTM\LSTM\hls\.autopilot\db\LSTM.pp.0.cpp:13212:68: error: Invalid Directive: for current device, ROM_1P + LUTRAM is invalid combination for BIND_STORAGE's option 'type + impl' [clang-diagnostic-error]
#pragma HLS BIND_STORAGE variable=fourth_order_double::sin_K2 type=ROM_1P impl=LUTRAM
                                                                   ^
C:\Users\cocol\Ruby_Proj\workspace\LSTM\LSTM\hls\.autopilot\db\LSTM.pp.0.cpp:13213:68: error: Invalid Directive: for current device, ROM_1P + LUTRAM is invalid combination for BIND_STORAGE's option 'type + impl' [clang-diagnostic-error]
#pragma HLS BIND_STORAGE variable=fourth_order_double::sin_K3 type=ROM_1P impl=LUTRAM
                                                                   ^
C:\Users\cocol\Ruby_Proj\workspace\LSTM\LSTM\hls\.autopilot\db\LSTM.pp.0.cpp:13214:68: error: Invalid Directive: for current device, ROM_1P + LUTRAM is invalid combination for BIND_STORAGE's option 'type + impl' [clang-diagnostic-error]
#pragma HLS BIND_STORAGE variable=fourth_order_double::sin_K4 type=ROM_1P impl=LUTRAM
                                                                   ^
C:\Users\cocol\Ruby_Proj\workspace\LSTM\LSTM\hls\.autopilot\db\LSTM.pp.0.cpp:13264:71: error: Invalid Directive: for current device, ROM_1P + LUTRAM is invalid combination for BIND_STORAGE's option 'type + impl' [clang-diagnostic-error]
#pragma HLS BIND_STORAGE variable=second_order_float::sin_cos_K0 type=ROM_1P impl=LUTRAM
                                                                      ^
C:\Users\cocol\Ruby_Proj\workspace\LSTM\LSTM\hls\.autopilot\db\LSTM.pp.0.cpp:13265:71: error: Invalid Directive: for current device, ROM_1P + LUTRAM is invalid combination for BIND_STORAGE's option 'type + impl' [clang-diagnostic-error]
#pragma HLS BIND_STORAGE variable=second_order_float::sin_cos_K1 type=ROM_1P impl=LUTRAM
                                                                      ^
C:\Users\cocol\Ruby_Proj\workspace\LSTM\LSTM\hls\.autopilot\db\LSTM.pp.0.cpp:13266:71: error: Invalid Directive: for current device, ROM_1P + LUTRAM is invalid combination for BIND_STORAGE's option 'type + impl' [clang-diagnostic-error]
#pragma HLS BIND_STORAGE variable=second_order_float::sin_cos_K2 type=ROM_1P impl=LUTRAM
                                                                      ^
C:\Users\cocol\Ruby_Proj\workspace\LSTM\LSTM\hls\.autopilot\db\LSTM.pp.0.cpp:13293:67: error: Invalid Directive: for current device, ROM_1P + LUTRAM is invalid combination for BIND_STORAGE's option 'type + impl' [clang-diagnostic-error]
#pragma HLS BIND_STORAGE variable=second_order_float::cos_K0 type=ROM_1P impl=LUTRAM
                                                                  ^
C:\Users\cocol\Ruby_Proj\workspace\LSTM\LSTM\hls\.autopilot\db\LSTM.pp.0.cpp:13294:67: error: Invalid Directive: for current device, ROM_1P + LUTRAM is invalid combination for BIND_STORAGE's option 'type + impl' [clang-diagnostic-error]
#pragma HLS BIND_STORAGE variable=second_order_float::cos_K1 type=ROM_1P impl=LUTRAM
                                                                  ^
C:\Users\cocol\Ruby_Proj\workspace\LSTM\LSTM\hls\.autopilot\db\LSTM.pp.0.cpp:13295:67: error: Invalid Directive: for current device, ROM_1P + LUTRAM is invalid combination for BIND_STORAGE's option 'type + impl' [clang-diagnostic-error]
#pragma HLS BIND_STORAGE variable=second_order_float::cos_K2 type=ROM_1P impl=LUTRAM
                                                                  ^
C:\Users\cocol\Ruby_Proj\workspace\LSTM\LSTM\hls\.autopilot\db\LSTM.pp.0.cpp:13296:67: error: Invalid Directive: for current device, ROM_1P + LUTRAM is invalid combination for BIND_STORAGE's option 'type + impl' [clang-diagnostic-error]
#pragma HLS BIND_STORAGE variable=second_order_float::sin_K0 type=ROM_1P impl=LUTRAM
                                                                  ^
C:\Users\cocol\Ruby_Proj\workspace\LSTM\LSTM\hls\.autopilot\db\LSTM.pp.0.cpp:13297:67: error: Invalid Directive: for current device, ROM_1P + LUTRAM is invalid combination for BIND_STORAGE's option 'type + impl' [clang-diagnostic-error]
#pragma HLS BIND_STORAGE variable=second_order_float::sin_K1 type=ROM_1P impl=LUTRAM
                                                                  ^
C:\Users\cocol\Ruby_Proj\workspace\LSTM\LSTM\hls\.autopilot\db\LSTM.pp.0.cpp:13298:67: error: Invalid Directive: for current device, ROM_1P + LUTRAM is invalid combination for BIND_STORAGE's option 'type + impl' [clang-diagnostic-error]
#pragma HLS BIND_STORAGE variable=second_order_float::sin_K2 type=ROM_1P impl=LUTRAM
                                                                  ^
C:\Users\cocol\Ruby_Proj\workspace\LSTM\LSTM\hls\.autopilot\db\LSTM.pp.0.cpp:13334:73: error: Invalid Directive: for current device, ROM_1P + LUTRAM is invalid combination for BIND_STORAGE's option 'type + impl' [clang-diagnostic-error]
#pragma HLS BIND_STORAGE variable=first_order_fixed_16::sin_cos_K0 type=ROM_1P impl=LUTRAM
                                                                        ^
C:\Users\cocol\Ruby_Proj\workspace\LSTM\LSTM\hls\.autopilot\db\LSTM.pp.0.cpp:13335:73: error: Invalid Directive: for current device, ROM_1P + LUTRAM is invalid combination for BIND_STORAGE's option 'type + impl' [clang-diagnostic-error]
#pragma HLS BIND_STORAGE variable=first_order_fixed_16::sin_cos_K1 type=ROM_1P impl=LUTRAM
                                                                        ^
C:\Users\cocol\Ruby_Proj\workspace\LSTM\LSTM\hls\.autopilot\db\LSTM.pp.0.cpp:13609:5: warning: Added loop label VITIS_LOOP_61_1:   [xilinx-label-all-loops]
    for (int n=0; n<Nmax; n++){
    ^~~
    VITIS_LOOP_61_1: 
C:\Users\cocol\Ruby_Proj\workspace\LSTM\LSTM\hls\.autopilot\db\LSTM.pp.0.cpp:13609:5: note: FIX-IT applied suggested code changes
C:\Users\cocol\Ruby_Proj\workspace\LSTM\LSTM\hls\.autopilot\db\LSTM.pp.0.cpp:13655:5: warning: Added loop label VITIS_LOOP_117_1:   [xilinx-label-all-loops]
    for (int n=0; n<Nmax; n++){
    ^~~
    VITIS_LOOP_117_1: 
C:\Users\cocol\Ruby_Proj\workspace\LSTM\LSTM\hls\.autopilot\db\LSTM.pp.0.cpp:13655:5: note: FIX-IT applied suggested code changes
C:\Users\cocol\Ruby_Proj\workspace\LSTM\LSTM\hls\.autopilot\db\LSTM.pp.0.cpp:13818:9: warning: Added loop label VITIS_LOOP_289_1:   [xilinx-label-all-loops]
        for(int i=0;i<W-1;i++){
        ^~~
        VITIS_LOOP_289_1: 
C:\Users\cocol\Ruby_Proj\workspace\LSTM\LSTM\hls\.autopilot\db\LSTM.pp.0.cpp:13818:9: note: FIX-IT applied suggested code changes
C:\Users\cocol\Ruby_Proj\workspace\LSTM\LSTM\hls\.autopilot\db\LSTM.pp.0.cpp:13970:9: warning: Added loop label VITIS_LOOP_449_1:   [xilinx-label-all-loops]
        for(int i=0;i<W-1;i++){
        ^~~
        VITIS_LOOP_449_1: 
C:\Users\cocol\Ruby_Proj\workspace\LSTM\LSTM\hls\.autopilot\db\LSTM.pp.0.cpp:13970:9: note: FIX-IT applied suggested code changes
C:\Users\cocol\Ruby_Proj\workspace\LSTM\LSTM\hls\.autopilot\db\LSTM.pp.0.cpp:14150:5: warning: Added loop label VITIS_LOOP_629_1:   [xilinx-label-all-loops]
    for(int i=0;i<W+1;i++){
    ^~~
    VITIS_LOOP_629_1: 
C:\Users\cocol\Ruby_Proj\workspace\LSTM\LSTM\hls\.autopilot\db\LSTM.pp.0.cpp:14150:5: note: FIX-IT applied suggested code changes
C:\Users\cocol\Ruby_Proj\workspace\LSTM\LSTM\hls\.autopilot\db\LSTM.pp.0.cpp:14154:5: warning: Added loop label VITIS_LOOP_633_2:   [xilinx-label-all-loops]
    for(int i=0;i<W+1;i++){
    ^~~
    VITIS_LOOP_633_2: 
C:\Users\cocol\Ruby_Proj\workspace\LSTM\LSTM\hls\.autopilot\db\LSTM.pp.0.cpp:14154:5: note: FIX-IT applied suggested code changes
C:\Users\cocol\Ruby_Proj\workspace\LSTM\LSTM\hls\.autopilot\db\LSTM.pp.0.cpp:14264:5: warning: Added loop label VITIS_LOOP_743_1:   [xilinx-label-all-loops]
    for (int n=0; n<Nmax; n++){
    ^~~
    VITIS_LOOP_743_1: 
C:\Users\cocol\Ruby_Proj\workspace\LSTM\LSTM\hls\.autopilot\db\LSTM.pp.0.cpp:14264:5: note: FIX-IT applied suggested code changes
C:\Users\cocol\Ruby_Proj\workspace\LSTM\LSTM\hls\.autopilot\db\LSTM.pp.0.cpp:14354:7: warning: Added loop label VITIS_LOOP_840_1:   [xilinx-label-all-loops]
      for(int i=0;i<W-1;i++){
      ^~~
      VITIS_LOOP_840_1: 
C:\Users\cocol\Ruby_Proj\workspace\LSTM\LSTM\hls\.autopilot\db\LSTM.pp.0.cpp:14354:7: note: FIX-IT applied suggested code changes
C:\Users\cocol\Ruby_Proj\workspace\LSTM\LSTM\hls\.autopilot\db\LSTM.pp.0.cpp:14373:7: warning: Added loop label VITIS_LOOP_859_2:   [xilinx-label-all-loops]
      for(int i=0;i<W-1;i++){
      ^~~
      VITIS_LOOP_859_2: 
C:\Users\cocol\Ruby_Proj\workspace\LSTM\LSTM\hls\.autopilot\db\LSTM.pp.0.cpp:14373:7: note: FIX-IT applied suggested code changes
C:\Users\cocol\Ruby_Proj\workspace\LSTM\LSTM\hls\.autopilot\db\LSTM.pp.0.cpp:14663:5: warning: Added loop label VITIS_LOOP_1173_1:   [xilinx-label-all-loops]
    for(int i=0; i<Nmax; i++) {
    ^~~
    VITIS_LOOP_1173_1: 
C:\Users\cocol\Ruby_Proj\workspace\LSTM\LSTM\hls\.autopilot\db\LSTM.pp.0.cpp:14663:5: note: FIX-IT applied suggested code changes
C:\Users\cocol\Ruby_Proj\workspace\LSTM\LSTM\hls\.autopilot\db\LSTM.pp.0.cpp:14746:5: warning: Added loop label VITIS_LOOP_1256_1:   [xilinx-label-all-loops]
    for(int i=0; i<Nmax; i++) {
    ^~~
    VITIS_LOOP_1256_1: 
C:\Users\cocol\Ruby_Proj\workspace\LSTM\LSTM\hls\.autopilot\db\LSTM.pp.0.cpp:14746:5: note: FIX-IT applied suggested code changes
C:\Users\cocol\Ruby_Proj\workspace\LSTM\LSTM\hls\.autopilot\db\LSTM.pp.0.cpp:15152:13: warning: Added loop label VITIS_LOOP_68_1:   [xilinx-label-all-loops]
            for (int j = 3; j >= I_+1; j--) {
            ^~~
            VITIS_LOOP_68_1: 
C:\Users\cocol\Ruby_Proj\workspace\LSTM\LSTM\hls\.autopilot\db\LSTM.pp.0.cpp:15152:13: note: FIX-IT applied suggested code changes
C:\Users\cocol\Ruby_Proj\workspace\LSTM\LSTM\hls\.autopilot\db\LSTM.pp.0.cpp:15158:17: warning: Added loop label VITIS_LOOP_74_2:   [xilinx-label-all-loops]
                for (int j = 3; j >= I_+1; j--){
                ^~~
                VITIS_LOOP_74_2: 
C:\Users\cocol\Ruby_Proj\workspace\LSTM\LSTM\hls\.autopilot\db\LSTM.pp.0.cpp:15158:17: note: FIX-IT applied suggested code changes
C:\Users\cocol\Ruby_Proj\workspace\LSTM\LSTM\hls\.autopilot\db\LSTM.pp.0.cpp:15162:17: warning: Added loop label VITIS_LOOP_78_3:   [xilinx-label-all-loops]
                for (int j = I_; j >= 0; j--){
                ^~~
                VITIS_LOOP_78_3: 
C:\Users\cocol\Ruby_Proj\workspace\LSTM\LSTM\hls\.autopilot\db\LSTM.pp.0.cpp:15162:17: note: FIX-IT applied suggested code changes
C:\Users\cocol\Ruby_Proj\workspace\LSTM\LSTM\hls\.autopilot\db\LSTM.pp.0.cpp:15209:13: warning: Added loop label VITIS_LOOP_145_4:   [xilinx-label-all-loops]
            for (int j = 9; j >= I_+4; j--) {
            ^~~
            VITIS_LOOP_145_4: 
C:\Users\cocol\Ruby_Proj\workspace\LSTM\LSTM\hls\.autopilot\db\LSTM.pp.0.cpp:15209:13: note: FIX-IT applied suggested code changes
C:\Users\cocol\Ruby_Proj\workspace\LSTM\LSTM\hls\.autopilot\db\LSTM.pp.0.cpp:15215:17: warning: Added loop label VITIS_LOOP_151_5:   [xilinx-label-all-loops]
                for (int j = 9; j >= I_+4; j--){
                ^~~
                VITIS_LOOP_151_5: 
C:\Users\cocol\Ruby_Proj\workspace\LSTM\LSTM\hls\.autopilot\db\LSTM.pp.0.cpp:15215:17: note: FIX-IT applied suggested code changes
C:\Users\cocol\Ruby_Proj\workspace\LSTM\LSTM\hls\.autopilot\db\LSTM.pp.0.cpp:15219:17: warning: Added loop label VITIS_LOOP_155_6:   [xilinx-label-all-loops]
                for (int j = I_+3; j >= 0; j--){
                ^~~
                VITIS_LOOP_155_6: 
C:\Users\cocol\Ruby_Proj\workspace\LSTM\LSTM\hls\.autopilot\db\LSTM.pp.0.cpp:15219:17: note: FIX-IT applied suggested code changes
C:\Users\cocol\Ruby_Proj\workspace\LSTM\LSTM\hls\.autopilot\db\LSTM.pp.0.cpp:15234:9: warning: Added loop label VITIS_LOOP_170_7:   [xilinx-label-all-loops]
        for (int j = 14; j < 22; j++){
        ^~~
        VITIS_LOOP_170_7: 
C:\Users\cocol\Ruby_Proj\workspace\LSTM\LSTM\hls\.autopilot\db\LSTM.pp.0.cpp:15234:9: note: FIX-IT applied suggested code changes
C:\Users\cocol\Ruby_Proj\workspace\LSTM\LSTM\hls\.autopilot\db\LSTM.pp.0.cpp:15242:17: warning: Added loop label VITIS_LOOP_178_8:   [xilinx-label-all-loops]
                for (int j = 0; j < 22; j++){
                ^~~
                VITIS_LOOP_178_8: 
C:\Users\cocol\Ruby_Proj\workspace\LSTM\LSTM\hls\.autopilot\db\LSTM.pp.0.cpp:15242:17: note: FIX-IT applied suggested code changes
C:\Users\cocol\Ruby_Proj\workspace\LSTM\LSTM\hls\.autopilot\db\LSTM.pp.0.cpp:15307:13: warning: Added loop label VITIS_LOOP_243_9:   [xilinx-label-all-loops]
            for (int j = 21; j >= I_+10; j--) {
            ^~~
            VITIS_LOOP_243_9: 
C:\Users\cocol\Ruby_Proj\workspace\LSTM\LSTM\hls\.autopilot\db\LSTM.pp.0.cpp:15307:13: note: FIX-IT applied suggested code changes
C:\Users\cocol\Ruby_Proj\workspace\LSTM\LSTM\hls\.autopilot\db\LSTM.pp.0.cpp:15313:17: warning: Added loop label VITIS_LOOP_249_10:   [xilinx-label-all-loops]
                for (int j = 21; j >= I_+10; j--) {
                ^~~
                VITIS_LOOP_249_10: 
C:\Users\cocol\Ruby_Proj\workspace\LSTM\LSTM\hls\.autopilot\db\LSTM.pp.0.cpp:15313:17: note: FIX-IT applied suggested code changes
C:\Users\cocol\Ruby_Proj\workspace\LSTM\LSTM\hls\.autopilot\db\LSTM.pp.0.cpp:15317:17: warning: Added loop label VITIS_LOOP_253_11:   [xilinx-label-all-loops]
                for (int j = I_+9; j >= 0; j--) {
                ^~~
                VITIS_LOOP_253_11: 
C:\Users\cocol\Ruby_Proj\workspace\LSTM\LSTM\hls\.autopilot\db\LSTM.pp.0.cpp:15317:17: note: FIX-IT applied suggested code changes
C:\Users\cocol\Ruby_Proj\workspace\LSTM\LSTM\hls\.autopilot\db\LSTM.pp.0.cpp:15332:9: warning: Added loop label VITIS_LOOP_268_12:   [xilinx-label-all-loops]
        for (int j = 27; j < 46; j++){
        ^~~
        VITIS_LOOP_268_12: 
C:\Users\cocol\Ruby_Proj\workspace\LSTM\LSTM\hls\.autopilot\db\LSTM.pp.0.cpp:15332:9: note: FIX-IT applied suggested code changes
C:\Users\cocol\Ruby_Proj\workspace\LSTM\LSTM\hls\.autopilot\db\LSTM.pp.0.cpp:15340:17: warning: Added loop label VITIS_LOOP_276_13:   [xilinx-label-all-loops]
                for (int j = 0; j < 46; j++) {
                ^~~
                VITIS_LOOP_276_13: 
C:\Users\cocol\Ruby_Proj\workspace\LSTM\LSTM\hls\.autopilot\db\LSTM.pp.0.cpp:15340:17: note: FIX-IT applied suggested code changes
C:\Users\cocol\Ruby_Proj\workspace\LSTM\LSTM\hls\.autopilot\db\LSTM.pp.0.cpp:15569:13: warning: Added loop label VITIS_LOOP_505_14:   [xilinx-label-all-loops]
            for (int j = 45; j >= I_+22; j--) {
            ^~~
            VITIS_LOOP_505_14: 
C:\Users\cocol\Ruby_Proj\workspace\LSTM\LSTM\hls\.autopilot\db\LSTM.pp.0.cpp:15569:13: note: FIX-IT applied suggested code changes
C:\Users\cocol\Ruby_Proj\workspace\LSTM\LSTM\hls\.autopilot\db\LSTM.pp.0.cpp:15575:17: warning: Added loop label VITIS_LOOP_511_15:   [xilinx-label-all-loops]
                for (int j = 45; j >= I_+22; j--){
                ^~~
                VITIS_LOOP_511_15: 
C:\Users\cocol\Ruby_Proj\workspace\LSTM\LSTM\hls\.autopilot\db\LSTM.pp.0.cpp:15575:17: note: FIX-IT applied suggested code changes
C:\Users\cocol\Ruby_Proj\workspace\LSTM\LSTM\hls\.autopilot\db\LSTM.pp.0.cpp:15579:17: warning: Added loop label VITIS_LOOP_515_16:   [xilinx-label-all-loops]
                for (int j = I_+21; j >= 0; j--) {
                ^~~
                VITIS_LOOP_515_16: 
C:\Users\cocol\Ruby_Proj\workspace\LSTM\LSTM\hls\.autopilot\db\LSTM.pp.0.cpp:15579:17: note: FIX-IT applied suggested code changes
C:\Users\cocol\Ruby_Proj\workspace\LSTM\LSTM\hls\.autopilot\db\LSTM.pp.0.cpp:15589:9: warning: Added loop label VITIS_LOOP_525_17:   [xilinx-label-all-loops]
        for (int j = 32-F_; j < 32+I_; j++){
        ^~~
        VITIS_LOOP_525_17: 
C:\Users\cocol\Ruby_Proj\workspace\LSTM\LSTM\hls\.autopilot\db\LSTM.pp.0.cpp:15589:9: note: FIX-IT applied suggested code changes
C:\Users\cocol\Ruby_Proj\workspace\LSTM\LSTM\hls\.autopilot\db\LSTM.pp.0.cpp:15593:9: warning: Added loop label VITIS_LOOP_529_18:   [xilinx-label-all-loops]
        for (int j = 32+I_; j <= 64; j++){
        ^~~
        VITIS_LOOP_529_18: 
C:\Users\cocol\Ruby_Proj\workspace\LSTM\LSTM\hls\.autopilot\db\LSTM.pp.0.cpp:15593:9: note: FIX-IT applied suggested code changes
C:\Users\cocol\Ruby_Proj\workspace\LSTM\LSTM\hls\.autopilot\db\LSTM.pp.0.cpp:15603:9: warning: Added loop label VITIS_LOOP_539_19:   [xilinx-label-all-loops]
        for (int j = 37; j < 64; j++) {
        ^~~
        VITIS_LOOP_539_19: 
C:\Users\cocol\Ruby_Proj\workspace\LSTM\LSTM\hls\.autopilot\db\LSTM.pp.0.cpp:15603:9: note: FIX-IT applied suggested code changes
C:\Users\cocol\Ruby_Proj\workspace\LSTM\LSTM\hls\.autopilot\db\LSTM.pp.0.cpp:15611:17: warning: Added loop label VITIS_LOOP_547_20:   [xilinx-label-all-loops]
                for (int j = 0; j < 64; j++){
                ^~~
                VITIS_LOOP_547_20: 
C:\Users\cocol\Ruby_Proj\workspace\LSTM\LSTM\hls\.autopilot\db\LSTM.pp.0.cpp:15611:17: note: FIX-IT applied suggested code changes
C:\Users\cocol\Ruby_Proj\workspace\LSTM\LSTM\hls\.autopilot\db\LSTM.pp.0.cpp:15972:13: warning: Added loop label VITIS_LOOP_908_21:   [xilinx-label-all-loops]
            for (int j = 63; j >= I_+31; j--) {
            ^~~
            VITIS_LOOP_908_21: 
C:\Users\cocol\Ruby_Proj\workspace\LSTM\LSTM\hls\.autopilot\db\LSTM.pp.0.cpp:15972:13: note: FIX-IT applied suggested code changes
C:\Users\cocol\Ruby_Proj\workspace\LSTM\LSTM\hls\.autopilot\db\LSTM.pp.0.cpp:15978:17: warning: Added loop label VITIS_LOOP_914_22:   [xilinx-label-all-loops]
                for (int j = 63; j >= I_+31; j--) {
                ^~~
                VITIS_LOOP_914_22: 
C:\Users\cocol\Ruby_Proj\workspace\LSTM\LSTM\hls\.autopilot\db\LSTM.pp.0.cpp:15978:17: note: FIX-IT applied suggested code changes
C:\Users\cocol\Ruby_Proj\workspace\LSTM\LSTM\hls\.autopilot\db\LSTM.pp.0.cpp:15982:17: warning: Added loop label VITIS_LOOP_918_23:   [xilinx-label-all-loops]
                for (int j = I_+30; j >= 0; j--) {
                ^~~
                VITIS_LOOP_918_23: 
C:\Users\cocol\Ruby_Proj\workspace\LSTM\LSTM\hls\.autopilot\db\LSTM.pp.0.cpp:15982:17: note: FIX-IT applied suggested code changes
C:\Users\cocol\Ruby_Proj\workspace\LSTM\LSTM\hls\.autopilot\db\LSTM.pp.0.cpp:16098:13: warning: Added loop label VITIS_LOOP_1034_1:   [xilinx-label-all-loops]
            for (int j = 4; j >= I_+1; j--) {
            ^~~
            VITIS_LOOP_1034_1: 
C:\Users\cocol\Ruby_Proj\workspace\LSTM\LSTM\hls\.autopilot\db\LSTM.pp.0.cpp:16098:13: note: FIX-IT applied suggested code changes
C:\Users\cocol\Ruby_Proj\workspace\LSTM\LSTM\hls\.autopilot\db\LSTM.pp.0.cpp:16104:17: warning: Added loop label VITIS_LOOP_1040_2:   [xilinx-label-all-loops]
                for (int j = 4; j >= I_+1; j--) {
                ^~~
                VITIS_LOOP_1040_2: 
C:\Users\cocol\Ruby_Proj\workspace\LSTM\LSTM\hls\.autopilot\db\LSTM.pp.0.cpp:16104:17: note: FIX-IT applied suggested code changes
C:\Users\cocol\Ruby_Proj\workspace\LSTM\LSTM\hls\.autopilot\db\LSTM.pp.0.cpp:16108:17: warning: Added loop label VITIS_LOOP_1044_3:   [xilinx-label-all-loops]
                for (int j = I_; j >= 0; j--) {
                ^~~
                VITIS_LOOP_1044_3: 
C:\Users\cocol\Ruby_Proj\workspace\LSTM\LSTM\hls\.autopilot\db\LSTM.pp.0.cpp:16108:17: note: FIX-IT applied suggested code changes
C:\Users\cocol\Ruby_Proj\workspace\LSTM\LSTM\hls\.autopilot\db\LSTM.pp.0.cpp:16195:13: warning: Added loop label VITIS_LOOP_1131_4:   [xilinx-label-all-loops]
            for (int j = 10; j >= I_+4; j--) {
            ^~~
            VITIS_LOOP_1131_4: 
C:\Users\cocol\Ruby_Proj\workspace\LSTM\LSTM\hls\.autopilot\db\LSTM.pp.0.cpp:16195:13: note: FIX-IT applied suggested code changes
C:\Users\cocol\Ruby_Proj\workspace\LSTM\LSTM\hls\.autopilot\db\LSTM.pp.0.cpp:16201:17: warning: Added loop label VITIS_LOOP_1137_5:   [xilinx-label-all-loops]
                for (int j = 10; j >= I_+4; j--) {
                ^~~
                VITIS_LOOP_1137_5: 
C:\Users\cocol\Ruby_Proj\workspace\LSTM\LSTM\hls\.autopilot\db\LSTM.pp.0.cpp:16201:17: note: FIX-IT applied suggested code changes
C:\Users\cocol\Ruby_Proj\workspace\LSTM\LSTM\hls\.autopilot\db\LSTM.pp.0.cpp:16205:17: warning: Added loop label VITIS_LOOP_1141_6:   [xilinx-label-all-loops]
                for (int j = I_+3; j >= 0; j--) {
                ^~~
                VITIS_LOOP_1141_6: 
C:\Users\cocol\Ruby_Proj\workspace\LSTM\LSTM\hls\.autopilot\db\LSTM.pp.0.cpp:16205:17: note: FIX-IT applied suggested code changes
C:\Users\cocol\Ruby_Proj\workspace\LSTM\LSTM\hls\.autopilot\db\LSTM.pp.0.cpp:16224:9: warning: Added loop label VITIS_LOOP_1160_7:   [xilinx-label-all-loops]
        for (int j = wf+3; j < w-1; j++) {
        ^~~
        VITIS_LOOP_1160_7: 
C:\Users\cocol\Ruby_Proj\workspace\LSTM\LSTM\hls\.autopilot\db\LSTM.pp.0.cpp:16224:9: note: FIX-IT applied suggested code changes
C:\Users\cocol\Ruby_Proj\workspace\LSTM\LSTM\hls\.autopilot\db\LSTM.pp.0.cpp:16231:17: warning: Added loop label VITIS_LOOP_1167_8:   [xilinx-label-all-loops]
                for (int j = 0; j < 22; j++) {
                ^~~
                VITIS_LOOP_1167_8: 
C:\Users\cocol\Ruby_Proj\workspace\LSTM\LSTM\hls\.autopilot\db\LSTM.pp.0.cpp:16231:17: note: FIX-IT applied suggested code changes
C:\Users\cocol\Ruby_Proj\workspace\LSTM\LSTM\hls\.autopilot\db\LSTM.pp.0.cpp:16347:13: warning: Added loop label VITIS_LOOP_1283_9:   [xilinx-label-all-loops]
            for (int j = 22; j >= I_+10; j--) {
            ^~~
            VITIS_LOOP_1283_9: 
C:\Users\cocol\Ruby_Proj\workspace\LSTM\LSTM\hls\.autopilot\db\LSTM.pp.0.cpp:16347:13: note: FIX-IT applied suggested code changes
C:\Users\cocol\Ruby_Proj\workspace\LSTM\LSTM\hls\.autopilot\db\LSTM.pp.0.cpp:16353:17: warning: Added loop label VITIS_LOOP_1289_10:   [xilinx-label-all-loops]
                for (int j = 22; j >= I_+10; j--){
                ^~~
                VITIS_LOOP_1289_10: 
C:\Users\cocol\Ruby_Proj\workspace\LSTM\LSTM\hls\.autopilot\db\LSTM.pp.0.cpp:16353:17: note: FIX-IT applied suggested code changes
C:\Users\cocol\Ruby_Proj\workspace\LSTM\LSTM\hls\.autopilot\db\LSTM.pp.0.cpp:16357:17: warning: Added loop label VITIS_LOOP_1293_11:   [xilinx-label-all-loops]
                for (int j = I_+9; j >= 0; j--) {
                ^~~
                VITIS_LOOP_1293_11: 
C:\Users\cocol\Ruby_Proj\workspace\LSTM\LSTM\hls\.autopilot\db\LSTM.pp.0.cpp:16357:17: note: FIX-IT applied suggested code changes
C:\Users\cocol\Ruby_Proj\workspace\LSTM\LSTM\hls\.autopilot\db\LSTM.pp.0.cpp:16377:9: warning: Added loop label VITIS_LOOP_1313_12:   [xilinx-label-all-loops]
        for (int j = wf+4; j < w-1; j++){
        ^~~
        VITIS_LOOP_1313_12: 
C:\Users\cocol\Ruby_Proj\workspace\LSTM\LSTM\hls\.autopilot\db\LSTM.pp.0.cpp:16377:9: note: FIX-IT applied suggested code changes
C:\Users\cocol\Ruby_Proj\workspace\LSTM\LSTM\hls\.autopilot\db\LSTM.pp.0.cpp:16384:17: warning: Added loop label VITIS_LOOP_1320_13:   [xilinx-label-all-loops]
                for (int j = 0; j < 46; j++) {
                ^~~
                VITIS_LOOP_1320_13: 
C:\Users\cocol\Ruby_Proj\workspace\LSTM\LSTM\hls\.autopilot\db\LSTM.pp.0.cpp:16384:17: note: FIX-IT applied suggested code changes
C:\Users\cocol\Ruby_Proj\workspace\LSTM\LSTM\hls\.autopilot\db\LSTM.pp.0.cpp:16646:13: warning: Added loop label VITIS_LOOP_1582_14:   [xilinx-label-all-loops]
            for (int j = 46; j >= I_+22; j--) {
            ^~~
            VITIS_LOOP_1582_14: 
C:\Users\cocol\Ruby_Proj\workspace\LSTM\LSTM\hls\.autopilot\db\LSTM.pp.0.cpp:16646:13: note: FIX-IT applied suggested code changes
C:\Users\cocol\Ruby_Proj\workspace\LSTM\LSTM\hls\.autopilot\db\LSTM.pp.0.cpp:16652:17: warning: Added loop label VITIS_LOOP_1588_15:   [xilinx-label-all-loops]
                for (int j = 46; j >= I_+22; j--) {
                ^~~
                VITIS_LOOP_1588_15: 
C:\Users\cocol\Ruby_Proj\workspace\LSTM\LSTM\hls\.autopilot\db\LSTM.pp.0.cpp:16652:17: note: FIX-IT applied suggested code changes
C:\Users\cocol\Ruby_Proj\workspace\LSTM\LSTM\hls\.autopilot\db\LSTM.pp.0.cpp:16656:17: warning: Added loop label VITIS_LOOP_1592_16:   [xilinx-label-all-loops]
                for (int j = I_+21; j >= 0; j--) {
                ^~~
                VITIS_LOOP_1592_16: 
C:\Users\cocol\Ruby_Proj\workspace\LSTM\LSTM\hls\.autopilot\db\LSTM.pp.0.cpp:16656:17: note: FIX-IT applied suggested code changes
C:\Users\cocol\Ruby_Proj\workspace\LSTM\LSTM\hls\.autopilot\db\LSTM.pp.0.cpp:16680:9: warning: Added loop label VITIS_LOOP_1616_17:   [xilinx-label-all-loops]
        for (int j = wf+5; j < w-1; j++){
        ^~~
        VITIS_LOOP_1616_17: 
C:\Users\cocol\Ruby_Proj\workspace\LSTM\LSTM\hls\.autopilot\db\LSTM.pp.0.cpp:16680:9: note: FIX-IT applied suggested code changes
C:\Users\cocol\Ruby_Proj\workspace\LSTM\LSTM\hls\.autopilot\db\LSTM.pp.0.cpp:16687:17: warning: Added loop label VITIS_LOOP_1623_18:   [xilinx-label-all-loops]
                for (int j = 0; j < 64; j++) {
                ^~~
                VITIS_LOOP_1623_18: 
C:\Users\cocol\Ruby_Proj\workspace\LSTM\LSTM\hls\.autopilot\db\LSTM.pp.0.cpp:16687:17: note: FIX-IT applied suggested code changes
C:\Users\cocol\Ruby_Proj\workspace\LSTM\LSTM\hls\.autopilot\db\LSTM.pp.0.cpp:17117:13: warning: Added loop label VITIS_LOOP_2053_19:   [xilinx-label-all-loops]
            for (int j = 64; j >= I_+31; j--) {
            ^~~
            VITIS_LOOP_2053_19: 
C:\Users\cocol\Ruby_Proj\workspace\LSTM\LSTM\hls\.autopilot\db\LSTM.pp.0.cpp:17117:13: note: FIX-IT applied suggested code changes
C:\Users\cocol\Ruby_Proj\workspace\LSTM\LSTM\hls\.autopilot\db\LSTM.pp.0.cpp:17123:17: warning: Added loop label VITIS_LOOP_2059_20:   [xilinx-label-all-loops]
                for (int j = 64; j >= I_+31; j--) {
                ^~~
                VITIS_LOOP_2059_20: 
C:\Users\cocol\Ruby_Proj\workspace\LSTM\LSTM\hls\.autopilot\db\LSTM.pp.0.cpp:17123:17: note: FIX-IT applied suggested code changes
C:\Users\cocol\Ruby_Proj\workspace\LSTM\LSTM\hls\.autopilot\db\LSTM.pp.0.cpp:17127:17: warning: Added loop label VITIS_LOOP_2063_21:   [xilinx-label-all-loops]
                for (int j = I_+30; j >= 0; j--) {
                ^~~
                VITIS_LOOP_2063_21: 
C:\Users\cocol\Ruby_Proj\workspace\LSTM\LSTM\hls\.autopilot\db\LSTM.pp.0.cpp:17127:17: note: FIX-IT applied suggested code changes
C:\Users\cocol\Ruby_Proj\workspace\LSTM\LSTM\hls\.autopilot\db\LSTM.pp.0.cpp:17256:13: warning: Added loop label VITIS_LOOP_2192_1:   [xilinx-label-all-loops]
            for(int j=3; j>=I+1; j--) {
            ^~~
            VITIS_LOOP_2192_1: 
C:\Users\cocol\Ruby_Proj\workspace\LSTM\LSTM\hls\.autopilot\db\LSTM.pp.0.cpp:17256:13: note: FIX-IT applied suggested code changes
C:\Users\cocol\Ruby_Proj\workspace\LSTM\LSTM\hls\.autopilot\db\LSTM.pp.0.cpp:17263:17: warning: Added loop label VITIS_LOOP_2199_2:   [xilinx-label-all-loops]
                for(int j=3; j>=I+1; j--) {
                ^~~
                VITIS_LOOP_2199_2: 
C:\Users\cocol\Ruby_Proj\workspace\LSTM\LSTM\hls\.autopilot\db\LSTM.pp.0.cpp:17263:17: note: FIX-IT applied suggested code changes
C:\Users\cocol\Ruby_Proj\workspace\LSTM\LSTM\hls\.autopilot\db\LSTM.pp.0.cpp:17267:17: warning: Added loop label VITIS_LOOP_2203_3:   [xilinx-label-all-loops]
                for(int j=I; j>=0; j--) {
                ^~~
                VITIS_LOOP_2203_3: 
C:\Users\cocol\Ruby_Proj\workspace\LSTM\LSTM\hls\.autopilot\db\LSTM.pp.0.cpp:17267:17: note: FIX-IT applied suggested code changes
C:\Users\cocol\Ruby_Proj\workspace\LSTM\LSTM\hls\.autopilot\db\LSTM.pp.0.cpp:17314:13: warning: Added loop label VITIS_LOOP_2250_4:   [xilinx-label-all-loops]
            for(int j=7; j>=3+I; j--) {
            ^~~
            VITIS_LOOP_2250_4: 
C:\Users\cocol\Ruby_Proj\workspace\LSTM\LSTM\hls\.autopilot\db\LSTM.pp.0.cpp:17314:13: note: FIX-IT applied suggested code changes
C:\Users\cocol\Ruby_Proj\workspace\LSTM\LSTM\hls\.autopilot\db\LSTM.pp.0.cpp:17321:17: warning: Added loop label VITIS_LOOP_2257_5:   [xilinx-label-all-loops]
                for(int j=7; j>=3+I; j--) {
                ^~~
                VITIS_LOOP_2257_5: 
C:\Users\cocol\Ruby_Proj\workspace\LSTM\LSTM\hls\.autopilot\db\LSTM.pp.0.cpp:17321:17: note: FIX-IT applied suggested code changes
C:\Users\cocol\Ruby_Proj\workspace\LSTM\LSTM\hls\.autopilot\db\LSTM.pp.0.cpp:17325:17: warning: Added loop label VITIS_LOOP_2261_6:   [xilinx-label-all-loops]
                for(int j=I+2; j>=0; j--) {
                ^~~
                VITIS_LOOP_2261_6: 
C:\Users\cocol\Ruby_Proj\workspace\LSTM\LSTM\hls\.autopilot\db\LSTM.pp.0.cpp:17325:17: note: FIX-IT applied suggested code changes
C:\Users\cocol\Ruby_Proj\workspace\LSTM\LSTM\hls\.autopilot\db\LSTM.pp.0.cpp:17343:9: warning: Added loop label VITIS_LOOP_2279_7:   [xilinx-label-all-loops]
        for(int j=11; j<16; j++) {
        ^~~
        VITIS_LOOP_2279_7: 
C:\Users\cocol\Ruby_Proj\workspace\LSTM\LSTM\hls\.autopilot\db\LSTM.pp.0.cpp:17343:9: note: FIX-IT applied suggested code changes
C:\Users\cocol\Ruby_Proj\workspace\LSTM\LSTM\hls\.autopilot\db\LSTM.pp.0.cpp:17398:13: warning: Added loop label VITIS_LOOP_2334_8:   [xilinx-label-all-loops]
            for(int j=15; j>=7+I; j--) {
            ^~~
            VITIS_LOOP_2334_8: 
C:\Users\cocol\Ruby_Proj\workspace\LSTM\LSTM\hls\.autopilot\db\LSTM.pp.0.cpp:17398:13: note: FIX-IT applied suggested code changes
C:\Users\cocol\Ruby_Proj\workspace\LSTM\LSTM\hls\.autopilot\db\LSTM.pp.0.cpp:17405:17: warning: Added loop label VITIS_LOOP_2341_9:   [xilinx-label-all-loops]
                for(int j=15; j>=7+I; j--) {
                ^~~
                VITIS_LOOP_2341_9: 
C:\Users\cocol\Ruby_Proj\workspace\LSTM\LSTM\hls\.autopilot\db\LSTM.pp.0.cpp:17405:17: note: FIX-IT applied suggested code changes
C:\Users\cocol\Ruby_Proj\workspace\LSTM\LSTM\hls\.autopilot\db\LSTM.pp.0.cpp:17409:17: warning: Added loop label VITIS_LOOP_2345_10:   [xilinx-label-all-loops]
                for(int j=6+I; j>=0; j--) {
                ^~~
                VITIS_LOOP_2345_10: 
C:\Users\cocol\Ruby_Proj\workspace\LSTM\LSTM\hls\.autopilot\db\LSTM.pp.0.cpp:17409:17: note: FIX-IT applied suggested code changes
C:\Users\cocol\Ruby_Proj\workspace\LSTM\LSTM\hls\.autopilot\db\LSTM.pp.0.cpp:17427:9: warning: Added loop label VITIS_LOOP_2363_11:   [xilinx-label-all-loops]
        for(int j=20; j<32; j++) {
        ^~~
        VITIS_LOOP_2363_11: 
C:\Users\cocol\Ruby_Proj\workspace\LSTM\LSTM\hls\.autopilot\db\LSTM.pp.0.cpp:17427:9: note: FIX-IT applied suggested code changes
C:\Users\cocol\Ruby_Proj\workspace\LSTM\LSTM\hls\.autopilot\db\LSTM.pp.0.cpp:17516:13: warning: Added loop label VITIS_LOOP_2452_12:   [xilinx-label-all-loops]
            for(int j=31; j>=I+15; j--) {
            ^~~
            VITIS_LOOP_2452_12: 
C:\Users\cocol\Ruby_Proj\workspace\LSTM\LSTM\hls\.autopilot\db\LSTM.pp.0.cpp:17516:13: note: FIX-IT applied suggested code changes
C:\Users\cocol\Ruby_Proj\workspace\LSTM\LSTM\hls\.autopilot\db\LSTM.pp.0.cpp:17523:17: warning: Added loop label VITIS_LOOP_2459_13:   [xilinx-label-all-loops]
                for(int j=31; j>=I+15; j--) {
                ^~~
                VITIS_LOOP_2459_13: 
C:\Users\cocol\Ruby_Proj\workspace\LSTM\LSTM\hls\.autopilot\db\LSTM.pp.0.cpp:17523:17: note: FIX-IT applied suggested code changes
C:\Users\cocol\Ruby_Proj\workspace\LSTM\LSTM\hls\.autopilot\db\LSTM.pp.0.cpp:17527:17: warning: Added loop label VITIS_LOOP_2463_14:   [xilinx-label-all-loops]
                for(int j=I+14; j>=0; j--) {
                ^~~
                VITIS_LOOP_2463_14: 
C:\Users\cocol\Ruby_Proj\workspace\LSTM\LSTM\hls\.autopilot\db\LSTM.pp.0.cpp:17527:17: note: FIX-IT applied suggested code changes
C:\Users\cocol\Ruby_Proj\workspace\LSTM\LSTM\hls\.autopilot\db\LSTM.pp.0.cpp:17537:9: warning: Added loop label VITIS_LOOP_2473_15:   [xilinx-label-all-loops]
        for(int j=32-F; j<32+I; j++) {
        ^~~
        VITIS_LOOP_2473_15: 
C:\Users\cocol\Ruby_Proj\workspace\LSTM\LSTM\hls\.autopilot\db\LSTM.pp.0.cpp:17537:9: note: FIX-IT applied suggested code changes
C:\Users\cocol\Ruby_Proj\workspace\LSTM\LSTM\hls\.autopilot\db\LSTM.pp.0.cpp:17541:9: warning: Added loop label VITIS_LOOP_2477_16:   [xilinx-label-all-loops]
        for(int j=32+I; j<=64; j++) {
        ^~~
        VITIS_LOOP_2477_16: 
C:\Users\cocol\Ruby_Proj\workspace\LSTM\LSTM\hls\.autopilot\db\LSTM.pp.0.cpp:17541:9: note: FIX-IT applied suggested code changes
C:\Users\cocol\Ruby_Proj\workspace\LSTM\LSTM\hls\.autopilot\db\LSTM.pp.0.cpp:17552:9: warning: Added loop label VITIS_LOOP_2488_17:   [xilinx-label-all-loops]
        for(int j=37; j<64; j++) {
        ^~~
        VITIS_LOOP_2488_17: 
C:\Users\cocol\Ruby_Proj\workspace\LSTM\LSTM\hls\.autopilot\db\LSTM.pp.0.cpp:17552:9: note: FIX-IT applied suggested code changes
C:\Users\cocol\Ruby_Proj\workspace\LSTM\LSTM\hls\.autopilot\db\LSTM.pp.0.cpp:17560:17: warning: Added loop label VITIS_LOOP_2496_18:   [xilinx-label-all-loops]
                for(int j=0; j<64; j++) {
                ^~~
                VITIS_LOOP_2496_18: 
C:\Users\cocol\Ruby_Proj\workspace\LSTM\LSTM\hls\.autopilot\db\LSTM.pp.0.cpp:17560:17: note: FIX-IT applied suggested code changes
C:\Users\cocol\Ruby_Proj\workspace\LSTM\LSTM\hls\.autopilot\db\LSTM.pp.0.cpp:17885:13: warning: Added loop label VITIS_LOOP_2821_19:   [xilinx-label-all-loops]
            for(int j=63; j>=I+31; j--) {
            ^~~
            VITIS_LOOP_2821_19: 
C:\Users\cocol\Ruby_Proj\workspace\LSTM\LSTM\hls\.autopilot\db\LSTM.pp.0.cpp:17885:13: note: FIX-IT applied suggested code changes
C:\Users\cocol\Ruby_Proj\workspace\LSTM\LSTM\hls\.autopilot\db\LSTM.pp.0.cpp:17892:17: warning: Added loop label VITIS_LOOP_2828_20:   [xilinx-label-all-loops]
                for(int j=63; j>=I+31; j--) {
                ^~~
                VITIS_LOOP_2828_20: 
C:\Users\cocol\Ruby_Proj\workspace\LSTM\LSTM\hls\.autopilot\db\LSTM.pp.0.cpp:17892:17: note: FIX-IT applied suggested code changes
C:\Users\cocol\Ruby_Proj\workspace\LSTM\LSTM\hls\.autopilot\db\LSTM.pp.0.cpp:17896:17: warning: Added loop label VITIS_LOOP_2832_21:   [xilinx-label-all-loops]
                for(int j=I+30; j>=0; j--) {
                ^~~
                VITIS_LOOP_2832_21: 
C:\Users\cocol\Ruby_Proj\workspace\LSTM\LSTM\hls\.autopilot\db\LSTM.pp.0.cpp:17896:17: note: FIX-IT applied suggested code changes
C:\Users\cocol\Ruby_Proj\workspace\LSTM\LSTM\hls\.autopilot\db\LSTM.pp.0.cpp:17984:4: warning: Added loop label VITIS_LOOP_2920_1:   [xilinx-label-all-loops]
   for(int j = 5; j>=I_+2; j--) {
   ^~~
   VITIS_LOOP_2920_1: 
C:\Users\cocol\Ruby_Proj\workspace\LSTM\LSTM\hls\.autopilot\db\LSTM.pp.0.cpp:17984:4: note: FIX-IT applied suggested code changes
C:\Users\cocol\Ruby_Proj\workspace\LSTM\LSTM\hls\.autopilot\db\LSTM.pp.0.cpp:17991:5: warning: Added loop label VITIS_LOOP_2927_2:   [xilinx-label-all-loops]
    for(int j = 5; j>=I_+2; j--) {
    ^~~
    VITIS_LOOP_2927_2: 
C:\Users\cocol\Ruby_Proj\workspace\LSTM\LSTM\hls\.autopilot\db\LSTM.pp.0.cpp:17991:5: note: FIX-IT applied suggested code changes
C:\Users\cocol\Ruby_Proj\workspace\LSTM\LSTM\hls\.autopilot\db\LSTM.pp.0.cpp:17995:5: warning: Added loop label VITIS_LOOP_2931_3:   [xilinx-label-all-loops]
    for(int j = I_+1; j>=0; j--) {
    ^~~
    VITIS_LOOP_2931_3: 
C:\Users\cocol\Ruby_Proj\workspace\LSTM\LSTM\hls\.autopilot\db\LSTM.pp.0.cpp:17995:5: note: FIX-IT applied suggested code changes
C:\Users\cocol\Ruby_Proj\workspace\LSTM\LSTM\hls\.autopilot\db\LSTM.pp.0.cpp:18010:3: warning: Added loop label VITIS_LOOP_2946_4:   [xilinx-label-all-loops]
  for(int j = 11; j >=7; j--) {
  ^~~
  VITIS_LOOP_2946_4: 
C:\Users\cocol\Ruby_Proj\workspace\LSTM\LSTM\hls\.autopilot\db\LSTM.pp.0.cpp:18010:3: note: FIX-IT applied suggested code changes
C:\Users\cocol\Ruby_Proj\workspace\LSTM\LSTM\hls\.autopilot\db\LSTM.pp.0.cpp:18042:4: warning: Added loop label VITIS_LOOP_2978_5:   [xilinx-label-all-loops]
   for(int j = 11; j >= I_+5; j--) {
   ^~~
   VITIS_LOOP_2978_5: 
C:\Users\cocol\Ruby_Proj\workspace\LSTM\LSTM\hls\.autopilot\db\LSTM.pp.0.cpp:18042:4: note: FIX-IT applied suggested code changes
C:\Users\cocol\Ruby_Proj\workspace\LSTM\LSTM\hls\.autopilot\db\LSTM.pp.0.cpp:18049:5: warning: Added loop label VITIS_LOOP_2985_6:   [xilinx-label-all-loops]
    for(int j = 11; j>= I_+5; j--) {
    ^~~
    VITIS_LOOP_2985_6: 
C:\Users\cocol\Ruby_Proj\workspace\LSTM\LSTM\hls\.autopilot\db\LSTM.pp.0.cpp:18049:5: note: FIX-IT applied suggested code changes
C:\Users\cocol\Ruby_Proj\workspace\LSTM\LSTM\hls\.autopilot\db\LSTM.pp.0.cpp:18053:5: warning: Added loop label VITIS_LOOP_2989_7:   [xilinx-label-all-loops]
    for(int j = I_+4; j>=0; j--) {
    ^~~
    VITIS_LOOP_2989_7: 
C:\Users\cocol\Ruby_Proj\workspace\LSTM\LSTM\hls\.autopilot\db\LSTM.pp.0.cpp:18053:5: note: FIX-IT applied suggested code changes
C:\Users\cocol\Ruby_Proj\workspace\LSTM\LSTM\hls\.autopilot\db\LSTM.pp.0.cpp:18068:3: warning: Added loop label VITIS_LOOP_3004_8:   [xilinx-label-all-loops]
  for(int j = 25; j>=15; j--) {
  ^~~
  VITIS_LOOP_3004_8: 
C:\Users\cocol\Ruby_Proj\workspace\LSTM\LSTM\hls\.autopilot\db\LSTM.pp.0.cpp:18068:3: note: FIX-IT applied suggested code changes
C:\Users\cocol\Ruby_Proj\workspace\LSTM\LSTM\hls\.autopilot\db\LSTM.pp.0.cpp:18118:4: warning: Added loop label VITIS_LOOP_3054_9:   [xilinx-label-all-loops]
   for(int j = 25; j>= I_+12; j--) {
   ^~~
   VITIS_LOOP_3054_9: 
C:\Users\cocol\Ruby_Proj\workspace\LSTM\LSTM\hls\.autopilot\db\LSTM.pp.0.cpp:18118:4: note: FIX-IT applied suggested code changes
C:\Users\cocol\Ruby_Proj\workspace\LSTM\LSTM\hls\.autopilot\db\LSTM.pp.0.cpp:18125:5: warning: Added loop label VITIS_LOOP_3061_10:   [xilinx-label-all-loops]
    for(int j = 25; j>=I_+12; j--) {
    ^~~
    VITIS_LOOP_3061_10: 
C:\Users\cocol\Ruby_Proj\workspace\LSTM\LSTM\hls\.autopilot\db\LSTM.pp.0.cpp:18125:5: note: FIX-IT applied suggested code changes
C:\Users\cocol\Ruby_Proj\workspace\LSTM\LSTM\hls\.autopilot\db\LSTM.pp.0.cpp:18129:5: warning: Added loop label VITIS_LOOP_3065_11:   [xilinx-label-all-loops]
    for(int j = I_+11; j>=0; j--) {
    ^~~
    VITIS_LOOP_3065_11: 
C:\Users\cocol\Ruby_Proj\workspace\LSTM\LSTM\hls\.autopilot\db\LSTM.pp.0.cpp:18129:5: note: FIX-IT applied suggested code changes
C:\Users\cocol\Ruby_Proj\workspace\LSTM\LSTM\hls\.autopilot\db\LSTM.pp.0.cpp:18144:3: warning: Added loop label VITIS_LOOP_3080_12:   [xilinx-label-all-loops]
  for(int j = 51; j >= 29; j--) {
  ^~~
  VITIS_LOOP_3080_12: 
C:\Users\cocol\Ruby_Proj\workspace\LSTM\LSTM\hls\.autopilot\db\LSTM.pp.0.cpp:18144:3: note: FIX-IT applied suggested code changes
C:\Users\cocol\Ruby_Proj\workspace\LSTM\LSTM\hls\.autopilot\db\LSTM.pp.0.cpp:18281:4: warning: Added loop label VITIS_LOOP_3217_13:   [xilinx-label-all-loops]
   for(int j = 51; j >= 25 + I_; j--) {
   ^~~
   VITIS_LOOP_3217_13: 
C:\Users\cocol\Ruby_Proj\workspace\LSTM\LSTM\hls\.autopilot\db\LSTM.pp.0.cpp:18281:4: note: FIX-IT applied suggested code changes
C:\Users\cocol\Ruby_Proj\workspace\LSTM\LSTM\hls\.autopilot\db\LSTM.pp.0.cpp:18288:5: warning: Added loop label VITIS_LOOP_3224_14:   [xilinx-label-all-loops]
    for(int j = 51; j>=25 + I_; j--) {
    ^~~
    VITIS_LOOP_3224_14: 
C:\Users\cocol\Ruby_Proj\workspace\LSTM\LSTM\hls\.autopilot\db\LSTM.pp.0.cpp:18288:5: note: FIX-IT applied suggested code changes
C:\Users\cocol\Ruby_Proj\workspace\LSTM\LSTM\hls\.autopilot\db\LSTM.pp.0.cpp:18292:5: warning: Added loop label VITIS_LOOP_3228_15:   [xilinx-label-all-loops]
    for(int j = 24 + I_; j >= 0; j--) {
    ^~~
    VITIS_LOOP_3228_15: 
C:\Users\cocol\Ruby_Proj\workspace\LSTM\LSTM\hls\.autopilot\db\LSTM.pp.0.cpp:18292:5: note: FIX-IT applied suggested code changes
C:\Users\cocol\Ruby_Proj\workspace\LSTM\LSTM\hls\.autopilot\db\LSTM.pp.0.cpp:18307:3: warning: Added loop label VITIS_LOOP_3243_16:   [xilinx-label-all-loops]
  for(int j = 63; j >= 36; j--) {
  ^~~
  VITIS_LOOP_3243_16: 
C:\Users\cocol\Ruby_Proj\workspace\LSTM\LSTM\hls\.autopilot\db\LSTM.pp.0.cpp:18307:3: note: FIX-IT applied suggested code changes
C:\Users\cocol\Ruby_Proj\workspace\LSTM\LSTM\hls\.autopilot\db\LSTM.pp.0.cpp:18467:4: warning: Added loop label VITIS_LOOP_3403_17:   [xilinx-label-all-loops]
   for(int j = 63; j >= 31 + I_; j--) {
   ^~~
   VITIS_LOOP_3403_17: 
C:\Users\cocol\Ruby_Proj\workspace\LSTM\LSTM\hls\.autopilot\db\LSTM.pp.0.cpp:18467:4: note: FIX-IT applied suggested code changes
C:\Users\cocol\Ruby_Proj\workspace\LSTM\LSTM\hls\.autopilot\db\LSTM.pp.0.cpp:18474:5: warning: Added loop label VITIS_LOOP_3410_18:   [xilinx-label-all-loops]
    for(int j = 63; j >= 31 + I_; j--) {
    ^~~
    VITIS_LOOP_3410_18: 
C:\Users\cocol\Ruby_Proj\workspace\LSTM\LSTM\hls\.autopilot\db\LSTM.pp.0.cpp:18474:5: note: FIX-IT applied suggested code changes
C:\Users\cocol\Ruby_Proj\workspace\LSTM\LSTM\hls\.autopilot\db\LSTM.pp.0.cpp:18478:5: warning: Added loop label VITIS_LOOP_3414_19:   [xilinx-label-all-loops]
    for(int j = 30 + I_; j >= 0; j--) {
    ^~~
    VITIS_LOOP_3414_19: 
C:\Users\cocol\Ruby_Proj\workspace\LSTM\LSTM\hls\.autopilot\db\LSTM.pp.0.cpp:18478:5: note: FIX-IT applied suggested code changes
C:\Users\cocol\Ruby_Proj\workspace\LSTM\LSTM\hls\.autopilot\db\LSTM.pp.0.cpp:19193:13: warning: Added loop label VITIS_LOOP_703_1:   [xilinx-label-all-loops]
            for (b_exp = I_-1; b_exp >= -F_; b_exp--) {
            ^~~
            VITIS_LOOP_703_1: 
C:\Users\cocol\Ruby_Proj\workspace\LSTM\LSTM\hls\.autopilot\db\LSTM.pp.0.cpp:19193:13: note: FIX-IT applied suggested code changes
C:\Users\cocol\Ruby_Proj\workspace\LSTM\LSTM\hls\.autopilot\db\LSTM.pp.0.cpp:19411:13: warning: Added loop label VITIS_LOOP_921_1:   [xilinx-label-all-loops]
            for (b_exp = I_-1; b_exp >= -F_; b_exp--) {
            ^~~
            VITIS_LOOP_921_1: 
C:\Users\cocol\Ruby_Proj\workspace\LSTM\LSTM\hls\.autopilot\db\LSTM.pp.0.cpp:19411:13: note: FIX-IT applied suggested code changes
C:\Users\cocol\Ruby_Proj\workspace\LSTM\LSTM\hls\.autopilot\db\LSTM.pp.0.cpp:19828:13: warning: Added loop label VITIS_LOOP_1345_1:   [xilinx-label-all-loops]
            for (b_exp = I_-1; b_exp >= -F_; b_exp--) {
            ^~~
            VITIS_LOOP_1345_1: 
C:\Users\cocol\Ruby_Proj\workspace\LSTM\LSTM\hls\.autopilot\db\LSTM.pp.0.cpp:19828:13: note: FIX-IT applied suggested code changes
C:\Users\cocol\Ruby_Proj\workspace\LSTM\LSTM\hls\.autopilot\db\LSTM.pp.0.cpp:20151:9: warning: Added loop label VITIS_LOOP_243_1:   [xilinx-label-all-loops]
        for ( int pos = msbr-1; pos >= 0; pos-- ) {
        ^~~
        VITIS_LOOP_243_1: 
C:\Users\cocol\Ruby_Proj\workspace\LSTM\LSTM\hls\.autopilot\db\LSTM.pp.0.cpp:20151:9: note: FIX-IT applied suggested code changes
C:\Users\cocol\Ruby_Proj\workspace\LSTM\LSTM\hls\.autopilot\db\LSTM.pp.0.cpp:20179:9: warning: Added loop label VITIS_LOOP_271_2:   [xilinx-label-all-loops]
        for ( int pos = -1; pos >= -F_-1; pos-- ) {
        ^~~
        VITIS_LOOP_271_2: 
C:\Users\cocol\Ruby_Proj\workspace\LSTM\LSTM\hls\.autopilot\db\LSTM.pp.0.cpp:20179:9: note: FIX-IT applied suggested code changes
C:\Users\cocol\Ruby_Proj\workspace\LSTM\LSTM\hls\.autopilot\db\LSTM.pp.0.cpp:20883:13: warning: Added loop label VITIS_LOOP_48_1:   [xilinx-label-all-loops]
            for (int j = 0; j < W_-1; j++){
            ^~~
            VITIS_LOOP_48_1: 
C:\Users\cocol\Ruby_Proj\workspace\LSTM\LSTM\hls\.autopilot\db\LSTM.pp.0.cpp:20883:13: note: FIX-IT applied suggested code changes
C:\Users\cocol\Ruby_Proj\workspace\LSTM\LSTM\hls\.autopilot\db\LSTM.pp.0.cpp:20936:5: warning: Added loop label VITIS_LOOP_109_2:   [xilinx-label-all-loops]
    for (int j = F_l+F_+I_m-1; j < F_l+W_+5; j++){
    ^~~
    VITIS_LOOP_109_2: 
C:\Users\cocol\Ruby_Proj\workspace\LSTM\LSTM\hls\.autopilot\db\LSTM.pp.0.cpp:20936:5: note: FIX-IT applied suggested code changes
C:\Users\cocol\Ruby_Proj\workspace\LSTM\LSTM\hls\.autopilot\db\LSTM.pp.0.cpp:20950:13: warning: Added loop label VITIS_LOOP_123_3:   [xilinx-label-all-loops]
            for (int j = WO_m-1; j >= W_-1; j--) {
            ^~~
            VITIS_LOOP_123_3: 
C:\Users\cocol\Ruby_Proj\workspace\LSTM\LSTM\hls\.autopilot\db\LSTM.pp.0.cpp:20950:13: note: FIX-IT applied suggested code changes
C:\Users\cocol\Ruby_Proj\workspace\LSTM\LSTM\hls\.autopilot\db\LSTM.pp.0.cpp:20980:13: warning: Added loop label VITIS_LOOP_153_4:   [xilinx-label-all-loops]
            for (int j = W_-2; j >= 0; j--){
            ^~~
            VITIS_LOOP_153_4: 
C:\Users\cocol\Ruby_Proj\workspace\LSTM\LSTM\hls\.autopilot\db\LSTM.pp.0.cpp:20980:13: note: FIX-IT applied suggested code changes
C:\Users\cocol\Ruby_Proj\workspace\LSTM\LSTM\hls\.autopilot\db\LSTM.pp.0.cpp:21065:12: warning: Added loop label VITIS_LOOP_281_1:   [xilinx-label-all-loops]
           for(int i = wf_log+we_log-2; i > WI_e - 2; --i) {
           ^~~
           VITIS_LOOP_281_1: 
C:\Users\cocol\Ruby_Proj\workspace\LSTM\LSTM\hls\.autopilot\db\LSTM.pp.0.cpp:21065:12: note: FIX-IT applied suggested code changes
C:\Users\cocol\Ruby_Proj\workspace\LSTM\LSTM\hls\.autopilot\db\LSTM.pp.0.cpp:21085:16: warning: Added loop label VITIS_LOOP_301_2:   [xilinx-label-all-loops]
               for (int j = WO_e-1; j >= W_-1; j--) {
               ^~~
               VITIS_LOOP_301_2: 
C:\Users\cocol\Ruby_Proj\workspace\LSTM\LSTM\hls\.autopilot\db\LSTM.pp.0.cpp:21085:16: note: FIX-IT applied suggested code changes
C:\Users\cocol\Ruby_Proj\workspace\LSTM\LSTM\hls\.autopilot\db\LSTM.pp.0.cpp:21099:20: warning: Added loop label VITIS_LOOP_315_3:   [xilinx-label-all-loops]
                   for(int i = 0; i < W_-1; ++i) {
                   ^~~
                   VITIS_LOOP_315_3: 
C:\Users\cocol\Ruby_Proj\workspace\LSTM\LSTM\hls\.autopilot\db\LSTM.pp.0.cpp:21099:20: note: FIX-IT applied suggested code changes
C:\Users\cocol\Ruby_Proj\workspace\LSTM\LSTM\hls\.autopilot\db\LSTM.pp.0.cpp:21192:12: warning: Added loop label VITIS_LOOP_433_1:   [xilinx-label-all-loops]
           for (int j =WO_d-1; j >= W_-1; j--) {
           ^~~
           VITIS_LOOP_433_1: 
C:\Users\cocol\Ruby_Proj\workspace\LSTM\LSTM\hls\.autopilot\db\LSTM.pp.0.cpp:21192:12: note: FIX-IT applied suggested code changes
C:\Users\cocol\Ruby_Proj\workspace\LSTM\LSTM\hls\.autopilot\db\LSTM.pp.0.cpp:21206:15: warning: Added loop label VITIS_LOOP_447_2:   [xilinx-label-all-loops]
              for(int i = 0; i < W_-1; ++i) {
              ^~~
              VITIS_LOOP_447_2: 
C:\Users\cocol\Ruby_Proj\workspace\LSTM\LSTM\hls\.autopilot\db\LSTM.pp.0.cpp:21206:15: note: FIX-IT applied suggested code changes
C:\Users\cocol\Ruby_Proj\workspace\LSTM\LSTM\hls\.autopilot\db\LSTM.pp.0.cpp:21326:13: warning: Added loop label VITIS_LOOP_33_1:   [xilinx-label-all-loops]
            for (int i = 0; i < W_-1; i++){
            ^~~
            VITIS_LOOP_33_1: 
C:\Users\cocol\Ruby_Proj\workspace\LSTM\LSTM\hls\.autopilot\db\LSTM.pp.0.cpp:21326:13: note: FIX-IT applied suggested code changes
C:\Users\cocol\Ruby_Proj\workspace\LSTM\LSTM\hls\.autopilot\db\LSTM.pp.0.cpp:21450:13: warning: Added loop label VITIS_LOOP_183_1:   [xilinx-label-all-loops]
            for (int i = 0; i < W_-1; i++){
            ^~~
            VITIS_LOOP_183_1: 
C:\Users\cocol\Ruby_Proj\workspace\LSTM\LSTM\hls\.autopilot\db\LSTM.pp.0.cpp:21450:13: note: FIX-IT applied suggested code changes
C:\Users\cocol\Ruby_Proj\workspace\LSTM\LSTM\hls\.autopilot\db\LSTM.pp.0.cpp:21505:13: warning: Added loop label VITIS_LOOP_248_1:   [xilinx-label-all-loops]
            for (int i = 0; i < W_-1; i++){
            ^~~
            VITIS_LOOP_248_1: 
C:\Users\cocol\Ruby_Proj\workspace\LSTM\LSTM\hls\.autopilot\db\LSTM.pp.0.cpp:21505:13: note: FIX-IT applied suggested code changes
C:\Users\cocol\Ruby_Proj\workspace\LSTM\LSTM\hls\.autopilot\db\LSTM.pp.0.cpp:21772:5: warning: Added loop label VITIS_LOOP_44_1:   [xilinx-label-all-loops]
    for(int l = loop_nm; l > 0; --l){
    ^~~
    VITIS_LOOP_44_1: 
C:\Users\cocol\Ruby_Proj\workspace\LSTM\LSTM\hls\.autopilot\db\LSTM.pp.0.cpp:21772:5: note: FIX-IT applied suggested code changes
C:\Users\cocol\Ruby_Proj\workspace\LSTM\LSTM\hls\.autopilot\db\LSTM.pp.0.cpp:22023:2: warning: Added loop label VITIS_LOOP_16_1:   [xilinx-label-all-loops]
 for (int i=0; i<W_;i++)
 ^~~
 VITIS_LOOP_16_1: 
C:\Users\cocol\Ruby_Proj\workspace\LSTM\LSTM\hls\.autopilot\db\LSTM.pp.0.cpp:22023:2: note: FIX-IT applied suggested code changes
C:\Users\cocol\Ruby_Proj\workspace\LSTM\LSTM\hls\.autopilot\db\LSTM.pp.0.cpp:22034:2: warning: Added loop label VITIS_LOOP_27_1:   [xilinx-label-all-loops]
 for (int i=0; i<W_;i++)
 ^~~
 VITIS_LOOP_27_1: 
C:\Users\cocol\Ruby_Proj\workspace\LSTM\LSTM\hls\.autopilot\db\LSTM.pp.0.cpp:22034:2: note: FIX-IT applied suggested code changes
C:\Users\cocol\Ruby_Proj\workspace\LSTM\LSTM\hls\.autopilot\db\LSTM.pp.0.cpp:22045:2: warning: Added loop label VITIS_LOOP_38_1:   [xilinx-label-all-loops]
 for (int i=0; i<I_;i++)
 ^~~
 VITIS_LOOP_38_1: 
C:\Users\cocol\Ruby_Proj\workspace\LSTM\LSTM\hls\.autopilot\db\LSTM.pp.0.cpp:22045:2: note: FIX-IT applied suggested code changes
C:\Users\cocol\Ruby_Proj\workspace\LSTM\LSTM\hls\.autopilot\db\LSTM.pp.0.cpp:22056:2: warning: Added loop label VITIS_LOOP_49_1:   [xilinx-label-all-loops]
 for (int i=0; i<I_;i++)
 ^~~
 VITIS_LOOP_49_1: 
C:\Users\cocol\Ruby_Proj\workspace\LSTM\LSTM\hls\.autopilot\db\LSTM.pp.0.cpp:22056:2: note: FIX-IT applied suggested code changes
C:\Users\cocol\Ruby_Proj\workspace\LSTM\LSTM\hls\.autopilot\db\LSTM.pp.0.cpp:22067:2: warning: Added loop label VITIS_LOOP_60_1:   [xilinx-label-all-loops]
 for (int i=0; i<W_;i++)
 ^~~
 VITIS_LOOP_60_1: 
C:\Users\cocol\Ruby_Proj\workspace\LSTM\LSTM\hls\.autopilot\db\LSTM.pp.0.cpp:22067:2: note: FIX-IT applied suggested code changes
C:\Users\cocol\Ruby_Proj\workspace\LSTM\LSTM\hls\.autopilot\db\LSTM.pp.0.cpp:22078:2: warning: Added loop label VITIS_LOOP_71_1:   [xilinx-label-all-loops]
 for (int i=0; i<W_;i++)
 ^~~
 VITIS_LOOP_71_1: 
C:\Users\cocol\Ruby_Proj\workspace\LSTM\LSTM\hls\.autopilot\db\LSTM.pp.0.cpp:22078:2: note: FIX-IT applied suggested code changes
C:\Users\cocol\Ruby_Proj\workspace\LSTM\LSTM\hls\.autopilot\db\LSTM.pp.0.cpp:22089:2: warning: Added loop label VITIS_LOOP_82_1:   [xilinx-label-all-loops]
 for (int i=0; i<I_;i++)
 ^~~
 VITIS_LOOP_82_1: 
C:\Users\cocol\Ruby_Proj\workspace\LSTM\LSTM\hls\.autopilot\db\LSTM.pp.0.cpp:22089:2: note: FIX-IT applied suggested code changes
C:\Users\cocol\Ruby_Proj\workspace\LSTM\LSTM\hls\.autopilot\db\LSTM.pp.0.cpp:22100:2: warning: Added loop label VITIS_LOOP_93_1:   [xilinx-label-all-loops]
 for (int i=0; i<I_;i++)
 ^~~
 VITIS_LOOP_93_1: 
C:\Users\cocol\Ruby_Proj\workspace\LSTM\LSTM\hls\.autopilot\db\LSTM.pp.0.cpp:22100:2: note: FIX-IT applied suggested code changes
C:\Users\cocol\Ruby_Proj\workspace\LSTM\LSTM\hls\.autopilot\db\LSTM.pp.0.cpp:24459:12: warning: Added loop label VITIS_LOOP_26_1:   [xilinx-label-all-loops]
           for(int i = 0; i < W_-1; ++i) {
           ^~~
           VITIS_LOOP_26_1: 
C:\Users\cocol\Ruby_Proj\workspace\LSTM\LSTM\hls\.autopilot\db\LSTM.pp.0.cpp:24459:12: note: FIX-IT applied suggested code changes
C:\Users\cocol\Ruby_Proj\workspace\LSTM\LSTM\hls\.autopilot\db\LSTM.pp.0.cpp:24523:7: warning: Added loop label VITIS_LOOP_40_1:   [xilinx-label-all-loops]
      for(int pos = msbr - 1 ; pos >= -F-1; pos--) {
      ^~~
      VITIS_LOOP_40_1: 
C:\Users\cocol\Ruby_Proj\workspace\LSTM\LSTM\hls\.autopilot\db\LSTM.pp.0.cpp:24523:7: note: FIX-IT applied suggested code changes
C:\Users\cocol\Ruby_Proj\workspace\LSTM\LSTM\hls\.autopilot\db\LSTM.pp.0.cpp:24640:9: warning: Added loop label VITIS_LOOP_49_1:   [xilinx-label-all-loops]
        for(int pos = msbr - 1; pos >= 0; pos--) {
        ^~~
        VITIS_LOOP_49_1: 
C:\Users\cocol\Ruby_Proj\workspace\LSTM\LSTM\hls\.autopilot\db\LSTM.pp.0.cpp:24640:9: note: FIX-IT applied suggested code changes
C:\Users\cocol\Ruby_Proj\workspace\LSTM\LSTM\hls\.autopilot\db\LSTM.pp.0.cpp:24665:5: warning: Added loop label VITIS_LOOP_81_2:   [xilinx-label-all-loops]
    for(int pos = -1; pos >= -F-1; pos--) {
    ^~~
    VITIS_LOOP_81_2: 
C:\Users\cocol\Ruby_Proj\workspace\LSTM\LSTM\hls\.autopilot\db\LSTM.pp.0.cpp:24665:5: note: FIX-IT applied suggested code changes
C:\Users\cocol\Ruby_Proj\workspace\LSTM\LSTM\hls\.autopilot\db\LSTM.pp.0.cpp:24735:8: warning: Added loop label VITIS_LOOP_169_3:   [xilinx-label-all-loops]
       for(int i = 0; i < W - 1; ++i) {
       ^~~
       VITIS_LOOP_169_3: 
C:\Users\cocol\Ruby_Proj\workspace\LSTM\LSTM\hls\.autopilot\db\LSTM.pp.0.cpp:24735:8: note: FIX-IT applied suggested code changes
C:\Users\cocol\Ruby_Proj\workspace\LSTM\LSTM\hls\.autopilot\db\LSTM.pp.0.cpp:27015:9: warning: Added loop label VITIS_LOOP_24_1:   [xilinx-label-all-loops]
        for (int k = 0; k < LSTM_IN_DIM; k++) acc_f += W_f[j][k] * x[k];
        ^~~
        VITIS_LOOP_24_1: 
C:\Users\cocol\Ruby_Proj\workspace\LSTM\LSTM\hls\.autopilot\db\LSTM.pp.0.cpp:27015:9: note: FIX-IT applied suggested code changes
C:\Users\cocol\Ruby_Proj\workspace\LSTM\LSTM\hls\.autopilot\db\LSTM.pp.0.cpp:27016:9: warning: Added loop label VITIS_LOOP_25_2:   [xilinx-label-all-loops]
        for (int m = 0; m < LSTM_HIDDEN; m++) acc_f += U_f[j][m] * h[m];
        ^~~
        VITIS_LOOP_25_2: 
C:\Users\cocol\Ruby_Proj\workspace\LSTM\LSTM\hls\.autopilot\db\LSTM.pp.0.cpp:27016:9: note: FIX-IT applied suggested code changes
C:\Users\cocol\Ruby_Proj\workspace\LSTM\LSTM\hls\.autopilot\db\LSTM.pp.0.cpp:27021:9: warning: Added loop label VITIS_LOOP_30_3:   [xilinx-label-all-loops]
        for (int k = 0; k < LSTM_IN_DIM; k++) acc_i += W_i[j][k] * x[k];
        ^~~
        VITIS_LOOP_30_3: 
C:\Users\cocol\Ruby_Proj\workspace\LSTM\LSTM\hls\.autopilot\db\LSTM.pp.0.cpp:27021:9: note: FIX-IT applied suggested code changes
C:\Users\cocol\Ruby_Proj\workspace\LSTM\LSTM\hls\.autopilot\db\LSTM.pp.0.cpp:27022:9: warning: Added loop label VITIS_LOOP_31_4:   [xilinx-label-all-loops]
        for (int m = 0; m < LSTM_HIDDEN; m++) acc_i += U_i[j][m] * h[m];
        ^~~
        VITIS_LOOP_31_4: 
C:\Users\cocol\Ruby_Proj\workspace\LSTM\LSTM\hls\.autopilot\db\LSTM.pp.0.cpp:27022:9: note: FIX-IT applied suggested code changes
C:\Users\cocol\Ruby_Proj\workspace\LSTM\LSTM\hls\.autopilot\db\LSTM.pp.0.cpp:27027:9: warning: Added loop label VITIS_LOOP_36_5:   [xilinx-label-all-loops]
        for (int k = 0; k < LSTM_IN_DIM; k++) acc_g += W_g[j][k] * x[k];
        ^~~
        VITIS_LOOP_36_5: 
C:\Users\cocol\Ruby_Proj\workspace\LSTM\LSTM\hls\.autopilot\db\LSTM.pp.0.cpp:27027:9: note: FIX-IT applied suggested code changes
C:\Users\cocol\Ruby_Proj\workspace\LSTM\LSTM\hls\.autopilot\db\LSTM.pp.0.cpp:27028:9: warning: Added loop label VITIS_LOOP_37_6:   [xilinx-label-all-loops]
        for (int m = 0; m < LSTM_HIDDEN; m++) acc_g += U_g[j][m] * h[m];
        ^~~
        VITIS_LOOP_37_6: 
C:\Users\cocol\Ruby_Proj\workspace\LSTM\LSTM\hls\.autopilot\db\LSTM.pp.0.cpp:27028:9: note: FIX-IT applied suggested code changes
C:\Users\cocol\Ruby_Proj\workspace\LSTM\LSTM\hls\.autopilot\db\LSTM.pp.0.cpp:27033:9: warning: Added loop label VITIS_LOOP_42_7:   [xilinx-label-all-loops]
        for (int k = 0; k < LSTM_IN_DIM; k++) acc_o += W_o[j][k] * x[k];
        ^~~
        VITIS_LOOP_42_7: 
C:\Users\cocol\Ruby_Proj\workspace\LSTM\LSTM\hls\.autopilot\db\LSTM.pp.0.cpp:27033:9: note: FIX-IT applied suggested code changes
C:\Users\cocol\Ruby_Proj\workspace\LSTM\LSTM\hls\.autopilot\db\LSTM.pp.0.cpp:27034:9: warning: Added loop label VITIS_LOOP_43_8:   [xilinx-label-all-loops]
        for (int m = 0; m < LSTM_HIDDEN; m++) acc_o += U_o[j][m] * h[m];
        ^~~
        VITIS_LOOP_43_8: 
C:\Users\cocol\Ruby_Proj\workspace\LSTM\LSTM\hls\.autopilot\db\LSTM.pp.0.cpp:27034:9: note: FIX-IT applied suggested code changes
