

================================================================
== Vitis HLS Report for 'LSTM_step'
================================================================
* Date:           Wed Jul 22 22:22:20 2026

* Version:        2025.1 (Build 6135595 on May 21 2025)
* Project:        LSTM
* Solution:       hls (Vivado IP Flow Target)
* Product family: zynq
* Target device:  xc7z020-clg400-1


================================================================
== Performance Estimates
================================================================
+ Timing: 
    * Summary: 
    +--------+----------+----------+------------+
    |  Clock |  Target  | Estimated| Uncertainty|
    +--------+----------+----------+------------+
    |ap_clk  |  12.00 ns|  8.754 ns|     3.24 ns|
    +--------+----------+----------+------------+

+ Latency: 
    * Summary: 
    +---------+---------+-----------+-----------+------+------+---------+
    |  Latency (cycles) |   Latency (absolute)  |   Interval  | Pipeline|
    |   min   |   max   |    min    |    max    |  min |  max |   Type  |
    +---------+---------+-----------+-----------+------+------+---------+
    |     1012|     1012|  12.144 us|  12.144 us|  1012|  1012|       no|
    +---------+---------+-----------+-----------+------+------+---------+

    + Detail: 
        * Instance: 
        N/A

        * Loop: 
        N/A

============================================================
+ Verbose Summary: Synthesis Manager
============================================================
InlineROM: 1
ExposeGlobal: 0
============================================================
+ Verbose Summary: CDFG Model
============================================================
IsTopModel: 0
ResetActiveHigh: 1
IsCombinational: 0
IsDatapathOnly: 0
HasWiredReturn: 1
HasMFsm: 0
HasVarLatency: 1
IsPipeline: 0
IsRtlPipelined: 0
IsInstanceOverlapped: 0
IsDontTouch: 0
HasImplIP: 0
IsGatedGlobalClock: 0


============================================================
+ Verbose Summary: Schedule
============================================================
* Number of FSM states : 20
* Pipeline : 0
* Dataflow Pipeline: 0

* FSM state transitions: 
1 --> 2 
2 --> 3 
3 --> 4 
4 --> 5 
5 --> 6 
6 --> 7 
7 --> 8 
8 --> 9 
9 --> 10 
10 --> 11 
11 --> 12 
12 --> 13 
13 --> 14 
14 --> 15 
15 --> 16 
16 --> 17 
17 --> 18 
18 --> 19 
19 --> 20 
20 --> 

* FSM state operations: 

State 1 <SV = 0> <Delay = 3.25>
ST_1 : Operation 21 [1/1] (0.00ns)   --->   "%x1_read = read i3 @_ssdm_op_Read.ap_auto.i3, i3 %x1"   --->   Operation 21 'read' 'x1_read' <Predicate = true> <Delay = 0.00>
ST_1 : Operation 22 [1/1] (0.00ns)   --->   "%tmp_13 = bitconcatenate i8 @_ssdm_op_BitConcatenate.i8.i3.i5, i3 %x1_read, i5 0"   --->   Operation 22 'bitconcatenate' 'tmp_13' <Predicate = true> <Delay = 0.00>
ST_1 : Operation 23 [1/1] (0.00ns)   --->   "%tmp_13_cast = zext i8 %tmp_13"   --->   Operation 23 'zext' 'tmp_13_cast' <Predicate = true> <Delay = 0.00>
ST_1 : Operation 24 [1/1] (0.00ns)   --->   "%x_addr = getelementptr i32 %x, i64 0, i64 %tmp_13_cast"   --->   Operation 24 'getelementptr' 'x_addr' <Predicate = true> <Delay = 0.00>
ST_1 : Operation 25 [1/1] (0.00ns)   --->   "%tmp_14 = bitconcatenate i8 @_ssdm_op_BitConcatenate.i8.i3.i5, i3 %x1_read, i5 1"   --->   Operation 25 'bitconcatenate' 'tmp_14' <Predicate = true> <Delay = 0.00>
ST_1 : Operation 26 [1/1] (0.00ns)   --->   "%tmp_14_cast = zext i8 %tmp_14"   --->   Operation 26 'zext' 'tmp_14_cast' <Predicate = true> <Delay = 0.00>
ST_1 : Operation 27 [1/1] (0.00ns)   --->   "%x_addr_1 = getelementptr i32 %x, i64 0, i64 %tmp_14_cast"   --->   Operation 27 'getelementptr' 'x_addr_1' <Predicate = true> <Delay = 0.00>
ST_1 : Operation 28 [1/1] (0.00ns)   --->   "%f = alloca i64 1" [LSTM.cpp:18]   --->   Operation 28 'alloca' 'f' <Predicate = true> <Delay = 0.00>
ST_1 : Operation 29 [1/1] (0.00ns)   --->   "%i = alloca i64 1" [LSTM.cpp:18]   --->   Operation 29 'alloca' 'i' <Predicate = true> <Delay = 0.00>
ST_1 : Operation 30 [1/1] (0.00ns)   --->   "%g = alloca i64 1" [LSTM.cpp:18]   --->   Operation 30 'alloca' 'g' <Predicate = true> <Delay = 0.00>
ST_1 : Operation 31 [1/1] (0.00ns)   --->   "%o = alloca i64 1" [LSTM.cpp:18]   --->   Operation 31 'alloca' 'o' <Predicate = true> <Delay = 0.00>
ST_1 : Operation 32 [2/2] (3.25ns)   --->   "%x_load = load i8 %x_addr"   --->   Operation 32 'load' 'x_load' <Predicate = true> <Delay = 3.25> <CoreInst = "RAM">   --->   Core 81 'RAM' <Latency = 1> <II = 1> <Delay = 3.25> <Storage> <Opcode : 'load' 'store'> <Ports = 2> <Width = 32> <Depth = 256> <RAM>
ST_1 : Operation 33 [2/2] (3.25ns)   --->   "%x_load_1 = load i8 %x_addr_1"   --->   Operation 33 'load' 'x_load_1' <Predicate = true> <Delay = 3.25> <CoreInst = "RAM">   --->   Core 81 'RAM' <Latency = 1> <II = 1> <Delay = 3.25> <Storage> <Opcode : 'load' 'store'> <Ports = 2> <Width = 32> <Depth = 256> <RAM>
ST_1 : Operation 34 [1/1] (0.00ns)   --->   "%h_addr = getelementptr i32 %h, i64 0, i64 0"   --->   Operation 34 'getelementptr' 'h_addr' <Predicate = true> <Delay = 0.00>
ST_1 : Operation 35 [2/2] (3.25ns)   --->   "%h_load = load i5 %h_addr"   --->   Operation 35 'load' 'h_load' <Predicate = true> <Delay = 3.25> <CoreInst = "RAM">   --->   Core 81 'RAM' <Latency = 1> <II = 1> <Delay = 3.25> <Storage> <Opcode : 'load' 'store'> <Ports = 2> <Width = 32> <Depth = 32> <RAM>
ST_1 : Operation 36 [1/1] (0.00ns)   --->   "%h_addr_1 = getelementptr i32 %h, i64 0, i64 1"   --->   Operation 36 'getelementptr' 'h_addr_1' <Predicate = true> <Delay = 0.00>
ST_1 : Operation 37 [2/2] (3.25ns)   --->   "%h_load_1 = load i5 %h_addr_1"   --->   Operation 37 'load' 'h_load_1' <Predicate = true> <Delay = 3.25> <CoreInst = "RAM">   --->   Core 81 'RAM' <Latency = 1> <II = 1> <Delay = 3.25> <Storage> <Opcode : 'load' 'store'> <Ports = 2> <Width = 32> <Depth = 32> <RAM>

State 2 <SV = 1> <Delay = 3.25>
ST_2 : Operation 38 [1/1] (0.00ns)   --->   "%tmp_15 = bitconcatenate i8 @_ssdm_op_BitConcatenate.i8.i3.i5, i3 %x1_read, i5 2"   --->   Operation 38 'bitconcatenate' 'tmp_15' <Predicate = true> <Delay = 0.00>
ST_2 : Operation 39 [1/1] (0.00ns)   --->   "%tmp_15_cast = zext i8 %tmp_15"   --->   Operation 39 'zext' 'tmp_15_cast' <Predicate = true> <Delay = 0.00>
ST_2 : Operation 40 [1/1] (0.00ns)   --->   "%x_addr_2 = getelementptr i32 %x, i64 0, i64 %tmp_15_cast"   --->   Operation 40 'getelementptr' 'x_addr_2' <Predicate = true> <Delay = 0.00>
ST_2 : Operation 41 [1/1] (0.00ns)   --->   "%tmp_16 = bitconcatenate i8 @_ssdm_op_BitConcatenate.i8.i3.i5, i3 %x1_read, i5 3"   --->   Operation 41 'bitconcatenate' 'tmp_16' <Predicate = true> <Delay = 0.00>
ST_2 : Operation 42 [1/1] (0.00ns)   --->   "%tmp_16_cast = zext i8 %tmp_16"   --->   Operation 42 'zext' 'tmp_16_cast' <Predicate = true> <Delay = 0.00>
ST_2 : Operation 43 [1/1] (0.00ns)   --->   "%x_addr_3 = getelementptr i32 %x, i64 0, i64 %tmp_16_cast"   --->   Operation 43 'getelementptr' 'x_addr_3' <Predicate = true> <Delay = 0.00>
ST_2 : Operation 44 [1/2] ( I:3.25ns O:3.25ns )   --->   "%x_load = load i8 %x_addr"   --->   Operation 44 'load' 'x_load' <Predicate = true> <Delay = 3.25> <CoreInst = "RAM">   --->   Core 81 'RAM' <Latency = 1> <II = 1> <Delay = 3.25> <Storage> <Opcode : 'load' 'store'> <Ports = 2> <Width = 32> <Depth = 256> <RAM>
ST_2 : Operation 45 [1/2] ( I:3.25ns O:3.25ns )   --->   "%x_load_1 = load i8 %x_addr_1"   --->   Operation 45 'load' 'x_load_1' <Predicate = true> <Delay = 3.25> <CoreInst = "RAM">   --->   Core 81 'RAM' <Latency = 1> <II = 1> <Delay = 3.25> <Storage> <Opcode : 'load' 'store'> <Ports = 2> <Width = 32> <Depth = 256> <RAM>
ST_2 : Operation 46 [2/2] (3.25ns)   --->   "%x_load_2 = load i8 %x_addr_2"   --->   Operation 46 'load' 'x_load_2' <Predicate = true> <Delay = 3.25> <CoreInst = "RAM">   --->   Core 81 'RAM' <Latency = 1> <II = 1> <Delay = 3.25> <Storage> <Opcode : 'load' 'store'> <Ports = 2> <Width = 32> <Depth = 256> <RAM>
ST_2 : Operation 47 [2/2] (3.25ns)   --->   "%x_load_3 = load i8 %x_addr_3"   --->   Operation 47 'load' 'x_load_3' <Predicate = true> <Delay = 3.25> <CoreInst = "RAM">   --->   Core 81 'RAM' <Latency = 1> <II = 1> <Delay = 3.25> <Storage> <Opcode : 'load' 'store'> <Ports = 2> <Width = 32> <Depth = 256> <RAM>
ST_2 : Operation 48 [1/2] ( I:3.25ns O:3.25ns )   --->   "%h_load = load i5 %h_addr"   --->   Operation 48 'load' 'h_load' <Predicate = true> <Delay = 3.25> <CoreInst = "RAM">   --->   Core 81 'RAM' <Latency = 1> <II = 1> <Delay = 3.25> <Storage> <Opcode : 'load' 'store'> <Ports = 2> <Width = 32> <Depth = 32> <RAM>
ST_2 : Operation 49 [1/2] ( I:3.25ns O:3.25ns )   --->   "%h_load_1 = load i5 %h_addr_1"   --->   Operation 49 'load' 'h_load_1' <Predicate = true> <Delay = 3.25> <CoreInst = "RAM">   --->   Core 81 'RAM' <Latency = 1> <II = 1> <Delay = 3.25> <Storage> <Opcode : 'load' 'store'> <Ports = 2> <Width = 32> <Depth = 32> <RAM>
ST_2 : Operation 50 [1/1] (0.00ns)   --->   "%h_addr_2 = getelementptr i32 %h, i64 0, i64 2"   --->   Operation 50 'getelementptr' 'h_addr_2' <Predicate = true> <Delay = 0.00>
ST_2 : Operation 51 [2/2] (3.25ns)   --->   "%h_load_2 = load i5 %h_addr_2"   --->   Operation 51 'load' 'h_load_2' <Predicate = true> <Delay = 3.25> <CoreInst = "RAM">   --->   Core 81 'RAM' <Latency = 1> <II = 1> <Delay = 3.25> <Storage> <Opcode : 'load' 'store'> <Ports = 2> <Width = 32> <Depth = 32> <RAM>
ST_2 : Operation 52 [1/1] (0.00ns)   --->   "%h_addr_3 = getelementptr i32 %h, i64 0, i64 3"   --->   Operation 52 'getelementptr' 'h_addr_3' <Predicate = true> <Delay = 0.00>
ST_2 : Operation 53 [2/2] (3.25ns)   --->   "%h_load_3 = load i5 %h_addr_3"   --->   Operation 53 'load' 'h_load_3' <Predicate = true> <Delay = 3.25> <CoreInst = "RAM">   --->   Core 81 'RAM' <Latency = 1> <II = 1> <Delay = 3.25> <Storage> <Opcode : 'load' 'store'> <Ports = 2> <Width = 32> <Depth = 32> <RAM>

State 3 <SV = 2> <Delay = 3.25>
ST_3 : Operation 54 [1/1] (0.00ns)   --->   "%tmp_17 = bitconcatenate i8 @_ssdm_op_BitConcatenate.i8.i3.i5, i3 %x1_read, i5 4"   --->   Operation 54 'bitconcatenate' 'tmp_17' <Predicate = true> <Delay = 0.00>
ST_3 : Operation 55 [1/1] (0.00ns)   --->   "%tmp_17_cast = zext i8 %tmp_17"   --->   Operation 55 'zext' 'tmp_17_cast' <Predicate = true> <Delay = 0.00>
ST_3 : Operation 56 [1/1] (0.00ns)   --->   "%x_addr_4 = getelementptr i32 %x, i64 0, i64 %tmp_17_cast"   --->   Operation 56 'getelementptr' 'x_addr_4' <Predicate = true> <Delay = 0.00>
ST_3 : Operation 57 [1/1] (0.00ns)   --->   "%tmp_18 = bitconcatenate i8 @_ssdm_op_BitConcatenate.i8.i3.i5, i3 %x1_read, i5 5"   --->   Operation 57 'bitconcatenate' 'tmp_18' <Predicate = true> <Delay = 0.00>
ST_3 : Operation 58 [1/1] (0.00ns)   --->   "%tmp_18_cast = zext i8 %tmp_18"   --->   Operation 58 'zext' 'tmp_18_cast' <Predicate = true> <Delay = 0.00>
ST_3 : Operation 59 [1/1] (0.00ns)   --->   "%x_addr_5 = getelementptr i32 %x, i64 0, i64 %tmp_18_cast"   --->   Operation 59 'getelementptr' 'x_addr_5' <Predicate = true> <Delay = 0.00>
ST_3 : Operation 60 [1/2] ( I:3.25ns O:3.25ns )   --->   "%x_load_2 = load i8 %x_addr_2"   --->   Operation 60 'load' 'x_load_2' <Predicate = true> <Delay = 3.25> <CoreInst = "RAM">   --->   Core 81 'RAM' <Latency = 1> <II = 1> <Delay = 3.25> <Storage> <Opcode : 'load' 'store'> <Ports = 2> <Width = 32> <Depth = 256> <RAM>
ST_3 : Operation 61 [1/2] ( I:3.25ns O:3.25ns )   --->   "%x_load_3 = load i8 %x_addr_3"   --->   Operation 61 'load' 'x_load_3' <Predicate = true> <Delay = 3.25> <CoreInst = "RAM">   --->   Core 81 'RAM' <Latency = 1> <II = 1> <Delay = 3.25> <Storage> <Opcode : 'load' 'store'> <Ports = 2> <Width = 32> <Depth = 256> <RAM>
ST_3 : Operation 62 [2/2] (3.25ns)   --->   "%x_load_4 = load i8 %x_addr_4"   --->   Operation 62 'load' 'x_load_4' <Predicate = true> <Delay = 3.25> <CoreInst = "RAM">   --->   Core 81 'RAM' <Latency = 1> <II = 1> <Delay = 3.25> <Storage> <Opcode : 'load' 'store'> <Ports = 2> <Width = 32> <Depth = 256> <RAM>
ST_3 : Operation 63 [2/2] (3.25ns)   --->   "%x_load_5 = load i8 %x_addr_5"   --->   Operation 63 'load' 'x_load_5' <Predicate = true> <Delay = 3.25> <CoreInst = "RAM">   --->   Core 81 'RAM' <Latency = 1> <II = 1> <Delay = 3.25> <Storage> <Opcode : 'load' 'store'> <Ports = 2> <Width = 32> <Depth = 256> <RAM>
ST_3 : Operation 64 [1/2] ( I:3.25ns O:3.25ns )   --->   "%h_load_2 = load i5 %h_addr_2"   --->   Operation 64 'load' 'h_load_2' <Predicate = true> <Delay = 3.25> <CoreInst = "RAM">   --->   Core 81 'RAM' <Latency = 1> <II = 1> <Delay = 3.25> <Storage> <Opcode : 'load' 'store'> <Ports = 2> <Width = 32> <Depth = 32> <RAM>
ST_3 : Operation 65 [1/2] ( I:3.25ns O:3.25ns )   --->   "%h_load_3 = load i5 %h_addr_3"   --->   Operation 65 'load' 'h_load_3' <Predicate = true> <Delay = 3.25> <CoreInst = "RAM">   --->   Core 81 'RAM' <Latency = 1> <II = 1> <Delay = 3.25> <Storage> <Opcode : 'load' 'store'> <Ports = 2> <Width = 32> <Depth = 32> <RAM>
ST_3 : Operation 66 [1/1] (0.00ns)   --->   "%h_addr_4 = getelementptr i32 %h, i64 0, i64 4"   --->   Operation 66 'getelementptr' 'h_addr_4' <Predicate = true> <Delay = 0.00>
ST_3 : Operation 67 [2/2] (3.25ns)   --->   "%h_load_4 = load i5 %h_addr_4"   --->   Operation 67 'load' 'h_load_4' <Predicate = true> <Delay = 3.25> <CoreInst = "RAM">   --->   Core 81 'RAM' <Latency = 1> <II = 1> <Delay = 3.25> <Storage> <Opcode : 'load' 'store'> <Ports = 2> <Width = 32> <Depth = 32> <RAM>
ST_3 : Operation 68 [1/1] (0.00ns)   --->   "%h_addr_5 = getelementptr i32 %h, i64 0, i64 5"   --->   Operation 68 'getelementptr' 'h_addr_5' <Predicate = true> <Delay = 0.00>
ST_3 : Operation 69 [2/2] (3.25ns)   --->   "%h_load_5 = load i5 %h_addr_5"   --->   Operation 69 'load' 'h_load_5' <Predicate = true> <Delay = 3.25> <CoreInst = "RAM">   --->   Core 81 'RAM' <Latency = 1> <II = 1> <Delay = 3.25> <Storage> <Opcode : 'load' 'store'> <Ports = 2> <Width = 32> <Depth = 32> <RAM>

State 4 <SV = 3> <Delay = 3.25>
ST_4 : Operation 70 [1/1] (0.00ns)   --->   "%tmp_19 = bitconcatenate i8 @_ssdm_op_BitConcatenate.i8.i3.i5, i3 %x1_read, i5 6"   --->   Operation 70 'bitconcatenate' 'tmp_19' <Predicate = true> <Delay = 0.00>
ST_4 : Operation 71 [1/1] (0.00ns)   --->   "%tmp_19_cast = zext i8 %tmp_19"   --->   Operation 71 'zext' 'tmp_19_cast' <Predicate = true> <Delay = 0.00>
ST_4 : Operation 72 [1/1] (0.00ns)   --->   "%x_addr_6 = getelementptr i32 %x, i64 0, i64 %tmp_19_cast"   --->   Operation 72 'getelementptr' 'x_addr_6' <Predicate = true> <Delay = 0.00>
ST_4 : Operation 73 [1/1] (0.00ns)   --->   "%tmp_20 = bitconcatenate i8 @_ssdm_op_BitConcatenate.i8.i3.i5, i3 %x1_read, i5 7"   --->   Operation 73 'bitconcatenate' 'tmp_20' <Predicate = true> <Delay = 0.00>
ST_4 : Operation 74 [1/1] (0.00ns)   --->   "%tmp_20_cast = zext i8 %tmp_20"   --->   Operation 74 'zext' 'tmp_20_cast' <Predicate = true> <Delay = 0.00>
ST_4 : Operation 75 [1/1] (0.00ns)   --->   "%x_addr_7 = getelementptr i32 %x, i64 0, i64 %tmp_20_cast"   --->   Operation 75 'getelementptr' 'x_addr_7' <Predicate = true> <Delay = 0.00>
ST_4 : Operation 76 [1/2] ( I:3.25ns O:3.25ns )   --->   "%x_load_4 = load i8 %x_addr_4"   --->   Operation 76 'load' 'x_load_4' <Predicate = true> <Delay = 3.25> <CoreInst = "RAM">   --->   Core 81 'RAM' <Latency = 1> <II = 1> <Delay = 3.25> <Storage> <Opcode : 'load' 'store'> <Ports = 2> <Width = 32> <Depth = 256> <RAM>
ST_4 : Operation 77 [1/2] ( I:3.25ns O:3.25ns )   --->   "%x_load_5 = load i8 %x_addr_5"   --->   Operation 77 'load' 'x_load_5' <Predicate = true> <Delay = 3.25> <CoreInst = "RAM">   --->   Core 81 'RAM' <Latency = 1> <II = 1> <Delay = 3.25> <Storage> <Opcode : 'load' 'store'> <Ports = 2> <Width = 32> <Depth = 256> <RAM>
ST_4 : Operation 78 [2/2] (3.25ns)   --->   "%x_load_6 = load i8 %x_addr_6"   --->   Operation 78 'load' 'x_load_6' <Predicate = true> <Delay = 3.25> <CoreInst = "RAM">   --->   Core 81 'RAM' <Latency = 1> <II = 1> <Delay = 3.25> <Storage> <Opcode : 'load' 'store'> <Ports = 2> <Width = 32> <Depth = 256> <RAM>
ST_4 : Operation 79 [2/2] (3.25ns)   --->   "%x_load_7 = load i8 %x_addr_7"   --->   Operation 79 'load' 'x_load_7' <Predicate = true> <Delay = 3.25> <CoreInst = "RAM">   --->   Core 81 'RAM' <Latency = 1> <II = 1> <Delay = 3.25> <Storage> <Opcode : 'load' 'store'> <Ports = 2> <Width = 32> <Depth = 256> <RAM>
ST_4 : Operation 80 [1/2] ( I:3.25ns O:3.25ns )   --->   "%h_load_4 = load i5 %h_addr_4"   --->   Operation 80 'load' 'h_load_4' <Predicate = true> <Delay = 3.25> <CoreInst = "RAM">   --->   Core 81 'RAM' <Latency = 1> <II = 1> <Delay = 3.25> <Storage> <Opcode : 'load' 'store'> <Ports = 2> <Width = 32> <Depth = 32> <RAM>
ST_4 : Operation 81 [1/2] ( I:3.25ns O:3.25ns )   --->   "%h_load_5 = load i5 %h_addr_5"   --->   Operation 81 'load' 'h_load_5' <Predicate = true> <Delay = 3.25> <CoreInst = "RAM">   --->   Core 81 'RAM' <Latency = 1> <II = 1> <Delay = 3.25> <Storage> <Opcode : 'load' 'store'> <Ports = 2> <Width = 32> <Depth = 32> <RAM>
ST_4 : Operation 82 [1/1] (0.00ns)   --->   "%h_addr_6 = getelementptr i32 %h, i64 0, i64 6"   --->   Operation 82 'getelementptr' 'h_addr_6' <Predicate = true> <Delay = 0.00>
ST_4 : Operation 83 [2/2] (3.25ns)   --->   "%h_load_6 = load i5 %h_addr_6"   --->   Operation 83 'load' 'h_load_6' <Predicate = true> <Delay = 3.25> <CoreInst = "RAM">   --->   Core 81 'RAM' <Latency = 1> <II = 1> <Delay = 3.25> <Storage> <Opcode : 'load' 'store'> <Ports = 2> <Width = 32> <Depth = 32> <RAM>
ST_4 : Operation 84 [1/1] (0.00ns)   --->   "%h_addr_7 = getelementptr i32 %h, i64 0, i64 7"   --->   Operation 84 'getelementptr' 'h_addr_7' <Predicate = true> <Delay = 0.00>
ST_4 : Operation 85 [2/2] (3.25ns)   --->   "%h_load_7 = load i5 %h_addr_7"   --->   Operation 85 'load' 'h_load_7' <Predicate = true> <Delay = 3.25> <CoreInst = "RAM">   --->   Core 81 'RAM' <Latency = 1> <II = 1> <Delay = 3.25> <Storage> <Opcode : 'load' 'store'> <Ports = 2> <Width = 32> <Depth = 32> <RAM>

State 5 <SV = 4> <Delay = 3.25>
ST_5 : Operation 86 [1/1] (0.00ns)   --->   "%tmp_21 = bitconcatenate i8 @_ssdm_op_BitConcatenate.i8.i3.i5, i3 %x1_read, i5 8"   --->   Operation 86 'bitconcatenate' 'tmp_21' <Predicate = true> <Delay = 0.00>
ST_5 : Operation 87 [1/1] (0.00ns)   --->   "%tmp_21_cast = zext i8 %tmp_21"   --->   Operation 87 'zext' 'tmp_21_cast' <Predicate = true> <Delay = 0.00>
ST_5 : Operation 88 [1/1] (0.00ns)   --->   "%x_addr_8 = getelementptr i32 %x, i64 0, i64 %tmp_21_cast"   --->   Operation 88 'getelementptr' 'x_addr_8' <Predicate = true> <Delay = 0.00>
ST_5 : Operation 89 [1/1] (0.00ns)   --->   "%tmp_22 = bitconcatenate i8 @_ssdm_op_BitConcatenate.i8.i3.i5, i3 %x1_read, i5 9"   --->   Operation 89 'bitconcatenate' 'tmp_22' <Predicate = true> <Delay = 0.00>
ST_5 : Operation 90 [1/1] (0.00ns)   --->   "%tmp_22_cast = zext i8 %tmp_22"   --->   Operation 90 'zext' 'tmp_22_cast' <Predicate = true> <Delay = 0.00>
ST_5 : Operation 91 [1/1] (0.00ns)   --->   "%x_addr_9 = getelementptr i32 %x, i64 0, i64 %tmp_22_cast"   --->   Operation 91 'getelementptr' 'x_addr_9' <Predicate = true> <Delay = 0.00>
ST_5 : Operation 92 [1/2] ( I:3.25ns O:3.25ns )   --->   "%x_load_6 = load i8 %x_addr_6"   --->   Operation 92 'load' 'x_load_6' <Predicate = true> <Delay = 3.25> <CoreInst = "RAM">   --->   Core 81 'RAM' <Latency = 1> <II = 1> <Delay = 3.25> <Storage> <Opcode : 'load' 'store'> <Ports = 2> <Width = 32> <Depth = 256> <RAM>
ST_5 : Operation 93 [1/2] ( I:3.25ns O:3.25ns )   --->   "%x_load_7 = load i8 %x_addr_7"   --->   Operation 93 'load' 'x_load_7' <Predicate = true> <Delay = 3.25> <CoreInst = "RAM">   --->   Core 81 'RAM' <Latency = 1> <II = 1> <Delay = 3.25> <Storage> <Opcode : 'load' 'store'> <Ports = 2> <Width = 32> <Depth = 256> <RAM>
ST_5 : Operation 94 [2/2] (3.25ns)   --->   "%x_load_8 = load i8 %x_addr_8"   --->   Operation 94 'load' 'x_load_8' <Predicate = true> <Delay = 3.25> <CoreInst = "RAM">   --->   Core 81 'RAM' <Latency = 1> <II = 1> <Delay = 3.25> <Storage> <Opcode : 'load' 'store'> <Ports = 2> <Width = 32> <Depth = 256> <RAM>
ST_5 : Operation 95 [2/2] (3.25ns)   --->   "%x_load_9 = load i8 %x_addr_9"   --->   Operation 95 'load' 'x_load_9' <Predicate = true> <Delay = 3.25> <CoreInst = "RAM">   --->   Core 81 'RAM' <Latency = 1> <II = 1> <Delay = 3.25> <Storage> <Opcode : 'load' 'store'> <Ports = 2> <Width = 32> <Depth = 256> <RAM>
ST_5 : Operation 96 [1/2] ( I:3.25ns O:3.25ns )   --->   "%h_load_6 = load i5 %h_addr_6"   --->   Operation 96 'load' 'h_load_6' <Predicate = true> <Delay = 3.25> <CoreInst = "RAM">   --->   Core 81 'RAM' <Latency = 1> <II = 1> <Delay = 3.25> <Storage> <Opcode : 'load' 'store'> <Ports = 2> <Width = 32> <Depth = 32> <RAM>
ST_5 : Operation 97 [1/2] ( I:3.25ns O:3.25ns )   --->   "%h_load_7 = load i5 %h_addr_7"   --->   Operation 97 'load' 'h_load_7' <Predicate = true> <Delay = 3.25> <CoreInst = "RAM">   --->   Core 81 'RAM' <Latency = 1> <II = 1> <Delay = 3.25> <Storage> <Opcode : 'load' 'store'> <Ports = 2> <Width = 32> <Depth = 32> <RAM>
ST_5 : Operation 98 [1/1] (0.00ns)   --->   "%h_addr_8 = getelementptr i32 %h, i64 0, i64 8"   --->   Operation 98 'getelementptr' 'h_addr_8' <Predicate = true> <Delay = 0.00>
ST_5 : Operation 99 [2/2] (3.25ns)   --->   "%h_load_8 = load i5 %h_addr_8"   --->   Operation 99 'load' 'h_load_8' <Predicate = true> <Delay = 3.25> <CoreInst = "RAM">   --->   Core 81 'RAM' <Latency = 1> <II = 1> <Delay = 3.25> <Storage> <Opcode : 'load' 'store'> <Ports = 2> <Width = 32> <Depth = 32> <RAM>
ST_5 : Operation 100 [1/1] (0.00ns)   --->   "%h_addr_9 = getelementptr i32 %h, i64 0, i64 9"   --->   Operation 100 'getelementptr' 'h_addr_9' <Predicate = true> <Delay = 0.00>
ST_5 : Operation 101 [2/2] (3.25ns)   --->   "%h_load_9 = load i5 %h_addr_9"   --->   Operation 101 'load' 'h_load_9' <Predicate = true> <Delay = 3.25> <CoreInst = "RAM">   --->   Core 81 'RAM' <Latency = 1> <II = 1> <Delay = 3.25> <Storage> <Opcode : 'load' 'store'> <Ports = 2> <Width = 32> <Depth = 32> <RAM>

State 6 <SV = 5> <Delay = 3.25>
ST_6 : Operation 102 [1/1] (0.00ns)   --->   "%tmp_23 = bitconcatenate i8 @_ssdm_op_BitConcatenate.i8.i3.i5, i3 %x1_read, i5 10"   --->   Operation 102 'bitconcatenate' 'tmp_23' <Predicate = true> <Delay = 0.00>
ST_6 : Operation 103 [1/1] (0.00ns)   --->   "%tmp_23_cast = zext i8 %tmp_23"   --->   Operation 103 'zext' 'tmp_23_cast' <Predicate = true> <Delay = 0.00>
ST_6 : Operation 104 [1/1] (0.00ns)   --->   "%x_addr_10 = getelementptr i32 %x, i64 0, i64 %tmp_23_cast"   --->   Operation 104 'getelementptr' 'x_addr_10' <Predicate = true> <Delay = 0.00>
ST_6 : Operation 105 [1/1] (0.00ns)   --->   "%tmp_24 = bitconcatenate i8 @_ssdm_op_BitConcatenate.i8.i3.i5, i3 %x1_read, i5 11"   --->   Operation 105 'bitconcatenate' 'tmp_24' <Predicate = true> <Delay = 0.00>
ST_6 : Operation 106 [1/1] (0.00ns)   --->   "%tmp_24_cast = zext i8 %tmp_24"   --->   Operation 106 'zext' 'tmp_24_cast' <Predicate = true> <Delay = 0.00>
ST_6 : Operation 107 [1/1] (0.00ns)   --->   "%x_addr_11 = getelementptr i32 %x, i64 0, i64 %tmp_24_cast"   --->   Operation 107 'getelementptr' 'x_addr_11' <Predicate = true> <Delay = 0.00>
ST_6 : Operation 108 [1/2] ( I:3.25ns O:3.25ns )   --->   "%x_load_8 = load i8 %x_addr_8"   --->   Operation 108 'load' 'x_load_8' <Predicate = true> <Delay = 3.25> <CoreInst = "RAM">   --->   Core 81 'RAM' <Latency = 1> <II = 1> <Delay = 3.25> <Storage> <Opcode : 'load' 'store'> <Ports = 2> <Width = 32> <Depth = 256> <RAM>
ST_6 : Operation 109 [1/2] ( I:3.25ns O:3.25ns )   --->   "%x_load_9 = load i8 %x_addr_9"   --->   Operation 109 'load' 'x_load_9' <Predicate = true> <Delay = 3.25> <CoreInst = "RAM">   --->   Core 81 'RAM' <Latency = 1> <II = 1> <Delay = 3.25> <Storage> <Opcode : 'load' 'store'> <Ports = 2> <Width = 32> <Depth = 256> <RAM>
ST_6 : Operation 110 [2/2] (3.25ns)   --->   "%x_load_10 = load i8 %x_addr_10"   --->   Operation 110 'load' 'x_load_10' <Predicate = true> <Delay = 3.25> <CoreInst = "RAM">   --->   Core 81 'RAM' <Latency = 1> <II = 1> <Delay = 3.25> <Storage> <Opcode : 'load' 'store'> <Ports = 2> <Width = 32> <Depth = 256> <RAM>
ST_6 : Operation 111 [2/2] (3.25ns)   --->   "%x_load_11 = load i8 %x_addr_11"   --->   Operation 111 'load' 'x_load_11' <Predicate = true> <Delay = 3.25> <CoreInst = "RAM">   --->   Core 81 'RAM' <Latency = 1> <II = 1> <Delay = 3.25> <Storage> <Opcode : 'load' 'store'> <Ports = 2> <Width = 32> <Depth = 256> <RAM>
ST_6 : Operation 112 [1/2] ( I:3.25ns O:3.25ns )   --->   "%h_load_8 = load i5 %h_addr_8"   --->   Operation 112 'load' 'h_load_8' <Predicate = true> <Delay = 3.25> <CoreInst = "RAM">   --->   Core 81 'RAM' <Latency = 1> <II = 1> <Delay = 3.25> <Storage> <Opcode : 'load' 'store'> <Ports = 2> <Width = 32> <Depth = 32> <RAM>
ST_6 : Operation 113 [1/2] ( I:3.25ns O:3.25ns )   --->   "%h_load_9 = load i5 %h_addr_9"   --->   Operation 113 'load' 'h_load_9' <Predicate = true> <Delay = 3.25> <CoreInst = "RAM">   --->   Core 81 'RAM' <Latency = 1> <II = 1> <Delay = 3.25> <Storage> <Opcode : 'load' 'store'> <Ports = 2> <Width = 32> <Depth = 32> <RAM>
ST_6 : Operation 114 [1/1] (0.00ns)   --->   "%h_addr_10 = getelementptr i32 %h, i64 0, i64 10"   --->   Operation 114 'getelementptr' 'h_addr_10' <Predicate = true> <Delay = 0.00>
ST_6 : Operation 115 [2/2] (3.25ns)   --->   "%h_load_10 = load i5 %h_addr_10"   --->   Operation 115 'load' 'h_load_10' <Predicate = true> <Delay = 3.25> <CoreInst = "RAM">   --->   Core 81 'RAM' <Latency = 1> <II = 1> <Delay = 3.25> <Storage> <Opcode : 'load' 'store'> <Ports = 2> <Width = 32> <Depth = 32> <RAM>
ST_6 : Operation 116 [1/1] (0.00ns)   --->   "%h_addr_11 = getelementptr i32 %h, i64 0, i64 11"   --->   Operation 116 'getelementptr' 'h_addr_11' <Predicate = true> <Delay = 0.00>
ST_6 : Operation 117 [2/2] (3.25ns)   --->   "%h_load_11 = load i5 %h_addr_11"   --->   Operation 117 'load' 'h_load_11' <Predicate = true> <Delay = 3.25> <CoreInst = "RAM">   --->   Core 81 'RAM' <Latency = 1> <II = 1> <Delay = 3.25> <Storage> <Opcode : 'load' 'store'> <Ports = 2> <Width = 32> <Depth = 32> <RAM>

State 7 <SV = 6> <Delay = 3.25>
ST_7 : Operation 118 [1/1] (0.00ns)   --->   "%tmp_25 = bitconcatenate i8 @_ssdm_op_BitConcatenate.i8.i3.i5, i3 %x1_read, i5 12"   --->   Operation 118 'bitconcatenate' 'tmp_25' <Predicate = true> <Delay = 0.00>
ST_7 : Operation 119 [1/1] (0.00ns)   --->   "%tmp_25_cast = zext i8 %tmp_25"   --->   Operation 119 'zext' 'tmp_25_cast' <Predicate = true> <Delay = 0.00>
ST_7 : Operation 120 [1/1] (0.00ns)   --->   "%x_addr_12 = getelementptr i32 %x, i64 0, i64 %tmp_25_cast"   --->   Operation 120 'getelementptr' 'x_addr_12' <Predicate = true> <Delay = 0.00>
ST_7 : Operation 121 [1/1] (0.00ns)   --->   "%tmp_26 = bitconcatenate i8 @_ssdm_op_BitConcatenate.i8.i3.i5, i3 %x1_read, i5 13"   --->   Operation 121 'bitconcatenate' 'tmp_26' <Predicate = true> <Delay = 0.00>
ST_7 : Operation 122 [1/1] (0.00ns)   --->   "%tmp_26_cast = zext i8 %tmp_26"   --->   Operation 122 'zext' 'tmp_26_cast' <Predicate = true> <Delay = 0.00>
ST_7 : Operation 123 [1/1] (0.00ns)   --->   "%x_addr_13 = getelementptr i32 %x, i64 0, i64 %tmp_26_cast"   --->   Operation 123 'getelementptr' 'x_addr_13' <Predicate = true> <Delay = 0.00>
ST_7 : Operation 124 [1/2] ( I:3.25ns O:3.25ns )   --->   "%x_load_10 = load i8 %x_addr_10"   --->   Operation 124 'load' 'x_load_10' <Predicate = true> <Delay = 3.25> <CoreInst = "RAM">   --->   Core 81 'RAM' <Latency = 1> <II = 1> <Delay = 3.25> <Storage> <Opcode : 'load' 'store'> <Ports = 2> <Width = 32> <Depth = 256> <RAM>
ST_7 : Operation 125 [1/2] ( I:3.25ns O:3.25ns )   --->   "%x_load_11 = load i8 %x_addr_11"   --->   Operation 125 'load' 'x_load_11' <Predicate = true> <Delay = 3.25> <CoreInst = "RAM">   --->   Core 81 'RAM' <Latency = 1> <II = 1> <Delay = 3.25> <Storage> <Opcode : 'load' 'store'> <Ports = 2> <Width = 32> <Depth = 256> <RAM>
ST_7 : Operation 126 [2/2] (3.25ns)   --->   "%x_load_12 = load i8 %x_addr_12"   --->   Operation 126 'load' 'x_load_12' <Predicate = true> <Delay = 3.25> <CoreInst = "RAM">   --->   Core 81 'RAM' <Latency = 1> <II = 1> <Delay = 3.25> <Storage> <Opcode : 'load' 'store'> <Ports = 2> <Width = 32> <Depth = 256> <RAM>
ST_7 : Operation 127 [2/2] (3.25ns)   --->   "%x_load_13 = load i8 %x_addr_13"   --->   Operation 127 'load' 'x_load_13' <Predicate = true> <Delay = 3.25> <CoreInst = "RAM">   --->   Core 81 'RAM' <Latency = 1> <II = 1> <Delay = 3.25> <Storage> <Opcode : 'load' 'store'> <Ports = 2> <Width = 32> <Depth = 256> <RAM>
ST_7 : Operation 128 [1/2] ( I:3.25ns O:3.25ns )   --->   "%h_load_10 = load i5 %h_addr_10"   --->   Operation 128 'load' 'h_load_10' <Predicate = true> <Delay = 3.25> <CoreInst = "RAM">   --->   Core 81 'RAM' <Latency = 1> <II = 1> <Delay = 3.25> <Storage> <Opcode : 'load' 'store'> <Ports = 2> <Width = 32> <Depth = 32> <RAM>
ST_7 : Operation 129 [1/2] ( I:3.25ns O:3.25ns )   --->   "%h_load_11 = load i5 %h_addr_11"   --->   Operation 129 'load' 'h_load_11' <Predicate = true> <Delay = 3.25> <CoreInst = "RAM">   --->   Core 81 'RAM' <Latency = 1> <II = 1> <Delay = 3.25> <Storage> <Opcode : 'load' 'store'> <Ports = 2> <Width = 32> <Depth = 32> <RAM>
ST_7 : Operation 130 [1/1] (0.00ns)   --->   "%h_addr_12 = getelementptr i32 %h, i64 0, i64 12"   --->   Operation 130 'getelementptr' 'h_addr_12' <Predicate = true> <Delay = 0.00>
ST_7 : Operation 131 [2/2] (3.25ns)   --->   "%h_load_12 = load i5 %h_addr_12"   --->   Operation 131 'load' 'h_load_12' <Predicate = true> <Delay = 3.25> <CoreInst = "RAM">   --->   Core 81 'RAM' <Latency = 1> <II = 1> <Delay = 3.25> <Storage> <Opcode : 'load' 'store'> <Ports = 2> <Width = 32> <Depth = 32> <RAM>
ST_7 : Operation 132 [1/1] (0.00ns)   --->   "%h_addr_13 = getelementptr i32 %h, i64 0, i64 13"   --->   Operation 132 'getelementptr' 'h_addr_13' <Predicate = true> <Delay = 0.00>
ST_7 : Operation 133 [2/2] (3.25ns)   --->   "%h_load_13 = load i5 %h_addr_13"   --->   Operation 133 'load' 'h_load_13' <Predicate = true> <Delay = 3.25> <CoreInst = "RAM">   --->   Core 81 'RAM' <Latency = 1> <II = 1> <Delay = 3.25> <Storage> <Opcode : 'load' 'store'> <Ports = 2> <Width = 32> <Depth = 32> <RAM>

State 8 <SV = 7> <Delay = 3.25>
ST_8 : Operation 134 [1/1] (0.00ns)   --->   "%tmp_27 = bitconcatenate i8 @_ssdm_op_BitConcatenate.i8.i3.i5, i3 %x1_read, i5 14"   --->   Operation 134 'bitconcatenate' 'tmp_27' <Predicate = true> <Delay = 0.00>
ST_8 : Operation 135 [1/1] (0.00ns)   --->   "%tmp_27_cast = zext i8 %tmp_27"   --->   Operation 135 'zext' 'tmp_27_cast' <Predicate = true> <Delay = 0.00>
ST_8 : Operation 136 [1/1] (0.00ns)   --->   "%x_addr_14 = getelementptr i32 %x, i64 0, i64 %tmp_27_cast"   --->   Operation 136 'getelementptr' 'x_addr_14' <Predicate = true> <Delay = 0.00>
ST_8 : Operation 137 [1/1] (0.00ns)   --->   "%tmp_28 = bitconcatenate i8 @_ssdm_op_BitConcatenate.i8.i3.i5, i3 %x1_read, i5 15"   --->   Operation 137 'bitconcatenate' 'tmp_28' <Predicate = true> <Delay = 0.00>
ST_8 : Operation 138 [1/1] (0.00ns)   --->   "%tmp_28_cast = zext i8 %tmp_28"   --->   Operation 138 'zext' 'tmp_28_cast' <Predicate = true> <Delay = 0.00>
ST_8 : Operation 139 [1/1] (0.00ns)   --->   "%x_addr_15 = getelementptr i32 %x, i64 0, i64 %tmp_28_cast"   --->   Operation 139 'getelementptr' 'x_addr_15' <Predicate = true> <Delay = 0.00>
ST_8 : Operation 140 [1/2] ( I:3.25ns O:3.25ns )   --->   "%x_load_12 = load i8 %x_addr_12"   --->   Operation 140 'load' 'x_load_12' <Predicate = true> <Delay = 3.25> <CoreInst = "RAM">   --->   Core 81 'RAM' <Latency = 1> <II = 1> <Delay = 3.25> <Storage> <Opcode : 'load' 'store'> <Ports = 2> <Width = 32> <Depth = 256> <RAM>
ST_8 : Operation 141 [1/2] ( I:3.25ns O:3.25ns )   --->   "%x_load_13 = load i8 %x_addr_13"   --->   Operation 141 'load' 'x_load_13' <Predicate = true> <Delay = 3.25> <CoreInst = "RAM">   --->   Core 81 'RAM' <Latency = 1> <II = 1> <Delay = 3.25> <Storage> <Opcode : 'load' 'store'> <Ports = 2> <Width = 32> <Depth = 256> <RAM>
ST_8 : Operation 142 [2/2] (3.25ns)   --->   "%x_load_14 = load i8 %x_addr_14"   --->   Operation 142 'load' 'x_load_14' <Predicate = true> <Delay = 3.25> <CoreInst = "RAM">   --->   Core 81 'RAM' <Latency = 1> <II = 1> <Delay = 3.25> <Storage> <Opcode : 'load' 'store'> <Ports = 2> <Width = 32> <Depth = 256> <RAM>
ST_8 : Operation 143 [2/2] (3.25ns)   --->   "%x_load_15 = load i8 %x_addr_15"   --->   Operation 143 'load' 'x_load_15' <Predicate = true> <Delay = 3.25> <CoreInst = "RAM">   --->   Core 81 'RAM' <Latency = 1> <II = 1> <Delay = 3.25> <Storage> <Opcode : 'load' 'store'> <Ports = 2> <Width = 32> <Depth = 256> <RAM>
ST_8 : Operation 144 [1/2] ( I:3.25ns O:3.25ns )   --->   "%h_load_12 = load i5 %h_addr_12"   --->   Operation 144 'load' 'h_load_12' <Predicate = true> <Delay = 3.25> <CoreInst = "RAM">   --->   Core 81 'RAM' <Latency = 1> <II = 1> <Delay = 3.25> <Storage> <Opcode : 'load' 'store'> <Ports = 2> <Width = 32> <Depth = 32> <RAM>
ST_8 : Operation 145 [1/2] ( I:3.25ns O:3.25ns )   --->   "%h_load_13 = load i5 %h_addr_13"   --->   Operation 145 'load' 'h_load_13' <Predicate = true> <Delay = 3.25> <CoreInst = "RAM">   --->   Core 81 'RAM' <Latency = 1> <II = 1> <Delay = 3.25> <Storage> <Opcode : 'load' 'store'> <Ports = 2> <Width = 32> <Depth = 32> <RAM>
ST_8 : Operation 146 [1/1] (0.00ns)   --->   "%h_addr_14 = getelementptr i32 %h, i64 0, i64 14"   --->   Operation 146 'getelementptr' 'h_addr_14' <Predicate = true> <Delay = 0.00>
ST_8 : Operation 147 [2/2] (3.25ns)   --->   "%h_load_14 = load i5 %h_addr_14"   --->   Operation 147 'load' 'h_load_14' <Predicate = true> <Delay = 3.25> <CoreInst = "RAM">   --->   Core 81 'RAM' <Latency = 1> <II = 1> <Delay = 3.25> <Storage> <Opcode : 'load' 'store'> <Ports = 2> <Width = 32> <Depth = 32> <RAM>
ST_8 : Operation 148 [1/1] (0.00ns)   --->   "%h_addr_15 = getelementptr i32 %h, i64 0, i64 15"   --->   Operation 148 'getelementptr' 'h_addr_15' <Predicate = true> <Delay = 0.00>
ST_8 : Operation 149 [2/2] (3.25ns)   --->   "%h_load_15 = load i5 %h_addr_15"   --->   Operation 149 'load' 'h_load_15' <Predicate = true> <Delay = 3.25> <CoreInst = "RAM">   --->   Core 81 'RAM' <Latency = 1> <II = 1> <Delay = 3.25> <Storage> <Opcode : 'load' 'store'> <Ports = 2> <Width = 32> <Depth = 32> <RAM>

State 9 <SV = 8> <Delay = 3.25>
ST_9 : Operation 150 [1/1] (0.00ns)   --->   "%tmp_29 = bitconcatenate i8 @_ssdm_op_BitConcatenate.i8.i3.i5, i3 %x1_read, i5 16"   --->   Operation 150 'bitconcatenate' 'tmp_29' <Predicate = true> <Delay = 0.00>
ST_9 : Operation 151 [1/1] (0.00ns)   --->   "%tmp_29_cast = zext i8 %tmp_29"   --->   Operation 151 'zext' 'tmp_29_cast' <Predicate = true> <Delay = 0.00>
ST_9 : Operation 152 [1/1] (0.00ns)   --->   "%x_addr_16 = getelementptr i32 %x, i64 0, i64 %tmp_29_cast"   --->   Operation 152 'getelementptr' 'x_addr_16' <Predicate = true> <Delay = 0.00>
ST_9 : Operation 153 [1/1] (0.00ns)   --->   "%tmp_30 = bitconcatenate i8 @_ssdm_op_BitConcatenate.i8.i3.i5, i3 %x1_read, i5 17"   --->   Operation 153 'bitconcatenate' 'tmp_30' <Predicate = true> <Delay = 0.00>
ST_9 : Operation 154 [1/1] (0.00ns)   --->   "%tmp_30_cast = zext i8 %tmp_30"   --->   Operation 154 'zext' 'tmp_30_cast' <Predicate = true> <Delay = 0.00>
ST_9 : Operation 155 [1/1] (0.00ns)   --->   "%x_addr_17 = getelementptr i32 %x, i64 0, i64 %tmp_30_cast"   --->   Operation 155 'getelementptr' 'x_addr_17' <Predicate = true> <Delay = 0.00>
ST_9 : Operation 156 [1/2] ( I:3.25ns O:3.25ns )   --->   "%x_load_14 = load i8 %x_addr_14"   --->   Operation 156 'load' 'x_load_14' <Predicate = true> <Delay = 3.25> <CoreInst = "RAM">   --->   Core 81 'RAM' <Latency = 1> <II = 1> <Delay = 3.25> <Storage> <Opcode : 'load' 'store'> <Ports = 2> <Width = 32> <Depth = 256> <RAM>
ST_9 : Operation 157 [1/2] ( I:3.25ns O:3.25ns )   --->   "%x_load_15 = load i8 %x_addr_15"   --->   Operation 157 'load' 'x_load_15' <Predicate = true> <Delay = 3.25> <CoreInst = "RAM">   --->   Core 81 'RAM' <Latency = 1> <II = 1> <Delay = 3.25> <Storage> <Opcode : 'load' 'store'> <Ports = 2> <Width = 32> <Depth = 256> <RAM>
ST_9 : Operation 158 [2/2] (3.25ns)   --->   "%x_load_16 = load i8 %x_addr_16"   --->   Operation 158 'load' 'x_load_16' <Predicate = true> <Delay = 3.25> <CoreInst = "RAM">   --->   Core 81 'RAM' <Latency = 1> <II = 1> <Delay = 3.25> <Storage> <Opcode : 'load' 'store'> <Ports = 2> <Width = 32> <Depth = 256> <RAM>
ST_9 : Operation 159 [2/2] (3.25ns)   --->   "%x_load_17 = load i8 %x_addr_17"   --->   Operation 159 'load' 'x_load_17' <Predicate = true> <Delay = 3.25> <CoreInst = "RAM">   --->   Core 81 'RAM' <Latency = 1> <II = 1> <Delay = 3.25> <Storage> <Opcode : 'load' 'store'> <Ports = 2> <Width = 32> <Depth = 256> <RAM>
ST_9 : Operation 160 [1/2] ( I:3.25ns O:3.25ns )   --->   "%h_load_14 = load i5 %h_addr_14"   --->   Operation 160 'load' 'h_load_14' <Predicate = true> <Delay = 3.25> <CoreInst = "RAM">   --->   Core 81 'RAM' <Latency = 1> <II = 1> <Delay = 3.25> <Storage> <Opcode : 'load' 'store'> <Ports = 2> <Width = 32> <Depth = 32> <RAM>
ST_9 : Operation 161 [1/2] ( I:3.25ns O:3.25ns )   --->   "%h_load_15 = load i5 %h_addr_15"   --->   Operation 161 'load' 'h_load_15' <Predicate = true> <Delay = 3.25> <CoreInst = "RAM">   --->   Core 81 'RAM' <Latency = 1> <II = 1> <Delay = 3.25> <Storage> <Opcode : 'load' 'store'> <Ports = 2> <Width = 32> <Depth = 32> <RAM>
ST_9 : Operation 162 [1/1] (0.00ns)   --->   "%h_addr_16 = getelementptr i32 %h, i64 0, i64 16"   --->   Operation 162 'getelementptr' 'h_addr_16' <Predicate = true> <Delay = 0.00>
ST_9 : Operation 163 [2/2] (3.25ns)   --->   "%h_load_16 = load i5 %h_addr_16"   --->   Operation 163 'load' 'h_load_16' <Predicate = true> <Delay = 3.25> <CoreInst = "RAM">   --->   Core 81 'RAM' <Latency = 1> <II = 1> <Delay = 3.25> <Storage> <Opcode : 'load' 'store'> <Ports = 2> <Width = 32> <Depth = 32> <RAM>
ST_9 : Operation 164 [1/1] (0.00ns)   --->   "%h_addr_17 = getelementptr i32 %h, i64 0, i64 17"   --->   Operation 164 'getelementptr' 'h_addr_17' <Predicate = true> <Delay = 0.00>
ST_9 : Operation 165 [2/2] (3.25ns)   --->   "%h_load_17 = load i5 %h_addr_17"   --->   Operation 165 'load' 'h_load_17' <Predicate = true> <Delay = 3.25> <CoreInst = "RAM">   --->   Core 81 'RAM' <Latency = 1> <II = 1> <Delay = 3.25> <Storage> <Opcode : 'load' 'store'> <Ports = 2> <Width = 32> <Depth = 32> <RAM>

State 10 <SV = 9> <Delay = 3.25>
ST_10 : Operation 166 [1/1] (0.00ns)   --->   "%tmp_31 = bitconcatenate i8 @_ssdm_op_BitConcatenate.i8.i3.i5, i3 %x1_read, i5 18"   --->   Operation 166 'bitconcatenate' 'tmp_31' <Predicate = true> <Delay = 0.00>
ST_10 : Operation 167 [1/1] (0.00ns)   --->   "%tmp_31_cast = zext i8 %tmp_31"   --->   Operation 167 'zext' 'tmp_31_cast' <Predicate = true> <Delay = 0.00>
ST_10 : Operation 168 [1/1] (0.00ns)   --->   "%x_addr_18 = getelementptr i32 %x, i64 0, i64 %tmp_31_cast"   --->   Operation 168 'getelementptr' 'x_addr_18' <Predicate = true> <Delay = 0.00>
ST_10 : Operation 169 [1/1] (0.00ns)   --->   "%tmp_32 = bitconcatenate i8 @_ssdm_op_BitConcatenate.i8.i3.i5, i3 %x1_read, i5 19"   --->   Operation 169 'bitconcatenate' 'tmp_32' <Predicate = true> <Delay = 0.00>
ST_10 : Operation 170 [1/1] (0.00ns)   --->   "%tmp_32_cast = zext i8 %tmp_32"   --->   Operation 170 'zext' 'tmp_32_cast' <Predicate = true> <Delay = 0.00>
ST_10 : Operation 171 [1/1] (0.00ns)   --->   "%x_addr_19 = getelementptr i32 %x, i64 0, i64 %tmp_32_cast"   --->   Operation 171 'getelementptr' 'x_addr_19' <Predicate = true> <Delay = 0.00>
ST_10 : Operation 172 [1/2] ( I:3.25ns O:3.25ns )   --->   "%x_load_16 = load i8 %x_addr_16"   --->   Operation 172 'load' 'x_load_16' <Predicate = true> <Delay = 3.25> <CoreInst = "RAM">   --->   Core 81 'RAM' <Latency = 1> <II = 1> <Delay = 3.25> <Storage> <Opcode : 'load' 'store'> <Ports = 2> <Width = 32> <Depth = 256> <RAM>
ST_10 : Operation 173 [1/2] ( I:3.25ns O:3.25ns )   --->   "%x_load_17 = load i8 %x_addr_17"   --->   Operation 173 'load' 'x_load_17' <Predicate = true> <Delay = 3.25> <CoreInst = "RAM">   --->   Core 81 'RAM' <Latency = 1> <II = 1> <Delay = 3.25> <Storage> <Opcode : 'load' 'store'> <Ports = 2> <Width = 32> <Depth = 256> <RAM>
ST_10 : Operation 174 [2/2] (3.25ns)   --->   "%x_load_18 = load i8 %x_addr_18"   --->   Operation 174 'load' 'x_load_18' <Predicate = true> <Delay = 3.25> <CoreInst = "RAM">   --->   Core 81 'RAM' <Latency = 1> <II = 1> <Delay = 3.25> <Storage> <Opcode : 'load' 'store'> <Ports = 2> <Width = 32> <Depth = 256> <RAM>
ST_10 : Operation 175 [2/2] (3.25ns)   --->   "%x_load_19 = load i8 %x_addr_19"   --->   Operation 175 'load' 'x_load_19' <Predicate = true> <Delay = 3.25> <CoreInst = "RAM">   --->   Core 81 'RAM' <Latency = 1> <II = 1> <Delay = 3.25> <Storage> <Opcode : 'load' 'store'> <Ports = 2> <Width = 32> <Depth = 256> <RAM>
ST_10 : Operation 176 [1/2] ( I:3.25ns O:3.25ns )   --->   "%h_load_16 = load i5 %h_addr_16"   --->   Operation 176 'load' 'h_load_16' <Predicate = true> <Delay = 3.25> <CoreInst = "RAM">   --->   Core 81 'RAM' <Latency = 1> <II = 1> <Delay = 3.25> <Storage> <Opcode : 'load' 'store'> <Ports = 2> <Width = 32> <Depth = 32> <RAM>
ST_10 : Operation 177 [1/2] ( I:3.25ns O:3.25ns )   --->   "%h_load_17 = load i5 %h_addr_17"   --->   Operation 177 'load' 'h_load_17' <Predicate = true> <Delay = 3.25> <CoreInst = "RAM">   --->   Core 81 'RAM' <Latency = 1> <II = 1> <Delay = 3.25> <Storage> <Opcode : 'load' 'store'> <Ports = 2> <Width = 32> <Depth = 32> <RAM>
ST_10 : Operation 178 [1/1] (0.00ns)   --->   "%h_addr_18 = getelementptr i32 %h, i64 0, i64 18"   --->   Operation 178 'getelementptr' 'h_addr_18' <Predicate = true> <Delay = 0.00>
ST_10 : Operation 179 [2/2] (3.25ns)   --->   "%h_load_18 = load i5 %h_addr_18"   --->   Operation 179 'load' 'h_load_18' <Predicate = true> <Delay = 3.25> <CoreInst = "RAM">   --->   Core 81 'RAM' <Latency = 1> <II = 1> <Delay = 3.25> <Storage> <Opcode : 'load' 'store'> <Ports = 2> <Width = 32> <Depth = 32> <RAM>
ST_10 : Operation 180 [1/1] (0.00ns)   --->   "%h_addr_19 = getelementptr i32 %h, i64 0, i64 19"   --->   Operation 180 'getelementptr' 'h_addr_19' <Predicate = true> <Delay = 0.00>
ST_10 : Operation 181 [2/2] (3.25ns)   --->   "%h_load_19 = load i5 %h_addr_19"   --->   Operation 181 'load' 'h_load_19' <Predicate = true> <Delay = 3.25> <CoreInst = "RAM">   --->   Core 81 'RAM' <Latency = 1> <II = 1> <Delay = 3.25> <Storage> <Opcode : 'load' 'store'> <Ports = 2> <Width = 32> <Depth = 32> <RAM>

State 11 <SV = 10> <Delay = 3.25>
ST_11 : Operation 182 [1/1] (0.00ns)   --->   "%tmp_33 = bitconcatenate i8 @_ssdm_op_BitConcatenate.i8.i3.i5, i3 %x1_read, i5 20"   --->   Operation 182 'bitconcatenate' 'tmp_33' <Predicate = true> <Delay = 0.00>
ST_11 : Operation 183 [1/1] (0.00ns)   --->   "%tmp_33_cast = zext i8 %tmp_33"   --->   Operation 183 'zext' 'tmp_33_cast' <Predicate = true> <Delay = 0.00>
ST_11 : Operation 184 [1/1] (0.00ns)   --->   "%x_addr_20 = getelementptr i32 %x, i64 0, i64 %tmp_33_cast"   --->   Operation 184 'getelementptr' 'x_addr_20' <Predicate = true> <Delay = 0.00>
ST_11 : Operation 185 [1/1] (0.00ns)   --->   "%tmp_34 = bitconcatenate i8 @_ssdm_op_BitConcatenate.i8.i3.i5, i3 %x1_read, i5 21"   --->   Operation 185 'bitconcatenate' 'tmp_34' <Predicate = true> <Delay = 0.00>
ST_11 : Operation 186 [1/1] (0.00ns)   --->   "%tmp_34_cast = zext i8 %tmp_34"   --->   Operation 186 'zext' 'tmp_34_cast' <Predicate = true> <Delay = 0.00>
ST_11 : Operation 187 [1/1] (0.00ns)   --->   "%x_addr_21 = getelementptr i32 %x, i64 0, i64 %tmp_34_cast"   --->   Operation 187 'getelementptr' 'x_addr_21' <Predicate = true> <Delay = 0.00>
ST_11 : Operation 188 [1/2] ( I:3.25ns O:3.25ns )   --->   "%x_load_18 = load i8 %x_addr_18"   --->   Operation 188 'load' 'x_load_18' <Predicate = true> <Delay = 3.25> <CoreInst = "RAM">   --->   Core 81 'RAM' <Latency = 1> <II = 1> <Delay = 3.25> <Storage> <Opcode : 'load' 'store'> <Ports = 2> <Width = 32> <Depth = 256> <RAM>
ST_11 : Operation 189 [1/2] ( I:3.25ns O:3.25ns )   --->   "%x_load_19 = load i8 %x_addr_19"   --->   Operation 189 'load' 'x_load_19' <Predicate = true> <Delay = 3.25> <CoreInst = "RAM">   --->   Core 81 'RAM' <Latency = 1> <II = 1> <Delay = 3.25> <Storage> <Opcode : 'load' 'store'> <Ports = 2> <Width = 32> <Depth = 256> <RAM>
ST_11 : Operation 190 [2/2] (3.25ns)   --->   "%x_load_20 = load i8 %x_addr_20"   --->   Operation 190 'load' 'x_load_20' <Predicate = true> <Delay = 3.25> <CoreInst = "RAM">   --->   Core 81 'RAM' <Latency = 1> <II = 1> <Delay = 3.25> <Storage> <Opcode : 'load' 'store'> <Ports = 2> <Width = 32> <Depth = 256> <RAM>
ST_11 : Operation 191 [2/2] (3.25ns)   --->   "%x_load_21 = load i8 %x_addr_21"   --->   Operation 191 'load' 'x_load_21' <Predicate = true> <Delay = 3.25> <CoreInst = "RAM">   --->   Core 81 'RAM' <Latency = 1> <II = 1> <Delay = 3.25> <Storage> <Opcode : 'load' 'store'> <Ports = 2> <Width = 32> <Depth = 256> <RAM>
ST_11 : Operation 192 [1/2] ( I:3.25ns O:3.25ns )   --->   "%h_load_18 = load i5 %h_addr_18"   --->   Operation 192 'load' 'h_load_18' <Predicate = true> <Delay = 3.25> <CoreInst = "RAM">   --->   Core 81 'RAM' <Latency = 1> <II = 1> <Delay = 3.25> <Storage> <Opcode : 'load' 'store'> <Ports = 2> <Width = 32> <Depth = 32> <RAM>
ST_11 : Operation 193 [1/2] ( I:3.25ns O:3.25ns )   --->   "%h_load_19 = load i5 %h_addr_19"   --->   Operation 193 'load' 'h_load_19' <Predicate = true> <Delay = 3.25> <CoreInst = "RAM">   --->   Core 81 'RAM' <Latency = 1> <II = 1> <Delay = 3.25> <Storage> <Opcode : 'load' 'store'> <Ports = 2> <Width = 32> <Depth = 32> <RAM>
ST_11 : Operation 194 [1/1] (0.00ns)   --->   "%h_addr_20 = getelementptr i32 %h, i64 0, i64 20"   --->   Operation 194 'getelementptr' 'h_addr_20' <Predicate = true> <Delay = 0.00>
ST_11 : Operation 195 [2/2] (3.25ns)   --->   "%h_load_20 = load i5 %h_addr_20"   --->   Operation 195 'load' 'h_load_20' <Predicate = true> <Delay = 3.25> <CoreInst = "RAM">   --->   Core 81 'RAM' <Latency = 1> <II = 1> <Delay = 3.25> <Storage> <Opcode : 'load' 'store'> <Ports = 2> <Width = 32> <Depth = 32> <RAM>
ST_11 : Operation 196 [1/1] (0.00ns)   --->   "%h_addr_21 = getelementptr i32 %h, i64 0, i64 21"   --->   Operation 196 'getelementptr' 'h_addr_21' <Predicate = true> <Delay = 0.00>
ST_11 : Operation 197 [2/2] (3.25ns)   --->   "%h_load_21 = load i5 %h_addr_21"   --->   Operation 197 'load' 'h_load_21' <Predicate = true> <Delay = 3.25> <CoreInst = "RAM">   --->   Core 81 'RAM' <Latency = 1> <II = 1> <Delay = 3.25> <Storage> <Opcode : 'load' 'store'> <Ports = 2> <Width = 32> <Depth = 32> <RAM>

State 12 <SV = 11> <Delay = 3.25>
ST_12 : Operation 198 [1/1] (0.00ns)   --->   "%tmp_35 = bitconcatenate i8 @_ssdm_op_BitConcatenate.i8.i3.i5, i3 %x1_read, i5 22"   --->   Operation 198 'bitconcatenate' 'tmp_35' <Predicate = true> <Delay = 0.00>
ST_12 : Operation 199 [1/1] (0.00ns)   --->   "%tmp_35_cast = zext i8 %tmp_35"   --->   Operation 199 'zext' 'tmp_35_cast' <Predicate = true> <Delay = 0.00>
ST_12 : Operation 200 [1/1] (0.00ns)   --->   "%x_addr_22 = getelementptr i32 %x, i64 0, i64 %tmp_35_cast"   --->   Operation 200 'getelementptr' 'x_addr_22' <Predicate = true> <Delay = 0.00>
ST_12 : Operation 201 [1/1] (0.00ns)   --->   "%tmp_36 = bitconcatenate i8 @_ssdm_op_BitConcatenate.i8.i3.i5, i3 %x1_read, i5 23"   --->   Operation 201 'bitconcatenate' 'tmp_36' <Predicate = true> <Delay = 0.00>
ST_12 : Operation 202 [1/1] (0.00ns)   --->   "%tmp_36_cast = zext i8 %tmp_36"   --->   Operation 202 'zext' 'tmp_36_cast' <Predicate = true> <Delay = 0.00>
ST_12 : Operation 203 [1/1] (0.00ns)   --->   "%x_addr_23 = getelementptr i32 %x, i64 0, i64 %tmp_36_cast"   --->   Operation 203 'getelementptr' 'x_addr_23' <Predicate = true> <Delay = 0.00>
ST_12 : Operation 204 [1/2] ( I:3.25ns O:3.25ns )   --->   "%x_load_20 = load i8 %x_addr_20"   --->   Operation 204 'load' 'x_load_20' <Predicate = true> <Delay = 3.25> <CoreInst = "RAM">   --->   Core 81 'RAM' <Latency = 1> <II = 1> <Delay = 3.25> <Storage> <Opcode : 'load' 'store'> <Ports = 2> <Width = 32> <Depth = 256> <RAM>
ST_12 : Operation 205 [1/2] ( I:3.25ns O:3.25ns )   --->   "%x_load_21 = load i8 %x_addr_21"   --->   Operation 205 'load' 'x_load_21' <Predicate = true> <Delay = 3.25> <CoreInst = "RAM">   --->   Core 81 'RAM' <Latency = 1> <II = 1> <Delay = 3.25> <Storage> <Opcode : 'load' 'store'> <Ports = 2> <Width = 32> <Depth = 256> <RAM>
ST_12 : Operation 206 [2/2] (3.25ns)   --->   "%x_load_22 = load i8 %x_addr_22"   --->   Operation 206 'load' 'x_load_22' <Predicate = true> <Delay = 3.25> <CoreInst = "RAM">   --->   Core 81 'RAM' <Latency = 1> <II = 1> <Delay = 3.25> <Storage> <Opcode : 'load' 'store'> <Ports = 2> <Width = 32> <Depth = 256> <RAM>
ST_12 : Operation 207 [2/2] (3.25ns)   --->   "%x_load_23 = load i8 %x_addr_23"   --->   Operation 207 'load' 'x_load_23' <Predicate = true> <Delay = 3.25> <CoreInst = "RAM">   --->   Core 81 'RAM' <Latency = 1> <II = 1> <Delay = 3.25> <Storage> <Opcode : 'load' 'store'> <Ports = 2> <Width = 32> <Depth = 256> <RAM>
ST_12 : Operation 208 [1/2] ( I:3.25ns O:3.25ns )   --->   "%h_load_20 = load i5 %h_addr_20"   --->   Operation 208 'load' 'h_load_20' <Predicate = true> <Delay = 3.25> <CoreInst = "RAM">   --->   Core 81 'RAM' <Latency = 1> <II = 1> <Delay = 3.25> <Storage> <Opcode : 'load' 'store'> <Ports = 2> <Width = 32> <Depth = 32> <RAM>
ST_12 : Operation 209 [1/2] ( I:3.25ns O:3.25ns )   --->   "%h_load_21 = load i5 %h_addr_21"   --->   Operation 209 'load' 'h_load_21' <Predicate = true> <Delay = 3.25> <CoreInst = "RAM">   --->   Core 81 'RAM' <Latency = 1> <II = 1> <Delay = 3.25> <Storage> <Opcode : 'load' 'store'> <Ports = 2> <Width = 32> <Depth = 32> <RAM>
ST_12 : Operation 210 [1/1] (0.00ns)   --->   "%h_addr_22 = getelementptr i32 %h, i64 0, i64 22"   --->   Operation 210 'getelementptr' 'h_addr_22' <Predicate = true> <Delay = 0.00>
ST_12 : Operation 211 [2/2] (3.25ns)   --->   "%h_load_22 = load i5 %h_addr_22"   --->   Operation 211 'load' 'h_load_22' <Predicate = true> <Delay = 3.25> <CoreInst = "RAM">   --->   Core 81 'RAM' <Latency = 1> <II = 1> <Delay = 3.25> <Storage> <Opcode : 'load' 'store'> <Ports = 2> <Width = 32> <Depth = 32> <RAM>
ST_12 : Operation 212 [1/1] (0.00ns)   --->   "%h_addr_23 = getelementptr i32 %h, i64 0, i64 23"   --->   Operation 212 'getelementptr' 'h_addr_23' <Predicate = true> <Delay = 0.00>
ST_12 : Operation 213 [2/2] (3.25ns)   --->   "%h_load_23 = load i5 %h_addr_23"   --->   Operation 213 'load' 'h_load_23' <Predicate = true> <Delay = 3.25> <CoreInst = "RAM">   --->   Core 81 'RAM' <Latency = 1> <II = 1> <Delay = 3.25> <Storage> <Opcode : 'load' 'store'> <Ports = 2> <Width = 32> <Depth = 32> <RAM>

State 13 <SV = 12> <Delay = 3.25>
ST_13 : Operation 214 [1/1] (0.00ns)   --->   "%tmp_37 = bitconcatenate i8 @_ssdm_op_BitConcatenate.i8.i3.i5, i3 %x1_read, i5 24"   --->   Operation 214 'bitconcatenate' 'tmp_37' <Predicate = true> <Delay = 0.00>
ST_13 : Operation 215 [1/1] (0.00ns)   --->   "%tmp_37_cast = zext i8 %tmp_37"   --->   Operation 215 'zext' 'tmp_37_cast' <Predicate = true> <Delay = 0.00>
ST_13 : Operation 216 [1/1] (0.00ns)   --->   "%x_addr_24 = getelementptr i32 %x, i64 0, i64 %tmp_37_cast"   --->   Operation 216 'getelementptr' 'x_addr_24' <Predicate = true> <Delay = 0.00>
ST_13 : Operation 217 [1/1] (0.00ns)   --->   "%tmp_38 = bitconcatenate i8 @_ssdm_op_BitConcatenate.i8.i3.i5, i3 %x1_read, i5 25"   --->   Operation 217 'bitconcatenate' 'tmp_38' <Predicate = true> <Delay = 0.00>
ST_13 : Operation 218 [1/1] (0.00ns)   --->   "%tmp_38_cast = zext i8 %tmp_38"   --->   Operation 218 'zext' 'tmp_38_cast' <Predicate = true> <Delay = 0.00>
ST_13 : Operation 219 [1/1] (0.00ns)   --->   "%x_addr_25 = getelementptr i32 %x, i64 0, i64 %tmp_38_cast"   --->   Operation 219 'getelementptr' 'x_addr_25' <Predicate = true> <Delay = 0.00>
ST_13 : Operation 220 [1/2] ( I:3.25ns O:3.25ns )   --->   "%x_load_22 = load i8 %x_addr_22"   --->   Operation 220 'load' 'x_load_22' <Predicate = true> <Delay = 3.25> <CoreInst = "RAM">   --->   Core 81 'RAM' <Latency = 1> <II = 1> <Delay = 3.25> <Storage> <Opcode : 'load' 'store'> <Ports = 2> <Width = 32> <Depth = 256> <RAM>
ST_13 : Operation 221 [1/2] ( I:3.25ns O:3.25ns )   --->   "%x_load_23 = load i8 %x_addr_23"   --->   Operation 221 'load' 'x_load_23' <Predicate = true> <Delay = 3.25> <CoreInst = "RAM">   --->   Core 81 'RAM' <Latency = 1> <II = 1> <Delay = 3.25> <Storage> <Opcode : 'load' 'store'> <Ports = 2> <Width = 32> <Depth = 256> <RAM>
ST_13 : Operation 222 [2/2] (3.25ns)   --->   "%x_load_24 = load i8 %x_addr_24"   --->   Operation 222 'load' 'x_load_24' <Predicate = true> <Delay = 3.25> <CoreInst = "RAM">   --->   Core 81 'RAM' <Latency = 1> <II = 1> <Delay = 3.25> <Storage> <Opcode : 'load' 'store'> <Ports = 2> <Width = 32> <Depth = 256> <RAM>
ST_13 : Operation 223 [2/2] (3.25ns)   --->   "%x_load_25 = load i8 %x_addr_25"   --->   Operation 223 'load' 'x_load_25' <Predicate = true> <Delay = 3.25> <CoreInst = "RAM">   --->   Core 81 'RAM' <Latency = 1> <II = 1> <Delay = 3.25> <Storage> <Opcode : 'load' 'store'> <Ports = 2> <Width = 32> <Depth = 256> <RAM>
ST_13 : Operation 224 [1/2] ( I:3.25ns O:3.25ns )   --->   "%h_load_22 = load i5 %h_addr_22"   --->   Operation 224 'load' 'h_load_22' <Predicate = true> <Delay = 3.25> <CoreInst = "RAM">   --->   Core 81 'RAM' <Latency = 1> <II = 1> <Delay = 3.25> <Storage> <Opcode : 'load' 'store'> <Ports = 2> <Width = 32> <Depth = 32> <RAM>
ST_13 : Operation 225 [1/2] ( I:3.25ns O:3.25ns )   --->   "%h_load_23 = load i5 %h_addr_23"   --->   Operation 225 'load' 'h_load_23' <Predicate = true> <Delay = 3.25> <CoreInst = "RAM">   --->   Core 81 'RAM' <Latency = 1> <II = 1> <Delay = 3.25> <Storage> <Opcode : 'load' 'store'> <Ports = 2> <Width = 32> <Depth = 32> <RAM>
ST_13 : Operation 226 [1/1] (0.00ns)   --->   "%h_addr_24 = getelementptr i32 %h, i64 0, i64 24"   --->   Operation 226 'getelementptr' 'h_addr_24' <Predicate = true> <Delay = 0.00>
ST_13 : Operation 227 [2/2] (3.25ns)   --->   "%h_load_24 = load i5 %h_addr_24"   --->   Operation 227 'load' 'h_load_24' <Predicate = true> <Delay = 3.25> <CoreInst = "RAM">   --->   Core 81 'RAM' <Latency = 1> <II = 1> <Delay = 3.25> <Storage> <Opcode : 'load' 'store'> <Ports = 2> <Width = 32> <Depth = 32> <RAM>
ST_13 : Operation 228 [1/1] (0.00ns)   --->   "%h_addr_25 = getelementptr i32 %h, i64 0, i64 25"   --->   Operation 228 'getelementptr' 'h_addr_25' <Predicate = true> <Delay = 0.00>
ST_13 : Operation 229 [2/2] (3.25ns)   --->   "%h_load_25 = load i5 %h_addr_25"   --->   Operation 229 'load' 'h_load_25' <Predicate = true> <Delay = 3.25> <CoreInst = "RAM">   --->   Core 81 'RAM' <Latency = 1> <II = 1> <Delay = 3.25> <Storage> <Opcode : 'load' 'store'> <Ports = 2> <Width = 32> <Depth = 32> <RAM>

State 14 <SV = 13> <Delay = 3.25>
ST_14 : Operation 230 [1/1] (0.00ns)   --->   "%tmp_39 = bitconcatenate i8 @_ssdm_op_BitConcatenate.i8.i3.i5, i3 %x1_read, i5 26"   --->   Operation 230 'bitconcatenate' 'tmp_39' <Predicate = true> <Delay = 0.00>
ST_14 : Operation 231 [1/1] (0.00ns)   --->   "%tmp_39_cast = zext i8 %tmp_39"   --->   Operation 231 'zext' 'tmp_39_cast' <Predicate = true> <Delay = 0.00>
ST_14 : Operation 232 [1/1] (0.00ns)   --->   "%x_addr_26 = getelementptr i32 %x, i64 0, i64 %tmp_39_cast"   --->   Operation 232 'getelementptr' 'x_addr_26' <Predicate = true> <Delay = 0.00>
ST_14 : Operation 233 [1/1] (0.00ns)   --->   "%tmp_40 = bitconcatenate i8 @_ssdm_op_BitConcatenate.i8.i3.i5, i3 %x1_read, i5 27"   --->   Operation 233 'bitconcatenate' 'tmp_40' <Predicate = true> <Delay = 0.00>
ST_14 : Operation 234 [1/1] (0.00ns)   --->   "%tmp_40_cast = zext i8 %tmp_40"   --->   Operation 234 'zext' 'tmp_40_cast' <Predicate = true> <Delay = 0.00>
ST_14 : Operation 235 [1/1] (0.00ns)   --->   "%x_addr_27 = getelementptr i32 %x, i64 0, i64 %tmp_40_cast"   --->   Operation 235 'getelementptr' 'x_addr_27' <Predicate = true> <Delay = 0.00>
ST_14 : Operation 236 [1/2] ( I:3.25ns O:3.25ns )   --->   "%x_load_24 = load i8 %x_addr_24"   --->   Operation 236 'load' 'x_load_24' <Predicate = true> <Delay = 3.25> <CoreInst = "RAM">   --->   Core 81 'RAM' <Latency = 1> <II = 1> <Delay = 3.25> <Storage> <Opcode : 'load' 'store'> <Ports = 2> <Width = 32> <Depth = 256> <RAM>
ST_14 : Operation 237 [1/2] ( I:3.25ns O:3.25ns )   --->   "%x_load_25 = load i8 %x_addr_25"   --->   Operation 237 'load' 'x_load_25' <Predicate = true> <Delay = 3.25> <CoreInst = "RAM">   --->   Core 81 'RAM' <Latency = 1> <II = 1> <Delay = 3.25> <Storage> <Opcode : 'load' 'store'> <Ports = 2> <Width = 32> <Depth = 256> <RAM>
ST_14 : Operation 238 [2/2] (3.25ns)   --->   "%x_load_26 = load i8 %x_addr_26"   --->   Operation 238 'load' 'x_load_26' <Predicate = true> <Delay = 3.25> <CoreInst = "RAM">   --->   Core 81 'RAM' <Latency = 1> <II = 1> <Delay = 3.25> <Storage> <Opcode : 'load' 'store'> <Ports = 2> <Width = 32> <Depth = 256> <RAM>
ST_14 : Operation 239 [2/2] (3.25ns)   --->   "%x_load_27 = load i8 %x_addr_27"   --->   Operation 239 'load' 'x_load_27' <Predicate = true> <Delay = 3.25> <CoreInst = "RAM">   --->   Core 81 'RAM' <Latency = 1> <II = 1> <Delay = 3.25> <Storage> <Opcode : 'load' 'store'> <Ports = 2> <Width = 32> <Depth = 256> <RAM>
ST_14 : Operation 240 [1/2] ( I:3.25ns O:3.25ns )   --->   "%h_load_24 = load i5 %h_addr_24"   --->   Operation 240 'load' 'h_load_24' <Predicate = true> <Delay = 3.25> <CoreInst = "RAM">   --->   Core 81 'RAM' <Latency = 1> <II = 1> <Delay = 3.25> <Storage> <Opcode : 'load' 'store'> <Ports = 2> <Width = 32> <Depth = 32> <RAM>
ST_14 : Operation 241 [1/2] ( I:3.25ns O:3.25ns )   --->   "%h_load_25 = load i5 %h_addr_25"   --->   Operation 241 'load' 'h_load_25' <Predicate = true> <Delay = 3.25> <CoreInst = "RAM">   --->   Core 81 'RAM' <Latency = 1> <II = 1> <Delay = 3.25> <Storage> <Opcode : 'load' 'store'> <Ports = 2> <Width = 32> <Depth = 32> <RAM>
ST_14 : Operation 242 [1/1] (0.00ns)   --->   "%h_addr_26 = getelementptr i32 %h, i64 0, i64 26"   --->   Operation 242 'getelementptr' 'h_addr_26' <Predicate = true> <Delay = 0.00>
ST_14 : Operation 243 [2/2] (3.25ns)   --->   "%h_load_26 = load i5 %h_addr_26"   --->   Operation 243 'load' 'h_load_26' <Predicate = true> <Delay = 3.25> <CoreInst = "RAM">   --->   Core 81 'RAM' <Latency = 1> <II = 1> <Delay = 3.25> <Storage> <Opcode : 'load' 'store'> <Ports = 2> <Width = 32> <Depth = 32> <RAM>
ST_14 : Operation 244 [1/1] (0.00ns)   --->   "%h_addr_27 = getelementptr i32 %h, i64 0, i64 27"   --->   Operation 244 'getelementptr' 'h_addr_27' <Predicate = true> <Delay = 0.00>
ST_14 : Operation 245 [2/2] (3.25ns)   --->   "%h_load_27 = load i5 %h_addr_27"   --->   Operation 245 'load' 'h_load_27' <Predicate = true> <Delay = 3.25> <CoreInst = "RAM">   --->   Core 81 'RAM' <Latency = 1> <II = 1> <Delay = 3.25> <Storage> <Opcode : 'load' 'store'> <Ports = 2> <Width = 32> <Depth = 32> <RAM>

State 15 <SV = 14> <Delay = 3.25>
ST_15 : Operation 246 [1/1] (0.00ns)   --->   "%tmp_41 = bitconcatenate i8 @_ssdm_op_BitConcatenate.i8.i3.i5, i3 %x1_read, i5 28"   --->   Operation 246 'bitconcatenate' 'tmp_41' <Predicate = true> <Delay = 0.00>
ST_15 : Operation 247 [1/1] (0.00ns)   --->   "%tmp_41_cast = zext i8 %tmp_41"   --->   Operation 247 'zext' 'tmp_41_cast' <Predicate = true> <Delay = 0.00>
ST_15 : Operation 248 [1/1] (0.00ns)   --->   "%x_addr_28 = getelementptr i32 %x, i64 0, i64 %tmp_41_cast"   --->   Operation 248 'getelementptr' 'x_addr_28' <Predicate = true> <Delay = 0.00>
ST_15 : Operation 249 [1/1] (0.00ns)   --->   "%tmp_42 = bitconcatenate i8 @_ssdm_op_BitConcatenate.i8.i3.i5, i3 %x1_read, i5 29"   --->   Operation 249 'bitconcatenate' 'tmp_42' <Predicate = true> <Delay = 0.00>
ST_15 : Operation 250 [1/1] (0.00ns)   --->   "%tmp_42_cast = zext i8 %tmp_42"   --->   Operation 250 'zext' 'tmp_42_cast' <Predicate = true> <Delay = 0.00>
ST_15 : Operation 251 [1/1] (0.00ns)   --->   "%x_addr_29 = getelementptr i32 %x, i64 0, i64 %tmp_42_cast"   --->   Operation 251 'getelementptr' 'x_addr_29' <Predicate = true> <Delay = 0.00>
ST_15 : Operation 252 [1/2] ( I:3.25ns O:3.25ns )   --->   "%x_load_26 = load i8 %x_addr_26"   --->   Operation 252 'load' 'x_load_26' <Predicate = true> <Delay = 3.25> <CoreInst = "RAM">   --->   Core 81 'RAM' <Latency = 1> <II = 1> <Delay = 3.25> <Storage> <Opcode : 'load' 'store'> <Ports = 2> <Width = 32> <Depth = 256> <RAM>
ST_15 : Operation 253 [1/2] ( I:3.25ns O:3.25ns )   --->   "%x_load_27 = load i8 %x_addr_27"   --->   Operation 253 'load' 'x_load_27' <Predicate = true> <Delay = 3.25> <CoreInst = "RAM">   --->   Core 81 'RAM' <Latency = 1> <II = 1> <Delay = 3.25> <Storage> <Opcode : 'load' 'store'> <Ports = 2> <Width = 32> <Depth = 256> <RAM>
ST_15 : Operation 254 [2/2] (3.25ns)   --->   "%x_load_28 = load i8 %x_addr_28"   --->   Operation 254 'load' 'x_load_28' <Predicate = true> <Delay = 3.25> <CoreInst = "RAM">   --->   Core 81 'RAM' <Latency = 1> <II = 1> <Delay = 3.25> <Storage> <Opcode : 'load' 'store'> <Ports = 2> <Width = 32> <Depth = 256> <RAM>
ST_15 : Operation 255 [2/2] (3.25ns)   --->   "%x_load_29 = load i8 %x_addr_29"   --->   Operation 255 'load' 'x_load_29' <Predicate = true> <Delay = 3.25> <CoreInst = "RAM">   --->   Core 81 'RAM' <Latency = 1> <II = 1> <Delay = 3.25> <Storage> <Opcode : 'load' 'store'> <Ports = 2> <Width = 32> <Depth = 256> <RAM>
ST_15 : Operation 256 [1/2] ( I:3.25ns O:3.25ns )   --->   "%h_load_26 = load i5 %h_addr_26"   --->   Operation 256 'load' 'h_load_26' <Predicate = true> <Delay = 3.25> <CoreInst = "RAM">   --->   Core 81 'RAM' <Latency = 1> <II = 1> <Delay = 3.25> <Storage> <Opcode : 'load' 'store'> <Ports = 2> <Width = 32> <Depth = 32> <RAM>
ST_15 : Operation 257 [1/2] ( I:3.25ns O:3.25ns )   --->   "%h_load_27 = load i5 %h_addr_27"   --->   Operation 257 'load' 'h_load_27' <Predicate = true> <Delay = 3.25> <CoreInst = "RAM">   --->   Core 81 'RAM' <Latency = 1> <II = 1> <Delay = 3.25> <Storage> <Opcode : 'load' 'store'> <Ports = 2> <Width = 32> <Depth = 32> <RAM>
ST_15 : Operation 258 [1/1] (0.00ns)   --->   "%h_addr_28 = getelementptr i32 %h, i64 0, i64 28"   --->   Operation 258 'getelementptr' 'h_addr_28' <Predicate = true> <Delay = 0.00>
ST_15 : Operation 259 [2/2] (3.25ns)   --->   "%h_load_28 = load i5 %h_addr_28"   --->   Operation 259 'load' 'h_load_28' <Predicate = true> <Delay = 3.25> <CoreInst = "RAM">   --->   Core 81 'RAM' <Latency = 1> <II = 1> <Delay = 3.25> <Storage> <Opcode : 'load' 'store'> <Ports = 2> <Width = 32> <Depth = 32> <RAM>
ST_15 : Operation 260 [1/1] (0.00ns)   --->   "%h_addr_29 = getelementptr i32 %h, i64 0, i64 29"   --->   Operation 260 'getelementptr' 'h_addr_29' <Predicate = true> <Delay = 0.00>
ST_15 : Operation 261 [2/2] (3.25ns)   --->   "%h_load_29 = load i5 %h_addr_29"   --->   Operation 261 'load' 'h_load_29' <Predicate = true> <Delay = 3.25> <CoreInst = "RAM">   --->   Core 81 'RAM' <Latency = 1> <II = 1> <Delay = 3.25> <Storage> <Opcode : 'load' 'store'> <Ports = 2> <Width = 32> <Depth = 32> <RAM>

State 16 <SV = 15> <Delay = 3.25>
ST_16 : Operation 262 [1/1] (0.00ns)   --->   "%tmp_43 = bitconcatenate i8 @_ssdm_op_BitConcatenate.i8.i3.i5, i3 %x1_read, i5 30"   --->   Operation 262 'bitconcatenate' 'tmp_43' <Predicate = true> <Delay = 0.00>
ST_16 : Operation 263 [1/1] (0.00ns)   --->   "%tmp_43_cast = zext i8 %tmp_43"   --->   Operation 263 'zext' 'tmp_43_cast' <Predicate = true> <Delay = 0.00>
ST_16 : Operation 264 [1/1] (0.00ns)   --->   "%x_addr_30 = getelementptr i32 %x, i64 0, i64 %tmp_43_cast"   --->   Operation 264 'getelementptr' 'x_addr_30' <Predicate = true> <Delay = 0.00>
ST_16 : Operation 265 [1/1] (0.00ns)   --->   "%tmp_44 = bitconcatenate i8 @_ssdm_op_BitConcatenate.i8.i3.i5, i3 %x1_read, i5 31"   --->   Operation 265 'bitconcatenate' 'tmp_44' <Predicate = true> <Delay = 0.00>
ST_16 : Operation 266 [1/1] (0.00ns)   --->   "%tmp_44_cast = zext i8 %tmp_44"   --->   Operation 266 'zext' 'tmp_44_cast' <Predicate = true> <Delay = 0.00>
ST_16 : Operation 267 [1/1] (0.00ns)   --->   "%x_addr_31 = getelementptr i32 %x, i64 0, i64 %tmp_44_cast"   --->   Operation 267 'getelementptr' 'x_addr_31' <Predicate = true> <Delay = 0.00>
ST_16 : Operation 268 [1/2] ( I:3.25ns O:3.25ns )   --->   "%x_load_28 = load i8 %x_addr_28"   --->   Operation 268 'load' 'x_load_28' <Predicate = true> <Delay = 3.25> <CoreInst = "RAM">   --->   Core 81 'RAM' <Latency = 1> <II = 1> <Delay = 3.25> <Storage> <Opcode : 'load' 'store'> <Ports = 2> <Width = 32> <Depth = 256> <RAM>
ST_16 : Operation 269 [1/2] ( I:3.25ns O:3.25ns )   --->   "%x_load_29 = load i8 %x_addr_29"   --->   Operation 269 'load' 'x_load_29' <Predicate = true> <Delay = 3.25> <CoreInst = "RAM">   --->   Core 81 'RAM' <Latency = 1> <II = 1> <Delay = 3.25> <Storage> <Opcode : 'load' 'store'> <Ports = 2> <Width = 32> <Depth = 256> <RAM>
ST_16 : Operation 270 [2/2] (3.25ns)   --->   "%x_load_30 = load i8 %x_addr_30"   --->   Operation 270 'load' 'x_load_30' <Predicate = true> <Delay = 3.25> <CoreInst = "RAM">   --->   Core 81 'RAM' <Latency = 1> <II = 1> <Delay = 3.25> <Storage> <Opcode : 'load' 'store'> <Ports = 2> <Width = 32> <Depth = 256> <RAM>
ST_16 : Operation 271 [2/2] (3.25ns)   --->   "%x_load_31 = load i8 %x_addr_31"   --->   Operation 271 'load' 'x_load_31' <Predicate = true> <Delay = 3.25> <CoreInst = "RAM">   --->   Core 81 'RAM' <Latency = 1> <II = 1> <Delay = 3.25> <Storage> <Opcode : 'load' 'store'> <Ports = 2> <Width = 32> <Depth = 256> <RAM>
ST_16 : Operation 272 [1/2] ( I:3.25ns O:3.25ns )   --->   "%h_load_28 = load i5 %h_addr_28"   --->   Operation 272 'load' 'h_load_28' <Predicate = true> <Delay = 3.25> <CoreInst = "RAM">   --->   Core 81 'RAM' <Latency = 1> <II = 1> <Delay = 3.25> <Storage> <Opcode : 'load' 'store'> <Ports = 2> <Width = 32> <Depth = 32> <RAM>
ST_16 : Operation 273 [1/2] ( I:3.25ns O:3.25ns )   --->   "%h_load_29 = load i5 %h_addr_29"   --->   Operation 273 'load' 'h_load_29' <Predicate = true> <Delay = 3.25> <CoreInst = "RAM">   --->   Core 81 'RAM' <Latency = 1> <II = 1> <Delay = 3.25> <Storage> <Opcode : 'load' 'store'> <Ports = 2> <Width = 32> <Depth = 32> <RAM>
ST_16 : Operation 274 [1/1] (0.00ns)   --->   "%h_addr_30 = getelementptr i32 %h, i64 0, i64 30"   --->   Operation 274 'getelementptr' 'h_addr_30' <Predicate = true> <Delay = 0.00>
ST_16 : Operation 275 [2/2] (3.25ns)   --->   "%h_load_30 = load i5 %h_addr_30"   --->   Operation 275 'load' 'h_load_30' <Predicate = true> <Delay = 3.25> <CoreInst = "RAM">   --->   Core 81 'RAM' <Latency = 1> <II = 1> <Delay = 3.25> <Storage> <Opcode : 'load' 'store'> <Ports = 2> <Width = 32> <Depth = 32> <RAM>
ST_16 : Operation 276 [1/1] (0.00ns)   --->   "%h_addr_31 = getelementptr i32 %h, i64 0, i64 31"   --->   Operation 276 'getelementptr' 'h_addr_31' <Predicate = true> <Delay = 0.00>
ST_16 : Operation 277 [2/2] (3.25ns)   --->   "%h_load_31 = load i5 %h_addr_31"   --->   Operation 277 'load' 'h_load_31' <Predicate = true> <Delay = 3.25> <CoreInst = "RAM">   --->   Core 81 'RAM' <Latency = 1> <II = 1> <Delay = 3.25> <Storage> <Opcode : 'load' 'store'> <Ports = 2> <Width = 32> <Depth = 32> <RAM>

State 17 <SV = 16> <Delay = 3.25>
ST_17 : Operation 278 [1/1] (0.00ns)   --->   "%empty = bitcast i32 %x_load"   --->   Operation 278 'bitcast' 'empty' <Predicate = true> <Delay = 0.00>
ST_17 : Operation 279 [1/1] (0.00ns)   --->   "%empty_199 = bitcast i32 %x_load_1"   --->   Operation 279 'bitcast' 'empty_199' <Predicate = true> <Delay = 0.00>
ST_17 : Operation 280 [1/1] (0.00ns)   --->   "%empty_200 = bitcast i32 %x_load_2"   --->   Operation 280 'bitcast' 'empty_200' <Predicate = true> <Delay = 0.00>
ST_17 : Operation 281 [1/1] (0.00ns)   --->   "%empty_201 = bitcast i32 %x_load_3"   --->   Operation 281 'bitcast' 'empty_201' <Predicate = true> <Delay = 0.00>
ST_17 : Operation 282 [1/1] (0.00ns)   --->   "%empty_202 = bitcast i32 %x_load_4"   --->   Operation 282 'bitcast' 'empty_202' <Predicate = true> <Delay = 0.00>
ST_17 : Operation 283 [1/1] (0.00ns)   --->   "%empty_203 = bitcast i32 %x_load_5"   --->   Operation 283 'bitcast' 'empty_203' <Predicate = true> <Delay = 0.00>
ST_17 : Operation 284 [1/1] (0.00ns)   --->   "%empty_204 = bitcast i32 %x_load_6"   --->   Operation 284 'bitcast' 'empty_204' <Predicate = true> <Delay = 0.00>
ST_17 : Operation 285 [1/1] (0.00ns)   --->   "%empty_205 = bitcast i32 %x_load_7"   --->   Operation 285 'bitcast' 'empty_205' <Predicate = true> <Delay = 0.00>
ST_17 : Operation 286 [1/1] (0.00ns)   --->   "%empty_206 = bitcast i32 %x_load_8"   --->   Operation 286 'bitcast' 'empty_206' <Predicate = true> <Delay = 0.00>
ST_17 : Operation 287 [1/1] (0.00ns)   --->   "%empty_207 = bitcast i32 %x_load_9"   --->   Operation 287 'bitcast' 'empty_207' <Predicate = true> <Delay = 0.00>
ST_17 : Operation 288 [1/1] (0.00ns)   --->   "%empty_208 = bitcast i32 %x_load_10"   --->   Operation 288 'bitcast' 'empty_208' <Predicate = true> <Delay = 0.00>
ST_17 : Operation 289 [1/1] (0.00ns)   --->   "%empty_209 = bitcast i32 %x_load_11"   --->   Operation 289 'bitcast' 'empty_209' <Predicate = true> <Delay = 0.00>
ST_17 : Operation 290 [1/1] (0.00ns)   --->   "%empty_210 = bitcast i32 %x_load_12"   --->   Operation 290 'bitcast' 'empty_210' <Predicate = true> <Delay = 0.00>
ST_17 : Operation 291 [1/1] (0.00ns)   --->   "%empty_211 = bitcast i32 %x_load_13"   --->   Operation 291 'bitcast' 'empty_211' <Predicate = true> <Delay = 0.00>
ST_17 : Operation 292 [1/1] (0.00ns)   --->   "%empty_212 = bitcast i32 %x_load_14"   --->   Operation 292 'bitcast' 'empty_212' <Predicate = true> <Delay = 0.00>
ST_17 : Operation 293 [1/1] (0.00ns)   --->   "%empty_213 = bitcast i32 %x_load_15"   --->   Operation 293 'bitcast' 'empty_213' <Predicate = true> <Delay = 0.00>
ST_17 : Operation 294 [1/1] (0.00ns)   --->   "%empty_214 = bitcast i32 %x_load_16"   --->   Operation 294 'bitcast' 'empty_214' <Predicate = true> <Delay = 0.00>
ST_17 : Operation 295 [1/1] (0.00ns)   --->   "%empty_215 = bitcast i32 %x_load_17"   --->   Operation 295 'bitcast' 'empty_215' <Predicate = true> <Delay = 0.00>
ST_17 : Operation 296 [1/1] (0.00ns)   --->   "%empty_216 = bitcast i32 %x_load_18"   --->   Operation 296 'bitcast' 'empty_216' <Predicate = true> <Delay = 0.00>
ST_17 : Operation 297 [1/1] (0.00ns)   --->   "%empty_217 = bitcast i32 %x_load_19"   --->   Operation 297 'bitcast' 'empty_217' <Predicate = true> <Delay = 0.00>
ST_17 : Operation 298 [1/1] (0.00ns)   --->   "%empty_218 = bitcast i32 %x_load_20"   --->   Operation 298 'bitcast' 'empty_218' <Predicate = true> <Delay = 0.00>
ST_17 : Operation 299 [1/1] (0.00ns)   --->   "%empty_219 = bitcast i32 %x_load_21"   --->   Operation 299 'bitcast' 'empty_219' <Predicate = true> <Delay = 0.00>
ST_17 : Operation 300 [1/1] (0.00ns)   --->   "%empty_220 = bitcast i32 %x_load_22"   --->   Operation 300 'bitcast' 'empty_220' <Predicate = true> <Delay = 0.00>
ST_17 : Operation 301 [1/1] (0.00ns)   --->   "%empty_221 = bitcast i32 %x_load_23"   --->   Operation 301 'bitcast' 'empty_221' <Predicate = true> <Delay = 0.00>
ST_17 : Operation 302 [1/1] (0.00ns)   --->   "%empty_222 = bitcast i32 %x_load_24"   --->   Operation 302 'bitcast' 'empty_222' <Predicate = true> <Delay = 0.00>
ST_17 : Operation 303 [1/1] (0.00ns)   --->   "%empty_223 = bitcast i32 %x_load_25"   --->   Operation 303 'bitcast' 'empty_223' <Predicate = true> <Delay = 0.00>
ST_17 : Operation 304 [1/1] (0.00ns)   --->   "%empty_224 = bitcast i32 %x_load_26"   --->   Operation 304 'bitcast' 'empty_224' <Predicate = true> <Delay = 0.00>
ST_17 : Operation 305 [1/1] (0.00ns)   --->   "%empty_225 = bitcast i32 %x_load_27"   --->   Operation 305 'bitcast' 'empty_225' <Predicate = true> <Delay = 0.00>
ST_17 : Operation 306 [1/1] (0.00ns)   --->   "%empty_226 = bitcast i32 %x_load_28"   --->   Operation 306 'bitcast' 'empty_226' <Predicate = true> <Delay = 0.00>
ST_17 : Operation 307 [1/1] (0.00ns)   --->   "%empty_227 = bitcast i32 %x_load_29"   --->   Operation 307 'bitcast' 'empty_227' <Predicate = true> <Delay = 0.00>
ST_17 : Operation 308 [1/2] ( I:3.25ns O:3.25ns )   --->   "%x_load_30 = load i8 %x_addr_30"   --->   Operation 308 'load' 'x_load_30' <Predicate = true> <Delay = 3.25> <CoreInst = "RAM">   --->   Core 81 'RAM' <Latency = 1> <II = 1> <Delay = 3.25> <Storage> <Opcode : 'load' 'store'> <Ports = 2> <Width = 32> <Depth = 256> <RAM>
ST_17 : Operation 309 [1/1] (0.00ns)   --->   "%empty_228 = bitcast i32 %x_load_30"   --->   Operation 309 'bitcast' 'empty_228' <Predicate = true> <Delay = 0.00>
ST_17 : Operation 310 [1/2] ( I:3.25ns O:3.25ns )   --->   "%x_load_31 = load i8 %x_addr_31"   --->   Operation 310 'load' 'x_load_31' <Predicate = true> <Delay = 3.25> <CoreInst = "RAM">   --->   Core 81 'RAM' <Latency = 1> <II = 1> <Delay = 3.25> <Storage> <Opcode : 'load' 'store'> <Ports = 2> <Width = 32> <Depth = 256> <RAM>
ST_17 : Operation 311 [1/1] (0.00ns)   --->   "%empty_229 = bitcast i32 %x_load_31"   --->   Operation 311 'bitcast' 'empty_229' <Predicate = true> <Delay = 0.00>
ST_17 : Operation 312 [1/1] (0.00ns)   --->   "%empty_230 = bitcast i32 %h_load"   --->   Operation 312 'bitcast' 'empty_230' <Predicate = true> <Delay = 0.00>
ST_17 : Operation 313 [1/1] (0.00ns)   --->   "%empty_231 = bitcast i32 %h_load_1"   --->   Operation 313 'bitcast' 'empty_231' <Predicate = true> <Delay = 0.00>
ST_17 : Operation 314 [1/1] (0.00ns)   --->   "%empty_232 = bitcast i32 %h_load_2"   --->   Operation 314 'bitcast' 'empty_232' <Predicate = true> <Delay = 0.00>
ST_17 : Operation 315 [1/1] (0.00ns)   --->   "%empty_233 = bitcast i32 %h_load_3"   --->   Operation 315 'bitcast' 'empty_233' <Predicate = true> <Delay = 0.00>
ST_17 : Operation 316 [1/1] (0.00ns)   --->   "%empty_234 = bitcast i32 %h_load_4"   --->   Operation 316 'bitcast' 'empty_234' <Predicate = true> <Delay = 0.00>
ST_17 : Operation 317 [1/1] (0.00ns)   --->   "%empty_235 = bitcast i32 %h_load_5"   --->   Operation 317 'bitcast' 'empty_235' <Predicate = true> <Delay = 0.00>
ST_17 : Operation 318 [1/1] (0.00ns)   --->   "%empty_236 = bitcast i32 %h_load_6"   --->   Operation 318 'bitcast' 'empty_236' <Predicate = true> <Delay = 0.00>
ST_17 : Operation 319 [1/1] (0.00ns)   --->   "%empty_237 = bitcast i32 %h_load_7"   --->   Operation 319 'bitcast' 'empty_237' <Predicate = true> <Delay = 0.00>
ST_17 : Operation 320 [1/1] (0.00ns)   --->   "%empty_238 = bitcast i32 %h_load_8"   --->   Operation 320 'bitcast' 'empty_238' <Predicate = true> <Delay = 0.00>
ST_17 : Operation 321 [1/1] (0.00ns)   --->   "%empty_239 = bitcast i32 %h_load_9"   --->   Operation 321 'bitcast' 'empty_239' <Predicate = true> <Delay = 0.00>
ST_17 : Operation 322 [1/1] (0.00ns)   --->   "%empty_240 = bitcast i32 %h_load_10"   --->   Operation 322 'bitcast' 'empty_240' <Predicate = true> <Delay = 0.00>
ST_17 : Operation 323 [1/1] (0.00ns)   --->   "%empty_241 = bitcast i32 %h_load_11"   --->   Operation 323 'bitcast' 'empty_241' <Predicate = true> <Delay = 0.00>
ST_17 : Operation 324 [1/1] (0.00ns)   --->   "%empty_242 = bitcast i32 %h_load_12"   --->   Operation 324 'bitcast' 'empty_242' <Predicate = true> <Delay = 0.00>
ST_17 : Operation 325 [1/1] (0.00ns)   --->   "%empty_243 = bitcast i32 %h_load_13"   --->   Operation 325 'bitcast' 'empty_243' <Predicate = true> <Delay = 0.00>
ST_17 : Operation 326 [1/1] (0.00ns)   --->   "%empty_244 = bitcast i32 %h_load_14"   --->   Operation 326 'bitcast' 'empty_244' <Predicate = true> <Delay = 0.00>
ST_17 : Operation 327 [1/1] (0.00ns)   --->   "%empty_245 = bitcast i32 %h_load_15"   --->   Operation 327 'bitcast' 'empty_245' <Predicate = true> <Delay = 0.00>
ST_17 : Operation 328 [1/1] (0.00ns)   --->   "%empty_246 = bitcast i32 %h_load_16"   --->   Operation 328 'bitcast' 'empty_246' <Predicate = true> <Delay = 0.00>
ST_17 : Operation 329 [1/1] (0.00ns)   --->   "%empty_247 = bitcast i32 %h_load_17"   --->   Operation 329 'bitcast' 'empty_247' <Predicate = true> <Delay = 0.00>
ST_17 : Operation 330 [1/1] (0.00ns)   --->   "%empty_248 = bitcast i32 %h_load_18"   --->   Operation 330 'bitcast' 'empty_248' <Predicate = true> <Delay = 0.00>
ST_17 : Operation 331 [1/1] (0.00ns)   --->   "%empty_249 = bitcast i32 %h_load_19"   --->   Operation 331 'bitcast' 'empty_249' <Predicate = true> <Delay = 0.00>
ST_17 : Operation 332 [1/1] (0.00ns)   --->   "%empty_250 = bitcast i32 %h_load_20"   --->   Operation 332 'bitcast' 'empty_250' <Predicate = true> <Delay = 0.00>
ST_17 : Operation 333 [1/1] (0.00ns)   --->   "%empty_251 = bitcast i32 %h_load_21"   --->   Operation 333 'bitcast' 'empty_251' <Predicate = true> <Delay = 0.00>
ST_17 : Operation 334 [1/1] (0.00ns)   --->   "%empty_252 = bitcast i32 %h_load_22"   --->   Operation 334 'bitcast' 'empty_252' <Predicate = true> <Delay = 0.00>
ST_17 : Operation 335 [1/1] (0.00ns)   --->   "%empty_253 = bitcast i32 %h_load_23"   --->   Operation 335 'bitcast' 'empty_253' <Predicate = true> <Delay = 0.00>
ST_17 : Operation 336 [1/1] (0.00ns)   --->   "%empty_254 = bitcast i32 %h_load_24"   --->   Operation 336 'bitcast' 'empty_254' <Predicate = true> <Delay = 0.00>
ST_17 : Operation 337 [1/1] (0.00ns)   --->   "%empty_255 = bitcast i32 %h_load_25"   --->   Operation 337 'bitcast' 'empty_255' <Predicate = true> <Delay = 0.00>
ST_17 : Operation 338 [1/1] (0.00ns)   --->   "%empty_256 = bitcast i32 %h_load_26"   --->   Operation 338 'bitcast' 'empty_256' <Predicate = true> <Delay = 0.00>
ST_17 : Operation 339 [1/1] (0.00ns)   --->   "%empty_257 = bitcast i32 %h_load_27"   --->   Operation 339 'bitcast' 'empty_257' <Predicate = true> <Delay = 0.00>
ST_17 : Operation 340 [1/1] (0.00ns)   --->   "%empty_258 = bitcast i32 %h_load_28"   --->   Operation 340 'bitcast' 'empty_258' <Predicate = true> <Delay = 0.00>
ST_17 : Operation 341 [1/1] (0.00ns)   --->   "%empty_259 = bitcast i32 %h_load_29"   --->   Operation 341 'bitcast' 'empty_259' <Predicate = true> <Delay = 0.00>
ST_17 : Operation 342 [1/2] ( I:3.25ns O:3.25ns )   --->   "%h_load_30 = load i5 %h_addr_30"   --->   Operation 342 'load' 'h_load_30' <Predicate = true> <Delay = 3.25> <CoreInst = "RAM">   --->   Core 81 'RAM' <Latency = 1> <II = 1> <Delay = 3.25> <Storage> <Opcode : 'load' 'store'> <Ports = 2> <Width = 32> <Depth = 32> <RAM>
ST_17 : Operation 343 [1/1] (0.00ns)   --->   "%empty_260 = bitcast i32 %h_load_30"   --->   Operation 343 'bitcast' 'empty_260' <Predicate = true> <Delay = 0.00>
ST_17 : Operation 344 [1/2] ( I:3.25ns O:3.25ns )   --->   "%h_load_31 = load i5 %h_addr_31"   --->   Operation 344 'load' 'h_load_31' <Predicate = true> <Delay = 3.25> <CoreInst = "RAM">   --->   Core 81 'RAM' <Latency = 1> <II = 1> <Delay = 3.25> <Storage> <Opcode : 'load' 'store'> <Ports = 2> <Width = 32> <Depth = 32> <RAM>
ST_17 : Operation 345 [1/1] (0.00ns)   --->   "%empty_261 = bitcast i32 %h_load_31"   --->   Operation 345 'bitcast' 'empty_261' <Predicate = true> <Delay = 0.00>
ST_17 : Operation 346 [2/2] (0.00ns)   --->   "%call_ln0 = call void @LSTM_step_Pipeline_GATES, i32 %W_f, i32 %U_f, i32 %W_i, i32 %U_i, i32 %W_g, i32 %U_g, i32 %W_o, i32 %U_o, i32 %b_f, i32 %empty, i32 %empty_199, i32 %empty_200, i32 %empty_201, i32 %empty_202, i32 %empty_203, i32 %empty_204, i32 %empty_205, i32 %empty_206, i32 %empty_207, i32 %empty_208, i32 %empty_209, i32 %empty_210, i32 %empty_211, i32 %empty_212, i32 %empty_213, i32 %empty_214, i32 %empty_215, i32 %empty_216, i32 %empty_217, i32 %empty_218, i32 %empty_219, i32 %empty_220, i32 %empty_221, i32 %empty_222, i32 %empty_223, i32 %empty_224, i32 %empty_225, i32 %empty_226, i32 %empty_227, i32 %empty_228, i32 %empty_229, i32 %empty_230, i32 %empty_231, i32 %empty_232, i32 %empty_233, i32 %empty_234, i32 %empty_235, i32 %empty_236, i32 %empty_237, i32 %empty_238, i32 %empty_239, i32 %empty_240, i32 %empty_241, i32 %empty_242, i32 %empty_243, i32 %empty_244, i32 %empty_245, i32 %empty_246, i32 %empty_247, i32 %empty_248, i32 %empty_249, i32 %empty_250, i32 %empty_251, i32 %empty_252, i32 %empty_253, i32 %empty_254, i32 %empty_255, i32 %empty_256, i32 %empty_257, i32 %empty_258, i32 %empty_259, i32 %empty_260, i32 %empty_261, i32 %f, i32 %b_i, i32 %i, i32 %b_g, i32 %g, i32 %b_o, i32 %o, i58 %table_exp_Z1_ap_ufixed_58_1_ap_q_mode_5_ap_o_mode_3_0_array, i26 %table_f_Z3_ap_ufixed_59_0_ap_q_mode_5_ap_o_mode_3_0_array, i42 %table_f_Z2_ap_ufixed_59_0_ap_q_mode_5_ap_o_mode_3_0_array"   --->   Operation 346 'call' 'call_ln0' <Predicate = true> <Delay = 0.00> <CoreType = "Generic">   --->   Generic Core

State 18 <SV = 17> <Delay = 0.00>
ST_18 : Operation 347 [1/2] (0.00ns)   --->   "%call_ln0 = call void @LSTM_step_Pipeline_GATES, i32 %W_f, i32 %U_f, i32 %W_i, i32 %U_i, i32 %W_g, i32 %U_g, i32 %W_o, i32 %U_o, i32 %b_f, i32 %empty, i32 %empty_199, i32 %empty_200, i32 %empty_201, i32 %empty_202, i32 %empty_203, i32 %empty_204, i32 %empty_205, i32 %empty_206, i32 %empty_207, i32 %empty_208, i32 %empty_209, i32 %empty_210, i32 %empty_211, i32 %empty_212, i32 %empty_213, i32 %empty_214, i32 %empty_215, i32 %empty_216, i32 %empty_217, i32 %empty_218, i32 %empty_219, i32 %empty_220, i32 %empty_221, i32 %empty_222, i32 %empty_223, i32 %empty_224, i32 %empty_225, i32 %empty_226, i32 %empty_227, i32 %empty_228, i32 %empty_229, i32 %empty_230, i32 %empty_231, i32 %empty_232, i32 %empty_233, i32 %empty_234, i32 %empty_235, i32 %empty_236, i32 %empty_237, i32 %empty_238, i32 %empty_239, i32 %empty_240, i32 %empty_241, i32 %empty_242, i32 %empty_243, i32 %empty_244, i32 %empty_245, i32 %empty_246, i32 %empty_247, i32 %empty_248, i32 %empty_249, i32 %empty_250, i32 %empty_251, i32 %empty_252, i32 %empty_253, i32 %empty_254, i32 %empty_255, i32 %empty_256, i32 %empty_257, i32 %empty_258, i32 %empty_259, i32 %empty_260, i32 %empty_261, i32 %f, i32 %b_i, i32 %i, i32 %b_g, i32 %g, i32 %b_o, i32 %o, i58 %table_exp_Z1_ap_ufixed_58_1_ap_q_mode_5_ap_o_mode_3_0_array, i26 %table_f_Z3_ap_ufixed_59_0_ap_q_mode_5_ap_o_mode_3_0_array, i42 %table_f_Z2_ap_ufixed_59_0_ap_q_mode_5_ap_o_mode_3_0_array"   --->   Operation 347 'call' 'call_ln0' <Predicate = true> <Delay = 0.00> <CoreType = "Generic">   --->   Generic Core

State 19 <SV = 18> <Delay = 0.00>
ST_19 : Operation 348 [2/2] (0.00ns)   --->   "%call_ln0 = call void @LSTM_step_Pipeline_UPDATE, i32 %f, i32 %c, i32 %i, i32 %g, i32 %o, i32 %h, i58 %table_exp_Z1_ap_ufixed_58_1_ap_q_mode_5_ap_o_mode_3_0_array, i26 %table_f_Z3_ap_ufixed_59_0_ap_q_mode_5_ap_o_mode_3_0_array, i42 %table_f_Z2_ap_ufixed_59_0_ap_q_mode_5_ap_o_mode_3_0_array"   --->   Operation 348 'call' 'call_ln0' <Predicate = true> <Delay = 0.00> <CoreType = "Generic">   --->   Generic Core

State 20 <SV = 19> <Delay = 0.00>
ST_20 : Operation 349 [1/1] (0.00ns)   --->   "%specinterface_ln0 = specinterface void @_ssdm_op_SpecInterface, i32 %c, void @empty, i32 0, i32 0, void @empty_0, i32 4294967295, i32 0, void @empty_0, void @empty_0, void @empty_0, i32 0, i32 0, i32 0, i32 0, void @empty_0, void @empty_0, i32 4294967295, i32 0, i32 0"   --->   Operation 349 'specinterface' 'specinterface_ln0' <Predicate = true> <Delay = 0.00>
ST_20 : Operation 350 [1/1] (0.00ns)   --->   "%specinterface_ln0 = specinterface void @_ssdm_op_SpecInterface, i32 %h, void @empty, i32 0, i32 0, void @empty_0, i32 4294967295, i32 0, void @empty_0, void @empty_0, void @empty_0, i32 0, i32 0, i32 0, i32 0, void @empty_0, void @empty_0, i32 4294967295, i32 0, i32 0"   --->   Operation 350 'specinterface' 'specinterface_ln0' <Predicate = true> <Delay = 0.00>
ST_20 : Operation 351 [1/1] (0.00ns)   --->   "%specinterface_ln0 = specinterface void @_ssdm_op_SpecInterface, i32 %x, void @empty, i32 0, i32 0, void @empty_0, i32 4294967295, i32 0, void @empty_0, void @empty_0, void @empty_0, i32 0, i32 0, i32 0, i32 0, void @empty_0, void @empty_0, i32 4294967295, i32 0, i32 0"   --->   Operation 351 'specinterface' 'specinterface_ln0' <Predicate = true> <Delay = 0.00>
ST_20 : Operation 352 [1/1] (0.00ns)   --->   "%specinterface_ln0 = specinterface void @_ssdm_op_SpecInterface, i32 %b_o, void @empty, i32 0, i32 0, void @empty_0, i32 4294967295, i32 0, void @empty_0, void @empty_0, void @empty_0, i32 0, i32 0, i32 0, i32 0, void @empty_0, void @empty_0, i32 4294967295, i32 0, i32 0"   --->   Operation 352 'specinterface' 'specinterface_ln0' <Predicate = true> <Delay = 0.00>
ST_20 : Operation 353 [1/1] (0.00ns)   --->   "%specinterface_ln0 = specinterface void @_ssdm_op_SpecInterface, i32 %U_o, void @empty, i32 0, i32 0, void @empty_0, i32 4294967295, i32 0, void @empty_0, void @empty_0, void @empty_0, i32 0, i32 0, i32 0, i32 0, void @empty_0, void @empty_0, i32 4294967295, i32 0, i32 0"   --->   Operation 353 'specinterface' 'specinterface_ln0' <Predicate = true> <Delay = 0.00>
ST_20 : Operation 354 [1/1] (0.00ns)   --->   "%specinterface_ln0 = specinterface void @_ssdm_op_SpecInterface, i32 %W_o, void @empty, i32 0, i32 0, void @empty_0, i32 4294967295, i32 0, void @empty_0, void @empty_0, void @empty_0, i32 0, i32 0, i32 0, i32 0, void @empty_0, void @empty_0, i32 4294967295, i32 0, i32 0"   --->   Operation 354 'specinterface' 'specinterface_ln0' <Predicate = true> <Delay = 0.00>
ST_20 : Operation 355 [1/1] (0.00ns)   --->   "%specinterface_ln0 = specinterface void @_ssdm_op_SpecInterface, i32 %b_g, void @empty, i32 0, i32 0, void @empty_0, i32 4294967295, i32 0, void @empty_0, void @empty_0, void @empty_0, i32 0, i32 0, i32 0, i32 0, void @empty_0, void @empty_0, i32 4294967295, i32 0, i32 0"   --->   Operation 355 'specinterface' 'specinterface_ln0' <Predicate = true> <Delay = 0.00>
ST_20 : Operation 356 [1/1] (0.00ns)   --->   "%specinterface_ln0 = specinterface void @_ssdm_op_SpecInterface, i32 %U_g, void @empty, i32 0, i32 0, void @empty_0, i32 4294967295, i32 0, void @empty_0, void @empty_0, void @empty_0, i32 0, i32 0, i32 0, i32 0, void @empty_0, void @empty_0, i32 4294967295, i32 0, i32 0"   --->   Operation 356 'specinterface' 'specinterface_ln0' <Predicate = true> <Delay = 0.00>
ST_20 : Operation 357 [1/1] (0.00ns)   --->   "%specinterface_ln0 = specinterface void @_ssdm_op_SpecInterface, i32 %W_g, void @empty, i32 0, i32 0, void @empty_0, i32 4294967295, i32 0, void @empty_0, void @empty_0, void @empty_0, i32 0, i32 0, i32 0, i32 0, void @empty_0, void @empty_0, i32 4294967295, i32 0, i32 0"   --->   Operation 357 'specinterface' 'specinterface_ln0' <Predicate = true> <Delay = 0.00>
ST_20 : Operation 358 [1/1] (0.00ns)   --->   "%specinterface_ln0 = specinterface void @_ssdm_op_SpecInterface, i32 %b_i, void @empty, i32 0, i32 0, void @empty_0, i32 4294967295, i32 0, void @empty_0, void @empty_0, void @empty_0, i32 0, i32 0, i32 0, i32 0, void @empty_0, void @empty_0, i32 4294967295, i32 0, i32 0"   --->   Operation 358 'specinterface' 'specinterface_ln0' <Predicate = true> <Delay = 0.00>
ST_20 : Operation 359 [1/1] (0.00ns)   --->   "%specinterface_ln0 = specinterface void @_ssdm_op_SpecInterface, i32 %U_i, void @empty, i32 0, i32 0, void @empty_0, i32 4294967295, i32 0, void @empty_0, void @empty_0, void @empty_0, i32 0, i32 0, i32 0, i32 0, void @empty_0, void @empty_0, i32 4294967295, i32 0, i32 0"   --->   Operation 359 'specinterface' 'specinterface_ln0' <Predicate = true> <Delay = 0.00>
ST_20 : Operation 360 [1/1] (0.00ns)   --->   "%specinterface_ln0 = specinterface void @_ssdm_op_SpecInterface, i32 %W_i, void @empty, i32 0, i32 0, void @empty_0, i32 4294967295, i32 0, void @empty_0, void @empty_0, void @empty_0, i32 0, i32 0, i32 0, i32 0, void @empty_0, void @empty_0, i32 4294967295, i32 0, i32 0"   --->   Operation 360 'specinterface' 'specinterface_ln0' <Predicate = true> <Delay = 0.00>
ST_20 : Operation 361 [1/1] (0.00ns)   --->   "%specinterface_ln0 = specinterface void @_ssdm_op_SpecInterface, i32 %b_f, void @empty, i32 0, i32 0, void @empty_0, i32 4294967295, i32 0, void @empty_0, void @empty_0, void @empty_0, i32 0, i32 0, i32 0, i32 0, void @empty_0, void @empty_0, i32 4294967295, i32 0, i32 0"   --->   Operation 361 'specinterface' 'specinterface_ln0' <Predicate = true> <Delay = 0.00>
ST_20 : Operation 362 [1/1] (0.00ns)   --->   "%specinterface_ln0 = specinterface void @_ssdm_op_SpecInterface, i32 %U_f, void @empty, i32 0, i32 0, void @empty_0, i32 4294967295, i32 0, void @empty_0, void @empty_0, void @empty_0, i32 0, i32 0, i32 0, i32 0, void @empty_0, void @empty_0, i32 4294967295, i32 0, i32 0"   --->   Operation 362 'specinterface' 'specinterface_ln0' <Predicate = true> <Delay = 0.00>
ST_20 : Operation 363 [1/1] (0.00ns)   --->   "%specinterface_ln0 = specinterface void @_ssdm_op_SpecInterface, i32 %W_f, void @empty, i32 0, i32 0, void @empty_0, i32 4294967295, i32 0, void @empty_0, void @empty_0, void @empty_0, i32 0, i32 0, i32 0, i32 0, void @empty_0, void @empty_0, i32 4294967295, i32 0, i32 0"   --->   Operation 363 'specinterface' 'specinterface_ln0' <Predicate = true> <Delay = 0.00>
ST_20 : Operation 364 [1/2] (0.00ns)   --->   "%call_ln0 = call void @LSTM_step_Pipeline_UPDATE, i32 %f, i32 %c, i32 %i, i32 %g, i32 %o, i32 %h, i58 %table_exp_Z1_ap_ufixed_58_1_ap_q_mode_5_ap_o_mode_3_0_array, i26 %table_f_Z3_ap_ufixed_59_0_ap_q_mode_5_ap_o_mode_3_0_array, i42 %table_f_Z2_ap_ufixed_59_0_ap_q_mode_5_ap_o_mode_3_0_array"   --->   Operation 364 'call' 'call_ln0' <Predicate = true> <Delay = 0.00> <CoreType = "Generic">   --->   Generic Core
ST_20 : Operation 365 [1/1] (0.00ns)   --->   "%ret_ln52 = ret" [LSTM.cpp:52]   --->   Operation 365 'ret' 'ret_ln52' <Predicate = true> <Delay = 0.00>


============================================================
+ Verbose Summary: Timing violations
============================================================
Target clock period: 12.000ns, clock uncertainty: 3.240ns.

 <State 1>: 3.254ns
The critical path consists of the following:
	wire read operation ('x1_read') on port 'x1' [20]  (0.000 ns)
	'getelementptr' operation 8 bit ('x_addr') [23]  (0.000 ns)
	'load' operation 32 bit ('x_load') on array 'x' [136]  (3.254 ns)

 <State 2>: 3.254ns
The critical path consists of the following:
	'load' operation 32 bit ('x_load') on array 'x' [136]  (3.254 ns)

 <State 3>: 3.254ns
The critical path consists of the following:
	'load' operation 32 bit ('x_load_2') on array 'x' [140]  (3.254 ns)

 <State 4>: 3.254ns
The critical path consists of the following:
	'load' operation 32 bit ('x_load_4') on array 'x' [144]  (3.254 ns)

 <State 5>: 3.254ns
The critical path consists of the following:
	'load' operation 32 bit ('x_load_6') on array 'x' [148]  (3.254 ns)

 <State 6>: 3.254ns
The critical path consists of the following:
	'load' operation 32 bit ('x_load_8') on array 'x' [152]  (3.254 ns)

 <State 7>: 3.254ns
The critical path consists of the following:
	'load' operation 32 bit ('x_load_10') on array 'x' [156]  (3.254 ns)

 <State 8>: 3.254ns
The critical path consists of the following:
	'load' operation 32 bit ('x_load_12') on array 'x' [160]  (3.254 ns)

 <State 9>: 3.254ns
The critical path consists of the following:
	'load' operation 32 bit ('x_load_14') on array 'x' [164]  (3.254 ns)

 <State 10>: 3.254ns
The critical path consists of the following:
	'load' operation 32 bit ('x_load_16') on array 'x' [168]  (3.254 ns)

 <State 11>: 3.254ns
The critical path consists of the following:
	'load' operation 32 bit ('x_load_18') on array 'x' [172]  (3.254 ns)

 <State 12>: 3.254ns
The critical path consists of the following:
	'load' operation 32 bit ('x_load_20') on array 'x' [176]  (3.254 ns)

 <State 13>: 3.254ns
The critical path consists of the following:
	'load' operation 32 bit ('x_load_22') on array 'x' [180]  (3.254 ns)

 <State 14>: 3.254ns
The critical path consists of the following:
	'load' operation 32 bit ('x_load_24') on array 'x' [184]  (3.254 ns)

 <State 15>: 3.254ns
The critical path consists of the following:
	'load' operation 32 bit ('x_load_26') on array 'x' [188]  (3.254 ns)

 <State 16>: 3.254ns
The critical path consists of the following:
	'load' operation 32 bit ('x_load_28') on array 'x' [192]  (3.254 ns)

 <State 17>: 3.254ns
The critical path consists of the following:
	'load' operation 32 bit ('x_load_30') on array 'x' [196]  (3.254 ns)

 <State 18>: 0.000ns
The critical path consists of the following:

 <State 19>: 0.000ns
The critical path consists of the following:

 <State 20>: 0.000ns
The critical path consists of the following:


============================================================
+ Verbose Summary: Binding
============================================================
N/A
* FSMD analyzer results:
  - Output states:
 - Input state : 
  - Chain level:
	State 1
	State 2
	State 3
	State 4
	State 5
	State 6
	State 7
	State 8
	State 9
	State 10
	State 11
	State 12
	State 13
	State 14
	State 15
	State 16
	State 17
	State 18
	State 19
	State 20


============================================================
+ Verbose Summary: Datapath Resource usage 
============================================================
N/A
