

================================================================
== Vitis HLS Report for 'LSTM_Pipeline_INIT'
================================================================
* Date:           Wed Jul 22 22:22:15 2026

* Version:        2025.1 (Build 6135595 on May 21 2025)
* Project:        LSTM
* Solution:       hls (Vivado IP Flow Target)
* Product family: zynq
* Target device:  xc7z020-clg400-1


================================================================
== Performance Estimates
================================================================
+ Timing: 
    * Summary: 
    +--------+----------+----------+------------+
    |  Clock |  Target  | Estimated| Uncertainty|
    +--------+----------+----------+------------+
    |ap_clk  |  12.00 ns|  6.667 ns|     3.24 ns|
    +--------+----------+----------+------------+

+ Latency: 
    * Summary: 
    +---------+---------+----------+----------+-----+-----+------------------------------------------------+
    |  Latency (cycles) |  Latency (absolute) |  Interval |                    Pipeline                    |
    |   min   |   max   |    min   |    max   | min | max |                      Type                      |
    +---------+---------+----------+----------+-----+-----+------------------------------------------------+
    |       34|       34|  0.408 us|  0.408 us|   33|   33|  loop auto-rewind stp (delay=0 clock cycles(s))|
    +---------+---------+----------+----------+-----+-----+------------------------------------------------+

    + Detail: 
        * Instance: 
        N/A

        * Loop: 
        +----------+---------+---------+----------+-----------+-----------+------+----------+
        |          |  Latency (cycles) | Iteration|  Initiation Interval  | Trip |          |
        | Loop Name|   min   |   max   |  Latency |  achieved |   target  | Count| Pipelined|
        +----------+---------+---------+----------+-----------+-----------+------+----------+
        |- INIT    |       32|       32|         1|          1|          1|    32|       yes|
        +----------+---------+---------+----------+-----------+-----------+------+----------+

============================================================
+ Verbose Summary: Synthesis Manager
============================================================
InlineROM: 1
ExposeGlobal: 0
============================================================
+ Verbose Summary: CDFG Model
============================================================
IsTopModel: 0
ResetActiveHigh: 1
IsCombinational: 0
IsDatapathOnly: 0
HasWiredReturn: 1
HasMFsm: 2
HasVarLatency: 1
IsPipeline: 0
IsRtlPipelined: 0
IsInstanceOverlapped: 0
IsDontTouch: 0
HasImplIP: 0
IsGatedGlobalClock: 0

+ Individual pipeline summary: 
  * Pipeline-0: initiation interval (II) = 1, depth = 1


============================================================
+ Verbose Summary: Schedule
============================================================
* Number of FSM states : 1
* Pipeline : 1
  Pipeline-0 : II = 1, D = 1, States = { 1 }
* Dataflow Pipeline: 0

* FSM state transitions: 
1 --> 

* FSM state operations: 

State 1 <SV = 0> <Delay = 6.66>
ST_1 : Operation 4 [1/1] (0.00ns)   --->   "%j = alloca i32 1" [LSTM.cpp:65]   --->   Operation 4 'alloca' 'j' <Predicate = true> <Delay = 0.00>
ST_1 : Operation 5 [1/1] (0.00ns)   --->   "%specinterface_ln0 = specinterface void @_ssdm_op_SpecInterface, i32 %c, void @empty, i32 0, i32 0, void @empty_0, i32 4294967295, i32 0, void @empty_0, void @empty_0, void @empty_0, i32 0, i32 0, i32 0, i32 0, void @empty_0, void @empty_0, i32 4294967295, i32 0, i32 0"   --->   Operation 5 'specinterface' 'specinterface_ln0' <Predicate = true> <Delay = 0.00>
ST_1 : Operation 6 [1/1] (0.00ns)   --->   "%specinterface_ln0 = specinterface void @_ssdm_op_SpecInterface, i32 %h, void @empty, i32 0, i32 0, void @empty_0, i32 4294967295, i32 0, void @empty_0, void @empty_0, void @empty_0, i32 0, i32 0, i32 0, i32 0, void @empty_0, void @empty_0, i32 4294967295, i32 0, i32 0"   --->   Operation 6 'specinterface' 'specinterface_ln0' <Predicate = true> <Delay = 0.00>
ST_1 : Operation 7 [1/1] (1.58ns)   --->   "%store_ln65 = store i6 0, i6 %j" [LSTM.cpp:65]   --->   Operation 7 'store' 'store_ln65' <Predicate = true> <Delay = 1.58>
ST_1 : Operation 8 [1/1] (0.00ns)   --->   "%br_ln0 = br void %for.inc"   --->   Operation 8 'br' 'br_ln0' <Predicate = true> <Delay = 0.00>
ST_1 : Operation 9 [1/1] (0.00ns)   --->   "%j_3 = load i6 %j" [LSTM.cpp:65]   --->   Operation 9 'load' 'j_3' <Predicate = true> <Delay = 0.00>
ST_1 : Operation 10 [1/1] (1.82ns)   --->   "%icmp_ln65 = icmp_eq  i6 %j_3, i6 32" [LSTM.cpp:65]   --->   Operation 10 'icmp' 'icmp_ln65' <Predicate = true> <Delay = 1.82> <CoreInst = "Cmp">   --->   Core 9 'Cmp' <Latency = 0> <II = 1> <Delay = 1.82> <FuncUnit> <Opcode : 'seteq' 'setne' 'setle' 'setge' 'setlt' 'setgt'> <InPorts = 2> <OutPorts = 1>
ST_1 : Operation 11 [1/1] (1.82ns)   --->   "%add_ln65 = add i6 %j_3, i6 1" [LSTM.cpp:65]   --->   Operation 11 'add' 'add_ln65' <Predicate = true> <Delay = 1.82> <CoreInst = "Adder">   --->   Core 1 'Adder' <Latency = 0> <II = 1> <Delay = 1.82> <FuncUnit> <Opcode : 'add' 'sub'> <InPorts = 2> <OutPorts = 1>
ST_1 : Operation 12 [1/1] (0.00ns)   --->   "%br_ln65 = br i1 %icmp_ln65, void %for.inc.split, void %for.inc9.preheader.exitStub" [LSTM.cpp:65]   --->   Operation 12 'br' 'br_ln65' <Predicate = true> <Delay = 0.00>
ST_1 : Operation 13 [1/1] (0.00ns)   --->   "%zext_ln65 = zext i6 %j_3" [LSTM.cpp:65]   --->   Operation 13 'zext' 'zext_ln65' <Predicate = (!icmp_ln65)> <Delay = 0.00>
ST_1 : Operation 14 [1/1] (0.00ns)   --->   "%specpipeline_ln65 = specpipeline void @_ssdm_op_SpecPipeline, i32 4294967295, i32 0, i32 0, i32 0, void @empty_0" [LSTM.cpp:65]   --->   Operation 14 'specpipeline' 'specpipeline_ln65' <Predicate = (!icmp_ln65)> <Delay = 0.00>
ST_1 : Operation 15 [1/1] (0.00ns)   --->   "%speclooptripcount_ln65 = speclooptripcount void @_ssdm_op_SpecLoopTripCount, i64 32, i64 32, i64 32" [LSTM.cpp:65]   --->   Operation 15 'speclooptripcount' 'speclooptripcount_ln65' <Predicate = (!icmp_ln65)> <Delay = 0.00>
ST_1 : Operation 16 [1/1] (0.00ns)   --->   "%specloopname_ln65 = specloopname void @_ssdm_op_SpecLoopName, void @empty_3" [LSTM.cpp:65]   --->   Operation 16 'specloopname' 'specloopname_ln65' <Predicate = (!icmp_ln65)> <Delay = 0.00>
ST_1 : Operation 17 [1/1] (0.00ns)   --->   "%h_addr = getelementptr i32 %h, i64 0, i64 %zext_ln65" [LSTM.cpp:66]   --->   Operation 17 'getelementptr' 'h_addr' <Predicate = (!icmp_ln65)> <Delay = 0.00>
ST_1 : Operation 18 [1/1] ( I:3.25ns O:3.25ns )   --->   "%store_ln66 = store i32 0, i5 %h_addr" [LSTM.cpp:66]   --->   Operation 18 'store' 'store_ln66' <Predicate = (!icmp_ln65)> <Delay = 3.25> <CoreInst = "RAM">   --->   Core 81 'RAM' <Latency = 1> <II = 1> <Delay = 3.25> <Storage> <Opcode : 'load' 'store'> <Ports = 2> <Width = 32> <Depth = 32> <RAM>
ST_1 : Operation 19 [1/1] (0.00ns)   --->   "%c_addr = getelementptr i32 %c, i64 0, i64 %zext_ln65" [LSTM.cpp:67]   --->   Operation 19 'getelementptr' 'c_addr' <Predicate = (!icmp_ln65)> <Delay = 0.00>
ST_1 : Operation 20 [1/1] ( I:3.25ns O:3.25ns )   --->   "%store_ln67 = store i32 0, i5 %c_addr" [LSTM.cpp:67]   --->   Operation 20 'store' 'store_ln67' <Predicate = (!icmp_ln65)> <Delay = 3.25> <CoreInst = "RAM">   --->   Core 81 'RAM' <Latency = 1> <II = 1> <Delay = 3.25> <Storage> <Opcode : 'load' 'store'> <Ports = 2> <Width = 32> <Depth = 32> <RAM>
ST_1 : Operation 21 [1/1] (1.58ns)   --->   "%store_ln65 = store i6 %add_ln65, i6 %j" [LSTM.cpp:65]   --->   Operation 21 'store' 'store_ln65' <Predicate = (!icmp_ln65)> <Delay = 1.58>
ST_1 : Operation 22 [1/1] (0.00ns)   --->   "%br_ln65 = br void %for.inc" [LSTM.cpp:65]   --->   Operation 22 'br' 'br_ln65' <Predicate = (!icmp_ln65)> <Delay = 0.00>
ST_1 : Operation 23 [1/1] (1.58ns)   --->   "%ret_ln0 = ret"   --->   Operation 23 'ret' 'ret_ln0' <Predicate = (icmp_ln65)> <Delay = 1.58>


============================================================
+ Verbose Summary: Binding
============================================================
STG Binding: 
---------------- STG Properties BEGIN ----------------
- Is combinational: 0
- Is one-state seq: 0
- Is datapath-only: 0
- Is pipelined: 0
- Is top level: 0
Port [ Return ] is wired: 1; IO mode=ap_ctrl_hs:ce=0
Port [ h]:  wired=1; compound=1; hidden=0; nouse=0; global=0; static=0; extern=0; dir=1; type=1; pingpong=0; private_global=0; MemPort=[03]; IO mode=ap_memory:ce=0
Port [ c]:  wired=1; compound=1; hidden=0; nouse=0; global=0; static=0; extern=0; dir=1; type=1; pingpong=0; private_global=0; MemPort=[03]; IO mode=ap_memory:ce=0
---------------- STG Properties END ------------------

---------------- Datapath Model BEGIN ----------------

<LifeTime>
<method=bitvector/>
j                      (alloca           ) [ 01]
specinterface_ln0      (specinterface    ) [ 00]
specinterface_ln0      (specinterface    ) [ 00]
store_ln65             (store            ) [ 00]
br_ln0                 (br               ) [ 00]
j_3                    (load             ) [ 00]
icmp_ln65              (icmp             ) [ 01]
add_ln65               (add              ) [ 00]
br_ln65                (br               ) [ 00]
zext_ln65              (zext             ) [ 00]
specpipeline_ln65      (specpipeline     ) [ 00]
speclooptripcount_ln65 (speclooptripcount) [ 00]
specloopname_ln65      (specloopname     ) [ 00]
h_addr                 (getelementptr    ) [ 00]
store_ln66             (store            ) [ 00]
c_addr                 (getelementptr    ) [ 00]
store_ln67             (store            ) [ 00]
store_ln65             (store            ) [ 00]
br_ln65                (br               ) [ 00]
ret_ln0                (ret              ) [ 00]
</LifeTime>

<model>

<comp_list>
<comp id="0" class="1000" name="h">
<pin_list>
<pin id="1" dir="1" index="0" bw="1" slack="0"/>
</pin_list>
<bind>
<StgValue><ssdm name="h"/><MemPortTyVec>0 3 </MemPortTyVec>
</StgValue>
</bind>
</comp>

<comp id="2" class="1000" name="c">
<pin_list>
<pin id="3" dir="1" index="0" bw="1" slack="0"/>
</pin_list>
<bind>
<StgValue><ssdm name="c"/><MemPortTyVec>0 3 </MemPortTyVec>
</StgValue>
</bind>
</comp>

<comp id="4" class="1001" name="const_4">
<pin_list>
<pin id="5" dir="1" index="0" bw="1" slack="0"/>
</pin_list>
<bind>
<StgValue><ssdm name=""/></StgValue>
</bind>
</comp>

<comp id="6" class="1001" name="const_6">
<pin_list>
<pin id="7" dir="1" index="0" bw="1" slack="2147483647"/>
</pin_list>
<bind>
<StgValue><ssdm name="_ssdm_op_SpecInterface"/></StgValue>
</bind>
</comp>

<comp id="8" class="1001" name="const_8">
<pin_list>
<pin id="9" dir="1" index="0" bw="1" slack="2147483647"/>
</pin_list>
<bind>
<StgValue><ssdm name="empty"/></StgValue>
</bind>
</comp>

<comp id="10" class="1001" name="const_10">
<pin_list>
<pin id="11" dir="1" index="0" bw="1" slack="0"/>
</pin_list>
<bind>
<StgValue><ssdm name=""/></StgValue>
</bind>
</comp>

<comp id="12" class="1001" name="const_12">
<pin_list>
<pin id="13" dir="1" index="0" bw="1" slack="2147483647"/>
</pin_list>
<bind>
<StgValue><ssdm name="empty_0"/></StgValue>
</bind>
</comp>

<comp id="14" class="1001" name="const_14">
<pin_list>
<pin id="15" dir="1" index="0" bw="1" slack="2147483647"/>
</pin_list>
<bind>
<StgValue><ssdm name=""/></StgValue>
</bind>
</comp>

<comp id="16" class="1001" name="const_16">
<pin_list>
<pin id="17" dir="1" index="0" bw="1" slack="0"/>
</pin_list>
<bind>
<StgValue><ssdm name=""/></StgValue>
</bind>
</comp>

<comp id="18" class="1001" name="const_18">
<pin_list>
<pin id="19" dir="1" index="0" bw="1" slack="0"/>
</pin_list>
<bind>
<StgValue><ssdm name=""/></StgValue>
</bind>
</comp>

<comp id="20" class="1001" name="const_20">
<pin_list>
<pin id="21" dir="1" index="0" bw="1" slack="0"/>
</pin_list>
<bind>
<StgValue><ssdm name=""/></StgValue>
</bind>
</comp>

<comp id="22" class="1001" name="const_22">
<pin_list>
<pin id="23" dir="1" index="0" bw="1" slack="2147483647"/>
</pin_list>
<bind>
<StgValue><ssdm name="_ssdm_op_SpecPipeline"/></StgValue>
</bind>
</comp>

<comp id="24" class="1001" name="const_24">
<pin_list>
<pin id="25" dir="1" index="0" bw="1" slack="2147483647"/>
</pin_list>
<bind>
<StgValue><ssdm name="_ssdm_op_SpecLoopTripCount"/></StgValue>
</bind>
</comp>

<comp id="26" class="1001" name="const_26">
<pin_list>
<pin id="27" dir="1" index="0" bw="1" slack="2147483647"/>
</pin_list>
<bind>
<StgValue><ssdm name=""/></StgValue>
</bind>
</comp>

<comp id="28" class="1001" name="const_28">
<pin_list>
<pin id="29" dir="1" index="0" bw="1" slack="2147483647"/>
</pin_list>
<bind>
<StgValue><ssdm name="_ssdm_op_SpecLoopName"/></StgValue>
</bind>
</comp>

<comp id="30" class="1001" name="const_30">
<pin_list>
<pin id="31" dir="1" index="0" bw="1" slack="2147483647"/>
</pin_list>
<bind>
<StgValue><ssdm name="empty_3"/></StgValue>
</bind>
</comp>

<comp id="32" class="1001" name="const_32">
<pin_list>
<pin id="33" dir="1" index="0" bw="1" slack="0"/>
</pin_list>
<bind>
<StgValue><ssdm name=""/></StgValue>
</bind>
</comp>

<comp id="34" class="1004" name="j_fu_34">
<pin_list>
<pin id="35" dir="0" index="0" bw="1" slack="0"/>
<pin id="36" dir="1" index="1" bw="6" slack="0"/>
</pin_list>
<bind>
<opcode="alloca(26) " fcode="alloca"/>
<opset="j/1 "/>
</bind>
</comp>

<comp id="38" class="1004" name="h_addr_gep_fu_38">
<pin_list>
<pin id="39" dir="0" index="0" bw="32" slack="0"/>
<pin id="40" dir="0" index="1" bw="1" slack="0"/>
<pin id="41" dir="0" index="2" bw="6" slack="0"/>
<pin id="42" dir="1" index="3" bw="5" slack="0"/>
</pin_list>
<bind>
<opcode="getelementptr(29) " fcode="getelementptr"/>
<opset="h_addr/1 "/>
</bind>
</comp>

<comp id="45" class="1004" name="store_ln66_access_fu_45">
<pin_list>
<pin id="46" dir="0" index="0" bw="5" slack="0"/>
<pin id="47" dir="0" index="1" bw="32" slack="0"/>
<pin id="48" dir="0" index="2" bw="0" slack="2147483647"/>
<pin id="49" dir="1" index="3" bw="32" slack="2147483647"/>
</pin_list>
<bind>
<opcode="store(28) " fcode="store"/>
<opset="store_ln66/1 "/>
</bind>
</comp>

<comp id="52" class="1004" name="c_addr_gep_fu_52">
<pin_list>
<pin id="53" dir="0" index="0" bw="32" slack="0"/>
<pin id="54" dir="0" index="1" bw="1" slack="0"/>
<pin id="55" dir="0" index="2" bw="6" slack="0"/>
<pin id="56" dir="1" index="3" bw="5" slack="0"/>
</pin_list>
<bind>
<opcode="getelementptr(29) " fcode="getelementptr"/>
<opset="c_addr/1 "/>
</bind>
</comp>

<comp id="59" class="1004" name="store_ln67_access_fu_59">
<pin_list>
<pin id="60" dir="0" index="0" bw="5" slack="0"/>
<pin id="61" dir="0" index="1" bw="32" slack="0"/>
<pin id="62" dir="0" index="2" bw="0" slack="2147483647"/>
<pin id="63" dir="1" index="3" bw="32" slack="2147483647"/>
</pin_list>
<bind>
<opcode="store(28) " fcode="store"/>
<opset="store_ln67/1 "/>
</bind>
</comp>

<comp id="66" class="1004" name="store_ln65_store_fu_66">
<pin_list>
<pin id="67" dir="0" index="0" bw="1" slack="0"/>
<pin id="68" dir="0" index="1" bw="6" slack="0"/>
<pin id="69" dir="1" index="2" bw="0" slack="2147483647"/>
</pin_list>
<bind>
<opcode="store(28) " fcode="store"/>
<opset="store_ln65/1 "/>
</bind>
</comp>

<comp id="71" class="1004" name="j_3_load_fu_71">
<pin_list>
<pin id="72" dir="0" index="0" bw="6" slack="0"/>
<pin id="73" dir="1" index="1" bw="6" slack="0"/>
</pin_list>
<bind>
<opcode="load(27) " fcode="load"/>
<opset="j_3/1 "/>
</bind>
</comp>

<comp id="74" class="1004" name="icmp_ln65_fu_74">
<pin_list>
<pin id="75" dir="0" index="0" bw="6" slack="0"/>
<pin id="76" dir="0" index="1" bw="6" slack="0"/>
<pin id="77" dir="1" index="2" bw="1" slack="2147483647"/>
</pin_list>
<bind>
<opcode="icmp(45) " fcode="icmp"/>
<opset="icmp_ln65/1 "/>
</bind>
</comp>

<comp id="80" class="1004" name="add_ln65_fu_80">
<pin_list>
<pin id="81" dir="0" index="0" bw="6" slack="0"/>
<pin id="82" dir="0" index="1" bw="1" slack="0"/>
<pin id="83" dir="1" index="2" bw="6" slack="0"/>
</pin_list>
<bind>
<opcode="add(8) " fcode="add"/>
<opset="add_ln65/1 "/>
</bind>
</comp>

<comp id="86" class="1004" name="zext_ln65_fu_86">
<pin_list>
<pin id="87" dir="0" index="0" bw="6" slack="0"/>
<pin id="88" dir="1" index="1" bw="64" slack="0"/>
</pin_list>
<bind>
<opcode="zext(34) " fcode="zext"/>
<opset="zext_ln65/1 "/>
</bind>
</comp>

<comp id="92" class="1004" name="store_ln65_store_fu_92">
<pin_list>
<pin id="93" dir="0" index="0" bw="6" slack="0"/>
<pin id="94" dir="0" index="1" bw="6" slack="0"/>
<pin id="95" dir="1" index="2" bw="0" slack="2147483647"/>
</pin_list>
<bind>
<opcode="store(28) " fcode="store"/>
<opset="store_ln65/1 "/>
</bind>
</comp>

<comp id="97" class="1005" name="j_reg_97">
<pin_list>
<pin id="98" dir="0" index="0" bw="6" slack="0"/>
<pin id="99" dir="1" index="1" bw="6" slack="0"/>
</pin_list>
<bind>
<opset="j "/>
</bind>
</comp>

</comp_list>

<net_list>
<net id="37"><net_src comp="4" pin="0"/><net_sink comp="34" pin=0"/></net>

<net id="43"><net_src comp="0" pin="0"/><net_sink comp="38" pin=0"/></net>

<net id="44"><net_src comp="32" pin="0"/><net_sink comp="38" pin=1"/></net>

<net id="50"><net_src comp="10" pin="0"/><net_sink comp="45" pin=1"/></net>

<net id="51"><net_src comp="38" pin="3"/><net_sink comp="45" pin=0"/></net>

<net id="57"><net_src comp="2" pin="0"/><net_sink comp="52" pin=0"/></net>

<net id="58"><net_src comp="32" pin="0"/><net_sink comp="52" pin=1"/></net>

<net id="64"><net_src comp="10" pin="0"/><net_sink comp="59" pin=1"/></net>

<net id="65"><net_src comp="52" pin="3"/><net_sink comp="59" pin=0"/></net>

<net id="70"><net_src comp="16" pin="0"/><net_sink comp="66" pin=0"/></net>

<net id="78"><net_src comp="71" pin="1"/><net_sink comp="74" pin=0"/></net>

<net id="79"><net_src comp="18" pin="0"/><net_sink comp="74" pin=1"/></net>

<net id="84"><net_src comp="71" pin="1"/><net_sink comp="80" pin=0"/></net>

<net id="85"><net_src comp="20" pin="0"/><net_sink comp="80" pin=1"/></net>

<net id="89"><net_src comp="71" pin="1"/><net_sink comp="86" pin=0"/></net>

<net id="90"><net_src comp="86" pin="1"/><net_sink comp="38" pin=2"/></net>

<net id="91"><net_src comp="86" pin="1"/><net_sink comp="52" pin=2"/></net>

<net id="96"><net_src comp="80" pin="2"/><net_sink comp="92" pin=0"/></net>

<net id="100"><net_src comp="34" pin="1"/><net_sink comp="97" pin=0"/></net>

<net id="101"><net_src comp="97" pin="1"/><net_sink comp="66" pin=1"/></net>

<net id="102"><net_src comp="97" pin="1"/><net_sink comp="71" pin=0"/></net>

<net id="103"><net_src comp="97" pin="1"/><net_sink comp="92" pin=1"/></net>

</net_list>

</model> 
---------------- Datapath Model END ------------------

* FSMD analyzer results:
  - Output states:
	Port: h | {1 }
	Port: c | {1 }
 - Input state : 
  - Chain level:
	State 1
		store_ln65 : 1
		j_3 : 1
		icmp_ln65 : 2
		add_ln65 : 2
		br_ln65 : 3
		zext_ln65 : 2
		h_addr : 3
		store_ln66 : 4
		c_addr : 3
		store_ln67 : 4
		store_ln65 : 3


============================================================
+ Verbose Summary: Datapath Resource usage 
============================================================

* Functional unit list:
|----------|-----------------|---------|---------|
| Operation| Functional Unit |    FF   |   LUT   |
|----------|-----------------|---------|---------|
|   icmp   | icmp_ln65_fu_74 |    0    |    14   |
|----------|-----------------|---------|---------|
|    add   |  add_ln65_fu_80 |    0    |    14   |
|----------|-----------------|---------|---------|
|   zext   | zext_ln65_fu_86 |    0    |    0    |
|----------|-----------------|---------|---------|
|   Total  |                 |    0    |    28   |
|----------|-----------------|---------|---------|

Memories:
N/A

* Register list:
+--------+--------+
|        |   FF   |
+--------+--------+
|j_reg_97|    6   |
+--------+--------+
|  Total |    6   |
+--------+--------+

* Multiplexer (MUX) list: 
|--------|------|------|------|--------|
|  Comp  |  Pin | Size |  BW  | S x BW |
|--------|------|------|------|--------|
|  Total |      |      |      |    0   |
|--------|------|------|------|--------|



* Summary:
+-----------+--------+--------+
|           |   FF   |   LUT  |
+-----------+--------+--------+
|  Function |    0   |   28   |
|   Memory  |    -   |    -   |
|Multiplexer|    -   |    -   |
|  Register |    6   |    -   |
+-----------+--------+--------+
|   Total   |    6   |   28   |
+-----------+--------+--------+
