

================================================================
== Vitis HLS Report for 'relu_max_1'
================================================================
* Date:           Wed Jul 22 22:16:20 2026

* Version:        2025.1 (Build 6135595 on May 21 2025)
* Project:        Relu_Max_1
* Solution:       hls (Vivado IP Flow Target)
* Product family: zynq
* Target device:  xc7z020-clg400-1


================================================================
== Performance Estimates
================================================================
+ Timing: 
    * Summary: 
    +--------+----------+----------+------------+
    |  Clock |  Target  | Estimated| Uncertainty|
    +--------+----------+----------+------------+
    |ap_clk  |  12.00 ns|  8.685 ns|     3.24 ns|
    +--------+----------+----------+------------+

+ Latency: 
    * Summary: 
    +---------+---------+----------+----------+-----+-----+------------------------------------------------+
    |  Latency (cycles) |  Latency (absolute) |  Interval |                    Pipeline                    |
    |   min   |   max   |    min   |    max   | min | max |                      Type                      |
    +---------+---------+----------+----------+-----+-----+------------------------------------------------+
    |      262|      262|  3.144 us|  3.144 us|  256|  256|  loop auto-rewind stp (delay=0 clock cycles(s))|
    +---------+---------+----------+----------+-----+-----+------------------------------------------------+

    + Detail: 
        * Instance: 
        N/A

        * Loop: 
        +-----------+---------+---------+----------+-----------+-----------+------+----------+
        |           |  Latency (cycles) | Iteration|  Initiation Interval  | Trip |          |
        | Loop Name |   min   |   max   |  Latency |  achieved |   target  | Count| Pipelined|
        +-----------+---------+---------+----------+-----------+-----------+------+----------+
        |- CH_POOL  |      260|      260|         6|          1|          1|   256|       yes|
        +-----------+---------+---------+----------+-----------+-----------+------+----------+



================================================================
== Utilization Estimates
================================================================
* Summary: 
+-----------------+---------+-----+--------+-------+-----+
|       Name      | BRAM_18K| DSP |   FF   |  LUT  | URAM|
+-----------------+---------+-----+--------+-------+-----+
|DSP              |        -|    -|       -|      -|    -|
|Expression       |        -|    -|       0|    312|    -|
|FIFO             |        -|    -|       -|      -|    -|
|Instance         |        -|    -|       -|      -|    -|
|Memory           |        -|    -|       -|      -|    -|
|Multiplexer      |        -|    -|       0|     81|    -|
|Register         |        -|    -|     333|     64|    -|
+-----------------+---------+-----+--------+-------+-----+
|Total            |        0|    0|     333|    457|    0|
+-----------------+---------+-----+--------+-------+-----+
|Available        |      280|  220|  106400|  53200|    0|
+-----------------+---------+-----+--------+-------+-----+
|Utilization (%)  |        0|    0|      ~0|     ~0|    0|
+-----------------+---------+-----+--------+-------+-----+

+ Detail: 
    * Instance: 
    +--------------------------------+-----------------------------+---------+----+---+----+-----+
    |            Instance            |            Module           | BRAM_18K| DSP| FF| LUT| URAM|
    +--------------------------------+-----------------------------+---------+----+---+----+-----+
    |fcmp_32ns_32ns_1_2_no_dsp_1_U1  |fcmp_32ns_32ns_1_2_no_dsp_1  |        0|   0|  0|   0|    0|
    |fcmp_32ns_32ns_1_2_no_dsp_1_U2  |fcmp_32ns_32ns_1_2_no_dsp_1  |        0|   0|  0|   0|    0|
    +--------------------------------+-----------------------------+---------+----+---+----+-----+
    |Total                           |                             |        0|   0|  0|   0|    0|
    +--------------------------------+-----------------------------+---------+----+---+----+-----+

    * DSP: 
    N/A

    * Memory: 
    N/A

    * FIFO: 
    N/A

    * Expression: 
    +-----------------------+----------+----+---+----+------------+------------+
    |     Variable Name     | Operation| DSP| FF| LUT| Bitwidth P0| Bitwidth P1|
    +-----------------------+----------+----+---+----+------------+------------+
    |add_ln13_fu_405_p2     |         +|   0|  0|  15|           8|           8|
    |add_ln8_1_fu_225_p2    |         +|   0|  0|  15|           8|           1|
    |add_ln8_fu_159_p2      |         +|   0|  0|  13|           5|           1|
    |o_fu_219_p2            |         +|   0|  0|  13|           5|           1|
    |and_ln12_1_fu_334_p2   |       and|   0|  0|   2|           1|           1|
    |and_ln12_fu_328_p2     |       and|   0|  0|   2|           1|           1|
    |and_ln13_fu_381_p2     |       and|   0|  0|   2|           1|           1|
    |ap_condition_403       |       and|   0|  0|   2|           1|           1|
    |ap_condition_98        |       and|   0|  0|   2|           1|           1|
    |icmp_ln12_1_fu_302_p2  |      icmp|   0|  0|  30|          23|           1|
    |icmp_ln12_2_fu_308_p2  |      icmp|   0|  0|  15|           8|           2|
    |icmp_ln12_3_fu_314_p2  |      icmp|   0|  0|  30|          23|           1|
    |icmp_ln12_fu_296_p2    |      icmp|   0|  0|  15|           8|           2|
    |icmp_ln13_1_fu_369_p2  |      icmp|   0|  0|  30|          23|           1|
    |icmp_ln13_fu_363_p2    |      icmp|   0|  0|  15|           8|           2|
    |icmp_ln8_fu_237_p2     |      icmp|   0|  0|  15|           8|           2|
    |icmp_ln9_fu_231_p2     |      icmp|   0|  0|  14|           5|           6|
    |or_ln12_1_fu_324_p2    |        or|   0|  0|   2|           1|           1|
    |or_ln12_fu_320_p2      |        or|   0|  0|   2|           1|           1|
    |or_ln13_fu_375_p2      |        or|   0|  0|   2|           1|           1|
    |m_fu_340_p3            |    select|   0|  0|  32|           1|          32|
    |r_fu_173_p3            |    select|   0|  0|   5|           1|           5|
    |select_ln13_fu_387_p3  |    select|   0|  0|  32|           1|          32|
    |select_ln8_fu_165_p3   |    select|   0|  0|   5|           1|           1|
    |ap_enable_pp0          |       xor|   0|  0|   2|           1|           2|
    +-----------------------+----------+----+---+----+------------+------------+
    |Total                  |          |   0|  0| 312|         145|         108|
    +-----------------------+----------+----+---+----+------------+------------+

    * Multiplexer: 
    +---------------------------------------+----+-----------+-----+-----------+
    |                  Name                 | LUT| Input Size| Bits| Total Bits|
    +---------------------------------------+----+-----------+-----+-----------+
    |ap_done_int                            |   9|          2|    1|          2|
    |ap_loop_exit_ready_pp0_iter5_reg       |   9|          2|    1|          2|
    |ap_phi_mux_icmp_ln94_phi_fu_119_p4     |   9|          2|    1|          2|
    |ap_sig_allocacmp_indvar_flatten1_load  |   9|          2|    8|         16|
    |ap_sig_allocacmp_o3_load               |   9|          2|    5|         10|
    |ap_sig_allocacmp_r2_load               |   9|          2|    5|         10|
    |indvar_flatten1_fu_66                  |   9|          2|    8|         16|
    |o3_fu_74                               |   9|          2|    5|         10|
    |r2_fu_70                               |   9|          2|    5|         10|
    +---------------------------------------+----+-----------+-----+-----------+
    |Total                                  |  81|         18|   39|         78|
    +---------------------------------------+----+-----------+-----+-----------+

    * Register: 
    +----------------------------------+----+----+-----+-----------+
    |               Name               | FF | LUT| Bits| Const Bits|
    +----------------------------------+----+----+-----+-----------+
    |a_reg_466                         |  32|   0|   32|          0|
    |ap_CS_fsm                         |   1|   0|    1|          0|
    |ap_done_reg                       |   1|   0|    1|          0|
    |ap_enable_reg_pp0_iter1           |   1|   0|    1|          0|
    |ap_enable_reg_pp0_iter2           |   1|   0|    1|          0|
    |ap_enable_reg_pp0_iter3           |   1|   0|    1|          0|
    |ap_enable_reg_pp0_iter4           |   1|   0|    1|          0|
    |ap_enable_reg_pp0_iter5           |   1|   0|    1|          0|
    |ap_loop_exit_ready_pp0_iter1_reg  |   1|   0|    1|          0|
    |ap_loop_exit_ready_pp0_iter2_reg  |   1|   0|    1|          0|
    |ap_loop_exit_ready_pp0_iter3_reg  |   1|   0|    1|          0|
    |ap_loop_exit_ready_pp0_iter4_reg  |   1|   0|    1|          0|
    |ap_loop_exit_ready_pp0_iter5_reg  |   1|   0|    1|          0|
    |b_reg_472                         |  32|   0|   32|          0|
    |icmp_ln12_1_reg_483               |   1|   0|    1|          0|
    |icmp_ln12_2_reg_488               |   1|   0|    1|          0|
    |icmp_ln12_3_reg_493               |   1|   0|    1|          0|
    |icmp_ln12_reg_478                 |   1|   0|    1|          0|
    |icmp_ln8_reg_462                  |   1|   0|    1|          0|
    |icmp_ln9_reg_457                  |   1|   0|    1|          0|
    |indvar_flatten1_fu_66             |   8|   0|    8|          0|
    |m_reg_498                         |  32|   0|   32|          0|
    |m_reg_498_pp0_iter3_reg           |  32|   0|   32|          0|
    |o3_fu_74                          |   5|   0|    5|          0|
    |r2_fu_70                          |   5|   0|    5|          0|
    |select_ln13_reg_504               |  32|   0|   32|          0|
    |select_ln8_reg_437                |   5|   0|    5|          0|
    |trunc_ln13_reg_442                |   4|   0|    4|          0|
    |select_ln8_reg_437                |  64|  32|    5|          0|
    |trunc_ln13_reg_442                |  64|  32|    4|          0|
    +----------------------------------+----+----+-----+-----------+
    |Total                             | 333|  64|  214|          0|
    +----------------------------------+----+----+-----+-----------+



================================================================
== Interface
================================================================
* Summary: 
+-------------------+-----+-----+------------+--------------+--------------+
|     RTL Ports     | Dir | Bits|  Protocol  | Source Object|    C Type    |
+-------------------+-----+-----+------------+--------------+--------------+
|ap_clk             |   in|    1|  ap_ctrl_hs|    relu_max_1|  return value|
|ap_rst             |   in|    1|  ap_ctrl_hs|    relu_max_1|  return value|
|ap_start           |   in|    1|  ap_ctrl_hs|    relu_max_1|  return value|
|ap_done            |  out|    1|  ap_ctrl_hs|    relu_max_1|  return value|
|ap_idle            |  out|    1|  ap_ctrl_hs|    relu_max_1|  return value|
|ap_ready           |  out|    1|  ap_ctrl_hs|    relu_max_1|  return value|
|input_r_address0   |  out|    9|   ap_memory|       input_r|         array|
|input_r_ce0        |  out|    1|   ap_memory|       input_r|         array|
|input_r_q0         |   in|   32|   ap_memory|       input_r|         array|
|input_r_address1   |  out|    9|   ap_memory|       input_r|         array|
|input_r_ce1        |  out|    1|   ap_memory|       input_r|         array|
|input_r_q1         |   in|   32|   ap_memory|       input_r|         array|
|output_r_address0  |  out|    8|   ap_memory|      output_r|         array|
|output_r_ce0       |  out|    1|   ap_memory|      output_r|         array|
|output_r_we0       |  out|    1|   ap_memory|      output_r|         array|
|output_r_d0        |  out|   32|   ap_memory|      output_r|         array|
+-------------------+-----+-----+------------+--------------+--------------+

