

================================================================
== Vitis HLS Report for 'conv1_1d'
================================================================
* Date:           Wed Jul 22 22:06:25 2026

* Version:        2025.1 (Build 6135595 on May 21 2025)
* Project:        conv1
* Solution:       hls (Vivado IP Flow Target)
* Product family: zynq
* Target device:  xc7z020-clg400-1


================================================================
== Performance Estimates
================================================================
+ Timing: 
    * Summary: 
    +--------+----------+----------+------------+
    |  Clock |  Target  | Estimated| Uncertainty|
    +--------+----------+----------+------------+
    |ap_clk  |  12.00 ns|  8.424 ns|     3.24 ns|
    +--------+----------+----------+------------+

+ Latency: 
    * Summary: 
    +---------+---------+-----------+-----------+------+------+------------------------------------------------+
    |  Latency (cycles) |   Latency (absolute)  |   Interval  |                    Pipeline                    |
    |   min   |   max   |    min    |    max    |  min |  max |                      Type                      |
    +---------+---------+-----------+-----------+------+------+------------------------------------------------+
    |     2618|     2618|  31.416 us|  31.416 us|  2569|  2569|  loop auto-rewind stp (delay=9 clock cycles(s))|
    +---------+---------+-----------+-----------+------+------+------------------------------------------------+

    + Detail: 
        * Instance: 
        N/A

        * Loop: 
        +-----------------------------------+---------+---------+----------+-----------+-----------+------+----------+
        |                                   |  Latency (cycles) | Iteration|  Initiation Interval  | Trip |          |
        |             Loop Name             |   min   |   max   |  Latency |  achieved |   target  | Count| Pipelined|
        +-----------------------------------+---------+---------+----------+-----------+-----------+------+----------+
        |- VITIS_LOOP_15_1_VITIS_LOOP_16_2  |     2616|     2616|        62|          5|          1|   512|       yes|
        +-----------------------------------+---------+---------+----------+-----------+-----------+------+----------+



================================================================
== Utilization Estimates
================================================================
* Summary: 
+-----------------+---------+-----+--------+-------+-----+
|       Name      | BRAM_18K| DSP |   FF   |  LUT  | URAM|
+-----------------+---------+-----+--------+-------+-----+
|DSP              |        -|    -|       -|      -|    -|
|Expression       |        -|    -|       0|    589|    -|
|FIFO             |        -|    -|       -|      -|    -|
|Instance         |        -|   10|     696|   1422|    -|
|Memory           |        -|    -|       -|      -|    -|
|Multiplexer      |        -|    -|       0|    601|    -|
|Register         |        -|    -|    1859|    352|    -|
+-----------------+---------+-----+--------+-------+-----+
|Total            |        0|   10|    2555|   2964|    0|
+-----------------+---------+-----+--------+-------+-----+
|Available        |      280|  220|  106400|  53200|    0|
+-----------------+---------+-----+--------+-------+-----+
|Utilization (%)  |        0|    4|       2|      5|    0|
+-----------------+---------+-----+--------+-------+-----+

+ Detail: 
    * Instance: 
    +-----------------------------------+--------------------------------+---------+----+-----+-----+-----+
    |              Instance             |             Module             | BRAM_18K| DSP|  FF | LUT | URAM|
    +-----------------------------------+--------------------------------+---------+----+-----+-----+-----+
    |fadd_32ns_32ns_32_5_full_dsp_1_U1  |fadd_32ns_32ns_32_5_full_dsp_1  |        0|   2|  205|  390|    0|
    |fadd_32ns_32ns_32_5_full_dsp_1_U2  |fadd_32ns_32ns_32_5_full_dsp_1  |        0|   2|  205|  390|    0|
    |fmul_32ns_32ns_32_4_max_dsp_1_U3   |fmul_32ns_32ns_32_4_max_dsp_1   |        0|   3|  143|  321|    0|
    |fmul_32ns_32ns_32_4_max_dsp_1_U4   |fmul_32ns_32ns_32_4_max_dsp_1   |        0|   3|  143|  321|    0|
    +-----------------------------------+--------------------------------+---------+----+-----+-----+-----+
    |Total                              |                                |        0|  10|  696| 1422|    0|
    +-----------------------------------+--------------------------------+---------+----+-----+-----+-----+

    * DSP: 
    N/A

    * Memory: 
    N/A

    * FIFO: 
    N/A

    * Expression: 
    +-----------------------+----------+----+---+----+------------+------------+
    |     Variable Name     | Operation| DSP| FF| LUT| Bitwidth P0| Bitwidth P1|
    +-----------------------+----------+----+---+----+------------+------------+
    |add_ln15_1_fu_806_p2   |         +|   0|  0|  14|           9|           1|
    |add_ln15_fu_387_p2     |         +|   0|  0|  13|           5|           1|
    |add_ln24_2_fu_590_p2   |         +|   0|  0|  14|           6|           2|
    |add_ln24_fu_449_p2     |         +|   0|  0|  14|           6|           2|
    |add_ln25_1_fu_694_p2   |         +|   0|  0|  14|           6|           5|
    |add_ln25_2_fu_764_p2   |         +|   0|  0|  14|           6|           6|
    |add_ln25_3_fu_785_p2   |         +|   0|  0|  14|           6|           6|
    |add_ln25_fu_580_p2     |         +|   0|  0|  14|           6|           5|
    |add_ln29_fu_931_p2     |         +|   0|  0|  14|           9|           9|
    |empty_10_fu_640_p2     |         +|   0|  0|  14|           9|           9|
    |empty_12_fu_730_p2     |         +|   0|  0|  15|           8|           1|
    |empty_13_fu_740_p2     |         +|   0|  0|  15|           8|           2|
    |empty_14_fu_828_p2     |         +|   0|  0|  15|           8|           2|
    |empty_15_fu_838_p2     |         +|   0|  0|  15|           8|           3|
    |empty_26_fu_430_p2     |         +|   0|  0|  14|           6|           3|
    |empty_7_fu_560_p2      |         +|   0|  0|  15|           8|           2|
    |empty_8_fu_570_p2      |         +|   0|  0|  15|           8|           2|
    |empty_9_fu_608_p2      |         +|   0|  0|  15|           8|           3|
    |empty_fu_495_p2        |         +|   0|  0|  14|           9|           9|
    |o_fu_537_p2            |         +|   0|  0|  14|           6|           1|
    |ap_condition_1068      |       and|   0|  0|   2|           1|           1|
    |ap_condition_549       |       and|   0|  0|   2|           1|           1|
    |icmp_ln15_fu_817_p2    |      icmp|   0|  0|  14|           9|           2|
    |icmp_ln16_fu_812_p2    |      icmp|   0|  0|  14|           6|           7|
    |oc_fu_401_p3           |    select|   0|  0|   5|           1|           5|
    |select_ln15_fu_393_p3  |    select|   0|  0|   6|           1|           1|
    |v_1_fu_708_p3          |    select|   0|  0|  32|           1|           1|
    |v_3_fu_777_p3          |    select|   0|  0|  32|           1|           1|
    |v_4_fu_862_p3          |    select|   0|  0|  32|           1|           1|
    |v_5_fu_720_p3          |    select|   0|  0|  32|           1|           1|
    |v_6_fu_799_p3          |    select|   0|  0|  32|           1|           1|
    |v_8_fu_874_p3          |    select|   0|  0|  32|           1|           1|
    |v_9_fu_885_p3          |    select|   0|  0|  32|           1|           1|
    |v_fu_686_p3            |    select|   0|  0|  32|           1|           1|
    |ap_enable_pp0          |       xor|   0|  0|   2|           1|           2|
    |xor_ln25_fu_665_p2     |       xor|   0|  0|   2|           1|           2|
    +-----------------------+----------+----+---+----+------------+------------+
    |Total                  |          |   0|  0| 589|         174|         103|
    +-----------------------+----------+----+---+----+------------+------------+

    * Multiplexer: 
    +--------------------------------------------------+----+-----------+-----+-----------+
    |                       Name                       | LUT| Input Size| Bits| Total Bits|
    +--------------------------------------------------+----+-----------+-----+-----------+
    |ap_NS_fsm                                         |  31|          6|    1|          6|
    |ap_condition_exit_pp0_iter0_stage4_pp0_iter1_reg  |   9|          2|    1|          2|
    |ap_done_int                                       |   9|          2|    1|          2|
    |ap_enable_reg_pp0_iter0                           |   9|          2|    1|          2|
    |ap_enable_reg_pp0_iter12                          |   9|          2|    1|          2|
    |ap_loop_exit_ready_pp0_iter10_reg                 |   9|          2|    1|          2|
    |ap_loop_exit_ready_pp0_iter11_reg                 |   9|          2|    1|          2|
    |ap_loop_exit_ready_pp0_iter12_reg                 |   9|          2|    1|          2|
    |ap_loop_exit_ready_pp0_iter1_reg                  |   9|          2|    1|          2|
    |ap_loop_exit_ready_pp0_iter2_reg                  |   9|          2|    1|          2|
    |ap_loop_exit_ready_pp0_iter3_reg                  |   9|          2|    1|          2|
    |ap_loop_exit_ready_pp0_iter4_reg                  |   9|          2|    1|          2|
    |ap_loop_exit_ready_pp0_iter5_reg                  |   9|          2|    1|          2|
    |ap_loop_exit_ready_pp0_iter6_reg                  |   9|          2|    1|          2|
    |ap_loop_exit_ready_pp0_iter7_reg                  |   9|          2|    1|          2|
    |ap_loop_exit_ready_pp0_iter8_reg                  |   9|          2|    1|          2|
    |ap_loop_exit_ready_pp0_iter9_reg                  |   9|          2|    1|          2|
    |ap_phi_mux_icmp_ln164_phi_fu_327_p4               |   9|          2|    1|          2|
    |ap_sig_allocacmp_o3_load                          |   9|          2|    6|         12|
    |ap_sig_allocacmp_oc2_load                         |   9|          2|    5|         10|
    |grp_fu_334_p0                                     |  31|          6|   32|        192|
    |grp_fu_334_p1                                     |  31|          6|   32|        192|
    |grp_fu_338_p0                                     |  31|          6|   32|        192|
    |grp_fu_338_p1                                     |  31|          6|   32|        192|
    |grp_fu_342_p0                                     |  31|          6|   32|        192|
    |grp_fu_342_p1                                     |  31|          6|   32|        192|
    |grp_fu_346_p0                                     |  31|          6|   32|        192|
    |grp_fu_346_p1                                     |  31|          6|   32|        192|
    |indvar_flatten1_fu_108                            |   9|          2|    9|         18|
    |inputs_address0_local                             |  31|          6|    6|         36|
    |inputs_address1_local                             |  31|          6|    6|         36|
    |o3_fu_116                                         |   9|          2|    6|         12|
    |oc2_fu_112                                        |   9|          2|    5|         10|
    |weights_address0_local                            |  31|          6|    8|         48|
    |weights_address1_local                            |  31|          6|    8|         48|
    +--------------------------------------------------+----+-----------+-----+-----------+
    |Total                                             | 601|        122|  333|       1806|
    +--------------------------------------------------+----+-----------+-----+-----------+

    * Register: 
    +--------------------------------------------------+----+----+-----+-----------+
    |                       Name                       | FF | LUT| Bits| Const Bits|
    +--------------------------------------------------+----+----+-----+-----------+
    |acc_10_reg_1375                                   |  32|   0|   32|          0|
    |acc_1_reg_1330                                    |  32|   0|   32|          0|
    |acc_2_reg_1335                                    |  32|   0|   32|          0|
    |acc_3_reg_1340                                    |  32|   0|   32|          0|
    |acc_4_reg_1345                                    |  32|   0|   32|          0|
    |acc_5_reg_1350                                    |  32|   0|   32|          0|
    |acc_6_reg_1355                                    |  32|   0|   32|          0|
    |acc_7_reg_1360                                    |  32|   0|   32|          0|
    |acc_8_reg_1365                                    |  32|   0|   32|          0|
    |acc_9_reg_1370                                    |  32|   0|   32|          0|
    |ap_CS_fsm                                         |   5|   0|    5|          0|
    |ap_condition_exit_pp0_iter0_stage4_pp0_iter1_reg  |   1|   0|    1|          0|
    |ap_done_reg                                       |   1|   0|    1|          0|
    |ap_enable_reg_pp0_iter0_reg                       |   1|   0|    1|          0|
    |ap_enable_reg_pp0_iter1                           |   1|   0|    1|          0|
    |ap_enable_reg_pp0_iter10                          |   1|   0|    1|          0|
    |ap_enable_reg_pp0_iter11                          |   1|   0|    1|          0|
    |ap_enable_reg_pp0_iter12                          |   1|   0|    1|          0|
    |ap_enable_reg_pp0_iter2                           |   1|   0|    1|          0|
    |ap_enable_reg_pp0_iter3                           |   1|   0|    1|          0|
    |ap_enable_reg_pp0_iter4                           |   1|   0|    1|          0|
    |ap_enable_reg_pp0_iter5                           |   1|   0|    1|          0|
    |ap_enable_reg_pp0_iter6                           |   1|   0|    1|          0|
    |ap_enable_reg_pp0_iter7                           |   1|   0|    1|          0|
    |ap_enable_reg_pp0_iter8                           |   1|   0|    1|          0|
    |ap_enable_reg_pp0_iter9                           |   1|   0|    1|          0|
    |ap_loop_exit_ready_pp0_iter10_reg                 |   1|   0|    1|          0|
    |ap_loop_exit_ready_pp0_iter11_reg                 |   1|   0|    1|          0|
    |ap_loop_exit_ready_pp0_iter12_reg                 |   1|   0|    1|          0|
    |ap_loop_exit_ready_pp0_iter1_reg                  |   1|   0|    1|          0|
    |ap_loop_exit_ready_pp0_iter2_reg                  |   1|   0|    1|          0|
    |ap_loop_exit_ready_pp0_iter3_reg                  |   1|   0|    1|          0|
    |ap_loop_exit_ready_pp0_iter4_reg                  |   1|   0|    1|          0|
    |ap_loop_exit_ready_pp0_iter5_reg                  |   1|   0|    1|          0|
    |ap_loop_exit_ready_pp0_iter6_reg                  |   1|   0|    1|          0|
    |ap_loop_exit_ready_pp0_iter7_reg                  |   1|   0|    1|          0|
    |ap_loop_exit_ready_pp0_iter8_reg                  |   1|   0|    1|          0|
    |ap_loop_exit_ready_pp0_iter9_reg                  |   1|   0|    1|          0|
    |bias_load_reg_1046                                |  32|   0|   32|          0|
    |bias_load_reg_1046_pp0_iter1_reg                  |  32|   0|   32|          0|
    |bit_sel_reg_997                                   |   1|   0|    1|          0|
    |empty_11_reg_1113                                 |   7|   0|    8|          1|
    |empty_6_reg_1029                                  |   7|   0|    8|          1|
    |icmp_ln15_reg_1211                                |   1|   0|    1|          0|
    |icmp_ln16_reg_1206                                |   1|   0|    1|          0|
    |indvar_flatten1_fu_108                            |   9|   0|    9|          0|
    |inputs_load_2_reg_1087                            |  32|   0|   32|          0|
    |inputs_load_3_reg_1092                            |  32|   0|   32|          0|
    |mul_1_1_reg_1310                                  |  32|   0|   32|          0|
    |mul_1_2_reg_1315                                  |  32|   0|   32|          0|
    |mul_1_3_reg_1320                                  |  32|   0|   32|          0|
    |mul_1_4_reg_1325                                  |  32|   0|   32|          0|
    |mul_1_reg_1305                                    |  32|   0|   32|          0|
    |mul_2_reg_1290                                    |  32|   0|   32|          0|
    |mul_3_reg_1295                                    |  32|   0|   32|          0|
    |mul_4_reg_1300                                    |  32|   0|   32|          0|
    |mul_reg_1260                                      |  32|   0|   32|          0|
    |mul_s_reg_1265                                    |  32|   0|   32|          0|
    |mul_s_reg_1265_pp0_iter2_reg                      |  32|   0|   32|          0|
    |o3_fu_116                                         |   6|   0|    6|          0|
    |o_reg_1056                                        |   6|   0|    6|          0|
    |oc2_fu_112                                        |   5|   0|    5|          0|
    |oc_reg_979                                        |   5|   0|    5|          0|
    |reg_350                                           |  32|   0|   32|          0|
    |reg_354                                           |  32|   0|   32|          0|
    |reg_358                                           |  32|   0|   32|          0|
    |reg_362                                           |  32|   0|   32|          0|
    |select_ln15_reg_967                               |   6|   0|    6|          0|
    |tmp_6_reg_1012                                    |   1|   0|    1|          0|
    |tmp_7_reg_1023                                    |   1|   0|    1|          0|
    |tmp_8_reg_1066                                    |   1|   0|    1|          0|
    |tmp_9_reg_1102                                    |   1|   0|    1|          0|
    |trunc_ln15_reg_987                                |   4|   0|    4|          0|
    |trunc_ln25_reg_1002                               |   5|   0|    5|          0|
    |v_5_reg_1156                                      |  32|   0|   32|          0|
    |v_6_reg_1201                                      |  32|   0|   32|          0|
    |v_8_reg_1240                                      |  32|   0|   32|          0|
    |v_9_reg_1245                                      |  32|   0|   32|          0|
    |icmp_ln15_reg_1211                                |  64|  32|    1|          0|
    |mul_1_1_reg_1310                                  |  64|  32|   32|          0|
    |mul_1_2_reg_1315                                  |  64|  32|   32|          0|
    |mul_1_3_reg_1320                                  |  64|  32|   32|          0|
    |mul_1_4_reg_1325                                  |  64|  32|   32|          0|
    |mul_1_reg_1305                                    |  64|  32|   32|          0|
    |mul_2_reg_1290                                    |  64|  32|   32|          0|
    |mul_3_reg_1295                                    |  64|  32|   32|          0|
    |mul_4_reg_1300                                    |  64|  32|   32|          0|
    |select_ln15_reg_967                               |  64|  32|    6|          0|
    |trunc_ln15_reg_987                                |  64|  32|    4|          0|
    +--------------------------------------------------+----+----+-----+-----------+
    |Total                                             |1859| 352| 1424|          2|
    +--------------------------------------------------+----+----+-----+-----------+



================================================================
== Interface
================================================================
* Summary: 
+------------------+-----+-----+------------+--------------+--------------+
|     RTL Ports    | Dir | Bits|  Protocol  | Source Object|    C Type    |
+------------------+-----+-----+------------+--------------+--------------+
|ap_clk            |   in|    1|  ap_ctrl_hs|      conv1_1d|  return value|
|ap_rst            |   in|    1|  ap_ctrl_hs|      conv1_1d|  return value|
|ap_start          |   in|    1|  ap_ctrl_hs|      conv1_1d|  return value|
|ap_done           |  out|    1|  ap_ctrl_hs|      conv1_1d|  return value|
|ap_idle           |  out|    1|  ap_ctrl_hs|      conv1_1d|  return value|
|ap_ready          |  out|    1|  ap_ctrl_hs|      conv1_1d|  return value|
|inputs_address0   |  out|    6|   ap_memory|        inputs|         array|
|inputs_ce0        |  out|    1|   ap_memory|        inputs|         array|
|inputs_q0         |   in|   32|   ap_memory|        inputs|         array|
|inputs_address1   |  out|    6|   ap_memory|        inputs|         array|
|inputs_ce1        |  out|    1|   ap_memory|        inputs|         array|
|inputs_q1         |   in|   32|   ap_memory|        inputs|         array|
|outputs_address0  |  out|    9|   ap_memory|       outputs|         array|
|outputs_ce0       |  out|    1|   ap_memory|       outputs|         array|
|outputs_we0       |  out|    1|   ap_memory|       outputs|         array|
|outputs_d0        |  out|   32|   ap_memory|       outputs|         array|
|weights_address0  |  out|    8|   ap_memory|       weights|         array|
|weights_ce0       |  out|    1|   ap_memory|       weights|         array|
|weights_q0        |   in|   32|   ap_memory|       weights|         array|
|weights_address1  |  out|    8|   ap_memory|       weights|         array|
|weights_ce1       |  out|    1|   ap_memory|       weights|         array|
|weights_q1        |   in|   32|   ap_memory|       weights|         array|
|bias_address0     |  out|    4|   ap_memory|          bias|         array|
|bias_ce0          |  out|    1|   ap_memory|          bias|         array|
|bias_q0           |   in|   32|   ap_memory|          bias|         array|
+------------------+-----+-----+------------+--------------+--------------+

