

================================================================
== Synthesis Summary Report of 'conv1_1d'
================================================================
+ General Information: 
    * Date:           Wed Jul 22 22:06:26 2026
    * Version:        2025.1 (Build 6135595 on May 21 2025)
    * Project:        conv1
    * Solution:       hls (Vivado IP Flow Target)
    * Product family: zynq
    * Target device:  xc7z020-clg400-1
    

+ Performance & Resource Estimates: 
    
    PS: '+' for module; 'o' for loop; '*' for dataflow
    +------------------------------------+------+------+---------+-----------+----------+---------+------+----------+------+---------+-----------+-----------+-----+
    |               Modules              | Issue|      |       Latency       | Iteration|         | Trip |          |      |         |           |           |     |
    |               & Loops              | Type | Slack| (cycles)|    (ns)   |  Latency | Interval| Count| Pipelined| BRAM |   DSP   |     FF    |    LUT    | URAM|
    +------------------------------------+------+------+---------+-----------+----------+---------+------+----------+------+---------+-----------+-----------+-----+
    |+ conv1_1d                          |     -|  0.34|     2618|  3.142e+04|         -|     2560|     -|    rewind|     -|  10 (4%)|  2555 (2%)|  2964 (5%)|    -|
    | o VITIS_LOOP_15_1_VITIS_LOOP_16_2  |    II|  8.76|     2616|  3.139e+04|        62|        5|   512|       yes|     -|        -|          -|          -|    -|
    +------------------------------------+------+------+---------+-----------+----------+---------+------+----------+------+---------+-----------+-----------+-----+


================================================================
== HW Interfaces
================================================================
* AP_MEMORY
+------------------+-----------+----------+
| Port             | Direction | Bitwidth |
+------------------+-----------+----------+
| bias_address0    | out       | 4        |
| bias_q0          | in        | 32       |
| inputs_address0  | out       | 6        |
| inputs_address1  | out       | 6        |
| inputs_q0        | in        | 32       |
| inputs_q1        | in        | 32       |
| outputs_address0 | out       | 9        |
| outputs_d0       | out       | 32       |
| weights_address0 | out       | 8        |
| weights_address1 | out       | 8        |
| weights_q0       | in        | 32       |
| weights_q1       | in        | 32       |
+------------------+-----------+----------+

* TOP LEVEL CONTROL
+-----------+------------+-----------------------------------+
| Interface | Type       | Ports                             |
+-----------+------------+-----------------------------------+
| ap_clk    | clock      | ap_clk                            |
| ap_rst    | reset      | ap_rst                            |
| ap_ctrl   | ap_ctrl_hs | ap_done ap_idle ap_ready ap_start |
+-----------+------------+-----------------------------------+


================================================================
== SW I/O Information
================================================================
* Top Function Arguments
+----------+-----------+---------------+
| Argument | Direction | Datatype      |
+----------+-----------+---------------+
| inputs   | in        | float const * |
| outputs  | out       | float*        |
| weights  | in        | float const * |
| bias     | in        | float const * |
+----------+-----------+---------------+

* SW-to-HW Mapping
+----------+------------------+---------+----------+
| Argument | HW Interface     | HW Type | HW Usage |
+----------+------------------+---------+----------+
| inputs   | inputs_address0  | port    | offset   |
| inputs   | inputs_ce0       | port    |          |
| inputs   | inputs_q0        | port    |          |
| inputs   | inputs_address1  | port    | offset   |
| inputs   | inputs_ce1       | port    |          |
| inputs   | inputs_q1        | port    |          |
| outputs  | outputs_address0 | port    | offset   |
| outputs  | outputs_ce0      | port    |          |
| outputs  | outputs_we0      | port    |          |
| outputs  | outputs_d0       | port    |          |
| weights  | weights_address0 | port    | offset   |
| weights  | weights_ce0      | port    |          |
| weights  | weights_q0       | port    |          |
| weights  | weights_address1 | port    | offset   |
| weights  | weights_ce1      | port    |          |
| weights  | weights_q1       | port    |          |
| bias     | bias_address0    | port    | offset   |
| bias     | bias_ce0         | port    |          |
| bias     | bias_q0          | port    |          |
+----------+------------------+---------+----------+


================================================================
== Bind Op Report
================================================================
+-------------------------------------+-----+--------+-------------+--------+----------+---------+
| Name                                | DSP | Pragma | Variable    | Op     | Impl     | Latency |
+-------------------------------------+-----+--------+-------------+--------+----------+---------+
| + conv1_1d                          | 10  |        |             |        |          |         |
|   add_ln15_fu_387_p2                |     |        | add_ln15    | add    | fabric   | 0       |
|   select_ln15_fu_393_p3             |     |        | select_ln15 | select | auto_sel | 0       |
|   oc_fu_401_p3                      |     |        | oc          | select | auto_sel | 0       |
|   empty_fu_495_p2                   |     |        | empty       | add    | fabric   | 0       |
|   empty_7_fu_560_p2                 |     |        | empty_7     | add    | fabric   | 0       |
|   empty_8_fu_570_p2                 |     |        | empty_8     | add    | fabric   | 0       |
|   empty_9_fu_608_p2                 |     |        | empty_9     | add    | fabric   | 0       |
|   empty_10_fu_640_p2                |     |        | empty_10    | add    | fabric   | 0       |
|   empty_12_fu_730_p2                |     |        | empty_12    | add    | fabric   | 0       |
|   empty_13_fu_740_p2                |     |        | empty_13    | add    | fabric   | 0       |
|   empty_14_fu_828_p2                |     |        | empty_14    | add    | fabric   | 0       |
|   empty_15_fu_838_p2                |     |        | empty_15    | add    | fabric   | 0       |
|   xor_ln25_fu_665_p2                |     |        | xor_ln25    | xor    | auto     | 0       |
|   add_ln29_fu_931_p2                |     |        | add_ln29    | add    | fabric   | 0       |
|   empty_26_fu_430_p2                |     |        | empty_26    | add    | fabric   | 0       |
|   add_ln25_fu_580_p2                |     |        | add_ln25    | add    | fabric   | 0       |
|   v_fu_686_p3                       |     |        | v           | select | auto_sel | 0       |
|   fmul_32ns_32ns_32_4_max_dsp_1_U3  | 3   |        | mul         | fmul   | maxdsp   | 3       |
|   fadd_32ns_32ns_32_5_full_dsp_1_U1 | 2   |        | acc_1       | fadd   | fulldsp  | 4       |
|   add_ln24_fu_449_p2                |     |        | add_ln24    | add    | fabric   | 0       |
|   add_ln25_1_fu_694_p2              |     |        | add_ln25_1  | add    | fabric   | 0       |
|   v_1_fu_708_p3                     |     |        | v_1         | select | auto_sel | 0       |
|   fmul_32ns_32ns_32_4_max_dsp_1_U4  | 3   |        | mul_s       | fmul   | maxdsp   | 3       |
|   fadd_32ns_32ns_32_5_full_dsp_1_U2 | 2   |        | acc_2       | fadd   | fulldsp  | 4       |
|   fmul_32ns_32ns_32_4_max_dsp_1_U3  | 3   |        | mul_2       | fmul   | maxdsp   | 3       |
|   fadd_32ns_32ns_32_5_full_dsp_1_U1 | 2   |        | acc_3       | fadd   | fulldsp  | 4       |
|   o_fu_537_p2                       |     |        | o           | add    | fabric   | 0       |
|   add_ln25_2_fu_764_p2              |     |        | add_ln25_2  | add    | fabric   | 0       |
|   v_3_fu_777_p3                     |     |        | v_3         | select | auto_sel | 0       |
|   fmul_32ns_32ns_32_4_max_dsp_1_U4  | 3   |        | mul_3       | fmul   | maxdsp   | 3       |
|   fadd_32ns_32ns_32_5_full_dsp_1_U2 | 2   |        | acc_4       | fadd   | fulldsp  | 4       |
|   add_ln24_2_fu_590_p2              |     |        | add_ln24_2  | add    | fabric   | 0       |
|   add_ln25_3_fu_785_p2              |     |        | add_ln25_3  | add    | fabric   | 0       |
|   v_4_fu_862_p3                     |     |        | v_4         | select | auto_sel | 0       |
|   fmul_32ns_32ns_32_4_max_dsp_1_U3  | 3   |        | mul_4       | fmul   | maxdsp   | 3       |
|   fadd_32ns_32ns_32_5_full_dsp_1_U1 | 2   |        | acc_5       | fadd   | fulldsp  | 4       |
|   v_5_fu_720_p3                     |     |        | v_5         | select | auto_sel | 0       |
|   fmul_32ns_32ns_32_4_max_dsp_1_U4  | 3   |        | mul_1       | fmul   | maxdsp   | 3       |
|   fadd_32ns_32ns_32_5_full_dsp_1_U2 | 2   |        | acc_6       | fadd   | fulldsp  | 4       |
|   v_6_fu_799_p3                     |     |        | v_6         | select | auto_sel | 0       |
|   fmul_32ns_32ns_32_4_max_dsp_1_U3  | 3   |        | mul_1_1     | fmul   | maxdsp   | 3       |
|   fadd_32ns_32ns_32_5_full_dsp_1_U1 | 2   |        | acc_7       | fadd   | fulldsp  | 4       |
|   fmul_32ns_32ns_32_4_max_dsp_1_U4  | 3   |        | mul_1_2     | fmul   | maxdsp   | 3       |
|   fadd_32ns_32ns_32_5_full_dsp_1_U2 | 2   |        | acc_8       | fadd   | fulldsp  | 4       |
|   v_8_fu_874_p3                     |     |        | v_8         | select | auto_sel | 0       |
|   fmul_32ns_32ns_32_4_max_dsp_1_U3  | 3   |        | mul_1_3     | fmul   | maxdsp   | 3       |
|   fadd_32ns_32ns_32_5_full_dsp_1_U1 | 2   |        | acc_9       | fadd   | fulldsp  | 4       |
|   v_9_fu_885_p3                     |     |        | v_9         | select | auto_sel | 0       |
|   fmul_32ns_32ns_32_4_max_dsp_1_U4  | 3   |        | mul_1_4     | fmul   | maxdsp   | 3       |
|   fadd_32ns_32ns_32_5_full_dsp_1_U2 | 2   |        | acc_10      | fadd   | fulldsp  | 4       |
|   add_ln15_1_fu_806_p2              |     |        | add_ln15_1  | add    | fabric   | 0       |
|   icmp_ln16_fu_812_p2               |     |        | icmp_ln16   | seteq  | auto     | 0       |
|   icmp_ln15_fu_817_p2               |     |        | icmp_ln15   | seteq  | auto     | 0       |
+-------------------------------------+-----+--------+-------------+--------+----------+---------+


================================================================
== Storage Report
================================================================
  No bind storage info in design

================================================================
== Pragma Report
================================================================
  No pragmas found

