C:\Users\cocol\Ruby_Proj\workspace\conv1\conv1\hls\.autopilot\db\conv1.pp.0.cpp:211:5: warning: Added loop label VITIS_LOOP_15_1:   [xilinx-label-all-loops]
    for (int oc = 0; oc < C1_OC; ++oc) {
    ^~~
    VITIS_LOOP_15_1: 
C:\Users\cocol\Ruby_Proj\workspace\conv1\conv1\hls\.autopilot\db\conv1.pp.0.cpp:211:5: note: FIX-IT applied suggested code changes
C:\Users\cocol\Ruby_Proj\workspace\conv1\conv1\hls\.autopilot\db\conv1.pp.0.cpp:212:9: warning: Added loop label VITIS_LOOP_16_2:   [xilinx-label-all-loops]
        for (int o = 0; o < C1_OUT_LEN; ++o) {
        ^~~
        VITIS_LOOP_16_2: 
C:\Users\cocol\Ruby_Proj\workspace\conv1\conv1\hls\.autopilot\db\conv1.pp.0.cpp:212:9: note: FIX-IT applied suggested code changes
C:\Users\cocol\Ruby_Proj\workspace\conv1\conv1\hls\.autopilot\db\conv1.pp.0.cpp:215:13: warning: Added loop label VITIS_LOOP_19_3:   [xilinx-label-all-loops]
            for (int ic = 0; ic < C1_IC; ++ic) {
            ^~~
            VITIS_LOOP_19_3: 
C:\Users\cocol\Ruby_Proj\workspace\conv1\conv1\hls\.autopilot\db\conv1.pp.0.cpp:215:13: note: FIX-IT applied suggested code changes
C:\Users\cocol\Ruby_Proj\workspace\conv1\conv1\hls\.autopilot\db\conv1.pp.0.cpp:216:17: warning: Added loop label VITIS_LOOP_20_4:   [xilinx-label-all-loops]
                for (int k = 0; k < C1_K; ++k) {
                ^~~
                VITIS_LOOP_20_4: 
C:\Users\cocol\Ruby_Proj\workspace\conv1\conv1\hls\.autopilot\db\conv1.pp.0.cpp:216:17: note: FIX-IT applied suggested code changes
