

================================================================
== Vitis HLS Report for 'conv1_1d'
================================================================
* Date:           Wed Jul 22 22:06:25 2026

* Version:        2025.1 (Build 6135595 on May 21 2025)
* Project:        conv1
* Solution:       hls (Vivado IP Flow Target)
* Product family: zynq
* Target device:  xc7z020-clg400-1


================================================================
== Performance Estimates
================================================================
+ Timing: 
    * Summary: 
    +--------+----------+----------+------------+
    |  Clock |  Target  | Estimated| Uncertainty|
    +--------+----------+----------+------------+
    |ap_clk  |  12.00 ns|  7.855 ns|     3.24 ns|
    +--------+----------+----------+------------+

+ Latency: 
    * Summary: 
    +---------+---------+-----------+-----------+------+------+------------------------------------------------+
    |  Latency (cycles) |   Latency (absolute)  |   Interval  |                    Pipeline                    |
    |   min   |   max   |    min    |    max    |  min |  max |                      Type                      |
    +---------+---------+-----------+-----------+------+------+------------------------------------------------+
    |     2618|     2618|  31.416 us|  31.416 us|  2569|  2569|  loop auto-rewind stp (delay=9 clock cycles(s))|
    +---------+---------+-----------+-----------+------+------+------------------------------------------------+

    + Detail: 
        * Instance: 
        N/A

        * Loop: 
        +-----------------------------------+---------+---------+----------+-----------+-----------+------+----------+
        |                                   |  Latency (cycles) | Iteration|  Initiation Interval  | Trip |          |
        |             Loop Name             |   min   |   max   |  Latency |  achieved |   target  | Count| Pipelined|
        +-----------------------------------+---------+---------+----------+-----------+-----------+------+----------+
        |- VITIS_LOOP_15_1_VITIS_LOOP_16_2  |     2616|     2616|        62|          5|          1|   512|       yes|
        +-----------------------------------+---------+---------+----------+-----------+-----------+------+----------+

============================================================
+ Verbose Summary: Synthesis Manager
============================================================
InlineROM: 1
ExposeGlobal: 0
============================================================
+ Verbose Summary: CDFG Model
============================================================
IsTopModel: 1
ResetActiveHigh: 1
IsCombinational: 2
IsDatapathOnly: 0
HasWiredReturn: 1
HasMFsm: 2
HasVarLatency: 1
IsPipeline: 0
IsRtlPipelined: 0
IsInstanceOverlapped: 0
IsDontTouch: 0
HasImplIP: 0
IsGatedGlobalClock: 0

+ Individual pipeline summary: 
  * Pipeline-0: initiation interval (II) = 5, depth = 62


============================================================
+ Verbose Summary: Schedule
============================================================
* Number of FSM states : 62
* Pipeline : 1
  Pipeline-0 : II = 5, D = 62, States = { 1 2 3 4 5 6 7 8 9 10 11 12 13 14 15 16 17 18 19 20 21 22 23 24 25 26 27 28 29 30 31 32 33 34 35 36 37 38 39 40 41 42 43 44 45 46 47 48 49 50 51 52 53 54 55 56 57 58 59 60 61 62 }
* Dataflow Pipeline: 0

* FSM state transitions: 
1 --> 2 
2 --> 3 
3 --> 4 
4 --> 5 
5 --> 6 
6 --> 7 
7 --> 8 
8 --> 9 
9 --> 10 
10 --> 11 
11 --> 12 
12 --> 13 
13 --> 14 
14 --> 15 
15 --> 16 
16 --> 17 
17 --> 18 
18 --> 19 
19 --> 20 
20 --> 21 
21 --> 22 
22 --> 23 
23 --> 24 
24 --> 25 
25 --> 26 
26 --> 27 
27 --> 28 
28 --> 29 
29 --> 30 
30 --> 31 
31 --> 32 
32 --> 33 
33 --> 34 
34 --> 35 
35 --> 36 
36 --> 37 
37 --> 38 
38 --> 39 
39 --> 40 
40 --> 41 
41 --> 42 
42 --> 43 
43 --> 44 
44 --> 45 
45 --> 46 
46 --> 47 
47 --> 48 
48 --> 49 
49 --> 50 
50 --> 51 
51 --> 52 
52 --> 53 
53 --> 54 
54 --> 55 
55 --> 56 
56 --> 57 
57 --> 58 
58 --> 59 
59 --> 60 
60 --> 61 
61 --> 62 
62 --> 

* FSM state operations: 

State 1 <SV = 0> <Delay = 7.85>
ST_1 : Operation 65 [1/1] (0.00ns)   --->   "%indvar_flatten1 = alloca i32 1"   --->   Operation 65 'alloca' 'indvar_flatten1' <Predicate = true> <Delay = 0.00>
ST_1 : Operation 66 [1/1] (0.00ns)   --->   "%oc2 = alloca i32 1"   --->   Operation 66 'alloca' 'oc2' <Predicate = true> <Delay = 0.00>
ST_1 : Operation 67 [1/1] (0.00ns)   --->   "%o3 = alloca i32 1"   --->   Operation 67 'alloca' 'o3' <Predicate = true> <Delay = 0.00>
ST_1 : Operation 68 [1/1] (0.00ns)   --->   "%spectopmodule_ln6 = spectopmodule void @_ssdm_op_SpecTopModule, void @empty_1" [conv1.cpp:6]   --->   Operation 68 'spectopmodule' 'spectopmodule_ln6' <Predicate = true> <Delay = 0.00>
ST_1 : Operation 69 [1/1] (0.00ns)   --->   "%specinterface_ln0 = specinterface void @_ssdm_op_SpecInterface, i32 %inputs, void @empty, i32 0, i32 0, void @empty_0, i32 4294967295, i32 0, void @empty_0, void @empty_0, void @empty_0, i32 0, i32 0, i32 0, i32 0, void @empty_0, void @empty_0, i32 4294967295, i32 0, i32 0"   --->   Operation 69 'specinterface' 'specinterface_ln0' <Predicate = true> <Delay = 0.00>
ST_1 : Operation 70 [1/1] (0.00ns)   --->   "%specbitsmap_ln0 = specbitsmap void @_ssdm_op_SpecBitsMap, i32 %inputs"   --->   Operation 70 'specbitsmap' 'specbitsmap_ln0' <Predicate = true> <Delay = 0.00>
ST_1 : Operation 71 [1/1] (0.00ns)   --->   "%specinterface_ln0 = specinterface void @_ssdm_op_SpecInterface, i32 %outputs, void @empty, i32 0, i32 0, void @empty_0, i32 4294967295, i32 0, void @empty_0, void @empty_0, void @empty_0, i32 0, i32 0, i32 0, i32 0, void @empty_0, void @empty_0, i32 4294967295, i32 0, i32 0"   --->   Operation 71 'specinterface' 'specinterface_ln0' <Predicate = true> <Delay = 0.00>
ST_1 : Operation 72 [1/1] (0.00ns)   --->   "%specbitsmap_ln0 = specbitsmap void @_ssdm_op_SpecBitsMap, i32 %outputs"   --->   Operation 72 'specbitsmap' 'specbitsmap_ln0' <Predicate = true> <Delay = 0.00>
ST_1 : Operation 73 [1/1] (0.00ns)   --->   "%specinterface_ln0 = specinterface void @_ssdm_op_SpecInterface, i32 %weights, void @empty, i32 0, i32 0, void @empty_0, i32 4294967295, i32 0, void @empty_0, void @empty_0, void @empty_0, i32 0, i32 0, i32 0, i32 0, void @empty_0, void @empty_0, i32 4294967295, i32 0, i32 0"   --->   Operation 73 'specinterface' 'specinterface_ln0' <Predicate = true> <Delay = 0.00>
ST_1 : Operation 74 [1/1] (0.00ns)   --->   "%specbitsmap_ln0 = specbitsmap void @_ssdm_op_SpecBitsMap, i32 %weights"   --->   Operation 74 'specbitsmap' 'specbitsmap_ln0' <Predicate = true> <Delay = 0.00>
ST_1 : Operation 75 [1/1] (0.00ns)   --->   "%specinterface_ln0 = specinterface void @_ssdm_op_SpecInterface, i32 %bias, void @empty, i32 0, i32 0, void @empty_0, i32 4294967295, i32 0, void @empty_0, void @empty_0, void @empty_0, i32 0, i32 0, i32 0, i32 0, void @empty_0, void @empty_0, i32 4294967295, i32 0, i32 0"   --->   Operation 75 'specinterface' 'specinterface_ln0' <Predicate = true> <Delay = 0.00>
ST_1 : Operation 76 [1/1] (0.00ns)   --->   "%specbitsmap_ln0 = specbitsmap void @_ssdm_op_SpecBitsMap, i32 %bias"   --->   Operation 76 'specbitsmap' 'specbitsmap_ln0' <Predicate = true> <Delay = 0.00>
ST_1 : Operation 77 [1/1] (1.58ns)   --->   "%store_ln0 = store i6 0, i6 %o3"   --->   Operation 77 'store' 'store_ln0' <Predicate = true> <Delay = 1.58>
ST_1 : Operation 78 [1/1] (1.58ns)   --->   "%store_ln0 = store i5 0, i5 %oc2"   --->   Operation 78 'store' 'store_ln0' <Predicate = true> <Delay = 1.58>
ST_1 : Operation 79 [1/1] (1.58ns)   --->   "%store_ln0 = store i9 0, i9 %indvar_flatten1"   --->   Operation 79 'store' 'store_ln0' <Predicate = true> <Delay = 1.58>
ST_1 : Operation 80 [1/1] (1.58ns)   --->   "%br_ln0 = br void %for.inc36"   --->   Operation 80 'br' 'br_ln0' <Predicate = true> <Delay = 1.58>
ST_1 : Operation 81 [1/1] (0.00ns)   --->   "%icmp_ln164 = phi i1 0, void %entry, i1 %icmp_ln16, void %for.inc36" [conv1.cpp:16]   --->   Operation 81 'phi' 'icmp_ln164' <Predicate = true> <Delay = 0.00>
ST_1 : Operation 82 [1/1] (0.00ns)   --->   "%oc2_load = load i5 %oc2" [conv1.cpp:15]   --->   Operation 82 'load' 'oc2_load' <Predicate = true> <Delay = 0.00>
ST_1 : Operation 83 [1/1] (0.00ns)   --->   "%o3_load = load i6 %o3" [conv1.cpp:15]   --->   Operation 83 'load' 'o3_load' <Predicate = true> <Delay = 0.00>
ST_1 : Operation 84 [1/1] (1.78ns)   --->   "%add_ln15 = add i5 %oc2_load, i5 1" [conv1.cpp:15]   --->   Operation 84 'add' 'add_ln15' <Predicate = true> <Delay = 1.78> <CoreInst = "Adder">   --->   Core 1 'Adder' <Latency = 0> <II = 1> <Delay = 1.78> <FuncUnit> <Opcode : 'add' 'sub'> <InPorts = 2> <OutPorts = 1>
ST_1 : Operation 85 [1/1] (1.18ns)   --->   "%select_ln15 = select i1 %icmp_ln164, i6 0, i6 %o3_load" [conv1.cpp:15]   --->   Operation 85 'select' 'select_ln15' <Predicate = true> <Delay = 1.18> <CoreInst = "Sel">   --->   Core 73 'Sel' <Latency = 0> <II = 1> <Delay = 1.18> <FuncUnit> <Opcode : 'select'> <InPorts = 3> <OutPorts = 1>
ST_1 : Operation 86 [1/1] (1.21ns)   --->   "%oc = select i1 %icmp_ln164, i5 %add_ln15, i5 %oc2_load" [conv1.cpp:15]   --->   Operation 86 'select' 'oc' <Predicate = true> <Delay = 1.21> <CoreInst = "Sel">   --->   Core 73 'Sel' <Latency = 0> <II = 1> <Delay = 1.21> <FuncUnit> <Opcode : 'select'> <InPorts = 3> <OutPorts = 1>
ST_1 : Operation 87 [1/1] (0.00ns)   --->   "%trunc_ln15 = trunc i5 %oc" [conv1.cpp:15]   --->   Operation 87 'trunc' 'trunc_ln15' <Predicate = true> <Delay = 0.00>
ST_1 : Operation 88 [1/1] (0.00ns)   --->   "%zext_ln15 = zext i5 %oc" [conv1.cpp:15]   --->   Operation 88 'zext' 'zext_ln15' <Predicate = true> <Delay = 0.00>
ST_1 : Operation 89 [1/1] (0.00ns)   --->   "%bias_addr = getelementptr i32 %bias, i64 0, i64 %zext_ln15" [conv1.cpp:15]   --->   Operation 89 'getelementptr' 'bias_addr' <Predicate = true> <Delay = 0.00>
ST_1 : Operation 90 [2/2] (2.32ns)   --->   "%bias_load = load i4 %bias_addr" [conv1.cpp:15]   --->   Operation 90 'load' 'bias_load' <Predicate = true> <Delay = 2.32> <CoreInst = "RAM">   --->   Core 81 'RAM' <Latency = 1> <II = 1> <Delay = 2.32> <Storage> <Opcode : 'load' 'store'> <Ports = 2> <Width = 32> <Depth = 16> <RAM>
ST_1 : Operation 91 [1/1] (0.00ns)   --->   "%bit_sel = bitselect i1 @_ssdm_op_BitSelect.i1.i6.i6, i6 %select_ln15, i6 5" [conv1.cpp:25]   --->   Operation 91 'bitselect' 'bit_sel' <Predicate = true> <Delay = 0.00>
ST_1 : Operation 92 [1/1] (0.00ns)   --->   "%trunc_ln25 = trunc i6 %select_ln15" [conv1.cpp:25]   --->   Operation 92 'trunc' 'trunc_ln25' <Predicate = true> <Delay = 0.00>
ST_1 : Operation 93 [1/1] (1.82ns)   --->   "%empty_26 = add i6 %select_ln15, i6 62" [conv1.cpp:15]   --->   Operation 93 'add' 'empty_26' <Predicate = true> <Delay = 1.82> <CoreInst = "Adder">   --->   Core 1 'Adder' <Latency = 0> <II = 1> <Delay = 1.82> <FuncUnit> <Opcode : 'add' 'sub'> <InPorts = 2> <OutPorts = 1>
ST_1 : Operation 94 [1/1] (0.00ns)   --->   "%sext_ln25 = sext i6 %empty_26" [conv1.cpp:25]   --->   Operation 94 'sext' 'sext_ln25' <Predicate = true> <Delay = 0.00>
ST_1 : Operation 95 [1/1] (0.00ns)   --->   "%inputs_addr = getelementptr i32 %inputs, i64 0, i64 %sext_ln25" [conv1.cpp:25]   --->   Operation 95 'getelementptr' 'inputs_addr' <Predicate = true> <Delay = 0.00>
ST_1 : Operation 96 [1/1] (0.00ns)   --->   "%tmp_6 = bitselect i1 @_ssdm_op_BitSelect.i1.i6.i32, i6 %empty_26, i32 5" [conv1.cpp:25]   --->   Operation 96 'bitselect' 'tmp_6' <Predicate = true> <Delay = 0.00>
ST_1 : Operation 97 [2/2] (3.25ns)   --->   "%inputs_load = load i6 %inputs_addr" [conv1.cpp:25]   --->   Operation 97 'load' 'inputs_load' <Predicate = true> <Delay = 3.25> <CoreInst = "RAM">   --->   Core 81 'RAM' <Latency = 1> <II = 1> <Delay = 3.25> <Storage> <Opcode : 'load' 'store'> <Ports = 2> <Width = 32> <Depth = 64> <RAM>
ST_1 : Operation 98 [1/1] (1.82ns)   --->   "%add_ln24 = add i6 %select_ln15, i6 63" [conv1.cpp:24]   --->   Operation 98 'add' 'add_ln24' <Predicate = true> <Delay = 1.82> <CoreInst = "Adder">   --->   Core 1 'Adder' <Latency = 0> <II = 1> <Delay = 1.82> <FuncUnit> <Opcode : 'add' 'sub'> <InPorts = 2> <OutPorts = 1>
ST_1 : Operation 99 [1/1] (0.00ns)   --->   "%sext_ln25_1 = sext i6 %add_ln24" [conv1.cpp:25]   --->   Operation 99 'sext' 'sext_ln25_1' <Predicate = true> <Delay = 0.00>
ST_1 : Operation 100 [1/1] (0.00ns)   --->   "%inputs_addr_1 = getelementptr i32 %inputs, i64 0, i64 %sext_ln25_1" [conv1.cpp:25]   --->   Operation 100 'getelementptr' 'inputs_addr_1' <Predicate = true> <Delay = 0.00>
ST_1 : Operation 101 [1/1] (0.00ns)   --->   "%tmp_7 = bitselect i1 @_ssdm_op_BitSelect.i1.i6.i32, i6 %add_ln24, i32 5" [conv1.cpp:25]   --->   Operation 101 'bitselect' 'tmp_7' <Predicate = true> <Delay = 0.00>
ST_1 : Operation 102 [2/2] (3.25ns)   --->   "%inputs_load_1 = load i6 %inputs_addr_1" [conv1.cpp:25]   --->   Operation 102 'load' 'inputs_load_1' <Predicate = true> <Delay = 3.25> <CoreInst = "RAM">   --->   Core 81 'RAM' <Latency = 1> <II = 1> <Delay = 3.25> <Storage> <Opcode : 'load' 'store'> <Ports = 2> <Width = 32> <Depth = 64> <RAM>
ST_1 : Operation 103 [1/1] (1.58ns)   --->   "%store_ln15 = store i5 %oc, i5 %oc2" [conv1.cpp:15]   --->   Operation 103 'store' 'store_ln15' <Predicate = true> <Delay = 1.58>

State 2 <SV = 1> <Delay = 5.16>
ST_2 : Operation 104 [1/1] (0.00ns)   --->   "%tmp_1 = bitconcatenate i8 @_ssdm_op_BitConcatenate.i8.i5.i3, i5 %oc, i3 0" [conv1.cpp:15]   --->   Operation 104 'bitconcatenate' 'tmp_1' <Predicate = true> <Delay = 0.00>
ST_2 : Operation 105 [1/1] (0.00ns)   --->   "%p_shl55 = zext i8 %tmp_1" [conv1.cpp:15]   --->   Operation 105 'zext' 'p_shl55' <Predicate = true> <Delay = 0.00>
ST_2 : Operation 106 [1/1] (0.00ns)   --->   "%tmp_4 = bitconcatenate i6 @_ssdm_op_BitConcatenate.i6.i5.i1, i5 %oc, i1 0" [conv1.cpp:15]   --->   Operation 106 'bitconcatenate' 'tmp_4' <Predicate = true> <Delay = 0.00>
ST_2 : Operation 107 [1/1] (0.00ns)   --->   "%p_shl56 = zext i6 %tmp_4" [conv1.cpp:15]   --->   Operation 107 'zext' 'p_shl56' <Predicate = true> <Delay = 0.00>
ST_2 : Operation 108 [1/1] (1.91ns)   --->   "%empty = add i9 %p_shl55, i9 %p_shl56" [conv1.cpp:15]   --->   Operation 108 'add' 'empty' <Predicate = true> <Delay = 1.91> <CoreInst = "Adder">   --->   Core 1 'Adder' <Latency = 0> <II = 1> <Delay = 1.91> <FuncUnit> <Opcode : 'add' 'sub'> <InPorts = 2> <OutPorts = 1>
ST_2 : Operation 109 [1/1] (0.00ns)   --->   "%p_cast18 = zext i9 %empty" [conv1.cpp:15]   --->   Operation 109 'zext' 'p_cast18' <Predicate = true> <Delay = 0.00>
ST_2 : Operation 110 [1/1] (0.00ns)   --->   "%empty_6 = trunc i9 %empty" [conv1.cpp:15]   --->   Operation 110 'trunc' 'empty_6' <Predicate = true> <Delay = 0.00>
ST_2 : Operation 111 [1/1] (0.00ns)   --->   "%weights_addr = getelementptr i32 %weights, i64 0, i64 %p_cast18" [conv1.cpp:15]   --->   Operation 111 'getelementptr' 'weights_addr' <Predicate = true> <Delay = 0.00>
ST_2 : Operation 112 [1/1] (0.00ns)   --->   "%tmp_1_cast = partselect i7 @_ssdm_op_PartSelect.i7.i9.i32.i32, i9 %empty, i32 1, i32 7" [conv1.cpp:15]   --->   Operation 112 'partselect' 'tmp_1_cast' <Predicate = true> <Delay = 0.00>
ST_2 : Operation 113 [1/1] (0.00ns)   --->   "%tmp_2 = bitconcatenate i8 @_ssdm_op_BitConcatenate.i8.i7.i1, i7 %tmp_1_cast, i1 1" [conv1.cpp:15]   --->   Operation 113 'bitconcatenate' 'tmp_2' <Predicate = true> <Delay = 0.00>
ST_2 : Operation 114 [1/1] (0.00ns)   --->   "%tmp_2_cast = zext i8 %tmp_2" [conv1.cpp:15]   --->   Operation 114 'zext' 'tmp_2_cast' <Predicate = true> <Delay = 0.00>
ST_2 : Operation 115 [1/1] (0.00ns)   --->   "%weights_addr_1 = getelementptr i32 %weights, i64 0, i64 %tmp_2_cast" [conv1.cpp:15]   --->   Operation 115 'getelementptr' 'weights_addr_1' <Predicate = true> <Delay = 0.00>
ST_2 : Operation 116 [1/2] ( I:2.32ns O:2.32ns )   --->   "%bias_load = load i4 %bias_addr" [conv1.cpp:15]   --->   Operation 116 'load' 'bias_load' <Predicate = true> <Delay = 2.32> <CoreInst = "RAM">   --->   Core 81 'RAM' <Latency = 1> <II = 1> <Delay = 2.32> <Storage> <Opcode : 'load' 'store'> <Ports = 2> <Width = 32> <Depth = 16> <RAM>
ST_2 : Operation 117 [2/2] (3.25ns)   --->   "%weights_load = load i8 %weights_addr" [conv1.cpp:15]   --->   Operation 117 'load' 'weights_load' <Predicate = true> <Delay = 3.25> <CoreInst = "RAM">   --->   Core 81 'RAM' <Latency = 1> <II = 1> <Delay = 3.25> <Storage> <Opcode : 'load' 'store'> <Ports = 2> <Width = 32> <Depth = 160> <RAM>
ST_2 : Operation 118 [2/2] (3.25ns)   --->   "%weights_load_1 = load i8 %weights_addr_1" [conv1.cpp:15]   --->   Operation 118 'load' 'weights_load_1' <Predicate = true> <Delay = 3.25> <CoreInst = "RAM">   --->   Core 81 'RAM' <Latency = 1> <II = 1> <Delay = 3.25> <Storage> <Opcode : 'load' 'store'> <Ports = 2> <Width = 32> <Depth = 160> <RAM>
ST_2 : Operation 119 [1/1] (0.00ns)   --->   "%zext_ln16 = zext i6 %select_ln15" [conv1.cpp:16]   --->   Operation 119 'zext' 'zext_ln16' <Predicate = true> <Delay = 0.00>
ST_2 : Operation 120 [1/1] (0.00ns)   --->   "%inputs_addr_2 = getelementptr i32 %inputs, i64 0, i64 %zext_ln16" [conv1.cpp:25]   --->   Operation 120 'getelementptr' 'inputs_addr_2' <Predicate = true> <Delay = 0.00>
ST_2 : Operation 121 [1/2] ( I:3.25ns O:3.25ns )   --->   "%inputs_load = load i6 %inputs_addr" [conv1.cpp:25]   --->   Operation 121 'load' 'inputs_load' <Predicate = true> <Delay = 3.25> <CoreInst = "RAM">   --->   Core 81 'RAM' <Latency = 1> <II = 1> <Delay = 3.25> <Storage> <Opcode : 'load' 'store'> <Ports = 2> <Width = 32> <Depth = 64> <RAM>
ST_2 : Operation 122 [1/2] ( I:3.25ns O:3.25ns )   --->   "%inputs_load_1 = load i6 %inputs_addr_1" [conv1.cpp:25]   --->   Operation 122 'load' 'inputs_load_1' <Predicate = true> <Delay = 3.25> <CoreInst = "RAM">   --->   Core 81 'RAM' <Latency = 1> <II = 1> <Delay = 3.25> <Storage> <Opcode : 'load' 'store'> <Ports = 2> <Width = 32> <Depth = 64> <RAM>
ST_2 : Operation 123 [2/2] (3.25ns)   --->   "%inputs_load_2 = load i6 %inputs_addr_2" [conv1.cpp:25]   --->   Operation 123 'load' 'inputs_load_2' <Predicate = true> <Delay = 3.25> <CoreInst = "RAM">   --->   Core 81 'RAM' <Latency = 1> <II = 1> <Delay = 3.25> <Storage> <Opcode : 'load' 'store'> <Ports = 2> <Width = 32> <Depth = 64> <RAM>
ST_2 : Operation 124 [1/1] (1.82ns)   --->   "%o = add i6 %select_ln15, i6 1" [conv1.cpp:24]   --->   Operation 124 'add' 'o' <Predicate = true> <Delay = 1.82> <CoreInst = "Adder">   --->   Core 1 'Adder' <Latency = 0> <II = 1> <Delay = 1.82> <FuncUnit> <Opcode : 'add' 'sub'> <InPorts = 2> <OutPorts = 1>
ST_2 : Operation 125 [1/1] (0.00ns)   --->   "%zext_ln25 = zext i6 %o" [conv1.cpp:25]   --->   Operation 125 'zext' 'zext_ln25' <Predicate = true> <Delay = 0.00>
ST_2 : Operation 126 [1/1] (0.00ns)   --->   "%inputs_addr_3 = getelementptr i32 %inputs, i64 0, i64 %zext_ln25" [conv1.cpp:25]   --->   Operation 126 'getelementptr' 'inputs_addr_3' <Predicate = true> <Delay = 0.00>
ST_2 : Operation 127 [1/1] (0.00ns)   --->   "%tmp_8 = bitselect i1 @_ssdm_op_BitSelect.i1.i6.i32, i6 %o, i32 5" [conv1.cpp:25]   --->   Operation 127 'bitselect' 'tmp_8' <Predicate = true> <Delay = 0.00>
ST_2 : Operation 128 [2/2] (3.25ns)   --->   "%inputs_load_3 = load i6 %inputs_addr_3" [conv1.cpp:25]   --->   Operation 128 'load' 'inputs_load_3' <Predicate = true> <Delay = 3.25> <CoreInst = "RAM">   --->   Core 81 'RAM' <Latency = 1> <II = 1> <Delay = 3.25> <Storage> <Opcode : 'load' 'store'> <Ports = 2> <Width = 32> <Depth = 64> <RAM>
ST_2 : Operation 129 [1/1] (1.58ns)   --->   "%store_ln24 = store i6 %o, i6 %o3" [conv1.cpp:24]   --->   Operation 129 'store' 'store_ln24' <Predicate = true> <Delay = 1.58>

State 3 <SV = 2> <Delay = 5.16>
ST_3 : Operation 130 [1/1] (1.91ns)   --->   "%empty_7 = add i8 %empty_6, i8 2" [conv1.cpp:15]   --->   Operation 130 'add' 'empty_7' <Predicate = true> <Delay = 1.91> <CoreInst = "Adder">   --->   Core 1 'Adder' <Latency = 0> <II = 1> <Delay = 1.91> <FuncUnit> <Opcode : 'add' 'sub'> <InPorts = 2> <OutPorts = 1>
ST_3 : Operation 131 [1/1] (0.00ns)   --->   "%p_cast19 = zext i8 %empty_7" [conv1.cpp:15]   --->   Operation 131 'zext' 'p_cast19' <Predicate = true> <Delay = 0.00>
ST_3 : Operation 132 [1/1] (0.00ns)   --->   "%weights_addr_2 = getelementptr i32 %weights, i64 0, i64 %p_cast19" [conv1.cpp:15]   --->   Operation 132 'getelementptr' 'weights_addr_2' <Predicate = true> <Delay = 0.00>
ST_3 : Operation 133 [1/1] (1.91ns)   --->   "%empty_8 = add i8 %empty_6, i8 3" [conv1.cpp:15]   --->   Operation 133 'add' 'empty_8' <Predicate = true> <Delay = 1.91> <CoreInst = "Adder">   --->   Core 1 'Adder' <Latency = 0> <II = 1> <Delay = 1.91> <FuncUnit> <Opcode : 'add' 'sub'> <InPorts = 2> <OutPorts = 1>
ST_3 : Operation 134 [1/1] (0.00ns)   --->   "%p_cast20 = zext i8 %empty_8" [conv1.cpp:15]   --->   Operation 134 'zext' 'p_cast20' <Predicate = true> <Delay = 0.00>
ST_3 : Operation 135 [1/1] (0.00ns)   --->   "%weights_addr_3 = getelementptr i32 %weights, i64 0, i64 %p_cast20" [conv1.cpp:15]   --->   Operation 135 'getelementptr' 'weights_addr_3' <Predicate = true> <Delay = 0.00>
ST_3 : Operation 136 [1/2] ( I:3.25ns O:3.25ns )   --->   "%weights_load = load i8 %weights_addr" [conv1.cpp:15]   --->   Operation 136 'load' 'weights_load' <Predicate = true> <Delay = 3.25> <CoreInst = "RAM">   --->   Core 81 'RAM' <Latency = 1> <II = 1> <Delay = 3.25> <Storage> <Opcode : 'load' 'store'> <Ports = 2> <Width = 32> <Depth = 160> <RAM>
ST_3 : Operation 137 [1/2] ( I:3.25ns O:3.25ns )   --->   "%weights_load_1 = load i8 %weights_addr_1" [conv1.cpp:15]   --->   Operation 137 'load' 'weights_load_1' <Predicate = true> <Delay = 3.25> <CoreInst = "RAM">   --->   Core 81 'RAM' <Latency = 1> <II = 1> <Delay = 3.25> <Storage> <Opcode : 'load' 'store'> <Ports = 2> <Width = 32> <Depth = 160> <RAM>
ST_3 : Operation 138 [2/2] (3.25ns)   --->   "%weights_load_2 = load i8 %weights_addr_2" [conv1.cpp:15]   --->   Operation 138 'load' 'weights_load_2' <Predicate = true> <Delay = 3.25> <CoreInst = "RAM">   --->   Core 81 'RAM' <Latency = 1> <II = 1> <Delay = 3.25> <Storage> <Opcode : 'load' 'store'> <Ports = 2> <Width = 32> <Depth = 160> <RAM>
ST_3 : Operation 139 [2/2] (3.25ns)   --->   "%weights_load_3 = load i8 %weights_addr_3" [conv1.cpp:15]   --->   Operation 139 'load' 'weights_load_3' <Predicate = true> <Delay = 3.25> <CoreInst = "RAM">   --->   Core 81 'RAM' <Latency = 1> <II = 1> <Delay = 3.25> <Storage> <Opcode : 'load' 'store'> <Ports = 2> <Width = 32> <Depth = 160> <RAM>
ST_3 : Operation 140 [1/1] (1.82ns)   --->   "%add_ln25 = add i6 %select_ln15, i6 30" [conv1.cpp:25]   --->   Operation 140 'add' 'add_ln25' <Predicate = (!tmp_6)> <Delay = 1.82> <CoreInst = "Adder">   --->   Core 1 'Adder' <Latency = 0> <II = 1> <Delay = 1.82> <FuncUnit> <Opcode : 'add' 'sub'> <InPorts = 2> <OutPorts = 1>
ST_3 : Operation 141 [1/1] (0.00ns)   --->   "%zext_ln25_4 = zext i6 %add_ln25" [conv1.cpp:25]   --->   Operation 141 'zext' 'zext_ln25_4' <Predicate = (!tmp_6)> <Delay = 0.00>
ST_3 : Operation 142 [1/1] (0.00ns)   --->   "%inputs_addr_5 = getelementptr i32 %inputs, i64 0, i64 %zext_ln25_4" [conv1.cpp:25]   --->   Operation 142 'getelementptr' 'inputs_addr_5' <Predicate = (!tmp_6)> <Delay = 0.00>
ST_3 : Operation 143 [1/2] ( I:3.25ns O:3.25ns )   --->   "%inputs_load_2 = load i6 %inputs_addr_2" [conv1.cpp:25]   --->   Operation 143 'load' 'inputs_load_2' <Predicate = true> <Delay = 3.25> <CoreInst = "RAM">   --->   Core 81 'RAM' <Latency = 1> <II = 1> <Delay = 3.25> <Storage> <Opcode : 'load' 'store'> <Ports = 2> <Width = 32> <Depth = 64> <RAM>
ST_3 : Operation 144 [1/2] ( I:3.25ns O:3.25ns )   --->   "%inputs_load_3 = load i6 %inputs_addr_3" [conv1.cpp:25]   --->   Operation 144 'load' 'inputs_load_3' <Predicate = true> <Delay = 3.25> <CoreInst = "RAM">   --->   Core 81 'RAM' <Latency = 1> <II = 1> <Delay = 3.25> <Storage> <Opcode : 'load' 'store'> <Ports = 2> <Width = 32> <Depth = 64> <RAM>
ST_3 : Operation 145 [1/1] (1.82ns)   --->   "%add_ln24_2 = add i6 %select_ln15, i6 2" [conv1.cpp:24]   --->   Operation 145 'add' 'add_ln24_2' <Predicate = true> <Delay = 1.82> <CoreInst = "Adder">   --->   Core 1 'Adder' <Latency = 0> <II = 1> <Delay = 1.82> <FuncUnit> <Opcode : 'add' 'sub'> <InPorts = 2> <OutPorts = 1>
ST_3 : Operation 146 [1/1] (0.00ns)   --->   "%zext_ln25_1 = zext i6 %add_ln24_2" [conv1.cpp:25]   --->   Operation 146 'zext' 'zext_ln25_1' <Predicate = true> <Delay = 0.00>
ST_3 : Operation 147 [1/1] (0.00ns)   --->   "%inputs_addr_4 = getelementptr i32 %inputs, i64 0, i64 %zext_ln25_1" [conv1.cpp:25]   --->   Operation 147 'getelementptr' 'inputs_addr_4' <Predicate = true> <Delay = 0.00>
ST_3 : Operation 148 [1/1] (0.00ns)   --->   "%tmp_9 = bitselect i1 @_ssdm_op_BitSelect.i1.i6.i32, i6 %add_ln24_2, i32 5" [conv1.cpp:25]   --->   Operation 148 'bitselect' 'tmp_9' <Predicate = true> <Delay = 0.00>
ST_3 : Operation 149 [2/2] (3.25ns)   --->   "%inputs_load_4 = load i6 %inputs_addr_4" [conv1.cpp:25]   --->   Operation 149 'load' 'inputs_load_4' <Predicate = true> <Delay = 3.25> <CoreInst = "RAM">   --->   Core 81 'RAM' <Latency = 1> <II = 1> <Delay = 3.25> <Storage> <Opcode : 'load' 'store'> <Ports = 2> <Width = 32> <Depth = 64> <RAM>
ST_3 : Operation 150 [2/2] (3.25ns)   --->   "%inputs_load_5 = load i6 %inputs_addr_5" [conv1.cpp:25]   --->   Operation 150 'load' 'inputs_load_5' <Predicate = (!tmp_6)> <Delay = 3.25> <CoreInst = "RAM">   --->   Core 81 'RAM' <Latency = 1> <II = 1> <Delay = 3.25> <Storage> <Opcode : 'load' 'store'> <Ports = 2> <Width = 32> <Depth = 64> <RAM>

State 4 <SV = 3> <Delay = 6.40>
ST_4 : Operation 151 [1/1] (1.91ns)   --->   "%empty_9 = add i8 %empty_6, i8 4" [conv1.cpp:15]   --->   Operation 151 'add' 'empty_9' <Predicate = true> <Delay = 1.91> <CoreInst = "Adder">   --->   Core 1 'Adder' <Latency = 0> <II = 1> <Delay = 1.91> <FuncUnit> <Opcode : 'add' 'sub'> <InPorts = 2> <OutPorts = 1>
ST_4 : Operation 152 [1/1] (0.00ns)   --->   "%p_cast21 = zext i8 %empty_9" [conv1.cpp:15]   --->   Operation 152 'zext' 'p_cast21' <Predicate = true> <Delay = 0.00>
ST_4 : Operation 153 [1/1] (0.00ns)   --->   "%weights_addr_4 = getelementptr i32 %weights, i64 0, i64 %p_cast21" [conv1.cpp:15]   --->   Operation 153 'getelementptr' 'weights_addr_4' <Predicate = true> <Delay = 0.00>
ST_4 : Operation 154 [1/1] (0.00ns)   --->   "%tmp_3 = bitconcatenate i6 @_ssdm_op_BitConcatenate.i6.i5.i1, i5 %oc, i1 1" [conv1.cpp:15]   --->   Operation 154 'bitconcatenate' 'tmp_3' <Predicate = true> <Delay = 0.00>
ST_4 : Operation 155 [1/1] (0.00ns)   --->   "%tmp_3_cast = zext i6 %tmp_3" [conv1.cpp:15]   --->   Operation 155 'zext' 'tmp_3_cast' <Predicate = true> <Delay = 0.00>
ST_4 : Operation 156 [1/1] (0.00ns)   --->   "%tmp_5 = bitconcatenate i8 @_ssdm_op_BitConcatenate.i8.i5.i3, i5 %oc, i3 4" [conv1.cpp:15]   --->   Operation 156 'bitconcatenate' 'tmp_5' <Predicate = true> <Delay = 0.00>
ST_4 : Operation 157 [1/1] (0.00ns)   --->   "%p_shl = zext i8 %tmp_5" [conv1.cpp:15]   --->   Operation 157 'zext' 'p_shl' <Predicate = true> <Delay = 0.00>
ST_4 : Operation 158 [1/1] (1.91ns)   --->   "%empty_10 = add i9 %p_shl, i9 %tmp_3_cast" [conv1.cpp:15]   --->   Operation 158 'add' 'empty_10' <Predicate = true> <Delay = 1.91> <CoreInst = "Adder">   --->   Core 1 'Adder' <Latency = 0> <II = 1> <Delay = 1.91> <FuncUnit> <Opcode : 'add' 'sub'> <InPorts = 2> <OutPorts = 1>
ST_4 : Operation 159 [1/1] (0.00ns)   --->   "%p_cast22 = zext i9 %empty_10" [conv1.cpp:15]   --->   Operation 159 'zext' 'p_cast22' <Predicate = true> <Delay = 0.00>
ST_4 : Operation 160 [1/1] (0.00ns)   --->   "%empty_11 = trunc i9 %empty_10" [conv1.cpp:15]   --->   Operation 160 'trunc' 'empty_11' <Predicate = true> <Delay = 0.00>
ST_4 : Operation 161 [1/1] (0.00ns)   --->   "%weights_addr_5 = getelementptr i32 %weights, i64 0, i64 %p_cast22" [conv1.cpp:15]   --->   Operation 161 'getelementptr' 'weights_addr_5' <Predicate = true> <Delay = 0.00>
ST_4 : Operation 162 [1/1] (0.00ns)   --->   "%empty_16 = bitcast i32 %weights_load" [conv1.cpp:15]   --->   Operation 162 'bitcast' 'empty_16' <Predicate = true> <Delay = 0.00>
ST_4 : Operation 163 [1/1] (0.00ns)   --->   "%empty_17 = bitcast i32 %weights_load_1" [conv1.cpp:15]   --->   Operation 163 'bitcast' 'empty_17' <Predicate = true> <Delay = 0.00>
ST_4 : Operation 164 [1/2] ( I:3.25ns O:3.25ns )   --->   "%weights_load_2 = load i8 %weights_addr_2" [conv1.cpp:15]   --->   Operation 164 'load' 'weights_load_2' <Predicate = true> <Delay = 3.25> <CoreInst = "RAM">   --->   Core 81 'RAM' <Latency = 1> <II = 1> <Delay = 3.25> <Storage> <Opcode : 'load' 'store'> <Ports = 2> <Width = 32> <Depth = 160> <RAM>
ST_4 : Operation 165 [1/2] ( I:3.25ns O:3.25ns )   --->   "%weights_load_3 = load i8 %weights_addr_3" [conv1.cpp:15]   --->   Operation 165 'load' 'weights_load_3' <Predicate = true> <Delay = 3.25> <CoreInst = "RAM">   --->   Core 81 'RAM' <Latency = 1> <II = 1> <Delay = 3.25> <Storage> <Opcode : 'load' 'store'> <Ports = 2> <Width = 32> <Depth = 160> <RAM>
ST_4 : Operation 166 [2/2] (3.25ns)   --->   "%weights_load_4 = load i8 %weights_addr_4" [conv1.cpp:15]   --->   Operation 166 'load' 'weights_load_4' <Predicate = true> <Delay = 3.25> <CoreInst = "RAM">   --->   Core 81 'RAM' <Latency = 1> <II = 1> <Delay = 3.25> <Storage> <Opcode : 'load' 'store'> <Ports = 2> <Width = 32> <Depth = 160> <RAM>
ST_4 : Operation 167 [2/2] (3.25ns)   --->   "%weights_load_5 = load i8 %weights_addr_5" [conv1.cpp:15]   --->   Operation 167 'load' 'weights_load_5' <Predicate = true> <Delay = 3.25> <CoreInst = "RAM">   --->   Core 81 'RAM' <Latency = 1> <II = 1> <Delay = 3.25> <Storage> <Opcode : 'load' 'store'> <Ports = 2> <Width = 32> <Depth = 160> <RAM>
ST_4 : Operation 168 [1/1] (0.97ns)   --->   "%xor_ln25 = xor i1 %bit_sel, i1 1" [conv1.cpp:25]   --->   Operation 168 'xor' 'xor_ln25' <Predicate = true> <Delay = 0.97> <CoreInst = "LogicGate">   --->   Core 74 'LogicGate' <Latency = 0> <II = 1> <Delay = 0.97> <FuncUnit> <Opcode : 'and' 'or' 'xor'> <InPorts = 2> <OutPorts = 1>
ST_4 : Operation 169 [1/1] (0.00ns)   --->   "%add_ln = bitconcatenate i6 @_ssdm_op_BitConcatenate.i6.i1.i5, i1 %xor_ln25, i5 %trunc_ln25" [conv1.cpp:25]   --->   Operation 169 'bitconcatenate' 'add_ln' <Predicate = true> <Delay = 0.00>
ST_4 : Operation 170 [1/1] (0.00ns)   --->   "%zext_ln25_3 = zext i6 %add_ln" [conv1.cpp:25]   --->   Operation 170 'zext' 'zext_ln25_3' <Predicate = true> <Delay = 0.00>
ST_4 : Operation 171 [1/1] (0.00ns)   --->   "%inputs_addr_7 = getelementptr i32 %inputs, i64 0, i64 %zext_ln25_3" [conv1.cpp:25]   --->   Operation 171 'getelementptr' 'inputs_addr_7' <Predicate = true> <Delay = 0.00>
ST_4 : Operation 172 [1/1] (0.00ns)   --->   "%bitcast_ln25 = bitcast i32 %inputs_load" [conv1.cpp:25]   --->   Operation 172 'bitcast' 'bitcast_ln25' <Predicate = (!tmp_6)> <Delay = 0.00>
ST_4 : Operation 173 [1/1] (0.69ns)   --->   "%v = select i1 %tmp_6, i32 0, i32 %bitcast_ln25" [conv1.cpp:25]   --->   Operation 173 'select' 'v' <Predicate = true> <Delay = 0.69> <CoreInst = "Sel">   --->   Core 73 'Sel' <Latency = 0> <II = 1> <Delay = 0.69> <FuncUnit> <Opcode : 'select'> <InPorts = 3> <OutPorts = 1>
ST_4 : Operation 174 [4/4] (5.70ns)   --->   "%mul = fmul i32 %v, i32 %empty_16" [conv1.cpp:26]   --->   Operation 174 'fmul' 'mul' <Predicate = true> <Delay = 5.70> <CoreInst = "FMul_maxdsp">   --->   Core 30 'FMul_maxdsp' <Latency = 3> <II = 1> <Delay = 5.70> <FuncUnit> <Opcode : 'fmul'> <InPorts = 2> <OutPorts = 1>
ST_4 : Operation 175 [1/1] (1.82ns)   --->   "%add_ln25_1 = add i6 %select_ln15, i6 31" [conv1.cpp:25]   --->   Operation 175 'add' 'add_ln25_1' <Predicate = (!tmp_7)> <Delay = 1.82> <CoreInst = "Adder">   --->   Core 1 'Adder' <Latency = 0> <II = 1> <Delay = 1.82> <FuncUnit> <Opcode : 'add' 'sub'> <InPorts = 2> <OutPorts = 1>
ST_4 : Operation 176 [1/1] (0.00ns)   --->   "%zext_ln25_5 = zext i6 %add_ln25_1" [conv1.cpp:25]   --->   Operation 176 'zext' 'zext_ln25_5' <Predicate = (!tmp_7)> <Delay = 0.00>
ST_4 : Operation 177 [1/1] (0.00ns)   --->   "%inputs_addr_6 = getelementptr i32 %inputs, i64 0, i64 %zext_ln25_5" [conv1.cpp:25]   --->   Operation 177 'getelementptr' 'inputs_addr_6' <Predicate = (!tmp_7)> <Delay = 0.00>
ST_4 : Operation 178 [1/1] (0.00ns)   --->   "%bitcast_ln25_1 = bitcast i32 %inputs_load_1" [conv1.cpp:25]   --->   Operation 178 'bitcast' 'bitcast_ln25_1' <Predicate = (!tmp_7)> <Delay = 0.00>
ST_4 : Operation 179 [1/1] (0.69ns)   --->   "%v_1 = select i1 %tmp_7, i32 0, i32 %bitcast_ln25_1" [conv1.cpp:25]   --->   Operation 179 'select' 'v_1' <Predicate = true> <Delay = 0.69> <CoreInst = "Sel">   --->   Core 73 'Sel' <Latency = 0> <II = 1> <Delay = 0.69> <FuncUnit> <Opcode : 'select'> <InPorts = 3> <OutPorts = 1>
ST_4 : Operation 180 [4/4] (5.70ns)   --->   "%mul_s = fmul i32 %v_1, i32 %empty_17" [conv1.cpp:26]   --->   Operation 180 'fmul' 'mul_s' <Predicate = true> <Delay = 5.70> <CoreInst = "FMul_maxdsp">   --->   Core 30 'FMul_maxdsp' <Latency = 3> <II = 1> <Delay = 5.70> <FuncUnit> <Opcode : 'fmul'> <InPorts = 2> <OutPorts = 1>
ST_4 : Operation 181 [1/2] ( I:3.25ns O:3.25ns )   --->   "%inputs_load_4 = load i6 %inputs_addr_4" [conv1.cpp:25]   --->   Operation 181 'load' 'inputs_load_4' <Predicate = true> <Delay = 3.25> <CoreInst = "RAM">   --->   Core 81 'RAM' <Latency = 1> <II = 1> <Delay = 3.25> <Storage> <Opcode : 'load' 'store'> <Ports = 2> <Width = 32> <Depth = 64> <RAM>
ST_4 : Operation 182 [1/2] ( I:3.25ns O:3.25ns )   --->   "%inputs_load_5 = load i6 %inputs_addr_5" [conv1.cpp:25]   --->   Operation 182 'load' 'inputs_load_5' <Predicate = (!tmp_6)> <Delay = 3.25> <CoreInst = "RAM">   --->   Core 81 'RAM' <Latency = 1> <II = 1> <Delay = 3.25> <Storage> <Opcode : 'load' 'store'> <Ports = 2> <Width = 32> <Depth = 64> <RAM>
ST_4 : Operation 183 [1/1] (0.00ns)   --->   "%bitcast_ln25_5 = bitcast i32 %inputs_load_5" [conv1.cpp:25]   --->   Operation 183 'bitcast' 'bitcast_ln25_5' <Predicate = (!tmp_6)> <Delay = 0.00>
ST_4 : Operation 184 [1/1] (0.69ns)   --->   "%v_5 = select i1 %tmp_6, i32 0, i32 %bitcast_ln25_5" [conv1.cpp:25]   --->   Operation 184 'select' 'v_5' <Predicate = true> <Delay = 0.69> <CoreInst = "Sel">   --->   Core 73 'Sel' <Latency = 0> <II = 1> <Delay = 0.69> <FuncUnit> <Opcode : 'select'> <InPorts = 3> <OutPorts = 1>
ST_4 : Operation 185 [2/2] (3.25ns)   --->   "%inputs_load_6 = load i6 %inputs_addr_6" [conv1.cpp:25]   --->   Operation 185 'load' 'inputs_load_6' <Predicate = (!tmp_7)> <Delay = 3.25> <CoreInst = "RAM">   --->   Core 81 'RAM' <Latency = 1> <II = 1> <Delay = 3.25> <Storage> <Opcode : 'load' 'store'> <Ports = 2> <Width = 32> <Depth = 64> <RAM>
ST_4 : Operation 186 [2/2] (3.25ns)   --->   "%inputs_load_7 = load i6 %inputs_addr_7" [conv1.cpp:25]   --->   Operation 186 'load' 'inputs_load_7' <Predicate = true> <Delay = 3.25> <CoreInst = "RAM">   --->   Core 81 'RAM' <Latency = 1> <II = 1> <Delay = 3.25> <Storage> <Opcode : 'load' 'store'> <Ports = 2> <Width = 32> <Depth = 64> <RAM>

State 5 <SV = 4> <Delay = 6.40>
ST_5 : Operation 187 [1/1] (0.00ns)   --->   "%indvar_flatten1_load = load i9 %indvar_flatten1" [conv1.cpp:15]   --->   Operation 187 'load' 'indvar_flatten1_load' <Predicate = true> <Delay = 0.00>
ST_5 : Operation 188 [1/1] (1.91ns)   --->   "%empty_12 = add i8 %empty_11, i8 1" [conv1.cpp:15]   --->   Operation 188 'add' 'empty_12' <Predicate = true> <Delay = 1.91> <CoreInst = "Adder">   --->   Core 1 'Adder' <Latency = 0> <II = 1> <Delay = 1.91> <FuncUnit> <Opcode : 'add' 'sub'> <InPorts = 2> <OutPorts = 1>
ST_5 : Operation 189 [1/1] (0.00ns)   --->   "%p_cast23 = zext i8 %empty_12" [conv1.cpp:15]   --->   Operation 189 'zext' 'p_cast23' <Predicate = true> <Delay = 0.00>
ST_5 : Operation 190 [1/1] (0.00ns)   --->   "%weights_addr_6 = getelementptr i32 %weights, i64 0, i64 %p_cast23" [conv1.cpp:15]   --->   Operation 190 'getelementptr' 'weights_addr_6' <Predicate = true> <Delay = 0.00>
ST_5 : Operation 191 [1/1] (1.91ns)   --->   "%empty_13 = add i8 %empty_11, i8 2" [conv1.cpp:15]   --->   Operation 191 'add' 'empty_13' <Predicate = true> <Delay = 1.91> <CoreInst = "Adder">   --->   Core 1 'Adder' <Latency = 0> <II = 1> <Delay = 1.91> <FuncUnit> <Opcode : 'add' 'sub'> <InPorts = 2> <OutPorts = 1>
ST_5 : Operation 192 [1/1] (0.00ns)   --->   "%p_cast24 = zext i8 %empty_13" [conv1.cpp:15]   --->   Operation 192 'zext' 'p_cast24' <Predicate = true> <Delay = 0.00>
ST_5 : Operation 193 [1/1] (0.00ns)   --->   "%weights_addr_7 = getelementptr i32 %weights, i64 0, i64 %p_cast24" [conv1.cpp:15]   --->   Operation 193 'getelementptr' 'weights_addr_7' <Predicate = true> <Delay = 0.00>
ST_5 : Operation 194 [1/1] (0.00ns)   --->   "%empty_18 = bitcast i32 %weights_load_2" [conv1.cpp:15]   --->   Operation 194 'bitcast' 'empty_18' <Predicate = true> <Delay = 0.00>
ST_5 : Operation 195 [1/1] (0.00ns)   --->   "%empty_19 = bitcast i32 %weights_load_3" [conv1.cpp:15]   --->   Operation 195 'bitcast' 'empty_19' <Predicate = true> <Delay = 0.00>
ST_5 : Operation 196 [1/2] ( I:3.25ns O:3.25ns )   --->   "%weights_load_4 = load i8 %weights_addr_4" [conv1.cpp:15]   --->   Operation 196 'load' 'weights_load_4' <Predicate = true> <Delay = 3.25> <CoreInst = "RAM">   --->   Core 81 'RAM' <Latency = 1> <II = 1> <Delay = 3.25> <Storage> <Opcode : 'load' 'store'> <Ports = 2> <Width = 32> <Depth = 160> <RAM>
ST_5 : Operation 197 [1/2] ( I:3.25ns O:3.25ns )   --->   "%weights_load_5 = load i8 %weights_addr_5" [conv1.cpp:15]   --->   Operation 197 'load' 'weights_load_5' <Predicate = true> <Delay = 3.25> <CoreInst = "RAM">   --->   Core 81 'RAM' <Latency = 1> <II = 1> <Delay = 3.25> <Storage> <Opcode : 'load' 'store'> <Ports = 2> <Width = 32> <Depth = 160> <RAM>
ST_5 : Operation 198 [2/2] (3.25ns)   --->   "%weights_load_6 = load i8 %weights_addr_6" [conv1.cpp:15]   --->   Operation 198 'load' 'weights_load_6' <Predicate = true> <Delay = 3.25> <CoreInst = "RAM">   --->   Core 81 'RAM' <Latency = 1> <II = 1> <Delay = 3.25> <Storage> <Opcode : 'load' 'store'> <Ports = 2> <Width = 32> <Depth = 160> <RAM>
ST_5 : Operation 199 [2/2] (3.25ns)   --->   "%weights_load_7 = load i8 %weights_addr_7" [conv1.cpp:15]   --->   Operation 199 'load' 'weights_load_7' <Predicate = true> <Delay = 3.25> <CoreInst = "RAM">   --->   Core 81 'RAM' <Latency = 1> <II = 1> <Delay = 3.25> <Storage> <Opcode : 'load' 'store'> <Ports = 2> <Width = 32> <Depth = 160> <RAM>
ST_5 : Operation 200 [3/4] (5.70ns)   --->   "%mul = fmul i32 %v, i32 %empty_16" [conv1.cpp:26]   --->   Operation 200 'fmul' 'mul' <Predicate = true> <Delay = 5.70> <CoreInst = "FMul_maxdsp">   --->   Core 30 'FMul_maxdsp' <Latency = 3> <II = 1> <Delay = 5.70> <FuncUnit> <Opcode : 'fmul'> <InPorts = 2> <OutPorts = 1>
ST_5 : Operation 201 [3/4] (5.70ns)   --->   "%mul_s = fmul i32 %v_1, i32 %empty_17" [conv1.cpp:26]   --->   Operation 201 'fmul' 'mul_s' <Predicate = true> <Delay = 5.70> <CoreInst = "FMul_maxdsp">   --->   Core 30 'FMul_maxdsp' <Latency = 3> <II = 1> <Delay = 5.70> <FuncUnit> <Opcode : 'fmul'> <InPorts = 2> <OutPorts = 1>
ST_5 : Operation 202 [1/1] (0.00ns)   --->   "%v_2 = bitcast i32 %inputs_load_2" [conv1.cpp:25]   --->   Operation 202 'bitcast' 'v_2' <Predicate = true> <Delay = 0.00>
ST_5 : Operation 203 [4/4] (5.70ns)   --->   "%mul_2 = fmul i32 %v_2, i32 %empty_18" [conv1.cpp:26]   --->   Operation 203 'fmul' 'mul_2' <Predicate = true> <Delay = 5.70> <CoreInst = "FMul_maxdsp">   --->   Core 30 'FMul_maxdsp' <Latency = 3> <II = 1> <Delay = 5.70> <FuncUnit> <Opcode : 'fmul'> <InPorts = 2> <OutPorts = 1>
ST_5 : Operation 204 [1/1] (1.82ns)   --->   "%add_ln25_2 = add i6 %select_ln15, i6 33" [conv1.cpp:25]   --->   Operation 204 'add' 'add_ln25_2' <Predicate = (!tmp_8)> <Delay = 1.82> <CoreInst = "Adder">   --->   Core 1 'Adder' <Latency = 0> <II = 1> <Delay = 1.82> <FuncUnit> <Opcode : 'add' 'sub'> <InPorts = 2> <OutPorts = 1>
ST_5 : Operation 205 [1/1] (0.00ns)   --->   "%zext_ln25_6 = zext i6 %add_ln25_2" [conv1.cpp:25]   --->   Operation 205 'zext' 'zext_ln25_6' <Predicate = (!tmp_8)> <Delay = 0.00>
ST_5 : Operation 206 [1/1] (0.00ns)   --->   "%inputs_addr_8 = getelementptr i32 %inputs, i64 0, i64 %zext_ln25_6" [conv1.cpp:25]   --->   Operation 206 'getelementptr' 'inputs_addr_8' <Predicate = (!tmp_8)> <Delay = 0.00>
ST_5 : Operation 207 [1/1] (0.00ns)   --->   "%bitcast_ln25_3 = bitcast i32 %inputs_load_3" [conv1.cpp:25]   --->   Operation 207 'bitcast' 'bitcast_ln25_3' <Predicate = (!tmp_8)> <Delay = 0.00>
ST_5 : Operation 208 [1/1] (0.69ns)   --->   "%v_3 = select i1 %tmp_8, i32 0, i32 %bitcast_ln25_3" [conv1.cpp:25]   --->   Operation 208 'select' 'v_3' <Predicate = true> <Delay = 0.69> <CoreInst = "Sel">   --->   Core 73 'Sel' <Latency = 0> <II = 1> <Delay = 0.69> <FuncUnit> <Opcode : 'select'> <InPorts = 3> <OutPorts = 1>
ST_5 : Operation 209 [4/4] (5.70ns)   --->   "%mul_3 = fmul i32 %v_3, i32 %empty_19" [conv1.cpp:26]   --->   Operation 209 'fmul' 'mul_3' <Predicate = true> <Delay = 5.70> <CoreInst = "FMul_maxdsp">   --->   Core 30 'FMul_maxdsp' <Latency = 3> <II = 1> <Delay = 5.70> <FuncUnit> <Opcode : 'fmul'> <InPorts = 2> <OutPorts = 1>
ST_5 : Operation 210 [1/1] (1.82ns)   --->   "%add_ln25_3 = add i6 %select_ln15, i6 34" [conv1.cpp:25]   --->   Operation 210 'add' 'add_ln25_3' <Predicate = (!tmp_9)> <Delay = 1.82> <CoreInst = "Adder">   --->   Core 1 'Adder' <Latency = 0> <II = 1> <Delay = 1.82> <FuncUnit> <Opcode : 'add' 'sub'> <InPorts = 2> <OutPorts = 1>
ST_5 : Operation 211 [1/1] (0.00ns)   --->   "%zext_ln25_7 = zext i6 %add_ln25_3" [conv1.cpp:25]   --->   Operation 211 'zext' 'zext_ln25_7' <Predicate = (!tmp_9)> <Delay = 0.00>
ST_5 : Operation 212 [1/1] (0.00ns)   --->   "%inputs_addr_9 = getelementptr i32 %inputs, i64 0, i64 %zext_ln25_7" [conv1.cpp:25]   --->   Operation 212 'getelementptr' 'inputs_addr_9' <Predicate = (!tmp_9)> <Delay = 0.00>
ST_5 : Operation 213 [1/2] ( I:3.25ns O:3.25ns )   --->   "%inputs_load_6 = load i6 %inputs_addr_6" [conv1.cpp:25]   --->   Operation 213 'load' 'inputs_load_6' <Predicate = (!tmp_7)> <Delay = 3.25> <CoreInst = "RAM">   --->   Core 81 'RAM' <Latency = 1> <II = 1> <Delay = 3.25> <Storage> <Opcode : 'load' 'store'> <Ports = 2> <Width = 32> <Depth = 64> <RAM>
ST_5 : Operation 214 [1/1] (0.00ns)   --->   "%bitcast_ln25_6 = bitcast i32 %inputs_load_6" [conv1.cpp:25]   --->   Operation 214 'bitcast' 'bitcast_ln25_6' <Predicate = (!tmp_7)> <Delay = 0.00>
ST_5 : Operation 215 [1/1] (0.69ns)   --->   "%v_6 = select i1 %tmp_7, i32 0, i32 %bitcast_ln25_6" [conv1.cpp:25]   --->   Operation 215 'select' 'v_6' <Predicate = true> <Delay = 0.69> <CoreInst = "Sel">   --->   Core 73 'Sel' <Latency = 0> <II = 1> <Delay = 0.69> <FuncUnit> <Opcode : 'select'> <InPorts = 3> <OutPorts = 1>
ST_5 : Operation 216 [1/2] ( I:3.25ns O:3.25ns )   --->   "%inputs_load_7 = load i6 %inputs_addr_7" [conv1.cpp:25]   --->   Operation 216 'load' 'inputs_load_7' <Predicate = true> <Delay = 3.25> <CoreInst = "RAM">   --->   Core 81 'RAM' <Latency = 1> <II = 1> <Delay = 3.25> <Storage> <Opcode : 'load' 'store'> <Ports = 2> <Width = 32> <Depth = 64> <RAM>
ST_5 : Operation 217 [2/2] (3.25ns)   --->   "%inputs_load_8 = load i6 %inputs_addr_8" [conv1.cpp:25]   --->   Operation 217 'load' 'inputs_load_8' <Predicate = (!tmp_8)> <Delay = 3.25> <CoreInst = "RAM">   --->   Core 81 'RAM' <Latency = 1> <II = 1> <Delay = 3.25> <Storage> <Opcode : 'load' 'store'> <Ports = 2> <Width = 32> <Depth = 64> <RAM>
ST_5 : Operation 218 [2/2] (3.25ns)   --->   "%inputs_load_9 = load i6 %inputs_addr_9" [conv1.cpp:25]   --->   Operation 218 'load' 'inputs_load_9' <Predicate = (!tmp_9)> <Delay = 3.25> <CoreInst = "RAM">   --->   Core 81 'RAM' <Latency = 1> <II = 1> <Delay = 3.25> <Storage> <Opcode : 'load' 'store'> <Ports = 2> <Width = 32> <Depth = 64> <RAM>
ST_5 : Operation 219 [1/1] (1.82ns)   --->   "%add_ln15_1 = add i9 %indvar_flatten1_load, i9 1" [conv1.cpp:15]   --->   Operation 219 'add' 'add_ln15_1' <Predicate = true> <Delay = 1.82> <CoreInst = "Adder">   --->   Core 1 'Adder' <Latency = 0> <II = 1> <Delay = 1.82> <FuncUnit> <Opcode : 'add' 'sub'> <InPorts = 2> <OutPorts = 1>
ST_5 : Operation 220 [1/1] (1.82ns)   --->   "%icmp_ln16 = icmp_eq  i6 %o, i6 32" [conv1.cpp:16]   --->   Operation 220 'icmp' 'icmp_ln16' <Predicate = true> <Delay = 1.82> <CoreInst = "Cmp">   --->   Core 9 'Cmp' <Latency = 0> <II = 1> <Delay = 1.82> <FuncUnit> <Opcode : 'seteq' 'setne' 'setle' 'setge' 'setlt' 'setgt'> <InPorts = 2> <OutPorts = 1>
ST_5 : Operation 221 [1/1] (1.82ns)   --->   "%icmp_ln15 = icmp_eq  i9 %indvar_flatten1_load, i9 511" [conv1.cpp:15]   --->   Operation 221 'icmp' 'icmp_ln15' <Predicate = true> <Delay = 1.82> <CoreInst = "Cmp">   --->   Core 9 'Cmp' <Latency = 0> <II = 1> <Delay = 1.82> <FuncUnit> <Opcode : 'seteq' 'setne' 'setle' 'setge' 'setlt' 'setgt'> <InPorts = 2> <OutPorts = 1>
ST_5 : Operation 222 [1/1] (1.58ns)   --->   "%store_ln15 = store i9 %add_ln15_1, i9 %indvar_flatten1" [conv1.cpp:15]   --->   Operation 222 'store' 'store_ln15' <Predicate = true> <Delay = 1.58>
ST_5 : Operation 223 [1/1] (0.00ns)   --->   "%br_ln15 = br i1 %icmp_ln15, void %for.inc36, void %for.end38" [conv1.cpp:15]   --->   Operation 223 'br' 'br_ln15' <Predicate = true> <Delay = 0.00>

State 6 <SV = 5> <Delay = 6.40>
ST_6 : Operation 224 [1/1] (1.91ns)   --->   "%empty_14 = add i8 %empty_11, i8 3" [conv1.cpp:15]   --->   Operation 224 'add' 'empty_14' <Predicate = true> <Delay = 1.91> <CoreInst = "Adder">   --->   Core 1 'Adder' <Latency = 0> <II = 1> <Delay = 1.91> <FuncUnit> <Opcode : 'add' 'sub'> <InPorts = 2> <OutPorts = 1>
ST_6 : Operation 225 [1/1] (0.00ns)   --->   "%p_cast25 = zext i8 %empty_14" [conv1.cpp:15]   --->   Operation 225 'zext' 'p_cast25' <Predicate = true> <Delay = 0.00>
ST_6 : Operation 226 [1/1] (0.00ns)   --->   "%weights_addr_8 = getelementptr i32 %weights, i64 0, i64 %p_cast25" [conv1.cpp:15]   --->   Operation 226 'getelementptr' 'weights_addr_8' <Predicate = true> <Delay = 0.00>
ST_6 : Operation 227 [1/1] (1.91ns)   --->   "%empty_15 = add i8 %empty_11, i8 4" [conv1.cpp:15]   --->   Operation 227 'add' 'empty_15' <Predicate = true> <Delay = 1.91> <CoreInst = "Adder">   --->   Core 1 'Adder' <Latency = 0> <II = 1> <Delay = 1.91> <FuncUnit> <Opcode : 'add' 'sub'> <InPorts = 2> <OutPorts = 1>
ST_6 : Operation 228 [1/1] (0.00ns)   --->   "%p_cast26 = zext i8 %empty_15" [conv1.cpp:15]   --->   Operation 228 'zext' 'p_cast26' <Predicate = true> <Delay = 0.00>
ST_6 : Operation 229 [1/1] (0.00ns)   --->   "%weights_addr_9 = getelementptr i32 %weights, i64 0, i64 %p_cast26" [conv1.cpp:15]   --->   Operation 229 'getelementptr' 'weights_addr_9' <Predicate = true> <Delay = 0.00>
ST_6 : Operation 230 [1/1] (0.00ns)   --->   "%empty_20 = bitcast i32 %weights_load_4" [conv1.cpp:15]   --->   Operation 230 'bitcast' 'empty_20' <Predicate = true> <Delay = 0.00>
ST_6 : Operation 231 [1/1] (0.00ns)   --->   "%empty_21 = bitcast i32 %weights_load_5" [conv1.cpp:15]   --->   Operation 231 'bitcast' 'empty_21' <Predicate = true> <Delay = 0.00>
ST_6 : Operation 232 [1/2] ( I:3.25ns O:3.25ns )   --->   "%weights_load_6 = load i8 %weights_addr_6" [conv1.cpp:15]   --->   Operation 232 'load' 'weights_load_6' <Predicate = true> <Delay = 3.25> <CoreInst = "RAM">   --->   Core 81 'RAM' <Latency = 1> <II = 1> <Delay = 3.25> <Storage> <Opcode : 'load' 'store'> <Ports = 2> <Width = 32> <Depth = 160> <RAM>
ST_6 : Operation 233 [1/2] ( I:3.25ns O:3.25ns )   --->   "%weights_load_7 = load i8 %weights_addr_7" [conv1.cpp:15]   --->   Operation 233 'load' 'weights_load_7' <Predicate = true> <Delay = 3.25> <CoreInst = "RAM">   --->   Core 81 'RAM' <Latency = 1> <II = 1> <Delay = 3.25> <Storage> <Opcode : 'load' 'store'> <Ports = 2> <Width = 32> <Depth = 160> <RAM>
ST_6 : Operation 234 [2/2] (3.25ns)   --->   "%weights_load_8 = load i8 %weights_addr_8" [conv1.cpp:15]   --->   Operation 234 'load' 'weights_load_8' <Predicate = true> <Delay = 3.25> <CoreInst = "RAM">   --->   Core 81 'RAM' <Latency = 1> <II = 1> <Delay = 3.25> <Storage> <Opcode : 'load' 'store'> <Ports = 2> <Width = 32> <Depth = 160> <RAM>
ST_6 : Operation 235 [2/2] (3.25ns)   --->   "%weights_load_9 = load i8 %weights_addr_9" [conv1.cpp:15]   --->   Operation 235 'load' 'weights_load_9' <Predicate = true> <Delay = 3.25> <CoreInst = "RAM">   --->   Core 81 'RAM' <Latency = 1> <II = 1> <Delay = 3.25> <Storage> <Opcode : 'load' 'store'> <Ports = 2> <Width = 32> <Depth = 160> <RAM>
ST_6 : Operation 236 [2/4] (5.70ns)   --->   "%mul = fmul i32 %v, i32 %empty_16" [conv1.cpp:26]   --->   Operation 236 'fmul' 'mul' <Predicate = true> <Delay = 5.70> <CoreInst = "FMul_maxdsp">   --->   Core 30 'FMul_maxdsp' <Latency = 3> <II = 1> <Delay = 5.70> <FuncUnit> <Opcode : 'fmul'> <InPorts = 2> <OutPorts = 1>
ST_6 : Operation 237 [2/4] (5.70ns)   --->   "%mul_s = fmul i32 %v_1, i32 %empty_17" [conv1.cpp:26]   --->   Operation 237 'fmul' 'mul_s' <Predicate = true> <Delay = 5.70> <CoreInst = "FMul_maxdsp">   --->   Core 30 'FMul_maxdsp' <Latency = 3> <II = 1> <Delay = 5.70> <FuncUnit> <Opcode : 'fmul'> <InPorts = 2> <OutPorts = 1>
ST_6 : Operation 238 [3/4] (5.70ns)   --->   "%mul_2 = fmul i32 %v_2, i32 %empty_18" [conv1.cpp:26]   --->   Operation 238 'fmul' 'mul_2' <Predicate = true> <Delay = 5.70> <CoreInst = "FMul_maxdsp">   --->   Core 30 'FMul_maxdsp' <Latency = 3> <II = 1> <Delay = 5.70> <FuncUnit> <Opcode : 'fmul'> <InPorts = 2> <OutPorts = 1>
ST_6 : Operation 239 [3/4] (5.70ns)   --->   "%mul_3 = fmul i32 %v_3, i32 %empty_19" [conv1.cpp:26]   --->   Operation 239 'fmul' 'mul_3' <Predicate = true> <Delay = 5.70> <CoreInst = "FMul_maxdsp">   --->   Core 30 'FMul_maxdsp' <Latency = 3> <II = 1> <Delay = 5.70> <FuncUnit> <Opcode : 'fmul'> <InPorts = 2> <OutPorts = 1>
ST_6 : Operation 240 [1/1] (0.00ns)   --->   "%bitcast_ln25_4 = bitcast i32 %inputs_load_4" [conv1.cpp:25]   --->   Operation 240 'bitcast' 'bitcast_ln25_4' <Predicate = (!tmp_9)> <Delay = 0.00>
ST_6 : Operation 241 [1/1] (0.69ns)   --->   "%v_4 = select i1 %tmp_9, i32 0, i32 %bitcast_ln25_4" [conv1.cpp:25]   --->   Operation 241 'select' 'v_4' <Predicate = true> <Delay = 0.69> <CoreInst = "Sel">   --->   Core 73 'Sel' <Latency = 0> <II = 1> <Delay = 0.69> <FuncUnit> <Opcode : 'select'> <InPorts = 3> <OutPorts = 1>
ST_6 : Operation 242 [4/4] (5.70ns)   --->   "%mul_4 = fmul i32 %v_4, i32 %empty_20" [conv1.cpp:26]   --->   Operation 242 'fmul' 'mul_4' <Predicate = true> <Delay = 5.70> <CoreInst = "FMul_maxdsp">   --->   Core 30 'FMul_maxdsp' <Latency = 3> <II = 1> <Delay = 5.70> <FuncUnit> <Opcode : 'fmul'> <InPorts = 2> <OutPorts = 1>
ST_6 : Operation 243 [4/4] (5.70ns)   --->   "%mul_1 = fmul i32 %v_5, i32 %empty_21" [conv1.cpp:26]   --->   Operation 243 'fmul' 'mul_1' <Predicate = true> <Delay = 5.70> <CoreInst = "FMul_maxdsp">   --->   Core 30 'FMul_maxdsp' <Latency = 3> <II = 1> <Delay = 5.70> <FuncUnit> <Opcode : 'fmul'> <InPorts = 2> <OutPorts = 1>
ST_6 : Operation 244 [1/2] ( I:3.25ns O:3.25ns )   --->   "%inputs_load_8 = load i6 %inputs_addr_8" [conv1.cpp:25]   --->   Operation 244 'load' 'inputs_load_8' <Predicate = (!tmp_8)> <Delay = 3.25> <CoreInst = "RAM">   --->   Core 81 'RAM' <Latency = 1> <II = 1> <Delay = 3.25> <Storage> <Opcode : 'load' 'store'> <Ports = 2> <Width = 32> <Depth = 64> <RAM>
ST_6 : Operation 245 [1/1] (0.00ns)   --->   "%bitcast_ln25_8 = bitcast i32 %inputs_load_8" [conv1.cpp:25]   --->   Operation 245 'bitcast' 'bitcast_ln25_8' <Predicate = (!tmp_8)> <Delay = 0.00>
ST_6 : Operation 246 [1/1] (0.69ns)   --->   "%v_8 = select i1 %tmp_8, i32 0, i32 %bitcast_ln25_8" [conv1.cpp:25]   --->   Operation 246 'select' 'v_8' <Predicate = true> <Delay = 0.69> <CoreInst = "Sel">   --->   Core 73 'Sel' <Latency = 0> <II = 1> <Delay = 0.69> <FuncUnit> <Opcode : 'select'> <InPorts = 3> <OutPorts = 1>
ST_6 : Operation 247 [1/2] ( I:3.25ns O:3.25ns )   --->   "%inputs_load_9 = load i6 %inputs_addr_9" [conv1.cpp:25]   --->   Operation 247 'load' 'inputs_load_9' <Predicate = (!tmp_9)> <Delay = 3.25> <CoreInst = "RAM">   --->   Core 81 'RAM' <Latency = 1> <II = 1> <Delay = 3.25> <Storage> <Opcode : 'load' 'store'> <Ports = 2> <Width = 32> <Depth = 64> <RAM>
ST_6 : Operation 248 [1/1] (0.00ns)   --->   "%bitcast_ln25_9 = bitcast i32 %inputs_load_9" [conv1.cpp:25]   --->   Operation 248 'bitcast' 'bitcast_ln25_9' <Predicate = (!tmp_9)> <Delay = 0.00>
ST_6 : Operation 249 [1/1] (0.69ns)   --->   "%v_9 = select i1 %tmp_9, i32 0, i32 %bitcast_ln25_9" [conv1.cpp:25]   --->   Operation 249 'select' 'v_9' <Predicate = true> <Delay = 0.69> <CoreInst = "Sel">   --->   Core 73 'Sel' <Latency = 0> <II = 1> <Delay = 0.69> <FuncUnit> <Opcode : 'select'> <InPorts = 3> <OutPorts = 1>

State 7 <SV = 6> <Delay = 5.70>
ST_7 : Operation 250 [1/1] (0.00ns)   --->   "%empty_22 = bitcast i32 %weights_load_6" [conv1.cpp:15]   --->   Operation 250 'bitcast' 'empty_22' <Predicate = true> <Delay = 0.00>
ST_7 : Operation 251 [1/1] (0.00ns)   --->   "%empty_23 = bitcast i32 %weights_load_7" [conv1.cpp:15]   --->   Operation 251 'bitcast' 'empty_23' <Predicate = true> <Delay = 0.00>
ST_7 : Operation 252 [1/2] ( I:3.25ns O:3.25ns )   --->   "%weights_load_8 = load i8 %weights_addr_8" [conv1.cpp:15]   --->   Operation 252 'load' 'weights_load_8' <Predicate = true> <Delay = 3.25> <CoreInst = "RAM">   --->   Core 81 'RAM' <Latency = 1> <II = 1> <Delay = 3.25> <Storage> <Opcode : 'load' 'store'> <Ports = 2> <Width = 32> <Depth = 160> <RAM>
ST_7 : Operation 253 [1/2] ( I:3.25ns O:3.25ns )   --->   "%weights_load_9 = load i8 %weights_addr_9" [conv1.cpp:15]   --->   Operation 253 'load' 'weights_load_9' <Predicate = true> <Delay = 3.25> <CoreInst = "RAM">   --->   Core 81 'RAM' <Latency = 1> <II = 1> <Delay = 3.25> <Storage> <Opcode : 'load' 'store'> <Ports = 2> <Width = 32> <Depth = 160> <RAM>
ST_7 : Operation 254 [1/4] (5.70ns)   --->   "%mul = fmul i32 %v, i32 %empty_16" [conv1.cpp:26]   --->   Operation 254 'fmul' 'mul' <Predicate = true> <Delay = 5.70> <CoreInst = "FMul_maxdsp">   --->   Core 30 'FMul_maxdsp' <Latency = 3> <II = 1> <Delay = 5.70> <FuncUnit> <Opcode : 'fmul'> <InPorts = 2> <OutPorts = 1>
ST_7 : Operation 255 [1/4] (5.70ns)   --->   "%mul_s = fmul i32 %v_1, i32 %empty_17" [conv1.cpp:26]   --->   Operation 255 'fmul' 'mul_s' <Predicate = true> <Delay = 5.70> <CoreInst = "FMul_maxdsp">   --->   Core 30 'FMul_maxdsp' <Latency = 3> <II = 1> <Delay = 5.70> <FuncUnit> <Opcode : 'fmul'> <InPorts = 2> <OutPorts = 1>
ST_7 : Operation 256 [2/4] (5.70ns)   --->   "%mul_2 = fmul i32 %v_2, i32 %empty_18" [conv1.cpp:26]   --->   Operation 256 'fmul' 'mul_2' <Predicate = true> <Delay = 5.70> <CoreInst = "FMul_maxdsp">   --->   Core 30 'FMul_maxdsp' <Latency = 3> <II = 1> <Delay = 5.70> <FuncUnit> <Opcode : 'fmul'> <InPorts = 2> <OutPorts = 1>
ST_7 : Operation 257 [2/4] (5.70ns)   --->   "%mul_3 = fmul i32 %v_3, i32 %empty_19" [conv1.cpp:26]   --->   Operation 257 'fmul' 'mul_3' <Predicate = true> <Delay = 5.70> <CoreInst = "FMul_maxdsp">   --->   Core 30 'FMul_maxdsp' <Latency = 3> <II = 1> <Delay = 5.70> <FuncUnit> <Opcode : 'fmul'> <InPorts = 2> <OutPorts = 1>
ST_7 : Operation 258 [3/4] (5.70ns)   --->   "%mul_4 = fmul i32 %v_4, i32 %empty_20" [conv1.cpp:26]   --->   Operation 258 'fmul' 'mul_4' <Predicate = true> <Delay = 5.70> <CoreInst = "FMul_maxdsp">   --->   Core 30 'FMul_maxdsp' <Latency = 3> <II = 1> <Delay = 5.70> <FuncUnit> <Opcode : 'fmul'> <InPorts = 2> <OutPorts = 1>
ST_7 : Operation 259 [3/4] (5.70ns)   --->   "%mul_1 = fmul i32 %v_5, i32 %empty_21" [conv1.cpp:26]   --->   Operation 259 'fmul' 'mul_1' <Predicate = true> <Delay = 5.70> <CoreInst = "FMul_maxdsp">   --->   Core 30 'FMul_maxdsp' <Latency = 3> <II = 1> <Delay = 5.70> <FuncUnit> <Opcode : 'fmul'> <InPorts = 2> <OutPorts = 1>
ST_7 : Operation 260 [4/4] (5.70ns)   --->   "%mul_1_1 = fmul i32 %v_6, i32 %empty_22" [conv1.cpp:26]   --->   Operation 260 'fmul' 'mul_1_1' <Predicate = true> <Delay = 5.70> <CoreInst = "FMul_maxdsp">   --->   Core 30 'FMul_maxdsp' <Latency = 3> <II = 1> <Delay = 5.70> <FuncUnit> <Opcode : 'fmul'> <InPorts = 2> <OutPorts = 1>
ST_7 : Operation 261 [1/1] (0.00ns)   --->   "%v_7 = bitcast i32 %inputs_load_7" [conv1.cpp:25]   --->   Operation 261 'bitcast' 'v_7' <Predicate = true> <Delay = 0.00>
ST_7 : Operation 262 [4/4] (5.70ns)   --->   "%mul_1_2 = fmul i32 %v_7, i32 %empty_23" [conv1.cpp:26]   --->   Operation 262 'fmul' 'mul_1_2' <Predicate = true> <Delay = 5.70> <CoreInst = "FMul_maxdsp">   --->   Core 30 'FMul_maxdsp' <Latency = 3> <II = 1> <Delay = 5.70> <FuncUnit> <Opcode : 'fmul'> <InPorts = 2> <OutPorts = 1>

State 8 <SV = 7> <Delay = 7.25>
ST_8 : Operation 263 [1/1] (0.00ns)   --->   "%acc = bitcast i32 %bias_load" [conv1.cpp:15]   --->   Operation 263 'bitcast' 'acc' <Predicate = true> <Delay = 0.00>
ST_8 : Operation 264 [1/1] (0.00ns)   --->   "%empty_24 = bitcast i32 %weights_load_8" [conv1.cpp:15]   --->   Operation 264 'bitcast' 'empty_24' <Predicate = true> <Delay = 0.00>
ST_8 : Operation 265 [1/1] (0.00ns)   --->   "%empty_25 = bitcast i32 %weights_load_9" [conv1.cpp:15]   --->   Operation 265 'bitcast' 'empty_25' <Predicate = true> <Delay = 0.00>
ST_8 : Operation 266 [5/5] (7.25ns)   --->   "%acc_1 = fadd i32 %acc, i32 %mul" [conv1.cpp:26]   --->   Operation 266 'fadd' 'acc_1' <Predicate = true> <Delay = 7.25> <CoreInst = "FAddSub_fulldsp">   --->   Core 18 'FAddSub_fulldsp' <Latency = 4> <II = 1> <Delay = 7.25> <FuncUnit> <Opcode : 'fadd' 'fsub'> <InPorts = 2> <OutPorts = 1>
ST_8 : Operation 267 [1/4] (5.70ns)   --->   "%mul_2 = fmul i32 %v_2, i32 %empty_18" [conv1.cpp:26]   --->   Operation 267 'fmul' 'mul_2' <Predicate = true> <Delay = 5.70> <CoreInst = "FMul_maxdsp">   --->   Core 30 'FMul_maxdsp' <Latency = 3> <II = 1> <Delay = 5.70> <FuncUnit> <Opcode : 'fmul'> <InPorts = 2> <OutPorts = 1>
ST_8 : Operation 268 [1/4] (5.70ns)   --->   "%mul_3 = fmul i32 %v_3, i32 %empty_19" [conv1.cpp:26]   --->   Operation 268 'fmul' 'mul_3' <Predicate = true> <Delay = 5.70> <CoreInst = "FMul_maxdsp">   --->   Core 30 'FMul_maxdsp' <Latency = 3> <II = 1> <Delay = 5.70> <FuncUnit> <Opcode : 'fmul'> <InPorts = 2> <OutPorts = 1>
ST_8 : Operation 269 [2/4] (5.70ns)   --->   "%mul_4 = fmul i32 %v_4, i32 %empty_20" [conv1.cpp:26]   --->   Operation 269 'fmul' 'mul_4' <Predicate = true> <Delay = 5.70> <CoreInst = "FMul_maxdsp">   --->   Core 30 'FMul_maxdsp' <Latency = 3> <II = 1> <Delay = 5.70> <FuncUnit> <Opcode : 'fmul'> <InPorts = 2> <OutPorts = 1>
ST_8 : Operation 270 [2/4] (5.70ns)   --->   "%mul_1 = fmul i32 %v_5, i32 %empty_21" [conv1.cpp:26]   --->   Operation 270 'fmul' 'mul_1' <Predicate = true> <Delay = 5.70> <CoreInst = "FMul_maxdsp">   --->   Core 30 'FMul_maxdsp' <Latency = 3> <II = 1> <Delay = 5.70> <FuncUnit> <Opcode : 'fmul'> <InPorts = 2> <OutPorts = 1>
ST_8 : Operation 271 [3/4] (5.70ns)   --->   "%mul_1_1 = fmul i32 %v_6, i32 %empty_22" [conv1.cpp:26]   --->   Operation 271 'fmul' 'mul_1_1' <Predicate = true> <Delay = 5.70> <CoreInst = "FMul_maxdsp">   --->   Core 30 'FMul_maxdsp' <Latency = 3> <II = 1> <Delay = 5.70> <FuncUnit> <Opcode : 'fmul'> <InPorts = 2> <OutPorts = 1>
ST_8 : Operation 272 [3/4] (5.70ns)   --->   "%mul_1_2 = fmul i32 %v_7, i32 %empty_23" [conv1.cpp:26]   --->   Operation 272 'fmul' 'mul_1_2' <Predicate = true> <Delay = 5.70> <CoreInst = "FMul_maxdsp">   --->   Core 30 'FMul_maxdsp' <Latency = 3> <II = 1> <Delay = 5.70> <FuncUnit> <Opcode : 'fmul'> <InPorts = 2> <OutPorts = 1>
ST_8 : Operation 273 [4/4] (5.70ns)   --->   "%mul_1_3 = fmul i32 %v_8, i32 %empty_24" [conv1.cpp:26]   --->   Operation 273 'fmul' 'mul_1_3' <Predicate = true> <Delay = 5.70> <CoreInst = "FMul_maxdsp">   --->   Core 30 'FMul_maxdsp' <Latency = 3> <II = 1> <Delay = 5.70> <FuncUnit> <Opcode : 'fmul'> <InPorts = 2> <OutPorts = 1>
ST_8 : Operation 274 [4/4] (5.70ns)   --->   "%mul_1_4 = fmul i32 %v_9, i32 %empty_25" [conv1.cpp:26]   --->   Operation 274 'fmul' 'mul_1_4' <Predicate = true> <Delay = 5.70> <CoreInst = "FMul_maxdsp">   --->   Core 30 'FMul_maxdsp' <Latency = 3> <II = 1> <Delay = 5.70> <FuncUnit> <Opcode : 'fmul'> <InPorts = 2> <OutPorts = 1>

State 9 <SV = 8> <Delay = 7.25>
ST_9 : Operation 275 [4/5] (7.25ns)   --->   "%acc_1 = fadd i32 %acc, i32 %mul" [conv1.cpp:26]   --->   Operation 275 'fadd' 'acc_1' <Predicate = true> <Delay = 7.25> <CoreInst = "FAddSub_fulldsp">   --->   Core 18 'FAddSub_fulldsp' <Latency = 4> <II = 1> <Delay = 7.25> <FuncUnit> <Opcode : 'fadd' 'fsub'> <InPorts = 2> <OutPorts = 1>
ST_9 : Operation 276 [1/4] (5.70ns)   --->   "%mul_4 = fmul i32 %v_4, i32 %empty_20" [conv1.cpp:26]   --->   Operation 276 'fmul' 'mul_4' <Predicate = true> <Delay = 5.70> <CoreInst = "FMul_maxdsp">   --->   Core 30 'FMul_maxdsp' <Latency = 3> <II = 1> <Delay = 5.70> <FuncUnit> <Opcode : 'fmul'> <InPorts = 2> <OutPorts = 1>
ST_9 : Operation 277 [1/4] (5.70ns)   --->   "%mul_1 = fmul i32 %v_5, i32 %empty_21" [conv1.cpp:26]   --->   Operation 277 'fmul' 'mul_1' <Predicate = true> <Delay = 5.70> <CoreInst = "FMul_maxdsp">   --->   Core 30 'FMul_maxdsp' <Latency = 3> <II = 1> <Delay = 5.70> <FuncUnit> <Opcode : 'fmul'> <InPorts = 2> <OutPorts = 1>
ST_9 : Operation 278 [2/4] (5.70ns)   --->   "%mul_1_1 = fmul i32 %v_6, i32 %empty_22" [conv1.cpp:26]   --->   Operation 278 'fmul' 'mul_1_1' <Predicate = true> <Delay = 5.70> <CoreInst = "FMul_maxdsp">   --->   Core 30 'FMul_maxdsp' <Latency = 3> <II = 1> <Delay = 5.70> <FuncUnit> <Opcode : 'fmul'> <InPorts = 2> <OutPorts = 1>
ST_9 : Operation 279 [2/4] (5.70ns)   --->   "%mul_1_2 = fmul i32 %v_7, i32 %empty_23" [conv1.cpp:26]   --->   Operation 279 'fmul' 'mul_1_2' <Predicate = true> <Delay = 5.70> <CoreInst = "FMul_maxdsp">   --->   Core 30 'FMul_maxdsp' <Latency = 3> <II = 1> <Delay = 5.70> <FuncUnit> <Opcode : 'fmul'> <InPorts = 2> <OutPorts = 1>
ST_9 : Operation 280 [3/4] (5.70ns)   --->   "%mul_1_3 = fmul i32 %v_8, i32 %empty_24" [conv1.cpp:26]   --->   Operation 280 'fmul' 'mul_1_3' <Predicate = true> <Delay = 5.70> <CoreInst = "FMul_maxdsp">   --->   Core 30 'FMul_maxdsp' <Latency = 3> <II = 1> <Delay = 5.70> <FuncUnit> <Opcode : 'fmul'> <InPorts = 2> <OutPorts = 1>
ST_9 : Operation 281 [3/4] (5.70ns)   --->   "%mul_1_4 = fmul i32 %v_9, i32 %empty_25" [conv1.cpp:26]   --->   Operation 281 'fmul' 'mul_1_4' <Predicate = true> <Delay = 5.70> <CoreInst = "FMul_maxdsp">   --->   Core 30 'FMul_maxdsp' <Latency = 3> <II = 1> <Delay = 5.70> <FuncUnit> <Opcode : 'fmul'> <InPorts = 2> <OutPorts = 1>

State 10 <SV = 9> <Delay = 7.25>
ST_10 : Operation 282 [3/5] (7.25ns)   --->   "%acc_1 = fadd i32 %acc, i32 %mul" [conv1.cpp:26]   --->   Operation 282 'fadd' 'acc_1' <Predicate = true> <Delay = 7.25> <CoreInst = "FAddSub_fulldsp">   --->   Core 18 'FAddSub_fulldsp' <Latency = 4> <II = 1> <Delay = 7.25> <FuncUnit> <Opcode : 'fadd' 'fsub'> <InPorts = 2> <OutPorts = 1>
ST_10 : Operation 283 [1/4] (5.70ns)   --->   "%mul_1_1 = fmul i32 %v_6, i32 %empty_22" [conv1.cpp:26]   --->   Operation 283 'fmul' 'mul_1_1' <Predicate = true> <Delay = 5.70> <CoreInst = "FMul_maxdsp">   --->   Core 30 'FMul_maxdsp' <Latency = 3> <II = 1> <Delay = 5.70> <FuncUnit> <Opcode : 'fmul'> <InPorts = 2> <OutPorts = 1>
ST_10 : Operation 284 [1/4] (5.70ns)   --->   "%mul_1_2 = fmul i32 %v_7, i32 %empty_23" [conv1.cpp:26]   --->   Operation 284 'fmul' 'mul_1_2' <Predicate = true> <Delay = 5.70> <CoreInst = "FMul_maxdsp">   --->   Core 30 'FMul_maxdsp' <Latency = 3> <II = 1> <Delay = 5.70> <FuncUnit> <Opcode : 'fmul'> <InPorts = 2> <OutPorts = 1>
ST_10 : Operation 285 [2/4] (5.70ns)   --->   "%mul_1_3 = fmul i32 %v_8, i32 %empty_24" [conv1.cpp:26]   --->   Operation 285 'fmul' 'mul_1_3' <Predicate = true> <Delay = 5.70> <CoreInst = "FMul_maxdsp">   --->   Core 30 'FMul_maxdsp' <Latency = 3> <II = 1> <Delay = 5.70> <FuncUnit> <Opcode : 'fmul'> <InPorts = 2> <OutPorts = 1>
ST_10 : Operation 286 [2/4] (5.70ns)   --->   "%mul_1_4 = fmul i32 %v_9, i32 %empty_25" [conv1.cpp:26]   --->   Operation 286 'fmul' 'mul_1_4' <Predicate = true> <Delay = 5.70> <CoreInst = "FMul_maxdsp">   --->   Core 30 'FMul_maxdsp' <Latency = 3> <II = 1> <Delay = 5.70> <FuncUnit> <Opcode : 'fmul'> <InPorts = 2> <OutPorts = 1>

State 11 <SV = 10> <Delay = 7.25>
ST_11 : Operation 287 [2/5] (7.25ns)   --->   "%acc_1 = fadd i32 %acc, i32 %mul" [conv1.cpp:26]   --->   Operation 287 'fadd' 'acc_1' <Predicate = true> <Delay = 7.25> <CoreInst = "FAddSub_fulldsp">   --->   Core 18 'FAddSub_fulldsp' <Latency = 4> <II = 1> <Delay = 7.25> <FuncUnit> <Opcode : 'fadd' 'fsub'> <InPorts = 2> <OutPorts = 1>
ST_11 : Operation 288 [1/4] (5.70ns)   --->   "%mul_1_3 = fmul i32 %v_8, i32 %empty_24" [conv1.cpp:26]   --->   Operation 288 'fmul' 'mul_1_3' <Predicate = true> <Delay = 5.70> <CoreInst = "FMul_maxdsp">   --->   Core 30 'FMul_maxdsp' <Latency = 3> <II = 1> <Delay = 5.70> <FuncUnit> <Opcode : 'fmul'> <InPorts = 2> <OutPorts = 1>
ST_11 : Operation 289 [1/4] (5.70ns)   --->   "%mul_1_4 = fmul i32 %v_9, i32 %empty_25" [conv1.cpp:26]   --->   Operation 289 'fmul' 'mul_1_4' <Predicate = true> <Delay = 5.70> <CoreInst = "FMul_maxdsp">   --->   Core 30 'FMul_maxdsp' <Latency = 3> <II = 1> <Delay = 5.70> <FuncUnit> <Opcode : 'fmul'> <InPorts = 2> <OutPorts = 1>

State 12 <SV = 11> <Delay = 7.25>
ST_12 : Operation 290 [1/5] (7.25ns)   --->   "%acc_1 = fadd i32 %acc, i32 %mul" [conv1.cpp:26]   --->   Operation 290 'fadd' 'acc_1' <Predicate = true> <Delay = 7.25> <CoreInst = "FAddSub_fulldsp">   --->   Core 18 'FAddSub_fulldsp' <Latency = 4> <II = 1> <Delay = 7.25> <FuncUnit> <Opcode : 'fadd' 'fsub'> <InPorts = 2> <OutPorts = 1>

State 13 <SV = 12> <Delay = 7.25>
ST_13 : Operation 291 [5/5] (7.25ns)   --->   "%acc_2 = fadd i32 %acc_1, i32 %mul_s" [conv1.cpp:26]   --->   Operation 291 'fadd' 'acc_2' <Predicate = true> <Delay = 7.25> <CoreInst = "FAddSub_fulldsp">   --->   Core 18 'FAddSub_fulldsp' <Latency = 4> <II = 1> <Delay = 7.25> <FuncUnit> <Opcode : 'fadd' 'fsub'> <InPorts = 2> <OutPorts = 1>

State 14 <SV = 13> <Delay = 7.25>
ST_14 : Operation 292 [4/5] (7.25ns)   --->   "%acc_2 = fadd i32 %acc_1, i32 %mul_s" [conv1.cpp:26]   --->   Operation 292 'fadd' 'acc_2' <Predicate = true> <Delay = 7.25> <CoreInst = "FAddSub_fulldsp">   --->   Core 18 'FAddSub_fulldsp' <Latency = 4> <II = 1> <Delay = 7.25> <FuncUnit> <Opcode : 'fadd' 'fsub'> <InPorts = 2> <OutPorts = 1>

State 15 <SV = 14> <Delay = 7.25>
ST_15 : Operation 293 [3/5] (7.25ns)   --->   "%acc_2 = fadd i32 %acc_1, i32 %mul_s" [conv1.cpp:26]   --->   Operation 293 'fadd' 'acc_2' <Predicate = true> <Delay = 7.25> <CoreInst = "FAddSub_fulldsp">   --->   Core 18 'FAddSub_fulldsp' <Latency = 4> <II = 1> <Delay = 7.25> <FuncUnit> <Opcode : 'fadd' 'fsub'> <InPorts = 2> <OutPorts = 1>

State 16 <SV = 15> <Delay = 7.25>
ST_16 : Operation 294 [2/5] (7.25ns)   --->   "%acc_2 = fadd i32 %acc_1, i32 %mul_s" [conv1.cpp:26]   --->   Operation 294 'fadd' 'acc_2' <Predicate = true> <Delay = 7.25> <CoreInst = "FAddSub_fulldsp">   --->   Core 18 'FAddSub_fulldsp' <Latency = 4> <II = 1> <Delay = 7.25> <FuncUnit> <Opcode : 'fadd' 'fsub'> <InPorts = 2> <OutPorts = 1>

State 17 <SV = 16> <Delay = 7.25>
ST_17 : Operation 295 [1/5] (7.25ns)   --->   "%acc_2 = fadd i32 %acc_1, i32 %mul_s" [conv1.cpp:26]   --->   Operation 295 'fadd' 'acc_2' <Predicate = true> <Delay = 7.25> <CoreInst = "FAddSub_fulldsp">   --->   Core 18 'FAddSub_fulldsp' <Latency = 4> <II = 1> <Delay = 7.25> <FuncUnit> <Opcode : 'fadd' 'fsub'> <InPorts = 2> <OutPorts = 1>

State 18 <SV = 17> <Delay = 0.00>

State 19 <SV = 18> <Delay = 7.25>
ST_19 : Operation 296 [5/5] (7.25ns)   --->   "%acc_3 = fadd i32 %acc_2, i32 %mul_2" [conv1.cpp:26]   --->   Operation 296 'fadd' 'acc_3' <Predicate = true> <Delay = 7.25> <CoreInst = "FAddSub_fulldsp">   --->   Core 18 'FAddSub_fulldsp' <Latency = 4> <II = 1> <Delay = 7.25> <FuncUnit> <Opcode : 'fadd' 'fsub'> <InPorts = 2> <OutPorts = 1>

State 20 <SV = 19> <Delay = 7.25>
ST_20 : Operation 297 [4/5] (7.25ns)   --->   "%acc_3 = fadd i32 %acc_2, i32 %mul_2" [conv1.cpp:26]   --->   Operation 297 'fadd' 'acc_3' <Predicate = true> <Delay = 7.25> <CoreInst = "FAddSub_fulldsp">   --->   Core 18 'FAddSub_fulldsp' <Latency = 4> <II = 1> <Delay = 7.25> <FuncUnit> <Opcode : 'fadd' 'fsub'> <InPorts = 2> <OutPorts = 1>

State 21 <SV = 20> <Delay = 7.25>
ST_21 : Operation 298 [3/5] (7.25ns)   --->   "%acc_3 = fadd i32 %acc_2, i32 %mul_2" [conv1.cpp:26]   --->   Operation 298 'fadd' 'acc_3' <Predicate = true> <Delay = 7.25> <CoreInst = "FAddSub_fulldsp">   --->   Core 18 'FAddSub_fulldsp' <Latency = 4> <II = 1> <Delay = 7.25> <FuncUnit> <Opcode : 'fadd' 'fsub'> <InPorts = 2> <OutPorts = 1>

State 22 <SV = 21> <Delay = 7.25>
ST_22 : Operation 299 [2/5] (7.25ns)   --->   "%acc_3 = fadd i32 %acc_2, i32 %mul_2" [conv1.cpp:26]   --->   Operation 299 'fadd' 'acc_3' <Predicate = true> <Delay = 7.25> <CoreInst = "FAddSub_fulldsp">   --->   Core 18 'FAddSub_fulldsp' <Latency = 4> <II = 1> <Delay = 7.25> <FuncUnit> <Opcode : 'fadd' 'fsub'> <InPorts = 2> <OutPorts = 1>

State 23 <SV = 22> <Delay = 7.25>
ST_23 : Operation 300 [1/5] (7.25ns)   --->   "%acc_3 = fadd i32 %acc_2, i32 %mul_2" [conv1.cpp:26]   --->   Operation 300 'fadd' 'acc_3' <Predicate = true> <Delay = 7.25> <CoreInst = "FAddSub_fulldsp">   --->   Core 18 'FAddSub_fulldsp' <Latency = 4> <II = 1> <Delay = 7.25> <FuncUnit> <Opcode : 'fadd' 'fsub'> <InPorts = 2> <OutPorts = 1>

State 24 <SV = 23> <Delay = 7.25>
ST_24 : Operation 301 [5/5] (7.25ns)   --->   "%acc_4 = fadd i32 %acc_3, i32 %mul_3" [conv1.cpp:26]   --->   Operation 301 'fadd' 'acc_4' <Predicate = true> <Delay = 7.25> <CoreInst = "FAddSub_fulldsp">   --->   Core 18 'FAddSub_fulldsp' <Latency = 4> <II = 1> <Delay = 7.25> <FuncUnit> <Opcode : 'fadd' 'fsub'> <InPorts = 2> <OutPorts = 1>

State 25 <SV = 24> <Delay = 7.25>
ST_25 : Operation 302 [4/5] (7.25ns)   --->   "%acc_4 = fadd i32 %acc_3, i32 %mul_3" [conv1.cpp:26]   --->   Operation 302 'fadd' 'acc_4' <Predicate = true> <Delay = 7.25> <CoreInst = "FAddSub_fulldsp">   --->   Core 18 'FAddSub_fulldsp' <Latency = 4> <II = 1> <Delay = 7.25> <FuncUnit> <Opcode : 'fadd' 'fsub'> <InPorts = 2> <OutPorts = 1>

State 26 <SV = 25> <Delay = 7.25>
ST_26 : Operation 303 [3/5] (7.25ns)   --->   "%acc_4 = fadd i32 %acc_3, i32 %mul_3" [conv1.cpp:26]   --->   Operation 303 'fadd' 'acc_4' <Predicate = true> <Delay = 7.25> <CoreInst = "FAddSub_fulldsp">   --->   Core 18 'FAddSub_fulldsp' <Latency = 4> <II = 1> <Delay = 7.25> <FuncUnit> <Opcode : 'fadd' 'fsub'> <InPorts = 2> <OutPorts = 1>

State 27 <SV = 26> <Delay = 7.25>
ST_27 : Operation 304 [2/5] (7.25ns)   --->   "%acc_4 = fadd i32 %acc_3, i32 %mul_3" [conv1.cpp:26]   --->   Operation 304 'fadd' 'acc_4' <Predicate = true> <Delay = 7.25> <CoreInst = "FAddSub_fulldsp">   --->   Core 18 'FAddSub_fulldsp' <Latency = 4> <II = 1> <Delay = 7.25> <FuncUnit> <Opcode : 'fadd' 'fsub'> <InPorts = 2> <OutPorts = 1>

State 28 <SV = 27> <Delay = 7.25>
ST_28 : Operation 305 [1/5] (7.25ns)   --->   "%acc_4 = fadd i32 %acc_3, i32 %mul_3" [conv1.cpp:26]   --->   Operation 305 'fadd' 'acc_4' <Predicate = true> <Delay = 7.25> <CoreInst = "FAddSub_fulldsp">   --->   Core 18 'FAddSub_fulldsp' <Latency = 4> <II = 1> <Delay = 7.25> <FuncUnit> <Opcode : 'fadd' 'fsub'> <InPorts = 2> <OutPorts = 1>

State 29 <SV = 28> <Delay = 0.00>

State 30 <SV = 29> <Delay = 7.25>
ST_30 : Operation 306 [5/5] (7.25ns)   --->   "%acc_5 = fadd i32 %acc_4, i32 %mul_4" [conv1.cpp:26]   --->   Operation 306 'fadd' 'acc_5' <Predicate = true> <Delay = 7.25> <CoreInst = "FAddSub_fulldsp">   --->   Core 18 'FAddSub_fulldsp' <Latency = 4> <II = 1> <Delay = 7.25> <FuncUnit> <Opcode : 'fadd' 'fsub'> <InPorts = 2> <OutPorts = 1>

State 31 <SV = 30> <Delay = 7.25>
ST_31 : Operation 307 [4/5] (7.25ns)   --->   "%acc_5 = fadd i32 %acc_4, i32 %mul_4" [conv1.cpp:26]   --->   Operation 307 'fadd' 'acc_5' <Predicate = true> <Delay = 7.25> <CoreInst = "FAddSub_fulldsp">   --->   Core 18 'FAddSub_fulldsp' <Latency = 4> <II = 1> <Delay = 7.25> <FuncUnit> <Opcode : 'fadd' 'fsub'> <InPorts = 2> <OutPorts = 1>

State 32 <SV = 31> <Delay = 7.25>
ST_32 : Operation 308 [3/5] (7.25ns)   --->   "%acc_5 = fadd i32 %acc_4, i32 %mul_4" [conv1.cpp:26]   --->   Operation 308 'fadd' 'acc_5' <Predicate = true> <Delay = 7.25> <CoreInst = "FAddSub_fulldsp">   --->   Core 18 'FAddSub_fulldsp' <Latency = 4> <II = 1> <Delay = 7.25> <FuncUnit> <Opcode : 'fadd' 'fsub'> <InPorts = 2> <OutPorts = 1>

State 33 <SV = 32> <Delay = 7.25>
ST_33 : Operation 309 [2/5] (7.25ns)   --->   "%acc_5 = fadd i32 %acc_4, i32 %mul_4" [conv1.cpp:26]   --->   Operation 309 'fadd' 'acc_5' <Predicate = true> <Delay = 7.25> <CoreInst = "FAddSub_fulldsp">   --->   Core 18 'FAddSub_fulldsp' <Latency = 4> <II = 1> <Delay = 7.25> <FuncUnit> <Opcode : 'fadd' 'fsub'> <InPorts = 2> <OutPorts = 1>

State 34 <SV = 33> <Delay = 7.25>
ST_34 : Operation 310 [1/5] (7.25ns)   --->   "%acc_5 = fadd i32 %acc_4, i32 %mul_4" [conv1.cpp:26]   --->   Operation 310 'fadd' 'acc_5' <Predicate = true> <Delay = 7.25> <CoreInst = "FAddSub_fulldsp">   --->   Core 18 'FAddSub_fulldsp' <Latency = 4> <II = 1> <Delay = 7.25> <FuncUnit> <Opcode : 'fadd' 'fsub'> <InPorts = 2> <OutPorts = 1>

State 35 <SV = 34> <Delay = 7.25>
ST_35 : Operation 311 [5/5] (7.25ns)   --->   "%acc_6 = fadd i32 %acc_5, i32 %mul_1" [conv1.cpp:26]   --->   Operation 311 'fadd' 'acc_6' <Predicate = true> <Delay = 7.25> <CoreInst = "FAddSub_fulldsp">   --->   Core 18 'FAddSub_fulldsp' <Latency = 4> <II = 1> <Delay = 7.25> <FuncUnit> <Opcode : 'fadd' 'fsub'> <InPorts = 2> <OutPorts = 1>

State 36 <SV = 35> <Delay = 7.25>
ST_36 : Operation 312 [4/5] (7.25ns)   --->   "%acc_6 = fadd i32 %acc_5, i32 %mul_1" [conv1.cpp:26]   --->   Operation 312 'fadd' 'acc_6' <Predicate = true> <Delay = 7.25> <CoreInst = "FAddSub_fulldsp">   --->   Core 18 'FAddSub_fulldsp' <Latency = 4> <II = 1> <Delay = 7.25> <FuncUnit> <Opcode : 'fadd' 'fsub'> <InPorts = 2> <OutPorts = 1>

State 37 <SV = 36> <Delay = 7.25>
ST_37 : Operation 313 [3/5] (7.25ns)   --->   "%acc_6 = fadd i32 %acc_5, i32 %mul_1" [conv1.cpp:26]   --->   Operation 313 'fadd' 'acc_6' <Predicate = true> <Delay = 7.25> <CoreInst = "FAddSub_fulldsp">   --->   Core 18 'FAddSub_fulldsp' <Latency = 4> <II = 1> <Delay = 7.25> <FuncUnit> <Opcode : 'fadd' 'fsub'> <InPorts = 2> <OutPorts = 1>

State 38 <SV = 37> <Delay = 7.25>
ST_38 : Operation 314 [2/5] (7.25ns)   --->   "%acc_6 = fadd i32 %acc_5, i32 %mul_1" [conv1.cpp:26]   --->   Operation 314 'fadd' 'acc_6' <Predicate = true> <Delay = 7.25> <CoreInst = "FAddSub_fulldsp">   --->   Core 18 'FAddSub_fulldsp' <Latency = 4> <II = 1> <Delay = 7.25> <FuncUnit> <Opcode : 'fadd' 'fsub'> <InPorts = 2> <OutPorts = 1>

State 39 <SV = 38> <Delay = 7.25>
ST_39 : Operation 315 [1/5] (7.25ns)   --->   "%acc_6 = fadd i32 %acc_5, i32 %mul_1" [conv1.cpp:26]   --->   Operation 315 'fadd' 'acc_6' <Predicate = true> <Delay = 7.25> <CoreInst = "FAddSub_fulldsp">   --->   Core 18 'FAddSub_fulldsp' <Latency = 4> <II = 1> <Delay = 7.25> <FuncUnit> <Opcode : 'fadd' 'fsub'> <InPorts = 2> <OutPorts = 1>

State 40 <SV = 39> <Delay = 0.00>

State 41 <SV = 40> <Delay = 7.25>
ST_41 : Operation 316 [5/5] (7.25ns)   --->   "%acc_7 = fadd i32 %acc_6, i32 %mul_1_1" [conv1.cpp:26]   --->   Operation 316 'fadd' 'acc_7' <Predicate = true> <Delay = 7.25> <CoreInst = "FAddSub_fulldsp">   --->   Core 18 'FAddSub_fulldsp' <Latency = 4> <II = 1> <Delay = 7.25> <FuncUnit> <Opcode : 'fadd' 'fsub'> <InPorts = 2> <OutPorts = 1>

State 42 <SV = 41> <Delay = 7.25>
ST_42 : Operation 317 [4/5] (7.25ns)   --->   "%acc_7 = fadd i32 %acc_6, i32 %mul_1_1" [conv1.cpp:26]   --->   Operation 317 'fadd' 'acc_7' <Predicate = true> <Delay = 7.25> <CoreInst = "FAddSub_fulldsp">   --->   Core 18 'FAddSub_fulldsp' <Latency = 4> <II = 1> <Delay = 7.25> <FuncUnit> <Opcode : 'fadd' 'fsub'> <InPorts = 2> <OutPorts = 1>

State 43 <SV = 42> <Delay = 7.25>
ST_43 : Operation 318 [3/5] (7.25ns)   --->   "%acc_7 = fadd i32 %acc_6, i32 %mul_1_1" [conv1.cpp:26]   --->   Operation 318 'fadd' 'acc_7' <Predicate = true> <Delay = 7.25> <CoreInst = "FAddSub_fulldsp">   --->   Core 18 'FAddSub_fulldsp' <Latency = 4> <II = 1> <Delay = 7.25> <FuncUnit> <Opcode : 'fadd' 'fsub'> <InPorts = 2> <OutPorts = 1>

State 44 <SV = 43> <Delay = 7.25>
ST_44 : Operation 319 [2/5] (7.25ns)   --->   "%acc_7 = fadd i32 %acc_6, i32 %mul_1_1" [conv1.cpp:26]   --->   Operation 319 'fadd' 'acc_7' <Predicate = true> <Delay = 7.25> <CoreInst = "FAddSub_fulldsp">   --->   Core 18 'FAddSub_fulldsp' <Latency = 4> <II = 1> <Delay = 7.25> <FuncUnit> <Opcode : 'fadd' 'fsub'> <InPorts = 2> <OutPorts = 1>

State 45 <SV = 44> <Delay = 7.25>
ST_45 : Operation 320 [1/5] (7.25ns)   --->   "%acc_7 = fadd i32 %acc_6, i32 %mul_1_1" [conv1.cpp:26]   --->   Operation 320 'fadd' 'acc_7' <Predicate = true> <Delay = 7.25> <CoreInst = "FAddSub_fulldsp">   --->   Core 18 'FAddSub_fulldsp' <Latency = 4> <II = 1> <Delay = 7.25> <FuncUnit> <Opcode : 'fadd' 'fsub'> <InPorts = 2> <OutPorts = 1>

State 46 <SV = 45> <Delay = 7.25>
ST_46 : Operation 321 [5/5] (7.25ns)   --->   "%acc_8 = fadd i32 %acc_7, i32 %mul_1_2" [conv1.cpp:26]   --->   Operation 321 'fadd' 'acc_8' <Predicate = true> <Delay = 7.25> <CoreInst = "FAddSub_fulldsp">   --->   Core 18 'FAddSub_fulldsp' <Latency = 4> <II = 1> <Delay = 7.25> <FuncUnit> <Opcode : 'fadd' 'fsub'> <InPorts = 2> <OutPorts = 1>

State 47 <SV = 46> <Delay = 7.25>
ST_47 : Operation 322 [4/5] (7.25ns)   --->   "%acc_8 = fadd i32 %acc_7, i32 %mul_1_2" [conv1.cpp:26]   --->   Operation 322 'fadd' 'acc_8' <Predicate = true> <Delay = 7.25> <CoreInst = "FAddSub_fulldsp">   --->   Core 18 'FAddSub_fulldsp' <Latency = 4> <II = 1> <Delay = 7.25> <FuncUnit> <Opcode : 'fadd' 'fsub'> <InPorts = 2> <OutPorts = 1>

State 48 <SV = 47> <Delay = 7.25>
ST_48 : Operation 323 [3/5] (7.25ns)   --->   "%acc_8 = fadd i32 %acc_7, i32 %mul_1_2" [conv1.cpp:26]   --->   Operation 323 'fadd' 'acc_8' <Predicate = true> <Delay = 7.25> <CoreInst = "FAddSub_fulldsp">   --->   Core 18 'FAddSub_fulldsp' <Latency = 4> <II = 1> <Delay = 7.25> <FuncUnit> <Opcode : 'fadd' 'fsub'> <InPorts = 2> <OutPorts = 1>

State 49 <SV = 48> <Delay = 7.25>
ST_49 : Operation 324 [2/5] (7.25ns)   --->   "%acc_8 = fadd i32 %acc_7, i32 %mul_1_2" [conv1.cpp:26]   --->   Operation 324 'fadd' 'acc_8' <Predicate = true> <Delay = 7.25> <CoreInst = "FAddSub_fulldsp">   --->   Core 18 'FAddSub_fulldsp' <Latency = 4> <II = 1> <Delay = 7.25> <FuncUnit> <Opcode : 'fadd' 'fsub'> <InPorts = 2> <OutPorts = 1>

State 50 <SV = 49> <Delay = 7.25>
ST_50 : Operation 325 [1/5] (7.25ns)   --->   "%acc_8 = fadd i32 %acc_7, i32 %mul_1_2" [conv1.cpp:26]   --->   Operation 325 'fadd' 'acc_8' <Predicate = true> <Delay = 7.25> <CoreInst = "FAddSub_fulldsp">   --->   Core 18 'FAddSub_fulldsp' <Latency = 4> <II = 1> <Delay = 7.25> <FuncUnit> <Opcode : 'fadd' 'fsub'> <InPorts = 2> <OutPorts = 1>

State 51 <SV = 50> <Delay = 0.00>

State 52 <SV = 51> <Delay = 7.25>
ST_52 : Operation 326 [5/5] (7.25ns)   --->   "%acc_9 = fadd i32 %acc_8, i32 %mul_1_3" [conv1.cpp:26]   --->   Operation 326 'fadd' 'acc_9' <Predicate = true> <Delay = 7.25> <CoreInst = "FAddSub_fulldsp">   --->   Core 18 'FAddSub_fulldsp' <Latency = 4> <II = 1> <Delay = 7.25> <FuncUnit> <Opcode : 'fadd' 'fsub'> <InPorts = 2> <OutPorts = 1>

State 53 <SV = 52> <Delay = 7.25>
ST_53 : Operation 327 [4/5] (7.25ns)   --->   "%acc_9 = fadd i32 %acc_8, i32 %mul_1_3" [conv1.cpp:26]   --->   Operation 327 'fadd' 'acc_9' <Predicate = true> <Delay = 7.25> <CoreInst = "FAddSub_fulldsp">   --->   Core 18 'FAddSub_fulldsp' <Latency = 4> <II = 1> <Delay = 7.25> <FuncUnit> <Opcode : 'fadd' 'fsub'> <InPorts = 2> <OutPorts = 1>

State 54 <SV = 53> <Delay = 7.25>
ST_54 : Operation 328 [3/5] (7.25ns)   --->   "%acc_9 = fadd i32 %acc_8, i32 %mul_1_3" [conv1.cpp:26]   --->   Operation 328 'fadd' 'acc_9' <Predicate = true> <Delay = 7.25> <CoreInst = "FAddSub_fulldsp">   --->   Core 18 'FAddSub_fulldsp' <Latency = 4> <II = 1> <Delay = 7.25> <FuncUnit> <Opcode : 'fadd' 'fsub'> <InPorts = 2> <OutPorts = 1>

State 55 <SV = 54> <Delay = 7.25>
ST_55 : Operation 329 [2/5] (7.25ns)   --->   "%acc_9 = fadd i32 %acc_8, i32 %mul_1_3" [conv1.cpp:26]   --->   Operation 329 'fadd' 'acc_9' <Predicate = true> <Delay = 7.25> <CoreInst = "FAddSub_fulldsp">   --->   Core 18 'FAddSub_fulldsp' <Latency = 4> <II = 1> <Delay = 7.25> <FuncUnit> <Opcode : 'fadd' 'fsub'> <InPorts = 2> <OutPorts = 1>

State 56 <SV = 55> <Delay = 7.25>
ST_56 : Operation 330 [1/5] (7.25ns)   --->   "%acc_9 = fadd i32 %acc_8, i32 %mul_1_3" [conv1.cpp:26]   --->   Operation 330 'fadd' 'acc_9' <Predicate = true> <Delay = 7.25> <CoreInst = "FAddSub_fulldsp">   --->   Core 18 'FAddSub_fulldsp' <Latency = 4> <II = 1> <Delay = 7.25> <FuncUnit> <Opcode : 'fadd' 'fsub'> <InPorts = 2> <OutPorts = 1>

State 57 <SV = 56> <Delay = 7.25>
ST_57 : Operation 331 [5/5] (7.25ns)   --->   "%acc_10 = fadd i32 %acc_9, i32 %mul_1_4" [conv1.cpp:26]   --->   Operation 331 'fadd' 'acc_10' <Predicate = true> <Delay = 7.25> <CoreInst = "FAddSub_fulldsp">   --->   Core 18 'FAddSub_fulldsp' <Latency = 4> <II = 1> <Delay = 7.25> <FuncUnit> <Opcode : 'fadd' 'fsub'> <InPorts = 2> <OutPorts = 1>

State 58 <SV = 57> <Delay = 7.25>
ST_58 : Operation 332 [4/5] (7.25ns)   --->   "%acc_10 = fadd i32 %acc_9, i32 %mul_1_4" [conv1.cpp:26]   --->   Operation 332 'fadd' 'acc_10' <Predicate = true> <Delay = 7.25> <CoreInst = "FAddSub_fulldsp">   --->   Core 18 'FAddSub_fulldsp' <Latency = 4> <II = 1> <Delay = 7.25> <FuncUnit> <Opcode : 'fadd' 'fsub'> <InPorts = 2> <OutPorts = 1>

State 59 <SV = 58> <Delay = 7.25>
ST_59 : Operation 333 [3/5] (7.25ns)   --->   "%acc_10 = fadd i32 %acc_9, i32 %mul_1_4" [conv1.cpp:26]   --->   Operation 333 'fadd' 'acc_10' <Predicate = true> <Delay = 7.25> <CoreInst = "FAddSub_fulldsp">   --->   Core 18 'FAddSub_fulldsp' <Latency = 4> <II = 1> <Delay = 7.25> <FuncUnit> <Opcode : 'fadd' 'fsub'> <InPorts = 2> <OutPorts = 1>

State 60 <SV = 59> <Delay = 7.25>
ST_60 : Operation 334 [2/5] (7.25ns)   --->   "%acc_10 = fadd i32 %acc_9, i32 %mul_1_4" [conv1.cpp:26]   --->   Operation 334 'fadd' 'acc_10' <Predicate = true> <Delay = 7.25> <CoreInst = "FAddSub_fulldsp">   --->   Core 18 'FAddSub_fulldsp' <Latency = 4> <II = 1> <Delay = 7.25> <FuncUnit> <Opcode : 'fadd' 'fsub'> <InPorts = 2> <OutPorts = 1>

State 61 <SV = 60> <Delay = 7.25>
ST_61 : Operation 335 [1/5] (7.25ns)   --->   "%acc_10 = fadd i32 %acc_9, i32 %mul_1_4" [conv1.cpp:26]   --->   Operation 335 'fadd' 'acc_10' <Predicate = true> <Delay = 7.25> <CoreInst = "FAddSub_fulldsp">   --->   Core 18 'FAddSub_fulldsp' <Latency = 4> <II = 1> <Delay = 7.25> <FuncUnit> <Opcode : 'fadd' 'fsub'> <InPorts = 2> <OutPorts = 1>

State 62 <SV = 61> <Delay = 5.07>
ST_62 : Operation 336 [1/1] (0.00ns)   --->   "%specloopname_ln0 = specloopname void @_ssdm_op_SpecLoopName, void @VITIS_LOOP_15_1_VITIS_LOOP_16_2_str"   --->   Operation 336 'specloopname' 'specloopname_ln0' <Predicate = true> <Delay = 0.00>
ST_62 : Operation 337 [1/1] (0.00ns)   --->   "%speclooptripcount_ln0 = speclooptripcount void @_ssdm_op_SpecLoopTripCount, i64 512, i64 512, i64 512"   --->   Operation 337 'speclooptripcount' 'speclooptripcount_ln0' <Predicate = true> <Delay = 0.00>
ST_62 : Operation 338 [1/1] (0.00ns)   --->   "%tmp = bitconcatenate i9 @_ssdm_op_BitConcatenate.i9.i4.i5, i4 %trunc_ln15, i5 0" [conv1.cpp:29]   --->   Operation 338 'bitconcatenate' 'tmp' <Predicate = true> <Delay = 0.00>
ST_62 : Operation 339 [1/1] (0.00ns)   --->   "%zext_ln25_2 = zext i6 %select_ln15" [conv1.cpp:25]   --->   Operation 339 'zext' 'zext_ln25_2' <Predicate = true> <Delay = 0.00>
ST_62 : Operation 340 [1/1] (1.82ns)   --->   "%add_ln29 = add i9 %tmp, i9 %zext_ln25_2" [conv1.cpp:29]   --->   Operation 340 'add' 'add_ln29' <Predicate = true> <Delay = 1.82> <CoreInst = "Adder">   --->   Core 1 'Adder' <Latency = 0> <II = 1> <Delay = 1.82> <FuncUnit> <Opcode : 'add' 'sub'> <InPorts = 2> <OutPorts = 1>
ST_62 : Operation 341 [1/1] (0.00ns)   --->   "%zext_ln29 = zext i9 %add_ln29" [conv1.cpp:29]   --->   Operation 341 'zext' 'zext_ln29' <Predicate = true> <Delay = 0.00>
ST_62 : Operation 342 [1/1] (0.00ns)   --->   "%outputs_addr = getelementptr i32 %outputs, i64 0, i64 %zext_ln29" [conv1.cpp:29]   --->   Operation 342 'getelementptr' 'outputs_addr' <Predicate = true> <Delay = 0.00>
ST_62 : Operation 343 [1/1] (0.00ns)   --->   "%specpipeline_ln17 = specpipeline void @_ssdm_op_SpecPipeline, i32 4294967295, i32 0, i32 0, i32 0, void @empty_0" [conv1.cpp:17]   --->   Operation 343 'specpipeline' 'specpipeline_ln17' <Predicate = true> <Delay = 0.00>
ST_62 : Operation 344 [1/1] (0.00ns)   --->   "%bitcast_ln29 = bitcast i32 %acc_10" [conv1.cpp:29]   --->   Operation 344 'bitcast' 'bitcast_ln29' <Predicate = true> <Delay = 0.00>
ST_62 : Operation 345 [1/1] ( I:3.25ns O:3.25ns )   --->   "%store_ln29 = store i32 %bitcast_ln29, i9 %outputs_addr" [conv1.cpp:29]   --->   Operation 345 'store' 'store_ln29' <Predicate = true> <Delay = 3.25> <CoreInst = "RAM">   --->   Core 81 'RAM' <Latency = 1> <II = 1> <Delay = 3.25> <Storage> <Opcode : 'load' 'store'> <Ports = 2> <Width = 32> <Depth = 512> <RAM>
ST_62 : Operation 346 [1/1] (1.58ns)   --->   "%ret_ln32 = ret" [conv1.cpp:32]   --->   Operation 346 'ret' 'ret_ln32' <Predicate = (icmp_ln15)> <Delay = 1.58>


============================================================
+ Verbose Summary: Timing violations
============================================================
Target clock period: 12.000ns, clock uncertainty: 3.240ns.

 <State 1>: 7.855ns
The critical path consists of the following:
	'store' operation 0 bit ('store_ln0') of constant 0 on local variable 'o3' [17]  (1.588 ns)
	'load' operation 6 bit ('o3_load', conv1.cpp:15) on local variable 'o3' [25]  (0.000 ns)
	'select' operation 6 bit ('select_ln15', conv1.cpp:15) [29]  (1.188 ns)
	'add' operation 6 bit ('empty_26', conv1.cpp:15) [111]  (1.825 ns)
	'getelementptr' operation 6 bit ('inputs_addr', conv1.cpp:25) [113]  (0.000 ns)
	'load' operation 32 bit ('inputs_load', conv1.cpp:25) on array 'inputs' [118]  (3.254 ns)

 <State 2>: 5.169ns
The critical path consists of the following:
	'add' operation 9 bit ('empty', conv1.cpp:15) [38]  (1.915 ns)
	'getelementptr' operation 8 bit ('weights_addr', conv1.cpp:15) [41]  (0.000 ns)
	'load' operation 32 bit ('weights_load', conv1.cpp:15) on array 'weights' [78]  (3.254 ns)

 <State 3>: 5.169ns
The critical path consists of the following:
	'add' operation 8 bit ('empty_7', conv1.cpp:15) [46]  (1.915 ns)
	'getelementptr' operation 8 bit ('weights_addr_2', conv1.cpp:15) [48]  (0.000 ns)
	'load' operation 32 bit ('weights_load_2', conv1.cpp:15) on array 'weights' [82]  (3.254 ns)

 <State 4>: 6.400ns
The critical path consists of the following:
	'select' operation 32 bit ('v', conv1.cpp:25) [120]  (0.698 ns)
	'fmul' operation 32 bit ('mul', conv1.cpp:26) [121]  (5.702 ns)

 <State 5>: 6.400ns
The critical path consists of the following:
	'select' operation 32 bit ('v', conv1.cpp:25) [148]  (0.698 ns)
	'fmul' operation 32 bit ('mul_3', conv1.cpp:26) [149]  (5.702 ns)

 <State 6>: 6.400ns
The critical path consists of the following:
	'select' operation 32 bit ('v', conv1.cpp:25) [160]  (0.698 ns)
	'fmul' operation 32 bit ('mul_4', conv1.cpp:26) [161]  (5.702 ns)

 <State 7>: 5.702ns
The critical path consists of the following:
	'fmul' operation 32 bit ('mul', conv1.cpp:26) [121]  (5.702 ns)

 <State 8>: 7.256ns
The critical path consists of the following:
	'fadd' operation 32 bit ('acc', conv1.cpp:26) [122]  (7.256 ns)

 <State 9>: 7.256ns
The critical path consists of the following:
	'fadd' operation 32 bit ('acc', conv1.cpp:26) [122]  (7.256 ns)

 <State 10>: 7.256ns
The critical path consists of the following:
	'fadd' operation 32 bit ('acc', conv1.cpp:26) [122]  (7.256 ns)

 <State 11>: 7.256ns
The critical path consists of the following:
	'fadd' operation 32 bit ('acc', conv1.cpp:26) [122]  (7.256 ns)

 <State 12>: 7.256ns
The critical path consists of the following:
	'fadd' operation 32 bit ('acc', conv1.cpp:26) [122]  (7.256 ns)

 <State 13>: 7.256ns
The critical path consists of the following:
	'fadd' operation 32 bit ('acc', conv1.cpp:26) [134]  (7.256 ns)

 <State 14>: 7.256ns
The critical path consists of the following:
	'fadd' operation 32 bit ('acc', conv1.cpp:26) [134]  (7.256 ns)

 <State 15>: 7.256ns
The critical path consists of the following:
	'fadd' operation 32 bit ('acc', conv1.cpp:26) [134]  (7.256 ns)

 <State 16>: 7.256ns
The critical path consists of the following:
	'fadd' operation 32 bit ('acc', conv1.cpp:26) [134]  (7.256 ns)

 <State 17>: 7.256ns
The critical path consists of the following:
	'fadd' operation 32 bit ('acc', conv1.cpp:26) [134]  (7.256 ns)

 <State 18>: 0.000ns
The critical path consists of the following:

 <State 19>: 7.256ns
The critical path consists of the following:
	'fadd' operation 32 bit ('acc', conv1.cpp:26) [138]  (7.256 ns)

 <State 20>: 7.256ns
The critical path consists of the following:
	'fadd' operation 32 bit ('acc', conv1.cpp:26) [138]  (7.256 ns)

 <State 21>: 7.256ns
The critical path consists of the following:
	'fadd' operation 32 bit ('acc', conv1.cpp:26) [138]  (7.256 ns)

 <State 22>: 7.256ns
The critical path consists of the following:
	'fadd' operation 32 bit ('acc', conv1.cpp:26) [138]  (7.256 ns)

 <State 23>: 7.256ns
The critical path consists of the following:
	'fadd' operation 32 bit ('acc', conv1.cpp:26) [138]  (7.256 ns)

 <State 24>: 7.256ns
The critical path consists of the following:
	'fadd' operation 32 bit ('acc', conv1.cpp:26) [150]  (7.256 ns)

 <State 25>: 7.256ns
The critical path consists of the following:
	'fadd' operation 32 bit ('acc', conv1.cpp:26) [150]  (7.256 ns)

 <State 26>: 7.256ns
The critical path consists of the following:
	'fadd' operation 32 bit ('acc', conv1.cpp:26) [150]  (7.256 ns)

 <State 27>: 7.256ns
The critical path consists of the following:
	'fadd' operation 32 bit ('acc', conv1.cpp:26) [150]  (7.256 ns)

 <State 28>: 7.256ns
The critical path consists of the following:
	'fadd' operation 32 bit ('acc', conv1.cpp:26) [150]  (7.256 ns)

 <State 29>: 0.000ns
The critical path consists of the following:

 <State 30>: 7.256ns
The critical path consists of the following:
	'fadd' operation 32 bit ('acc', conv1.cpp:26) [162]  (7.256 ns)

 <State 31>: 7.256ns
The critical path consists of the following:
	'fadd' operation 32 bit ('acc', conv1.cpp:26) [162]  (7.256 ns)

 <State 32>: 7.256ns
The critical path consists of the following:
	'fadd' operation 32 bit ('acc', conv1.cpp:26) [162]  (7.256 ns)

 <State 33>: 7.256ns
The critical path consists of the following:
	'fadd' operation 32 bit ('acc', conv1.cpp:26) [162]  (7.256 ns)

 <State 34>: 7.256ns
The critical path consists of the following:
	'fadd' operation 32 bit ('acc', conv1.cpp:26) [162]  (7.256 ns)

 <State 35>: 7.256ns
The critical path consists of the following:
	'fadd' operation 32 bit ('acc', conv1.cpp:26) [167]  (7.256 ns)

 <State 36>: 7.256ns
The critical path consists of the following:
	'fadd' operation 32 bit ('acc', conv1.cpp:26) [167]  (7.256 ns)

 <State 37>: 7.256ns
The critical path consists of the following:
	'fadd' operation 32 bit ('acc', conv1.cpp:26) [167]  (7.256 ns)

 <State 38>: 7.256ns
The critical path consists of the following:
	'fadd' operation 32 bit ('acc', conv1.cpp:26) [167]  (7.256 ns)

 <State 39>: 7.256ns
The critical path consists of the following:
	'fadd' operation 32 bit ('acc', conv1.cpp:26) [167]  (7.256 ns)

 <State 40>: 0.000ns
The critical path consists of the following:

 <State 41>: 7.256ns
The critical path consists of the following:
	'fadd' operation 32 bit ('acc', conv1.cpp:26) [172]  (7.256 ns)

 <State 42>: 7.256ns
The critical path consists of the following:
	'fadd' operation 32 bit ('acc', conv1.cpp:26) [172]  (7.256 ns)

 <State 43>: 7.256ns
The critical path consists of the following:
	'fadd' operation 32 bit ('acc', conv1.cpp:26) [172]  (7.256 ns)

 <State 44>: 7.256ns
The critical path consists of the following:
	'fadd' operation 32 bit ('acc', conv1.cpp:26) [172]  (7.256 ns)

 <State 45>: 7.256ns
The critical path consists of the following:
	'fadd' operation 32 bit ('acc', conv1.cpp:26) [172]  (7.256 ns)

 <State 46>: 7.256ns
The critical path consists of the following:
	'fadd' operation 32 bit ('acc', conv1.cpp:26) [176]  (7.256 ns)

 <State 47>: 7.256ns
The critical path consists of the following:
	'fadd' operation 32 bit ('acc', conv1.cpp:26) [176]  (7.256 ns)

 <State 48>: 7.256ns
The critical path consists of the following:
	'fadd' operation 32 bit ('acc', conv1.cpp:26) [176]  (7.256 ns)

 <State 49>: 7.256ns
The critical path consists of the following:
	'fadd' operation 32 bit ('acc', conv1.cpp:26) [176]  (7.256 ns)

 <State 50>: 7.256ns
The critical path consists of the following:
	'fadd' operation 32 bit ('acc', conv1.cpp:26) [176]  (7.256 ns)

 <State 51>: 0.000ns
The critical path consists of the following:

 <State 52>: 7.256ns
The critical path consists of the following:
	'fadd' operation 32 bit ('acc', conv1.cpp:26) [181]  (7.256 ns)

 <State 53>: 7.256ns
The critical path consists of the following:
	'fadd' operation 32 bit ('acc', conv1.cpp:26) [181]  (7.256 ns)

 <State 54>: 7.256ns
The critical path consists of the following:
	'fadd' operation 32 bit ('acc', conv1.cpp:26) [181]  (7.256 ns)

 <State 55>: 7.256ns
The critical path consists of the following:
	'fadd' operation 32 bit ('acc', conv1.cpp:26) [181]  (7.256 ns)

 <State 56>: 7.256ns
The critical path consists of the following:
	'fadd' operation 32 bit ('acc', conv1.cpp:26) [181]  (7.256 ns)

 <State 57>: 7.256ns
The critical path consists of the following:
	'fadd' operation 32 bit ('acc', conv1.cpp:26) [186]  (7.256 ns)

 <State 58>: 7.256ns
The critical path consists of the following:
	'fadd' operation 32 bit ('acc', conv1.cpp:26) [186]  (7.256 ns)

 <State 59>: 7.256ns
The critical path consists of the following:
	'fadd' operation 32 bit ('acc', conv1.cpp:26) [186]  (7.256 ns)

 <State 60>: 7.256ns
The critical path consists of the following:
	'fadd' operation 32 bit ('acc', conv1.cpp:26) [186]  (7.256 ns)

 <State 61>: 7.256ns
The critical path consists of the following:
	'fadd' operation 32 bit ('acc', conv1.cpp:26) [186]  (7.256 ns)

 <State 62>: 5.077ns
The critical path consists of the following:
	'add' operation 9 bit ('add_ln29', conv1.cpp:29) [107]  (1.823 ns)
	'getelementptr' operation 9 bit ('outputs_addr', conv1.cpp:29) [109]  (0.000 ns)
	'store' operation 0 bit ('store_ln29', conv1.cpp:29) of variable 'bitcast_ln29', conv1.cpp:29 on array 'outputs' [188]  (3.254 ns)


============================================================
+ Verbose Summary: Binding
============================================================
N/A
* FSMD analyzer results:
  - Output states:
 - Input state : 
  - Chain level:
	State 1
	State 2
	State 3
	State 4
	State 5
	State 6
	State 7
	State 8
	State 9
	State 10
	State 11
	State 12
	State 13
	State 14
	State 15
	State 16
	State 17
	State 18
	State 19
	State 20
	State 21
	State 22
	State 23
	State 24
	State 25
	State 26
	State 27
	State 28
	State 29
	State 30
	State 31
	State 32
	State 33
	State 34
	State 35
	State 36
	State 37
	State 38
	State 39
	State 40
	State 41
	State 42
	State 43
	State 44
	State 45
	State 46
	State 47
	State 48
	State 49
	State 50
	State 51
	State 52
	State 53
	State 54
	State 55
	State 56
	State 57
	State 58
	State 59
	State 60
	State 61
	State 62


============================================================
+ Verbose Summary: Datapath Resource usage 
============================================================
N/A
