

================================================================
== Synthesis Summary Report of 'conv2_1d'
================================================================
+ General Information: 
    * Date:           Wed Jul 22 22:11:43 2026
    * Version:        2025.1 (Build 6135595 on May 21 2025)
    * Project:        conv2
    * Solution:       hls (Vivado IP Flow Target)
    * Product family: zynq
    * Target device:  xc7z020-clg400-1
    

+ Performance & Resource Estimates: 
    
    PS: '+' for module; 'o' for loop; '*' for dataflow
    +------------------------------------+------+------+---------+-----------+----------+---------+------+----------+------+---------+-----------+------------+-----+
    |               Modules              | Issue|      |       Latency       | Iteration|         | Trip |          |      |         |           |            |     |
    |               & Loops              | Type | Slack| (cycles)|    (ns)   |  Latency | Interval| Count| Pipelined| BRAM |   DSP   |     FF    |     LUT    | URAM|
    +------------------------------------+------+------+---------+-----------+----------+---------+------+----------+------+---------+-----------+------------+-----+
    |+ conv2_1d                          |     -|  0.48|    12513|  1.502e+05|         -|    12288|     -|    rewind|     -|  10 (4%)|  6039 (5%)|  6120 (11%)|    -|
    | o VITIS_LOOP_16_1_VITIS_LOOP_17_2  |    II|  8.76|    12511|  1.501e+05|       248|       24|   512|       yes|     -|        -|          -|           -|    -|
    +------------------------------------+------+------+---------+-----------+----------+---------+------+----------+------+---------+-----------+------------+-----+


================================================================
== HW Interfaces
================================================================
* AP_MEMORY
+------------------+-----------+----------+
| Port             | Direction | Bitwidth |
+------------------+-----------+----------+
| bias_address0    | out       | 5        |
| bias_q0          | in        | 32       |
| inputs_address0  | out       | 8        |
| inputs_address1  | out       | 8        |
| inputs_q0        | in        | 32       |
| inputs_q1        | in        | 32       |
| outputs_address0 | out       | 9        |
| outputs_d0       | out       | 32       |
| weights_address0 | out       | 11       |
| weights_address1 | out       | 11       |
| weights_q0       | in        | 32       |
| weights_q1       | in        | 32       |
+------------------+-----------+----------+

* TOP LEVEL CONTROL
+-----------+------------+-----------------------------------+
| Interface | Type       | Ports                             |
+-----------+------------+-----------------------------------+
| ap_clk    | clock      | ap_clk                            |
| ap_rst    | reset      | ap_rst                            |
| ap_ctrl   | ap_ctrl_hs | ap_done ap_idle ap_ready ap_start |
+-----------+------------+-----------------------------------+


================================================================
== SW I/O Information
================================================================
* Top Function Arguments
+----------+-----------+---------------+
| Argument | Direction | Datatype      |
+----------+-----------+---------------+
| inputs   | in        | float const * |
| outputs  | out       | float*        |
| weights  | in        | float const * |
| bias     | in        | float const * |
+----------+-----------+---------------+

* SW-to-HW Mapping
+----------+------------------+---------+----------+
| Argument | HW Interface     | HW Type | HW Usage |
+----------+------------------+---------+----------+
| inputs   | inputs_address0  | port    | offset   |
| inputs   | inputs_ce0       | port    |          |
| inputs   | inputs_q0        | port    |          |
| inputs   | inputs_address1  | port    | offset   |
| inputs   | inputs_ce1       | port    |          |
| inputs   | inputs_q1        | port    |          |
| outputs  | outputs_address0 | port    | offset   |
| outputs  | outputs_ce0      | port    |          |
| outputs  | outputs_we0      | port    |          |
| outputs  | outputs_d0       | port    |          |
| weights  | weights_address0 | port    | offset   |
| weights  | weights_ce0      | port    |          |
| weights  | weights_q0       | port    |          |
| weights  | weights_address1 | port    | offset   |
| weights  | weights_ce1      | port    |          |
| weights  | weights_q1       | port    |          |
| bias     | bias_address0    | port    | offset   |
| bias     | bias_ce0         | port    |          |
| bias     | bias_q0          | port    |          |
+----------+------------------+---------+----------+


================================================================
== Bind Op Report
================================================================
+-------------------------------------+-----+--------+-------------+--------+----------+---------+
| Name                                | DSP | Pragma | Variable    | Op     | Impl     | Latency |
+-------------------------------------+-----+--------+-------------+--------+----------+---------+
| + conv2_1d                          | 10  |        |             |        |          |         |
|   add_ln16_fu_1156_p2               |     |        | add_ln16    | add    | fabric   | 0       |
|   select_ln16_fu_1162_p3            |     |        | select_ln16 | select | auto_sel | 0       |
|   oc_fu_1170_p3                     |     |        | oc          | select | auto_sel | 0       |
|   empty_fu_1246_p2                  |     |        | empty       | sub    | fabric   | 0       |
|   empty_6_fu_1353_p2                |     |        | empty_6     | sub    | fabric   | 0       |
|   empty_8_fu_1396_p2                |     |        | empty_8     | add    | fabric   | 0       |
|   empty_9_fu_1406_p2                |     |        | empty_9     | add    | fabric   | 0       |
|   empty_10_fu_1502_p2               |     |        | empty_10    | sub    | fabric   | 0       |
|   empty_12_fu_1596_p2               |     |        | empty_12    | add    | fabric   | 0       |
|   empty_13_fu_1624_p2               |     |        | empty_13    | sub    | fabric   | 0       |
|   empty_15_fu_1694_p2               |     |        | empty_15    | add    | fabric   | 0       |
|   empty_16_fu_1704_p2               |     |        | empty_16    | add    | fabric   | 0       |
|   empty_17_fu_1800_p2               |     |        | empty_17    | sub    | fabric   | 0       |
|   empty_18_fu_1934_p2               |     |        | empty_18    | sub    | fabric   | 0       |
|   empty_20_fu_1996_p2               |     |        | empty_20    | add    | fabric   | 0       |
|   empty_21_fu_2006_p2               |     |        | empty_21    | add    | fabric   | 0       |
|   empty_22_fu_2079_p2               |     |        | empty_22    | sub    | fabric   | 0       |
|   empty_24_fu_2167_p2               |     |        | empty_24    | add    | fabric   | 0       |
|   empty_25_fu_2195_p2               |     |        | empty_25    | sub    | fabric   | 0       |
|   empty_27_fu_2265_p2               |     |        | empty_27    | add    | fabric   | 0       |
|   empty_28_fu_2275_p2               |     |        | empty_28    | add    | fabric   | 0       |
|   empty_29_fu_2371_p2               |     |        | empty_29    | sub    | fabric   | 0       |
|   empty_30_fu_2501_p2               |     |        | empty_30    | sub    | fabric   | 0       |
|   empty_32_fu_2563_p2               |     |        | empty_32    | add    | fabric   | 0       |
|   empty_33_fu_2573_p2               |     |        | empty_33    | add    | fabric   | 0       |
|   empty_34_fu_2650_p2               |     |        | empty_34    | sub    | fabric   | 0       |
|   empty_36_fu_2744_p2               |     |        | empty_36    | add    | fabric   | 0       |
|   empty_37_fu_2772_p2               |     |        | empty_37    | sub    | fabric   | 0       |
|   empty_39_fu_2834_p2               |     |        | empty_39    | add    | fabric   | 0       |
|   empty_40_fu_2844_p2               |     |        | empty_40    | add    | fabric   | 0       |
|   empty_41_fu_2917_p2               |     |        | empty_41    | sub    | fabric   | 0       |
|   empty_42_fu_3041_p2               |     |        | empty_42    | sub    | fabric   | 0       |
|   empty_44_fu_3099_p2               |     |        | empty_44    | add    | fabric   | 0       |
|   empty_45_fu_3109_p2               |     |        | empty_45    | add    | fabric   | 0       |
|   empty_46_fu_3180_p2               |     |        | empty_46    | sub    | fabric   | 0       |
|   empty_48_fu_3271_p2               |     |        | empty_48    | add    | fabric   | 0       |
|   empty_49_fu_3299_p2               |     |        | empty_49    | sub    | fabric   | 0       |
|   empty_51_fu_3420_p2               |     |        | empty_51    | add    | fabric   | 0       |
|   empty_52_fu_3430_p2               |     |        | empty_52    | add    | fabric   | 0       |
|   add_ln26_fu_1371_p2               |     |        | add_ln26    | add    | fabric   | 0       |
|   add_ln26_1_fu_1652_p2             |     |        | add_ln26_1  | add    | fabric   | 0       |
|   add_ln26_2_fu_1959_p2             |     |        | add_ln26_2  | add    | fabric   | 0       |
|   add_ln26_3_fu_2223_p2             |     |        | add_ln26_3  | add    | fabric   | 0       |
|   add_ln26_4_fu_2526_p2             |     |        | add_ln26_4  | add    | fabric   | 0       |
|   add_ln26_5_fu_2797_p2             |     |        | add_ln26_5  | add    | fabric   | 0       |
|   xor_ln26_fu_3324_p2               |     |        | xor_ln26    | xor    | auto     | 0       |
|   add_ln30_fu_3512_p2               |     |        | add_ln30    | add    | fabric   | 0       |
|   empty_101_fu_1204_p2              |     |        | empty_101   | add    | fabric   | 0       |
|   add_ln26_6_fu_1290_p2             |     |        | add_ln26_6  | add    | fabric   | 0       |
|   xor_ln26_1_fu_1449_p2             |     |        | xor_ln26_1  | xor    | auto     | 0       |
|   add_ln26_8_fu_1550_p2             |     |        | add_ln26_8  | add    | fabric   | 0       |
|   xor_ln26_2_fu_1747_p2             |     |        | xor_ln26_2  | xor    | auto     | 0       |
|   add_ln26_10_fu_1858_p2            |     |        | add_ln26_10 | add    | fabric   | 0       |
|   add_ln26_11_fu_2034_p2            |     |        | add_ln26_11 | add    | fabric   | 0       |
|   xor_ln26_3_fu_2318_p2             |     |        | xor_ln26_3  | xor    | auto     | 0       |
|   add_ln26_13_fu_2425_p2            |     |        | add_ln26_13 | add    | fabric   | 0       |
|   add_ln26_14_fu_2605_p2            |     |        | add_ln26_14 | add    | fabric   | 0       |
|   add_ln26_15_fu_2698_p2            |     |        | add_ln26_15 | add    | fabric   | 0       |
|   add_ln26_16_fu_2872_p2            |     |        | add_ln26_16 | add    | fabric   | 0       |
|   v_fu_1471_p3                      |     |        | v           | select | auto_sel | 0       |
|   fmul_32ns_32ns_32_4_max_dsp_1_U3  | 3   |        | mul         | fmul   | maxdsp   | 3       |
|   fadd_32ns_32ns_32_5_full_dsp_1_U1 | 2   |        | acc_1       | fadd   | fulldsp  | 4       |
|   fmul_32ns_32ns_32_4_max_dsp_1_U4  | 3   |        | mul_s       | fmul   | maxdsp   | 3       |
|   fadd_32ns_32ns_32_5_full_dsp_1_U1 | 2   |        | acc_2       | fadd   | fulldsp  | 4       |
|   o_fu_1300_p2                      |     |        | o           | add    | fabric   | 0       |
|   add_ln26_17_fu_1385_p2            |     |        | add_ln26_17 | add    | fabric   | 0       |
|   add_ln26_18_fu_1666_p2            |     |        | add_ln26_18 | add    | fabric   | 0       |
|   add_ln26_19_fu_1969_p2            |     |        | add_ln26_19 | add    | fabric   | 0       |
|   add_ln26_20_fu_2237_p2            |     |        | add_ln26_20 | add    | fabric   | 0       |
|   add_ln26_21_fu_2536_p2            |     |        | add_ln26_21 | add    | fabric   | 0       |
|   add_ln26_22_fu_2807_p2            |     |        | add_ln26_22 | add    | fabric   | 0       |
|   add_ln26_23_fu_3345_p2            |     |        | add_ln26_23 | add    | fabric   | 0       |
|   v_2_fu_1576_p3                    |     |        | v_2         | select | auto_sel | 0       |
|   fmul_32ns_32ns_32_4_max_dsp_1_U3  | 3   |        | mul_16      | fmul   | maxdsp   | 3       |
|   fadd_32ns_32ns_32_5_full_dsp_1_U1 | 2   |        | acc_3       | fadd   | fulldsp  | 4       |
|   v_3_fu_1588_p3                    |     |        | v_3         | select | auto_sel | 0       |
|   fmul_32ns_32ns_32_4_max_dsp_1_U4  | 3   |        | mul_1       | fmul   | maxdsp   | 3       |
|   fadd_32ns_32ns_32_5_full_dsp_1_U1 | 2   |        | acc_4       | fadd   | fulldsp  | 4       |
|   fmul_32ns_32ns_32_4_max_dsp_1_U3  | 3   |        | mul_1_1     | fmul   | maxdsp   | 3       |
|   fadd_32ns_32ns_32_5_full_dsp_1_U1 | 2   |        | acc_5       | fadd   | fulldsp  | 4       |
|   v_5_fu_1686_p3                    |     |        | v_5         | select | auto_sel | 0       |
|   fmul_32ns_32ns_32_4_max_dsp_1_U4  | 3   |        | mul_1_2     | fmul   | maxdsp   | 3       |
|   fadd_32ns_32ns_32_5_full_dsp_1_U1 | 2   |        | acc_6       | fadd   | fulldsp  | 4       |
|   v_6_fu_1769_p3                    |     |        | v_6         | select | auto_sel | 0       |
|   fmul_32ns_32ns_32_4_max_dsp_1_U3  | 3   |        | mul_2       | fmul   | maxdsp   | 3       |
|   fadd_32ns_32ns_32_5_full_dsp_1_U1 | 2   |        | acc_7       | fadd   | fulldsp  | 4       |
|   fmul_32ns_32ns_32_4_max_dsp_1_U4  | 3   |        | mul_2_1     | fmul   | maxdsp   | 3       |
|   fadd_32ns_32ns_32_5_full_dsp_1_U1 | 2   |        | acc_8       | fadd   | fulldsp  | 4       |
|   v_8_fu_1884_p3                    |     |        | v_8         | select | auto_sel | 0       |
|   fmul_32ns_32ns_32_4_max_dsp_1_U3  | 3   |        | mul_2_2     | fmul   | maxdsp   | 3       |
|   fadd_32ns_32ns_32_5_full_dsp_1_U1 | 2   |        | acc_9       | fadd   | fulldsp  | 4       |
|   v_9_fu_1896_p3                    |     |        | v_9         | select | auto_sel | 0       |
|   fmul_32ns_32ns_32_4_max_dsp_1_U4  | 3   |        | mul_3       | fmul   | maxdsp   | 3       |
|   fadd_32ns_32ns_32_5_full_dsp_1_U1 | 2   |        | acc_10      | fadd   | fulldsp  | 4       |
|   fmul_32ns_32ns_32_4_max_dsp_1_U3  | 3   |        | mul_3_1     | fmul   | maxdsp   | 3       |
|   fadd_32ns_32ns_32_5_full_dsp_1_U1 | 2   |        | acc_11      | fadd   | fulldsp  | 4       |
|   v_11_fu_1988_p3                   |     |        | v_11        | select | auto_sel | 0       |
|   fmul_32ns_32ns_32_4_max_dsp_1_U4  | 3   |        | mul_3_2     | fmul   | maxdsp   | 3       |
|   fadd_32ns_32ns_32_5_full_dsp_1_U1 | 2   |        | acc_12      | fadd   | fulldsp  | 4       |
|   v_12_fu_2048_p3                   |     |        | v_12        | select | auto_sel | 0       |
|   fmul_32ns_32ns_32_4_max_dsp_1_U3  | 3   |        | mul_4       | fmul   | maxdsp   | 3       |
|   fadd_32ns_32ns_32_5_full_dsp_1_U1 | 2   |        | acc_13      | fadd   | fulldsp  | 4       |
|   fmul_32ns_32ns_32_4_max_dsp_1_U4  | 3   |        | mul_4_1     | fmul   | maxdsp   | 3       |
|   fadd_32ns_32ns_32_5_full_dsp_1_U1 | 2   |        | acc_14      | fadd   | fulldsp  | 4       |
|   v_14_fu_2147_p3                   |     |        | v_14        | select | auto_sel | 0       |
|   fmul_32ns_32ns_32_4_max_dsp_1_U3  | 3   |        | mul_4_2     | fmul   | maxdsp   | 3       |
|   fadd_32ns_32ns_32_5_full_dsp_1_U1 | 2   |        | acc_15      | fadd   | fulldsp  | 4       |
|   v_15_fu_2159_p3                   |     |        | v_15        | select | auto_sel | 0       |
|   fmul_32ns_32ns_32_4_max_dsp_1_U4  | 3   |        | mul_5       | fmul   | maxdsp   | 3       |
|   fadd_32ns_32ns_32_5_full_dsp_1_U1 | 2   |        | acc_16      | fadd   | fulldsp  | 4       |
|   fmul_32ns_32ns_32_4_max_dsp_1_U3  | 3   |        | mul_5_1     | fmul   | maxdsp   | 3       |
|   fadd_32ns_32ns_32_5_full_dsp_1_U1 | 2   |        | acc_17      | fadd   | fulldsp  | 4       |
|   v_17_fu_2257_p3                   |     |        | v_17        | select | auto_sel | 0       |
|   fmul_32ns_32ns_32_4_max_dsp_1_U4  | 3   |        | mul_5_2     | fmul   | maxdsp   | 3       |
|   fadd_32ns_32ns_32_5_full_dsp_1_U1 | 2   |        | acc_18      | fadd   | fulldsp  | 4       |
|   v_18_fu_2340_p3                   |     |        | v_18        | select | auto_sel | 0       |
|   fmul_32ns_32ns_32_4_max_dsp_1_U3  | 3   |        | mul_6       | fmul   | maxdsp   | 3       |
|   fadd_32ns_32ns_32_5_full_dsp_1_U1 | 2   |        | acc_19      | fadd   | fulldsp  | 4       |
|   fmul_32ns_32ns_32_4_max_dsp_1_U4  | 3   |        | mul_6_1     | fmul   | maxdsp   | 3       |
|   fadd_32ns_32ns_32_5_full_dsp_1_U1 | 2   |        | acc_20      | fadd   | fulldsp  | 4       |
|   v_20_fu_2451_p3                   |     |        | v_20        | select | auto_sel | 0       |
|   fmul_32ns_32ns_32_4_max_dsp_1_U3  | 3   |        | mul_6_2     | fmul   | maxdsp   | 3       |
|   fadd_32ns_32ns_32_5_full_dsp_1_U1 | 2   |        | acc_21      | fadd   | fulldsp  | 4       |
|   v_21_fu_2463_p3                   |     |        | v_21        | select | auto_sel | 0       |
|   fmul_32ns_32ns_32_4_max_dsp_1_U4  | 3   |        | mul_7       | fmul   | maxdsp   | 3       |
|   fadd_32ns_32ns_32_5_full_dsp_1_U1 | 2   |        | acc_22      | fadd   | fulldsp  | 4       |
|   fmul_32ns_32ns_32_4_max_dsp_1_U3  | 3   |        | mul_7_1     | fmul   | maxdsp   | 3       |
|   fadd_32ns_32ns_32_5_full_dsp_1_U1 | 2   |        | acc_23      | fadd   | fulldsp  | 4       |
|   v_23_fu_2555_p3                   |     |        | v_23        | select | auto_sel | 0       |
|   fmul_32ns_32ns_32_4_max_dsp_1_U4  | 3   |        | mul_7_2     | fmul   | maxdsp   | 3       |
|   fadd_32ns_32ns_32_5_full_dsp_1_U1 | 2   |        | acc_24      | fadd   | fulldsp  | 4       |
|   v_24_fu_2619_p3                   |     |        | v_24        | select | auto_sel | 0       |
|   fmul_32ns_32ns_32_4_max_dsp_1_U3  | 3   |        | mul_8       | fmul   | maxdsp   | 3       |
|   fadd_32ns_32ns_32_5_full_dsp_1_U2 | 2   |        | acc_25      | fadd   | fulldsp  | 4       |
|   fmul_32ns_32ns_32_4_max_dsp_1_U4  | 3   |        | mul_8_1     | fmul   | maxdsp   | 3       |
|   fadd_32ns_32ns_32_5_full_dsp_1_U2 | 2   |        | acc_26      | fadd   | fulldsp  | 4       |
|   v_26_fu_2724_p3                   |     |        | v_26        | select | auto_sel | 0       |
|   fmul_32ns_32ns_32_4_max_dsp_1_U3  | 3   |        | mul_8_2     | fmul   | maxdsp   | 3       |
|   fadd_32ns_32ns_32_5_full_dsp_1_U2 | 2   |        | acc_27      | fadd   | fulldsp  | 4       |
|   v_27_fu_2736_p3                   |     |        | v_27        | select | auto_sel | 0       |
|   fmul_32ns_32ns_32_4_max_dsp_1_U4  | 3   |        | mul_9       | fmul   | maxdsp   | 3       |
|   fadd_32ns_32ns_32_5_full_dsp_1_U2 | 2   |        | acc_28      | fadd   | fulldsp  | 4       |
|   fmul_32ns_32ns_32_4_max_dsp_1_U3  | 3   |        | mul_9_1     | fmul   | maxdsp   | 3       |
|   fadd_32ns_32ns_32_5_full_dsp_1_U2 | 2   |        | acc_29      | fadd   | fulldsp  | 4       |
|   v_29_fu_2826_p3                   |     |        | v_29        | select | auto_sel | 0       |
|   fmul_32ns_32ns_32_4_max_dsp_1_U4  | 3   |        | mul_9_2     | fmul   | maxdsp   | 3       |
|   fadd_32ns_32ns_32_5_full_dsp_1_U2 | 2   |        | acc_30      | fadd   | fulldsp  | 4       |
|   v_30_fu_2886_p3                   |     |        | v_30        | select | auto_sel | 0       |
|   fmul_32ns_32ns_32_4_max_dsp_1_U3  | 3   |        | mul_10      | fmul   | maxdsp   | 3       |
|   fadd_32ns_32ns_32_5_full_dsp_1_U2 | 2   |        | acc_31      | fadd   | fulldsp  | 4       |
|   fmul_32ns_32ns_32_4_max_dsp_1_U4  | 3   |        | mul_10_1    | fmul   | maxdsp   | 3       |
|   fadd_32ns_32ns_32_5_full_dsp_1_U2 | 2   |        | acc_32      | fadd   | fulldsp  | 4       |
|   v_32_fu_2991_p3                   |     |        | v_32        | select | auto_sel | 0       |
|   fmul_32ns_32ns_32_4_max_dsp_1_U3  | 3   |        | mul_10_2    | fmul   | maxdsp   | 3       |
|   fadd_32ns_32ns_32_5_full_dsp_1_U2 | 2   |        | acc_33      | fadd   | fulldsp  | 4       |
|   v_33_fu_3003_p3                   |     |        | v_33        | select | auto_sel | 0       |
|   fmul_32ns_32ns_32_4_max_dsp_1_U4  | 3   |        | mul_11      | fmul   | maxdsp   | 3       |
|   fadd_32ns_32ns_32_5_full_dsp_1_U2 | 2   |        | acc_34      | fadd   | fulldsp  | 4       |
|   fmul_32ns_32ns_32_4_max_dsp_1_U3  | 3   |        | mul_11_1    | fmul   | maxdsp   | 3       |
|   fadd_32ns_32ns_32_5_full_dsp_1_U2 | 2   |        | acc_35      | fadd   | fulldsp  | 4       |
|   v_35_fu_3091_p3                   |     |        | v_35        | select | auto_sel | 0       |
|   fmul_32ns_32ns_32_4_max_dsp_1_U4  | 3   |        | mul_11_2    | fmul   | maxdsp   | 3       |
|   fadd_32ns_32ns_32_5_full_dsp_1_U2 | 2   |        | acc_36      | fadd   | fulldsp  | 4       |
|   v_36_fu_3149_p3                   |     |        | v_36        | select | auto_sel | 0       |
|   fmul_32ns_32ns_32_4_max_dsp_1_U3  | 3   |        | mul_12      | fmul   | maxdsp   | 3       |
|   fadd_32ns_32ns_32_5_full_dsp_1_U2 | 2   |        | acc_37      | fadd   | fulldsp  | 4       |
|   fmul_32ns_32ns_32_4_max_dsp_1_U4  | 3   |        | mul_12_1    | fmul   | maxdsp   | 3       |
|   fadd_32ns_32ns_32_5_full_dsp_1_U2 | 2   |        | acc_38      | fadd   | fulldsp  | 4       |
|   v_38_fu_3248_p3                   |     |        | v_38        | select | auto_sel | 0       |
|   fmul_32ns_32ns_32_4_max_dsp_1_U3  | 3   |        | mul_12_2    | fmul   | maxdsp   | 3       |
|   fadd_32ns_32ns_32_5_full_dsp_1_U2 | 2   |        | acc_39      | fadd   | fulldsp  | 4       |
|   v_39_fu_3260_p3                   |     |        | v_39        | select | auto_sel | 0       |
|   fmul_32ns_32ns_32_4_max_dsp_1_U4  | 3   |        | mul_13      | fmul   | maxdsp   | 3       |
|   fadd_32ns_32ns_32_5_full_dsp_1_U2 | 2   |        | acc_40      | fadd   | fulldsp  | 4       |
|   fmul_32ns_32ns_32_4_max_dsp_1_U3  | 3   |        | mul_13_1    | fmul   | maxdsp   | 3       |
|   fadd_32ns_32ns_32_5_full_dsp_1_U2 | 2   |        | acc_41      | fadd   | fulldsp  | 4       |
|   v_41_fu_3368_p3                   |     |        | v_41        | select | auto_sel | 0       |
|   fmul_32ns_32ns_32_4_max_dsp_1_U4  | 3   |        | mul_13_2    | fmul   | maxdsp   | 3       |
|   fadd_32ns_32ns_32_5_full_dsp_1_U2 | 2   |        | acc_42      | fadd   | fulldsp  | 4       |
|   v_42_fu_3380_p3                   |     |        | v_42        | select | auto_sel | 0       |
|   fmul_32ns_32ns_32_4_max_dsp_1_U3  | 3   |        | mul_14      | fmul   | maxdsp   | 3       |
|   fadd_32ns_32ns_32_5_full_dsp_1_U2 | 2   |        | acc_43      | fadd   | fulldsp  | 4       |
|   fmul_32ns_32ns_32_4_max_dsp_1_U4  | 3   |        | mul_14_1    | fmul   | maxdsp   | 3       |
|   fadd_32ns_32ns_32_5_full_dsp_1_U2 | 2   |        | acc_44      | fadd   | fulldsp  | 4       |
|   v_44_fu_3459_p3                   |     |        | v_44        | select | auto_sel | 0       |
|   fmul_32ns_32ns_32_4_max_dsp_1_U3  | 3   |        | mul_14_2    | fmul   | maxdsp   | 3       |
|   fadd_32ns_32ns_32_5_full_dsp_1_U2 | 2   |        | acc_45      | fadd   | fulldsp  | 4       |
|   v_45_fu_3391_p3                   |     |        | v_45        | select | auto_sel | 0       |
|   fmul_32ns_32ns_32_4_max_dsp_1_U4  | 3   |        | mul_15      | fmul   | maxdsp   | 3       |
|   fadd_32ns_32ns_32_5_full_dsp_1_U2 | 2   |        | acc_46      | fadd   | fulldsp  | 4       |
|   fmul_32ns_32ns_32_4_max_dsp_1_U3  | 3   |        | mul_15_1    | fmul   | maxdsp   | 3       |
|   fadd_32ns_32ns_32_5_full_dsp_1_U2 | 2   |        | acc_47      | fadd   | fulldsp  | 4       |
|   v_47_fu_3470_p3                   |     |        | v_47        | select | auto_sel | 0       |
|   fmul_32ns_32ns_32_4_max_dsp_1_U4  | 3   |        | mul_15_2    | fmul   | maxdsp   | 3       |
|   fadd_32ns_32ns_32_5_full_dsp_1_U2 | 2   |        | acc_48      | fadd   | fulldsp  | 4       |
|   add_ln16_1_fu_3398_p2             |     |        | add_ln16_1  | add    | fabric   | 0       |
|   icmp_ln17_fu_3404_p2              |     |        | icmp_ln17   | seteq  | auto     | 0       |
|   icmp_ln16_fu_3409_p2              |     |        | icmp_ln16   | seteq  | auto     | 0       |
+-------------------------------------+-----+--------+-------------+--------+----------+---------+


================================================================
== Storage Report
================================================================
  No bind storage info in design

================================================================
== Pragma Report
================================================================
  No pragmas found

