  **** HLS Build v2025.1 6135595
INFO: [HLS 200-2005] Using work_dir C:/Users/cocol/Ruby_Proj/workspace/LSTM/LSTM 
INFO: [HLS 200-2176] Writing Vitis IDE component file C:/Users/cocol/Ruby_Proj/workspace/LSTM/LSTM/vitis-comp.json
INFO: [HLS 200-10] Creating and opening component 'C:/Users/cocol/Ruby_Proj/workspace/LSTM/LSTM'.
INFO: [HLS 200-1505] Using default flow_target 'vivado'
Resolution: For help on HLS 200-1505 see docs.xilinx.com/access/sources/dita/topic?Doc_Version=2025.1%20English&url=ug1448-hls-guidance&resourceid=200-1505.html
INFO: [HLS 200-2174] Applying component config ini file C:/Users/cocol/Ruby_Proj/workspace/LSTM/hls_config.cfg
INFO: [HLS 200-1465] Applying config ini 'syn.file=LSTM.cpp' from C:/Users/cocol/Ruby_Proj/workspace/LSTM/hls_config.cfg(8)
INFO: [HLS 200-10] Adding design file 'C:/Users/cocol/Ruby_Proj/workspace/LSTM/LSTM.cpp' to the project
INFO: [HLS 200-1465] Applying config ini 'syn.cflags=-IC:/Users/cocol/Ruby_Proj/workspace/header' from C:/Users/cocol/Ruby_Proj/workspace/LSTM/hls_config.cfg(12)
INFO: [HLS 200-1465] Applying config ini 'syn.csimflags=-IC:/Users/cocol/Ruby_Proj/workspace/header' from C:/Users/cocol/Ruby_Proj/workspace/LSTM/hls_config.cfg(13)
INFO: [HLS 200-1465] Applying config ini 'tb.file=LSTM_TB.cpp' from C:/Users/cocol/Ruby_Proj/workspace/LSTM/hls_config.cfg(9)
INFO: [HLS 200-10] Adding test bench file 'C:/Users/cocol/Ruby_Proj/workspace/LSTM/LSTM_TB.cpp' to the project
INFO: [HLS 200-1465] Applying config ini 'tb.file=./lstm_' from C:/Users/cocol/Ruby_Proj/workspace/LSTM/hls_config.cfg(10)
INFO: [HLS 200-10] Adding test bench file 'C:/Users/cocol/Ruby_Proj/workspace/LSTM/lstm_' to the project
INFO: [HLS 200-1465] Applying config ini 'tb.cflags=-IC:/Users/cocol/Ruby_Proj/workspace/header' from C:/Users/cocol/Ruby_Proj/workspace/LSTM/hls_config.cfg(14)
INFO: [HLS 200-1465] Applying config ini 'syn.top=LSTM' from C:/Users/cocol/Ruby_Proj/workspace/LSTM/hls_config.cfg(11)
INFO: [HLS 200-1465] Applying config ini 'flow_target=vivado' from C:/Users/cocol/Ruby_Proj/workspace/LSTM/hls_config.cfg(4)
INFO: [HLS 200-1505] Using flow_target 'vivado'
Resolution: For help on HLS 200-1505 see docs.xilinx.com/access/sources/dita/topic?Doc_Version=2025.1%20English&url=ug1448-hls-guidance&resourceid=200-1505.html
INFO: [HLS 200-1465] Applying config ini 'part=xc7z020clg400-1' from C:/Users/cocol/Ruby_Proj/workspace/LSTM/hls_config.cfg(1)
INFO: [HLS 200-1611] Setting target device to 'xc7z020-clg400-1'
INFO: [HLS 200-1465] Applying config ini 'clock=12ns' from C:/Users/cocol/Ruby_Proj/workspace/LSTM/hls_config.cfg(7)
INFO: [SYN 201-201] Setting up clock 'default' with a period of 12ns.
INFO: [HLS 200-1465] Applying config ini 'package.output.format=ip_catalog' from C:/Users/cocol/Ruby_Proj/workspace/LSTM/hls_config.cfg(5)
INFO: [HLS 200-2176] Writing Vitis IDE component file C:/Users/cocol/Ruby_Proj/workspace/LSTM/LSTM/vitis-comp.json
INFO: [SIM 211-2] *************** CSIM start ***************
INFO: [SIM 211-4] CSIM will launch CLANG as the compiler.
INFO: [HLS 200-2036] Building debug C Simulation binaries
   Compiling ../../../../LSTM_TB.cpp in debug mode
   Compiling ../../../../LSTM.cpp in debug mode
   Generating csim.exe
In file included from ../../../../LSTM.cpp:1:
In file included from C:/Xilinx/2025.1/Vitis/include/hls_math.h:27:
In file included from C:/Xilinx/2025.1/Vitis/include/hls_half.h:26:
In file included from C:/Xilinx/2025.1/Vitis/include/etc/hls_half_fpo.h:19:
In file included from C:/Xilinx/2025.1/Vitis/include/hls_fpo.h:140:
In file included from C:/Xilinx/2025.1/Vitis/include/floating_point_v7_1_bitacc_cmodel.h:150:
C:/Xilinx/2025.1/Vitis/include/gmp.h:58:9: warning: '__GMP_LIBGMP_DLL' macro redefined [-Wmacro-redefined]
#define __GMP_LIBGMP_DLL  0
        ^
C:/Xilinx/2025.1/Vitis/include/floating_point_v7_1_bitacc_cmodel.h:142:9: note: previous definition is here
#define __GMP_LIBGMP_DLL 1
        ^
1 warning generated.
ERROR opening C:/Users/cocol/Ruby_Proj/workspace/lstm/lstm_goldens/lstm_w_ih_f.dat
ERROR opening C:/Users/cocol/Ruby_Proj/workspace/lstm/lstm_goldens/lstm_w_hh_f.dat
ERROR opening C:/Users/cocol/Ruby_Proj/workspace/lstm/lstm_goldens/lstm_b_f.dat
ERROR opening C:/Users/cocol/Ruby_Proj/workspace/lstm/lstm_goldens/lstm_w_ih_i.dat
ERROR opening C:/Users/cocol/Ruby_Proj/workspace/lstm/lstm_goldens/lstm_w_hh_i.dat
ERROR opening C:/Users/cocol/Ruby_Proj/workspace/lstm/lstm_goldens/lstm_b_i.dat
ERROR opening C:/Users/cocol/Ruby_Proj/workspace/lstm/lstm_goldens/lstm_w_ih_g.dat
ERROR opening C:/Users/cocol/Ruby_Proj/workspace/lstm/lstm_goldens/lstm_w_hh_g.dat
ERROR opening C:/Users/cocol/Ruby_Proj/workspace/lstm/lstm_goldens/lstm_b_g.dat
ERROR opening C:/Users/cocol/Ruby_Proj/workspace/lstm/lstm_goldens/lstm_w_ih_o.dat
ERROR opening C:/Users/cocol/Ruby_Proj/workspace/lstm/lstm_goldens/lstm_w_hh_o.dat
ERROR opening C:/Users/cocol/Ruby_Proj/workspace/lstm/lstm_goldens/lstm_b_o.dat
@E Simulation failed: Function 'main' returns nonzero value '1'.
ERROR: [SIM 211-100] 'csim_design' failed: nonzero return value.
INFO: [SIM 211-3] *************** CSIM finish ***************
ERROR: 4
INFO: [HLS 200-112] Total CPU user time: 1 seconds. Total CPU system time: 2 seconds. Total elapsed time: 16.097 seconds; peak allocated memory: 171.402 MB.
