07/22/26 10:10:37: Running xcd server. This server was built by gradle.
07/22/26 10:10:37: Server was asked to start on port: '55237'
07/22/26 10:10:37: Server is using token UUID: '965daed3-8d26-4d3b-b036-359358969099'
07/22/26 10:10:37: SESSION_MGR: creating session with session uuid: '6d04a3e9-ade5-4ab9-8d63-1f78fcd2ec76' and name 'default'
07/22/26 10:10:37: Attempting to start server on port '55237'
07/22/26 10:10:37: Running Dispatch Server
07/22/26 10:10:37: Version 2.2.0
07/22/26 10:10:39: Dispatch Server: Accepted socket connection from client
07/22/26 10:10:39: Starting Socket connection
07/22/26 10:10:39: EXCHANGE_TOKEN received, server token: 965daed3-8d26-4d3b-b036-359358969099, passed token: 965daed3-8d26-4d3b-b036-359358969099
07/22/26 10:10:39: DISPATCH_HANDLER: Adding handler from function makeHandler in library xv_system_diagram
07/22/26 10:10:39: SESSION_MGR: creating session with session uuid: 'eecf5885-bdd4-4d4b-bec9-bd9776b84465' and name 'vitis-run_compile_LSTM'
07/22/26 10:10:39: KERNEL_SVC: creating session with uuid: 'eecf5885-bdd4-4d4b-bec9-bd9776b84465' and name 'vitis-run_compile_LSTM'
07/22/26 10:10:39: GUIDANCE_SMGR: creating guidance session with uuid: 'eecf5885-bdd4-4d4b-bec9-bd9776b84465' and name 'vitis-run_compile_LSTM'
07/22/26 10:10:39: SYSTEM_DIAGRAM: creating session with uuid: 'eecf5885-bdd4-4d4b-bec9-bd9776b84465' and name 'vitis-run_compile_LSTM'
07/22/26 10:10:44: Dispatch Server: Accepted socket connection from client
07/22/26 10:10:44: Starting Socket connection
07/22/26 10:11:01: SESSION_MGR: closing session for UUID 'eecf5885-bdd4-4d4b-bec9-bd9776b84465' with name 'vitis-run_compile_LSTM'
07/22/26 10:11:01: KERNEL_SVC: closing session for UUID 'eecf5885-bdd4-4d4b-bec9-bd9776b84465' with name 'vitis-run_compile_LSTM'
07/22/26 10:11:01: GUIDANCE_SMGR: closing session for UUID 'eecf5885-bdd4-4d4b-bec9-bd9776b84465' with name 'vitis-run_compile_LSTM'
07/22/26 10:11:01: SYSTEM_DIAGRAM: closing session for UUID 'eecf5885-bdd4-4d4b-bec9-bd9776b84465' with name 'vitis-run_compile_LSTM'
07/22/26 10:11:01: STOP_SERVER received, server token: 965daed3-8d26-4d3b-b036-359358969099, passed token: 965daed3-8d26-4d3b-b036-359358969099
07/22/26 10:11:01: Socket received request to stop server.
07/22/26 10:11:01: Dispatch Server: do_await_stop
07/22/26 10:11:01: SERVER: destructor for server bound to port 55237
07/22/26 10:20:44: Running xcd server. This server was built by gradle.
07/22/26 10:20:44: Server was asked to start on port: '55859'
07/22/26 10:20:44: Server is using token UUID: '0564b306-e112-437e-b0f0-1c121e4efacc'
07/22/26 10:20:44: SESSION_MGR: creating session with session uuid: '6d04a3e9-ade5-4ab9-8d63-1f78fcd2ec76' and name 'default'
07/22/26 10:20:44: Attempting to start server on port '55859'
07/22/26 10:20:44: Running Dispatch Server
07/22/26 10:20:44: Version 2.2.0
07/22/26 10:20:47: Dispatch Server: Accepted socket connection from client
07/22/26 10:20:47: Starting Socket connection
07/22/26 10:20:47: EXCHANGE_TOKEN received, server token: 0564b306-e112-437e-b0f0-1c121e4efacc, passed token: 0564b306-e112-437e-b0f0-1c121e4efacc
07/22/26 10:20:47: DISPATCH_HANDLER: Adding handler from function makeHandler in library xv_system_diagram
07/22/26 10:20:47: SESSION_MGR: creating session with session uuid: '886b9d82-a0d9-4e77-9972-6a979ecddbee' and name 'vitis-run_compile_LSTM'
07/22/26 10:20:47: KERNEL_SVC: creating session with uuid: '886b9d82-a0d9-4e77-9972-6a979ecddbee' and name 'vitis-run_compile_LSTM'
07/22/26 10:20:47: GUIDANCE_SMGR: creating guidance session with uuid: '886b9d82-a0d9-4e77-9972-6a979ecddbee' and name 'vitis-run_compile_LSTM'
07/22/26 10:20:47: SYSTEM_DIAGRAM: creating session with uuid: '886b9d82-a0d9-4e77-9972-6a979ecddbee' and name 'vitis-run_compile_LSTM'
07/22/26 10:20:53: Dispatch Server: Accepted socket connection from client
07/22/26 10:20:53: Starting Socket connection
07/22/26 10:20:56: SESSION_MGR: closing session for UUID '886b9d82-a0d9-4e77-9972-6a979ecddbee' with name 'vitis-run_compile_LSTM'
07/22/26 10:20:56: KERNEL_SVC: closing session for UUID '886b9d82-a0d9-4e77-9972-6a979ecddbee' with name 'vitis-run_compile_LSTM'
07/22/26 10:20:56: GUIDANCE_SMGR: closing session for UUID '886b9d82-a0d9-4e77-9972-6a979ecddbee' with name 'vitis-run_compile_LSTM'
07/22/26 10:20:56: SYSTEM_DIAGRAM: closing session for UUID '886b9d82-a0d9-4e77-9972-6a979ecddbee' with name 'vitis-run_compile_LSTM'
07/22/26 10:20:56: STOP_SERVER received, server token: 0564b306-e112-437e-b0f0-1c121e4efacc, passed token: 0564b306-e112-437e-b0f0-1c121e4efacc
07/22/26 10:20:56: Socket received request to stop server.
07/22/26 10:20:56: Dispatch Server: do_await_stop
07/22/26 10:20:56: SERVER: destructor for server bound to port 55859
07/22/26 10:21:16: Running xcd server. This server was built by gradle.
07/22/26 10:21:16: Server was asked to start on port: '55864'
07/22/26 10:21:16: Server is using token UUID: 'c221da39-d4d2-4ed8-bb04-88ba9689cfcb'
07/22/26 10:21:16: SESSION_MGR: creating session with session uuid: '6d04a3e9-ade5-4ab9-8d63-1f78fcd2ec76' and name 'default'
07/22/26 10:21:16: Attempting to start server on port '55864'
07/22/26 10:21:16: Running Dispatch Server
07/22/26 10:21:16: Version 2.2.0
07/22/26 10:21:18: Dispatch Server: Accepted socket connection from client
07/22/26 10:21:18: Starting Socket connection
07/22/26 10:21:18: EXCHANGE_TOKEN received, server token: c221da39-d4d2-4ed8-bb04-88ba9689cfcb, passed token: c221da39-d4d2-4ed8-bb04-88ba9689cfcb
07/22/26 10:21:18: DISPATCH_HANDLER: Adding handler from function makeHandler in library xv_system_diagram
07/22/26 10:21:18: SESSION_MGR: creating session with session uuid: '3928971b-d679-47ab-afc1-3aa741490afd' and name 'vitis-run_compile_LSTM'
07/22/26 10:21:18: KERNEL_SVC: creating session with uuid: '3928971b-d679-47ab-afc1-3aa741490afd' and name 'vitis-run_compile_LSTM'
07/22/26 10:21:18: GUIDANCE_SMGR: creating guidance session with uuid: '3928971b-d679-47ab-afc1-3aa741490afd' and name 'vitis-run_compile_LSTM'
07/22/26 10:21:18: SYSTEM_DIAGRAM: creating session with uuid: '3928971b-d679-47ab-afc1-3aa741490afd' and name 'vitis-run_compile_LSTM'
07/22/26 10:21:26: Dispatch Server: Accepted socket connection from client
07/22/26 10:21:26: Starting Socket connection
07/22/26 10:21:30: SESSION_MGR: closing session for UUID '3928971b-d679-47ab-afc1-3aa741490afd' with name 'vitis-run_compile_LSTM'
07/22/26 10:21:30: KERNEL_SVC: closing session for UUID '3928971b-d679-47ab-afc1-3aa741490afd' with name 'vitis-run_compile_LSTM'
07/22/26 10:21:30: GUIDANCE_SMGR: closing session for UUID '3928971b-d679-47ab-afc1-3aa741490afd' with name 'vitis-run_compile_LSTM'
07/22/26 10:21:30: SYSTEM_DIAGRAM: closing session for UUID '3928971b-d679-47ab-afc1-3aa741490afd' with name 'vitis-run_compile_LSTM'
07/22/26 10:21:30: STOP_SERVER received, server token: c221da39-d4d2-4ed8-bb04-88ba9689cfcb, passed token: c221da39-d4d2-4ed8-bb04-88ba9689cfcb
07/22/26 10:21:30: Socket received request to stop server.
07/22/26 10:21:30: Dispatch Server: do_await_stop
07/22/26 10:21:30: SERVER: destructor for server bound to port 55864
07/22/26 10:22:58: Running xcd server. This server was built by gradle.
07/22/26 10:22:58: Server was asked to start on port: '57529'
07/22/26 10:22:58: Server is using token UUID: 'd29de7f8-36c4-4f62-b729-934207155e18'
07/22/26 10:22:58: SESSION_MGR: creating session with session uuid: '6d04a3e9-ade5-4ab9-8d63-1f78fcd2ec76' and name 'default'
07/22/26 10:22:58: Attempting to start server on port '57529'
07/22/26 10:22:58: Running Dispatch Server
07/22/26 10:22:58: Version 2.2.0
07/22/26 10:23:01: Dispatch Server: Accepted socket connection from client
07/22/26 10:23:01: Starting Socket connection
07/22/26 10:23:01: EXCHANGE_TOKEN received, server token: d29de7f8-36c4-4f62-b729-934207155e18, passed token: d29de7f8-36c4-4f62-b729-934207155e18
07/22/26 10:23:01: DISPATCH_HANDLER: Adding handler from function makeHandler in library xv_system_diagram
07/22/26 10:23:01: SESSION_MGR: creating session with session uuid: '4798e3e8-b02c-4826-af33-289f1e5c3c02' and name 'v++_compile_LSTM'
07/22/26 10:23:01: KERNEL_SVC: creating session with uuid: '4798e3e8-b02c-4826-af33-289f1e5c3c02' and name 'v++_compile_LSTM'
07/22/26 10:23:01: GUIDANCE_SMGR: creating guidance session with uuid: '4798e3e8-b02c-4826-af33-289f1e5c3c02' and name 'v++_compile_LSTM'
07/22/26 10:23:01: SYSTEM_DIAGRAM: creating session with uuid: '4798e3e8-b02c-4826-af33-289f1e5c3c02' and name 'v++_compile_LSTM'
07/22/26 10:23:05: Dispatch Server: Accepted socket connection from client
07/22/26 10:23:05: Starting Socket connection
07/22/26 10:24:16: SESSION_MGR: closing session for UUID '4798e3e8-b02c-4826-af33-289f1e5c3c02' with name 'v++_compile_LSTM'
07/22/26 10:24:16: KERNEL_SVC: closing session for UUID '4798e3e8-b02c-4826-af33-289f1e5c3c02' with name 'v++_compile_LSTM'
07/22/26 10:24:16: GUIDANCE_SMGR: closing session for UUID '4798e3e8-b02c-4826-af33-289f1e5c3c02' with name 'v++_compile_LSTM'
07/22/26 10:24:16: SYSTEM_DIAGRAM: closing session for UUID '4798e3e8-b02c-4826-af33-289f1e5c3c02' with name 'v++_compile_LSTM'
07/22/26 10:24:16: STOP_SERVER received, server token: d29de7f8-36c4-4f62-b729-934207155e18, passed token: d29de7f8-36c4-4f62-b729-934207155e18
07/22/26 10:24:16: Socket received request to stop server.
07/22/26 10:24:16: Dispatch Server: do_await_stop
07/22/26 10:24:16: SERVER: destructor for server bound to port 57529
07/22/26 10:26:14: Running xcd server. This server was built by gradle.
07/22/26 10:26:14: Server was asked to start on port: '49259'
07/22/26 10:26:14: Server is using token UUID: 'd4d33b8f-03a2-44a0-95cb-a31ddc227517'
07/22/26 10:26:14: SESSION_MGR: creating session with session uuid: '6d04a3e9-ade5-4ab9-8d63-1f78fcd2ec76' and name 'default'
07/22/26 10:26:14: Attempting to start server on port '49259'
07/22/26 10:26:14: Running Dispatch Server
07/22/26 10:26:14: Version 2.2.0
07/22/26 10:26:16: Dispatch Server: Accepted socket connection from client
07/22/26 10:26:16: Starting Socket connection
07/22/26 10:26:16: EXCHANGE_TOKEN received, server token: d4d33b8f-03a2-44a0-95cb-a31ddc227517, passed token: d4d33b8f-03a2-44a0-95cb-a31ddc227517
07/22/26 10:26:17: DISPATCH_HANDLER: Adding handler from function makeHandler in library xv_system_diagram
07/22/26 10:26:17: SESSION_MGR: creating session with session uuid: '191f819e-eeb9-4d48-bcd4-2ca192476c77' and name 'v++_compile_LSTM'
07/22/26 10:26:17: KERNEL_SVC: creating session with uuid: '191f819e-eeb9-4d48-bcd4-2ca192476c77' and name 'v++_compile_LSTM'
07/22/26 10:26:17: GUIDANCE_SMGR: creating guidance session with uuid: '191f819e-eeb9-4d48-bcd4-2ca192476c77' and name 'v++_compile_LSTM'
07/22/26 10:26:17: SYSTEM_DIAGRAM: creating session with uuid: '191f819e-eeb9-4d48-bcd4-2ca192476c77' and name 'v++_compile_LSTM'
07/22/26 10:26:23: Dispatch Server: Accepted socket connection from client
07/22/26 10:26:23: Starting Socket connection
07/22/26 10:27:30: SESSION_MGR: closing session for UUID '191f819e-eeb9-4d48-bcd4-2ca192476c77' with name 'v++_compile_LSTM'
07/22/26 10:27:30: KERNEL_SVC: closing session for UUID '191f819e-eeb9-4d48-bcd4-2ca192476c77' with name 'v++_compile_LSTM'
07/22/26 10:27:30: GUIDANCE_SMGR: closing session for UUID '191f819e-eeb9-4d48-bcd4-2ca192476c77' with name 'v++_compile_LSTM'
07/22/26 10:27:30: SYSTEM_DIAGRAM: closing session for UUID '191f819e-eeb9-4d48-bcd4-2ca192476c77' with name 'v++_compile_LSTM'
07/22/26 10:27:30: STOP_SERVER received, server token: d4d33b8f-03a2-44a0-95cb-a31ddc227517, passed token: d4d33b8f-03a2-44a0-95cb-a31ddc227517
07/22/26 10:27:30: Socket received request to stop server.
07/22/26 10:27:30: Dispatch Server: do_await_stop
07/22/26 10:27:30: SERVER: destructor for server bound to port 49259
07/22/26 22:19:36: Running xcd server. This server was built by gradle.
07/22/26 22:19:36: Server was asked to start on port: '64359'
07/22/26 22:19:36: Server is using token UUID: '2f48b335-4afa-428c-97c1-d531c6bb47d5'
07/22/26 22:19:36: SESSION_MGR: creating session with session uuid: '6d04a3e9-ade5-4ab9-8d63-1f78fcd2ec76' and name 'default'
07/22/26 22:19:36: Attempting to start server on port '64359'
07/22/26 22:19:36: Running Dispatch Server
07/22/26 22:19:36: Version 2.2.0
07/22/26 22:19:38: Dispatch Server: Accepted socket connection from client
07/22/26 22:19:38: Starting Socket connection
07/22/26 22:19:38: EXCHANGE_TOKEN received, server token: 2f48b335-4afa-428c-97c1-d531c6bb47d5, passed token: 2f48b335-4afa-428c-97c1-d531c6bb47d5
07/22/26 22:19:38: DISPATCH_HANDLER: Adding handler from function makeHandler in library xv_system_diagram
07/22/26 22:19:38: SESSION_MGR: creating session with session uuid: '974e63fb-2119-4c5e-b7d0-eb28b1b62662' and name 'vitis-run_compile_LSTM'
07/22/26 22:19:38: KERNEL_SVC: creating session with uuid: '974e63fb-2119-4c5e-b7d0-eb28b1b62662' and name 'vitis-run_compile_LSTM'
07/22/26 22:19:38: GUIDANCE_SMGR: creating guidance session with uuid: '974e63fb-2119-4c5e-b7d0-eb28b1b62662' and name 'vitis-run_compile_LSTM'
07/22/26 22:19:38: SYSTEM_DIAGRAM: creating session with uuid: '974e63fb-2119-4c5e-b7d0-eb28b1b62662' and name 'vitis-run_compile_LSTM'
07/22/26 22:19:45: Dispatch Server: Accepted socket connection from client
07/22/26 22:19:45: Starting Socket connection
07/22/26 22:19:57: SESSION_MGR: closing session for UUID '974e63fb-2119-4c5e-b7d0-eb28b1b62662' with name 'vitis-run_compile_LSTM'
07/22/26 22:19:57: KERNEL_SVC: closing session for UUID '974e63fb-2119-4c5e-b7d0-eb28b1b62662' with name 'vitis-run_compile_LSTM'
07/22/26 22:19:57: GUIDANCE_SMGR: closing session for UUID '974e63fb-2119-4c5e-b7d0-eb28b1b62662' with name 'vitis-run_compile_LSTM'
07/22/26 22:19:57: SYSTEM_DIAGRAM: closing session for UUID '974e63fb-2119-4c5e-b7d0-eb28b1b62662' with name 'vitis-run_compile_LSTM'
07/22/26 22:19:57: STOP_SERVER received, server token: 2f48b335-4afa-428c-97c1-d531c6bb47d5, passed token: 2f48b335-4afa-428c-97c1-d531c6bb47d5
07/22/26 22:19:57: Socket received request to stop server.
07/22/26 22:19:57: Dispatch Server: do_await_stop
07/22/26 22:19:57: SERVER: destructor for server bound to port 64359
07/22/26 22:20:53: Running xcd server. This server was built by gradle.
07/22/26 22:20:53: Server was asked to start on port: '63049'
07/22/26 22:20:53: Server is using token UUID: 'a8491c80-e440-404e-808a-0f70a62bdae5'
07/22/26 22:20:53: SESSION_MGR: creating session with session uuid: '6d04a3e9-ade5-4ab9-8d63-1f78fcd2ec76' and name 'default'
07/22/26 22:20:53: Attempting to start server on port '63049'
07/22/26 22:20:53: Running Dispatch Server
07/22/26 22:20:53: Version 2.2.0
07/22/26 22:20:55: Dispatch Server: Accepted socket connection from client
07/22/26 22:20:55: Starting Socket connection
07/22/26 22:20:55: EXCHANGE_TOKEN received, server token: a8491c80-e440-404e-808a-0f70a62bdae5, passed token: a8491c80-e440-404e-808a-0f70a62bdae5
07/22/26 22:20:56: DISPATCH_HANDLER: Adding handler from function makeHandler in library xv_system_diagram
07/22/26 22:20:56: SESSION_MGR: creating session with session uuid: '2911c023-cc08-49e4-acfd-5c34b1e7453a' and name 'vitis-run_compile_LSTM'
07/22/26 22:20:56: KERNEL_SVC: creating session with uuid: '2911c023-cc08-49e4-acfd-5c34b1e7453a' and name 'vitis-run_compile_LSTM'
07/22/26 22:20:56: GUIDANCE_SMGR: creating guidance session with uuid: '2911c023-cc08-49e4-acfd-5c34b1e7453a' and name 'vitis-run_compile_LSTM'
07/22/26 22:20:56: SYSTEM_DIAGRAM: creating session with uuid: '2911c023-cc08-49e4-acfd-5c34b1e7453a' and name 'vitis-run_compile_LSTM'
07/22/26 22:21:03: Dispatch Server: Accepted socket connection from client
07/22/26 22:21:03: Starting Socket connection
07/22/26 22:21:08: SESSION_MGR: closing session for UUID '2911c023-cc08-49e4-acfd-5c34b1e7453a' with name 'vitis-run_compile_LSTM'
07/22/26 22:21:08: KERNEL_SVC: closing session for UUID '2911c023-cc08-49e4-acfd-5c34b1e7453a' with name 'vitis-run_compile_LSTM'
07/22/26 22:21:08: GUIDANCE_SMGR: closing session for UUID '2911c023-cc08-49e4-acfd-5c34b1e7453a' with name 'vitis-run_compile_LSTM'
07/22/26 22:21:08: SYSTEM_DIAGRAM: closing session for UUID '2911c023-cc08-49e4-acfd-5c34b1e7453a' with name 'vitis-run_compile_LSTM'
07/22/26 22:21:08: STOP_SERVER received, server token: a8491c80-e440-404e-808a-0f70a62bdae5, passed token: a8491c80-e440-404e-808a-0f70a62bdae5
07/22/26 22:21:08: Socket received request to stop server.
07/22/26 22:21:08: Dispatch Server: do_await_stop
07/22/26 22:21:08: SERVER: destructor for server bound to port 63049
07/22/26 22:21:20: Running xcd server. This server was built by gradle.
07/22/26 22:21:20: Server was asked to start on port: '63067'
07/22/26 22:21:20: Server is using token UUID: 'f6a5e958-c725-48eb-b4ff-76bb244f135c'
07/22/26 22:21:20: SESSION_MGR: creating session with session uuid: '6d04a3e9-ade5-4ab9-8d63-1f78fcd2ec76' and name 'default'
07/22/26 22:21:20: Attempting to start server on port '63067'
07/22/26 22:21:20: Running Dispatch Server
07/22/26 22:21:20: Version 2.2.0
07/22/26 22:21:23: Dispatch Server: Accepted socket connection from client
07/22/26 22:21:23: Starting Socket connection
07/22/26 22:21:23: EXCHANGE_TOKEN received, server token: f6a5e958-c725-48eb-b4ff-76bb244f135c, passed token: f6a5e958-c725-48eb-b4ff-76bb244f135c
07/22/26 22:21:23: DISPATCH_HANDLER: Adding handler from function makeHandler in library xv_system_diagram
07/22/26 22:21:23: SESSION_MGR: creating session with session uuid: '004a76e1-7e01-45e4-b82c-6536dbee86ed' and name 'v++_compile_LSTM'
07/22/26 22:21:23: KERNEL_SVC: creating session with uuid: '004a76e1-7e01-45e4-b82c-6536dbee86ed' and name 'v++_compile_LSTM'
07/22/26 22:21:23: GUIDANCE_SMGR: creating guidance session with uuid: '004a76e1-7e01-45e4-b82c-6536dbee86ed' and name 'v++_compile_LSTM'
07/22/26 22:21:23: SYSTEM_DIAGRAM: creating session with uuid: '004a76e1-7e01-45e4-b82c-6536dbee86ed' and name 'v++_compile_LSTM'
07/22/26 22:21:32: Dispatch Server: Accepted socket connection from client
07/22/26 22:21:32: Starting Socket connection
07/22/26 22:22:40: SESSION_MGR: closing session for UUID '004a76e1-7e01-45e4-b82c-6536dbee86ed' with name 'v++_compile_LSTM'
07/22/26 22:22:40: KERNEL_SVC: closing session for UUID '004a76e1-7e01-45e4-b82c-6536dbee86ed' with name 'v++_compile_LSTM'
07/22/26 22:22:40: GUIDANCE_SMGR: closing session for UUID '004a76e1-7e01-45e4-b82c-6536dbee86ed' with name 'v++_compile_LSTM'
07/22/26 22:22:40: SYSTEM_DIAGRAM: closing session for UUID '004a76e1-7e01-45e4-b82c-6536dbee86ed' with name 'v++_compile_LSTM'
07/22/26 22:22:40: STOP_SERVER received, server token: f6a5e958-c725-48eb-b4ff-76bb244f135c, passed token: f6a5e958-c725-48eb-b4ff-76bb244f135c
07/22/26 22:22:40: Socket received request to stop server.
07/22/26 22:22:40: Dispatch Server: do_await_stop
07/22/26 22:22:40: SERVER: destructor for server bound to port 63067
