

================================================================
== Vitis HLS Report for 'relu_max_2'
================================================================
* Date:           Wed Jul 22 22:27:24 2026

* Version:        2025.1 (Build 6135595 on May 21 2025)
* Project:        Relu_Max_2
* Solution:       hls (Vivado IP Flow Target)
* Product family: zynq
* Target device:  xc7z020-clg400-1


================================================================
== Performance Estimates
================================================================
+ Timing: 
    * Summary: 
    +--------+----------+----------+------------+
    |  Clock |  Target  | Estimated| Uncertainty|
    +--------+----------+----------+------------+
    |ap_clk  |  12.00 ns|  8.685 ns|     3.24 ns|
    +--------+----------+----------+------------+

+ Latency: 
    * Summary: 
    +---------+---------+----------+----------+-----+-----+------------------------------------------------+
    |  Latency (cycles) |  Latency (absolute) |  Interval |                    Pipeline                    |
    |   min   |   max   |    min   |    max   | min | max |                      Type                      |
    +---------+---------+----------+----------+-----+-----+------------------------------------------------+
    |      262|      262|  3.144 us|  3.144 us|  256|  256|  loop auto-rewind stp (delay=0 clock cycles(s))|
    +---------+---------+----------+----------+-----+-----+------------------------------------------------+

    + Detail: 
        * Instance: 
        N/A

        * Loop: 
        +-----------+---------+---------+----------+-----------+-----------+------+----------+
        |           |  Latency (cycles) | Iteration|  Initiation Interval  | Trip |          |
        | Loop Name |   min   |   max   |  Latency |  achieved |   target  | Count| Pipelined|
        +-----------+---------+---------+----------+-----------+-----------+------+----------+
        |- CH_POOL  |      260|      260|         6|          1|          1|   256|       yes|
        +-----------+---------+---------+----------+-----------+-----------+------+----------+



================================================================
== Utilization Estimates
================================================================
* Summary: 
+-----------------+---------+-----+--------+-------+-----+
|       Name      | BRAM_18K| DSP |   FF   |  LUT  | URAM|
+-----------------+---------+-----+--------+-------+-----+
|DSP              |        -|    -|       -|      -|    -|
|Expression       |        -|    -|       0|    312|    -|
|FIFO             |        -|    -|       -|      -|    -|
|Instance         |        -|    -|       -|      -|    -|
|Memory           |        -|    -|       -|      -|    -|
|Multiplexer      |        -|    -|       0|     81|    -|
|Register         |        -|    -|     333|     64|    -|
+-----------------+---------+-----+--------+-------+-----+
|Total            |        0|    0|     333|    457|    0|
+-----------------+---------+-----+--------+-------+-----+
|Available        |      280|  220|  106400|  53200|    0|
+-----------------+---------+-----+--------+-------+-----+
|Utilization (%)  |        0|    0|      ~0|     ~0|    0|
+-----------------+---------+-----+--------+-------+-----+

+ Detail: 
    * Instance: 
    +--------------------------------+-----------------------------+---------+----+---+----+-----+
    |            Instance            |            Module           | BRAM_18K| DSP| FF| LUT| URAM|
    +--------------------------------+-----------------------------+---------+----+---+----+-----+
    |fcmp_32ns_32ns_1_2_no_dsp_1_U1  |fcmp_32ns_32ns_1_2_no_dsp_1  |        0|   0|  0|   0|    0|
    |fcmp_32ns_32ns_1_2_no_dsp_1_U2  |fcmp_32ns_32ns_1_2_no_dsp_1  |        0|   0|  0|   0|    0|
    +--------------------------------+-----------------------------+---------+----+---+----+-----+
    |Total                           |                             |        0|   0|  0|   0|    0|
    +--------------------------------+-----------------------------+---------+----+---+----+-----+

    * DSP: 
    N/A

    * Memory: 
    N/A

    * FIFO: 
    N/A

    * Expression: 
    +-----------------------+----------+----+---+----+------------+------------+
    |     Variable Name     | Operation| DSP| FF| LUT| Bitwidth P0| Bitwidth P1|
    +-----------------------+----------+----+---+----+------------+------------+
    |add_ln14_fu_409_p2     |         +|   0|  0|  15|           8|           8|
    |add_ln9_1_fu_229_p2    |         +|   0|  0|  15|           8|           1|
    |add_ln9_fu_163_p2      |         +|   0|  0|  14|           6|           1|
    |o_fu_223_p2            |         +|   0|  0|  13|           4|           1|
    |and_ln13_1_fu_338_p2   |       and|   0|  0|   2|           1|           1|
    |and_ln13_fu_332_p2     |       and|   0|  0|   2|           1|           1|
    |and_ln14_fu_385_p2     |       and|   0|  0|   2|           1|           1|
    |ap_condition_405       |       and|   0|  0|   2|           1|           1|
    |ap_condition_98        |       and|   0|  0|   2|           1|           1|
    |icmp_ln10_fu_235_p2    |      icmp|   0|  0|  13|           4|           5|
    |icmp_ln13_1_fu_306_p2  |      icmp|   0|  0|  30|          23|           1|
    |icmp_ln13_2_fu_312_p2  |      icmp|   0|  0|  15|           8|           2|
    |icmp_ln13_3_fu_318_p2  |      icmp|   0|  0|  30|          23|           1|
    |icmp_ln13_fu_300_p2    |      icmp|   0|  0|  15|           8|           2|
    |icmp_ln14_1_fu_373_p2  |      icmp|   0|  0|  30|          23|           1|
    |icmp_ln14_fu_367_p2    |      icmp|   0|  0|  15|           8|           2|
    |icmp_ln9_fu_241_p2     |      icmp|   0|  0|  15|           8|           2|
    |or_ln13_1_fu_328_p2    |        or|   0|  0|   2|           1|           1|
    |or_ln13_fu_324_p2      |        or|   0|  0|   2|           1|           1|
    |or_ln14_fu_379_p2      |        or|   0|  0|   2|           1|           1|
    |m_fu_344_p3            |    select|   0|  0|  32|           1|          32|
    |r_fu_177_p3            |    select|   0|  0|   6|           1|           6|
    |select_ln14_fu_391_p3  |    select|   0|  0|  32|           1|          32|
    |select_ln9_fu_169_p3   |    select|   0|  0|   4|           1|           1|
    |ap_enable_pp0          |       xor|   0|  0|   2|           1|           2|
    +-----------------------+----------+----+---+----+------------+------------+
    |Total                  |          |   0|  0| 312|         144|         108|
    +-----------------------+----------+----+---+----+------------+------------+

    * Multiplexer: 
    +---------------------------------------+----+-----------+-----+-----------+
    |                  Name                 | LUT| Input Size| Bits| Total Bits|
    +---------------------------------------+----+-----------+-----+-----------+
    |ap_done_int                            |   9|          2|    1|          2|
    |ap_loop_exit_ready_pp0_iter5_reg       |   9|          2|    1|          2|
    |ap_phi_mux_icmp_ln104_phi_fu_123_p4    |   9|          2|    1|          2|
    |ap_sig_allocacmp_indvar_flatten1_load  |   9|          2|    8|         16|
    |ap_sig_allocacmp_o3_load               |   9|          2|    4|          8|
    |ap_sig_allocacmp_r2_load               |   9|          2|    6|         12|
    |indvar_flatten1_fu_70                  |   9|          2|    8|         16|
    |o3_fu_78                               |   9|          2|    4|          8|
    |r2_fu_74                               |   9|          2|    6|         12|
    +---------------------------------------+----+-----------+-----+-----------+
    |Total                                  |  81|         18|   39|         78|
    +---------------------------------------+----+-----------+-----+-----------+

    * Register: 
    +----------------------------------+----+----+-----+-----------+
    |               Name               | FF | LUT| Bits| Const Bits|
    +----------------------------------+----+----+-----+-----------+
    |a_reg_470                         |  32|   0|   32|          0|
    |ap_CS_fsm                         |   1|   0|    1|          0|
    |ap_done_reg                       |   1|   0|    1|          0|
    |ap_enable_reg_pp0_iter1           |   1|   0|    1|          0|
    |ap_enable_reg_pp0_iter2           |   1|   0|    1|          0|
    |ap_enable_reg_pp0_iter3           |   1|   0|    1|          0|
    |ap_enable_reg_pp0_iter4           |   1|   0|    1|          0|
    |ap_enable_reg_pp0_iter5           |   1|   0|    1|          0|
    |ap_loop_exit_ready_pp0_iter1_reg  |   1|   0|    1|          0|
    |ap_loop_exit_ready_pp0_iter2_reg  |   1|   0|    1|          0|
    |ap_loop_exit_ready_pp0_iter3_reg  |   1|   0|    1|          0|
    |ap_loop_exit_ready_pp0_iter4_reg  |   1|   0|    1|          0|
    |ap_loop_exit_ready_pp0_iter5_reg  |   1|   0|    1|          0|
    |b_reg_476                         |  32|   0|   32|          0|
    |icmp_ln10_reg_461                 |   1|   0|    1|          0|
    |icmp_ln13_1_reg_487               |   1|   0|    1|          0|
    |icmp_ln13_2_reg_492               |   1|   0|    1|          0|
    |icmp_ln13_3_reg_497               |   1|   0|    1|          0|
    |icmp_ln13_reg_482                 |   1|   0|    1|          0|
    |icmp_ln9_reg_466                  |   1|   0|    1|          0|
    |indvar_flatten1_fu_70             |   8|   0|    8|          0|
    |m_reg_502                         |  32|   0|   32|          0|
    |m_reg_502_pp0_iter3_reg           |  32|   0|   32|          0|
    |o3_fu_78                          |   4|   0|    4|          0|
    |r2_fu_74                          |   6|   0|    6|          0|
    |select_ln14_reg_508               |  32|   0|   32|          0|
    |select_ln9_reg_441                |   4|   0|    4|          0|
    |trunc_ln14_reg_446                |   5|   0|    5|          0|
    |select_ln9_reg_441                |  64|  32|    4|          0|
    |trunc_ln14_reg_446                |  64|  32|    5|          0|
    +----------------------------------+----+----+-----+-----------+
    |Total                             | 333|  64|  214|          0|
    +----------------------------------+----+----+-----+-----------+



================================================================
== Interface
================================================================
* Summary: 
+-------------------+-----+-----+------------+--------------+--------------+
|     RTL Ports     | Dir | Bits|  Protocol  | Source Object|    C Type    |
+-------------------+-----+-----+------------+--------------+--------------+
|ap_clk             |   in|    1|  ap_ctrl_hs|    relu_max_2|  return value|
|ap_rst             |   in|    1|  ap_ctrl_hs|    relu_max_2|  return value|
|ap_start           |   in|    1|  ap_ctrl_hs|    relu_max_2|  return value|
|ap_done            |  out|    1|  ap_ctrl_hs|    relu_max_2|  return value|
|ap_idle            |  out|    1|  ap_ctrl_hs|    relu_max_2|  return value|
|ap_ready           |  out|    1|  ap_ctrl_hs|    relu_max_2|  return value|
|input_r_address0   |  out|    9|   ap_memory|       input_r|         array|
|input_r_ce0        |  out|    1|   ap_memory|       input_r|         array|
|input_r_q0         |   in|   32|   ap_memory|       input_r|         array|
|input_r_address1   |  out|    9|   ap_memory|       input_r|         array|
|input_r_ce1        |  out|    1|   ap_memory|       input_r|         array|
|input_r_q1         |   in|   32|   ap_memory|       input_r|         array|
|output_r_address0  |  out|    8|   ap_memory|      output_r|         array|
|output_r_ce0       |  out|    1|   ap_memory|      output_r|         array|
|output_r_we0       |  out|    1|   ap_memory|      output_r|         array|
|output_r_d0        |  out|   32|   ap_memory|      output_r|         array|
+-------------------+-----+-----+------------+--------------+--------------+

============================================================
+ Verbose Summary: Synthesis Manager
============================================================
InlineROM: 1
ExposeGlobal: 0
============================================================
+ Verbose Summary: CDFG Model
============================================================
IsTopModel: 1
ResetActiveHigh: 1
IsCombinational: 2
IsDatapathOnly: 2
HasWiredReturn: 1
HasMFsm: 2
HasVarLatency: 1
IsPipeline: 0
IsRtlPipelined: 0
IsInstanceOverlapped: 0
IsDontTouch: 0
HasImplIP: 0
IsGatedGlobalClock: 0

+ Individual pipeline summary: 
  * Pipeline-0: initiation interval (II) = 1, depth = 6


============================================================
+ Verbose Summary: Schedule
============================================================
* Number of FSM states : 6
* Pipeline : 1
  Pipeline-0 : II = 1, D = 6, States = { 1 2 3 4 5 6 }
* Dataflow Pipeline: 0

* FSM state transitions: 
1 --> 2 
2 --> 3 
3 --> 4 
4 --> 5 
5 --> 6 
6 --> 

* FSM state operations: 

State 1 <SV = 0> <Delay = 7.85>
ST_1 : Operation 9 [1/1] (0.00ns)   --->   "%indvar_flatten1 = alloca i32 1"   --->   Operation 9 'alloca' 'indvar_flatten1' <Predicate = true> <Delay = 0.00>
ST_1 : Operation 10 [1/1] (0.00ns)   --->   "%r2 = alloca i32 1"   --->   Operation 10 'alloca' 'r2' <Predicate = true> <Delay = 0.00>
ST_1 : Operation 11 [1/1] (0.00ns)   --->   "%o3 = alloca i32 1"   --->   Operation 11 'alloca' 'o3' <Predicate = true> <Delay = 0.00>
ST_1 : Operation 12 [1/1] (0.00ns)   --->   "%spectopmodule_ln6 = spectopmodule void @_ssdm_op_SpecTopModule, void @empty_1" [relu_max_2.cpp:6]   --->   Operation 12 'spectopmodule' 'spectopmodule_ln6' <Predicate = true> <Delay = 0.00>
ST_1 : Operation 13 [1/1] (0.00ns)   --->   "%specinterface_ln0 = specinterface void @_ssdm_op_SpecInterface, i32 %input_r, void @empty, i32 0, i32 0, void @empty_0, i32 4294967295, i32 0, void @empty_0, void @empty_0, void @empty_0, i32 0, i32 0, i32 0, i32 0, void @empty_0, void @empty_0, i32 4294967295, i32 0, i32 0"   --->   Operation 13 'specinterface' 'specinterface_ln0' <Predicate = true> <Delay = 0.00>
ST_1 : Operation 14 [1/1] (0.00ns)   --->   "%specbitsmap_ln0 = specbitsmap void @_ssdm_op_SpecBitsMap, i32 %input_r"   --->   Operation 14 'specbitsmap' 'specbitsmap_ln0' <Predicate = true> <Delay = 0.00>
ST_1 : Operation 15 [1/1] (0.00ns)   --->   "%specinterface_ln0 = specinterface void @_ssdm_op_SpecInterface, i32 %output_r, void @empty, i32 0, i32 0, void @empty_0, i32 4294967295, i32 0, void @empty_0, void @empty_0, void @empty_0, i32 0, i32 0, i32 0, i32 0, void @empty_0, void @empty_0, i32 4294967295, i32 0, i32 0"   --->   Operation 15 'specinterface' 'specinterface_ln0' <Predicate = true> <Delay = 0.00>
ST_1 : Operation 16 [1/1] (0.00ns)   --->   "%specbitsmap_ln0 = specbitsmap void @_ssdm_op_SpecBitsMap, i32 %output_r"   --->   Operation 16 'specbitsmap' 'specbitsmap_ln0' <Predicate = true> <Delay = 0.00>
ST_1 : Operation 17 [1/1] (1.58ns)   --->   "%store_ln0 = store i4 0, i4 %o3"   --->   Operation 17 'store' 'store_ln0' <Predicate = true> <Delay = 1.58>
ST_1 : Operation 18 [1/1] (1.58ns)   --->   "%store_ln0 = store i6 0, i6 %r2"   --->   Operation 18 'store' 'store_ln0' <Predicate = true> <Delay = 1.58>
ST_1 : Operation 19 [1/1] (1.58ns)   --->   "%store_ln0 = store i8 0, i8 %indvar_flatten1"   --->   Operation 19 'store' 'store_ln0' <Predicate = true> <Delay = 1.58>
ST_1 : Operation 20 [1/1] (1.58ns)   --->   "%br_ln0 = br void %for.inc22"   --->   Operation 20 'br' 'br_ln0' <Predicate = true> <Delay = 1.58>
ST_1 : Operation 21 [1/1] (0.00ns)   --->   "%icmp_ln104 = phi i1 0, void %entry, i1 %icmp_ln10, void %for.inc22" [relu_max_2.cpp:10]   --->   Operation 21 'phi' 'icmp_ln104' <Predicate = true> <Delay = 0.00>
ST_1 : Operation 22 [1/1] (0.00ns)   --->   "%indvar_flatten1_load = load i8 %indvar_flatten1" [relu_max_2.cpp:9]   --->   Operation 22 'load' 'indvar_flatten1_load' <Predicate = true> <Delay = 0.00>
ST_1 : Operation 23 [1/1] (0.00ns)   --->   "%r2_load = load i6 %r2" [relu_max_2.cpp:9]   --->   Operation 23 'load' 'r2_load' <Predicate = true> <Delay = 0.00>
ST_1 : Operation 24 [1/1] (0.00ns)   --->   "%o3_load = load i4 %o3" [relu_max_2.cpp:9]   --->   Operation 24 'load' 'o3_load' <Predicate = true> <Delay = 0.00>
ST_1 : Operation 25 [1/1] (1.82ns)   --->   "%add_ln9 = add i6 %r2_load, i6 1" [relu_max_2.cpp:9]   --->   Operation 25 'add' 'add_ln9' <Predicate = true> <Delay = 1.82> <CoreInst = "Adder">   --->   Core 1 'Adder' <Latency = 0> <II = 1> <Delay = 1.82> <FuncUnit> <Opcode : 'add' 'sub'> <InPorts = 2> <OutPorts = 1>
ST_1 : Operation 26 [1/1] (1.02ns)   --->   "%select_ln9 = select i1 %icmp_ln104, i4 0, i4 %o3_load" [relu_max_2.cpp:9]   --->   Operation 26 'select' 'select_ln9' <Predicate = true> <Delay = 1.02> <CoreInst = "Sel">   --->   Core 73 'Sel' <Latency = 0> <II = 1> <Delay = 1.02> <FuncUnit> <Opcode : 'select'> <InPorts = 3> <OutPorts = 1>
ST_1 : Operation 27 [1/1] (1.18ns)   --->   "%r = select i1 %icmp_ln104, i6 %add_ln9, i6 %r2_load" [relu_max_2.cpp:9]   --->   Operation 27 'select' 'r' <Predicate = true> <Delay = 1.18> <CoreInst = "Sel">   --->   Core 73 'Sel' <Latency = 0> <II = 1> <Delay = 1.18> <FuncUnit> <Opcode : 'select'> <InPorts = 3> <OutPorts = 1>
ST_1 : Operation 28 [1/1] (0.00ns)   --->   "%trunc_ln14 = trunc i6 %r" [relu_max_2.cpp:14]   --->   Operation 28 'trunc' 'trunc_ln14' <Predicate = true> <Delay = 0.00>
ST_1 : Operation 29 [1/1] (0.00ns)   --->   "%trunc_ln11 = trunc i4 %select_ln9" [relu_max_2.cpp:11]   --->   Operation 29 'trunc' 'trunc_ln11' <Predicate = true> <Delay = 0.00>
ST_1 : Operation 30 [1/1] (0.00ns)   --->   "%tmp_7 = bitconcatenate i9 @_ssdm_op_BitConcatenate.i9.i5.i3.i1, i5 %trunc_ln14, i3 %trunc_ln11, i1 0" [relu_max_2.cpp:11]   --->   Operation 30 'bitconcatenate' 'tmp_7' <Predicate = true> <Delay = 0.00>
ST_1 : Operation 31 [1/1] (0.00ns)   --->   "%zext_ln11 = zext i9 %tmp_7" [relu_max_2.cpp:11]   --->   Operation 31 'zext' 'zext_ln11' <Predicate = true> <Delay = 0.00>
ST_1 : Operation 32 [1/1] (0.00ns)   --->   "%input_r_addr = getelementptr i32 %input_r, i64 0, i64 %zext_ln11" [relu_max_2.cpp:11]   --->   Operation 32 'getelementptr' 'input_r_addr' <Predicate = true> <Delay = 0.00>
ST_1 : Operation 33 [2/2] (3.25ns)   --->   "%input_r_load = load i9 %input_r_addr" [relu_max_2.cpp:11]   --->   Operation 33 'load' 'input_r_load' <Predicate = true> <Delay = 3.25> <CoreInst = "RAM">   --->   Core 81 'RAM' <Latency = 1> <II = 1> <Delay = 3.25> <Storage> <Opcode : 'load' 'store'> <Ports = 2> <Width = 32> <Depth = 512> <RAM>
ST_1 : Operation 34 [1/1] (0.00ns)   --->   "%tmp_8 = bitconcatenate i9 @_ssdm_op_BitConcatenate.i9.i5.i3.i1, i5 %trunc_ln14, i3 %trunc_ln11, i1 1" [relu_max_2.cpp:12]   --->   Operation 34 'bitconcatenate' 'tmp_8' <Predicate = true> <Delay = 0.00>
ST_1 : Operation 35 [1/1] (0.00ns)   --->   "%zext_ln12 = zext i9 %tmp_8" [relu_max_2.cpp:12]   --->   Operation 35 'zext' 'zext_ln12' <Predicate = true> <Delay = 0.00>
ST_1 : Operation 36 [1/1] (0.00ns)   --->   "%input_r_addr_1 = getelementptr i32 %input_r, i64 0, i64 %zext_ln12" [relu_max_2.cpp:12]   --->   Operation 36 'getelementptr' 'input_r_addr_1' <Predicate = true> <Delay = 0.00>
ST_1 : Operation 37 [2/2] (3.25ns)   --->   "%input_r_load_1 = load i9 %input_r_addr_1" [relu_max_2.cpp:12]   --->   Operation 37 'load' 'input_r_load_1' <Predicate = true> <Delay = 3.25> <CoreInst = "RAM">   --->   Core 81 'RAM' <Latency = 1> <II = 1> <Delay = 3.25> <Storage> <Opcode : 'load' 'store'> <Ports = 2> <Width = 32> <Depth = 512> <RAM>
ST_1 : Operation 38 [1/1] (1.73ns)   --->   "%o = add i4 %select_ln9, i4 1" [relu_max_2.cpp:10]   --->   Operation 38 'add' 'o' <Predicate = true> <Delay = 1.73> <CoreInst = "Adder">   --->   Core 1 'Adder' <Latency = 0> <II = 1> <Delay = 1.73> <FuncUnit> <Opcode : 'add' 'sub'> <InPorts = 2> <OutPorts = 1>
ST_1 : Operation 39 [1/1] (1.91ns)   --->   "%add_ln9_1 = add i8 %indvar_flatten1_load, i8 1" [relu_max_2.cpp:9]   --->   Operation 39 'add' 'add_ln9_1' <Predicate = true> <Delay = 1.91> <CoreInst = "Adder">   --->   Core 1 'Adder' <Latency = 0> <II = 1> <Delay = 1.91> <FuncUnit> <Opcode : 'add' 'sub'> <InPorts = 2> <OutPorts = 1>
ST_1 : Operation 40 [1/1] (1.73ns)   --->   "%icmp_ln10 = icmp_eq  i4 %o, i4 8" [relu_max_2.cpp:10]   --->   Operation 40 'icmp' 'icmp_ln10' <Predicate = true> <Delay = 1.73> <CoreInst = "Cmp">   --->   Core 9 'Cmp' <Latency = 0> <II = 1> <Delay = 1.78> <FuncUnit> <Opcode : 'seteq' 'setne' 'setle' 'setge' 'setlt' 'setgt'> <InPorts = 2> <OutPorts = 1>
ST_1 : Operation 41 [1/1] (1.91ns)   --->   "%icmp_ln9 = icmp_eq  i8 %indvar_flatten1_load, i8 255" [relu_max_2.cpp:9]   --->   Operation 41 'icmp' 'icmp_ln9' <Predicate = true> <Delay = 1.91> <CoreInst = "Cmp">   --->   Core 9 'Cmp' <Latency = 0> <II = 1> <Delay = 1.91> <FuncUnit> <Opcode : 'seteq' 'setne' 'setle' 'setge' 'setlt' 'setgt'> <InPorts = 2> <OutPorts = 1>
ST_1 : Operation 42 [1/1] (1.58ns)   --->   "%store_ln10 = store i4 %o, i4 %o3" [relu_max_2.cpp:10]   --->   Operation 42 'store' 'store_ln10' <Predicate = true> <Delay = 1.58>
ST_1 : Operation 43 [1/1] (1.58ns)   --->   "%store_ln9 = store i6 %r, i6 %r2" [relu_max_2.cpp:9]   --->   Operation 43 'store' 'store_ln9' <Predicate = true> <Delay = 1.58>
ST_1 : Operation 44 [1/1] (1.58ns)   --->   "%store_ln9 = store i8 %add_ln9_1, i8 %indvar_flatten1" [relu_max_2.cpp:9]   --->   Operation 44 'store' 'store_ln9' <Predicate = true> <Delay = 1.58>
ST_1 : Operation 45 [1/1] (0.00ns)   --->   "%br_ln9 = br i1 %icmp_ln9, void %for.inc22, void %for.end24" [relu_max_2.cpp:9]   --->   Operation 45 'br' 'br_ln9' <Predicate = true> <Delay = 0.00>

State 2 <SV = 1> <Delay = 8.68>
ST_2 : Operation 46 [1/2] ( I:3.25ns O:3.25ns )   --->   "%input_r_load = load i9 %input_r_addr" [relu_max_2.cpp:11]   --->   Operation 46 'load' 'input_r_load' <Predicate = true> <Delay = 3.25> <CoreInst = "RAM">   --->   Core 81 'RAM' <Latency = 1> <II = 1> <Delay = 3.25> <Storage> <Opcode : 'load' 'store'> <Ports = 2> <Width = 32> <Depth = 512> <RAM>
ST_2 : Operation 47 [1/1] (0.00ns)   --->   "%a = bitcast i32 %input_r_load" [relu_max_2.cpp:11]   --->   Operation 47 'bitcast' 'a' <Predicate = true> <Delay = 0.00>
ST_2 : Operation 48 [1/2] ( I:3.25ns O:3.25ns )   --->   "%input_r_load_1 = load i9 %input_r_addr_1" [relu_max_2.cpp:12]   --->   Operation 48 'load' 'input_r_load_1' <Predicate = true> <Delay = 3.25> <CoreInst = "RAM">   --->   Core 81 'RAM' <Latency = 1> <II = 1> <Delay = 3.25> <Storage> <Opcode : 'load' 'store'> <Ports = 2> <Width = 32> <Depth = 512> <RAM>
ST_2 : Operation 49 [1/1] (0.00ns)   --->   "%b = bitcast i32 %input_r_load_1" [relu_max_2.cpp:12]   --->   Operation 49 'bitcast' 'b' <Predicate = true> <Delay = 0.00>
ST_2 : Operation 50 [1/1] (0.00ns)   --->   "%tmp = partselect i8 @_ssdm_op_PartSelect.i8.i32.i32.i32, i32 %input_r_load, i32 23, i32 30" [relu_max_2.cpp:13]   --->   Operation 50 'partselect' 'tmp' <Predicate = true> <Delay = 0.00>
ST_2 : Operation 51 [1/1] (0.00ns)   --->   "%trunc_ln13 = trunc i32 %input_r_load" [relu_max_2.cpp:13]   --->   Operation 51 'trunc' 'trunc_ln13' <Predicate = true> <Delay = 0.00>
ST_2 : Operation 52 [1/1] (0.00ns)   --->   "%tmp_1 = partselect i8 @_ssdm_op_PartSelect.i8.i32.i32.i32, i32 %input_r_load_1, i32 23, i32 30" [relu_max_2.cpp:13]   --->   Operation 52 'partselect' 'tmp_1' <Predicate = true> <Delay = 0.00>
ST_2 : Operation 53 [1/1] (0.00ns)   --->   "%trunc_ln13_1 = trunc i32 %input_r_load_1" [relu_max_2.cpp:13]   --->   Operation 53 'trunc' 'trunc_ln13_1' <Predicate = true> <Delay = 0.00>
ST_2 : Operation 54 [1/1] (1.91ns)   --->   "%icmp_ln13 = icmp_ne  i8 %tmp, i8 255" [relu_max_2.cpp:13]   --->   Operation 54 'icmp' 'icmp_ln13' <Predicate = true> <Delay = 1.91> <CoreInst = "Cmp">   --->   Core 9 'Cmp' <Latency = 0> <II = 1> <Delay = 1.91> <FuncUnit> <Opcode : 'seteq' 'setne' 'setle' 'setge' 'setlt' 'setgt'> <InPorts = 2> <OutPorts = 1>
ST_2 : Operation 55 [1/1] (2.28ns)   --->   "%icmp_ln13_1 = icmp_eq  i23 %trunc_ln13, i23 0" [relu_max_2.cpp:13]   --->   Operation 55 'icmp' 'icmp_ln13_1' <Predicate = true> <Delay = 2.28> <CoreInst = "Cmp">   --->   Core 9 'Cmp' <Latency = 0> <II = 1> <Delay = 2.28> <FuncUnit> <Opcode : 'seteq' 'setne' 'setle' 'setge' 'setlt' 'setgt'> <InPorts = 2> <OutPorts = 1>
ST_2 : Operation 56 [1/1] (1.91ns)   --->   "%icmp_ln13_2 = icmp_ne  i8 %tmp_1, i8 255" [relu_max_2.cpp:13]   --->   Operation 56 'icmp' 'icmp_ln13_2' <Predicate = true> <Delay = 1.91> <CoreInst = "Cmp">   --->   Core 9 'Cmp' <Latency = 0> <II = 1> <Delay = 1.91> <FuncUnit> <Opcode : 'seteq' 'setne' 'setle' 'setge' 'setlt' 'setgt'> <InPorts = 2> <OutPorts = 1>
ST_2 : Operation 57 [1/1] (2.28ns)   --->   "%icmp_ln13_3 = icmp_eq  i23 %trunc_ln13_1, i23 0" [relu_max_2.cpp:13]   --->   Operation 57 'icmp' 'icmp_ln13_3' <Predicate = true> <Delay = 2.28> <CoreInst = "Cmp">   --->   Core 9 'Cmp' <Latency = 0> <II = 1> <Delay = 2.28> <FuncUnit> <Opcode : 'seteq' 'setne' 'setle' 'setge' 'setlt' 'setgt'> <InPorts = 2> <OutPorts = 1>
ST_2 : Operation 58 [2/2] (5.43ns)   --->   "%tmp_2 = fcmp_ogt  i32 %a, i32 %b" [relu_max_2.cpp:13]   --->   Operation 58 'fcmp' 'tmp_2' <Predicate = true> <Delay = 5.43> <CoreInst = "FCompare">   --->   Core 19 'FCompare' <Latency = 1> <II = 1> <Delay = 5.43> <FuncUnit> <Opcode : 'fcmp'> <InPorts = 2> <OutPorts = 1>

State 3 <SV = 2> <Delay = 7.10>
ST_3 : Operation 59 [1/1] (0.00ns) (grouped into LUT with out node and_ln13_1)   --->   "%or_ln13 = or i1 %icmp_ln13_1, i1 %icmp_ln13" [relu_max_2.cpp:13]   --->   Operation 59 'or' 'or_ln13' <Predicate = true> <Delay = 0.00> <CoreInst = "LogicGate">   --->   Core 74 'LogicGate' <Latency = 0> <II = 1> <Delay = 0.97> <FuncUnit> <Opcode : 'and' 'or' 'xor'> <InPorts = 2> <OutPorts = 1>
ST_3 : Operation 60 [1/1] (0.00ns) (grouped into LUT with out node and_ln13_1)   --->   "%or_ln13_1 = or i1 %icmp_ln13_3, i1 %icmp_ln13_2" [relu_max_2.cpp:13]   --->   Operation 60 'or' 'or_ln13_1' <Predicate = true> <Delay = 0.00> <CoreInst = "LogicGate">   --->   Core 74 'LogicGate' <Latency = 0> <II = 1> <Delay = 0.97> <FuncUnit> <Opcode : 'and' 'or' 'xor'> <InPorts = 2> <OutPorts = 1>
ST_3 : Operation 61 [1/1] (0.00ns) (grouped into LUT with out node and_ln13_1)   --->   "%and_ln13 = and i1 %or_ln13, i1 %or_ln13_1" [relu_max_2.cpp:13]   --->   Operation 61 'and' 'and_ln13' <Predicate = true> <Delay = 0.00> <CoreInst = "LogicGate">   --->   Core 74 'LogicGate' <Latency = 0> <II = 1> <Delay = 0.97> <FuncUnit> <Opcode : 'and' 'or' 'xor'> <InPorts = 2> <OutPorts = 1>
ST_3 : Operation 62 [1/2] (5.43ns)   --->   "%tmp_2 = fcmp_ogt  i32 %a, i32 %b" [relu_max_2.cpp:13]   --->   Operation 62 'fcmp' 'tmp_2' <Predicate = true> <Delay = 5.43> <CoreInst = "FCompare">   --->   Core 19 'FCompare' <Latency = 1> <II = 1> <Delay = 5.43> <FuncUnit> <Opcode : 'fcmp'> <InPorts = 2> <OutPorts = 1>
ST_3 : Operation 63 [1/1] (0.97ns) (out node of the LUT)   --->   "%and_ln13_1 = and i1 %and_ln13, i1 %tmp_2" [relu_max_2.cpp:13]   --->   Operation 63 'and' 'and_ln13_1' <Predicate = true> <Delay = 0.97> <CoreInst = "LogicGate">   --->   Core 74 'LogicGate' <Latency = 0> <II = 1> <Delay = 0.97> <FuncUnit> <Opcode : 'and' 'or' 'xor'> <InPorts = 2> <OutPorts = 1>
ST_3 : Operation 64 [1/1] (0.69ns) (out node of the LUT)   --->   "%m = select i1 %and_ln13_1, i32 %a, i32 %b" [relu_max_2.cpp:13]   --->   Operation 64 'select' 'm' <Predicate = true> <Delay = 0.69> <CoreInst = "Sel">   --->   Core 73 'Sel' <Latency = 0> <II = 1> <Delay = 0.69> <FuncUnit> <Opcode : 'select'> <InPorts = 3> <OutPorts = 1>

State 4 <SV = 3> <Delay = 5.43>
ST_4 : Operation 65 [2/2] (5.43ns)   --->   "%tmp_4 = fcmp_ogt  i32 %m, i32 0" [relu_max_2.cpp:14]   --->   Operation 65 'fcmp' 'tmp_4' <Predicate = true> <Delay = 5.43> <CoreInst = "FCompare">   --->   Core 19 'FCompare' <Latency = 1> <II = 1> <Delay = 5.43> <FuncUnit> <Opcode : 'fcmp'> <InPorts = 2> <OutPorts = 1>

State 5 <SV = 4> <Delay = 6.40>
ST_5 : Operation 66 [1/1] (0.00ns)   --->   "%bitcast_ln14 = bitcast i32 %m" [relu_max_2.cpp:14]   --->   Operation 66 'bitcast' 'bitcast_ln14' <Predicate = true> <Delay = 0.00>
ST_5 : Operation 67 [1/1] (0.00ns)   --->   "%tmp_3 = partselect i8 @_ssdm_op_PartSelect.i8.i32.i32.i32, i32 %bitcast_ln14, i32 23, i32 30" [relu_max_2.cpp:14]   --->   Operation 67 'partselect' 'tmp_3' <Predicate = true> <Delay = 0.00>
ST_5 : Operation 68 [1/1] (0.00ns)   --->   "%trunc_ln14_1 = trunc i32 %bitcast_ln14" [relu_max_2.cpp:14]   --->   Operation 68 'trunc' 'trunc_ln14_1' <Predicate = true> <Delay = 0.00>
ST_5 : Operation 69 [1/1] (1.91ns)   --->   "%icmp_ln14 = icmp_ne  i8 %tmp_3, i8 255" [relu_max_2.cpp:14]   --->   Operation 69 'icmp' 'icmp_ln14' <Predicate = true> <Delay = 1.91> <CoreInst = "Cmp">   --->   Core 9 'Cmp' <Latency = 0> <II = 1> <Delay = 1.91> <FuncUnit> <Opcode : 'seteq' 'setne' 'setle' 'setge' 'setlt' 'setgt'> <InPorts = 2> <OutPorts = 1>
ST_5 : Operation 70 [1/1] (2.28ns)   --->   "%icmp_ln14_1 = icmp_eq  i23 %trunc_ln14_1, i23 0" [relu_max_2.cpp:14]   --->   Operation 70 'icmp' 'icmp_ln14_1' <Predicate = true> <Delay = 2.28> <CoreInst = "Cmp">   --->   Core 9 'Cmp' <Latency = 0> <II = 1> <Delay = 2.28> <FuncUnit> <Opcode : 'seteq' 'setne' 'setle' 'setge' 'setlt' 'setgt'> <InPorts = 2> <OutPorts = 1>
ST_5 : Operation 71 [1/1] (0.00ns) (grouped into LUT with out node select_ln14)   --->   "%or_ln14 = or i1 %icmp_ln14_1, i1 %icmp_ln14" [relu_max_2.cpp:14]   --->   Operation 71 'or' 'or_ln14' <Predicate = true> <Delay = 0.00> <CoreInst = "LogicGate">   --->   Core 74 'LogicGate' <Latency = 0> <II = 1> <Delay = 0.97> <FuncUnit> <Opcode : 'and' 'or' 'xor'> <InPorts = 2> <OutPorts = 1>
ST_5 : Operation 72 [1/2] (5.43ns)   --->   "%tmp_4 = fcmp_ogt  i32 %m, i32 0" [relu_max_2.cpp:14]   --->   Operation 72 'fcmp' 'tmp_4' <Predicate = true> <Delay = 5.43> <CoreInst = "FCompare">   --->   Core 19 'FCompare' <Latency = 1> <II = 1> <Delay = 5.43> <FuncUnit> <Opcode : 'fcmp'> <InPorts = 2> <OutPorts = 1>
ST_5 : Operation 73 [1/1] (0.00ns) (grouped into LUT with out node select_ln14)   --->   "%and_ln14 = and i1 %or_ln14, i1 %tmp_4" [relu_max_2.cpp:14]   --->   Operation 73 'and' 'and_ln14' <Predicate = true> <Delay = 0.00> <CoreInst = "LogicGate">   --->   Core 74 'LogicGate' <Latency = 0> <II = 1> <Delay = 0.97> <FuncUnit> <Opcode : 'and' 'or' 'xor'> <InPorts = 2> <OutPorts = 1>
ST_5 : Operation 74 [1/1] (0.97ns) (out node of the LUT)   --->   "%select_ln14 = select i1 %and_ln14, i32 %bitcast_ln14, i32 0" [relu_max_2.cpp:14]   --->   Operation 74 'select' 'select_ln14' <Predicate = true> <Delay = 0.97> <CoreInst = "Sel">   --->   Core 73 'Sel' <Latency = 0> <II = 1> <Delay = 0.69> <FuncUnit> <Opcode : 'select'> <InPorts = 3> <OutPorts = 1>

State 6 <SV = 5> <Delay = 5.16>
ST_6 : Operation 75 [1/1] (0.00ns)   --->   "%specloopname_ln0 = specloopname void @_ssdm_op_SpecLoopName, void @CH_POOL_str"   --->   Operation 75 'specloopname' 'specloopname_ln0' <Predicate = true> <Delay = 0.00>
ST_6 : Operation 76 [1/1] (0.00ns)   --->   "%speclooptripcount_ln0 = speclooptripcount void @_ssdm_op_SpecLoopTripCount, i64 256, i64 256, i64 256"   --->   Operation 76 'speclooptripcount' 'speclooptripcount_ln0' <Predicate = true> <Delay = 0.00>
ST_6 : Operation 77 [1/1] (0.00ns)   --->   "%tmp_5 = bitconcatenate i8 @_ssdm_op_BitConcatenate.i8.i5.i3, i5 %trunc_ln14, i3 0" [relu_max_2.cpp:14]   --->   Operation 77 'bitconcatenate' 'tmp_5' <Predicate = true> <Delay = 0.00>
ST_6 : Operation 78 [1/1] (0.00ns)   --->   "%zext_ln14 = zext i4 %select_ln9" [relu_max_2.cpp:14]   --->   Operation 78 'zext' 'zext_ln14' <Predicate = true> <Delay = 0.00>
ST_6 : Operation 79 [1/1] (1.91ns)   --->   "%add_ln14 = add i8 %tmp_5, i8 %zext_ln14" [relu_max_2.cpp:14]   --->   Operation 79 'add' 'add_ln14' <Predicate = true> <Delay = 1.91> <CoreInst = "Adder">   --->   Core 1 'Adder' <Latency = 0> <II = 1> <Delay = 1.91> <FuncUnit> <Opcode : 'add' 'sub'> <InPorts = 2> <OutPorts = 1>
ST_6 : Operation 80 [1/1] (0.00ns)   --->   "%zext_ln14_1 = zext i8 %add_ln14" [relu_max_2.cpp:14]   --->   Operation 80 'zext' 'zext_ln14_1' <Predicate = true> <Delay = 0.00>
ST_6 : Operation 81 [1/1] (0.00ns)   --->   "%output_r_addr = getelementptr i32 %output_r, i64 0, i64 %zext_ln14_1" [relu_max_2.cpp:14]   --->   Operation 81 'getelementptr' 'output_r_addr' <Predicate = true> <Delay = 0.00>
ST_6 : Operation 82 [1/1] (0.00ns)   --->   "%specpipeline_ln10 = specpipeline void @_ssdm_op_SpecPipeline, i32 4294967295, i32 0, i32 0, i32 0, void @empty_0" [relu_max_2.cpp:10]   --->   Operation 82 'specpipeline' 'specpipeline_ln10' <Predicate = true> <Delay = 0.00>
ST_6 : Operation 83 [1/1] ( I:3.25ns O:3.25ns )   --->   "%store_ln14 = store i32 %select_ln14, i8 %output_r_addr" [relu_max_2.cpp:14]   --->   Operation 83 'store' 'store_ln14' <Predicate = true> <Delay = 3.25> <CoreInst = "RAM">   --->   Core 81 'RAM' <Latency = 1> <II = 1> <Delay = 3.25> <Storage> <Opcode : 'load' 'store'> <Ports = 2> <Width = 32> <Depth = 256> <RAM>
ST_6 : Operation 84 [1/1] (1.58ns)   --->   "%ret_ln17 = ret" [relu_max_2.cpp:17]   --->   Operation 84 'ret' 'ret_ln17' <Predicate = (icmp_ln9)> <Delay = 1.58>


============================================================
+ Verbose Summary: Binding
============================================================
STG Binding: 
---------------- STG Properties BEGIN ----------------
- Is combinational: 0
- Is one-state seq: 0
- Is datapath-only: 0
- Is pipelined: 0
- Is top level: 1
Port [ Return ] is wired: 1; IO mode=ap_ctrl_hs:ce=0
Port [ input_r]:  wired=1; compound=1; hidden=0; nouse=0; global=0; static=0; extern=0; dir=0; type=1; pingpong=0; private_global=0; MemPort=[11]; IO mode=ap_memory:ce=0
Port [ output_r]:  wired=1; compound=1; hidden=0; nouse=0; global=0; static=0; extern=0; dir=1; type=1; pingpong=0; private_global=0; MemPort=[03]; IO mode=ap_memory:ce=0
---------------- STG Properties END ------------------

---------------- Datapath Model BEGIN ----------------

<LifeTime>
<method=bitvector/>
indvar_flatten1       (alloca           ) [ 0100000]
r2                    (alloca           ) [ 0100000]
o3                    (alloca           ) [ 0100000]
spectopmodule_ln6     (spectopmodule    ) [ 0000000]
specinterface_ln0     (specinterface    ) [ 0000000]
specbitsmap_ln0       (specbitsmap      ) [ 0000000]
specinterface_ln0     (specinterface    ) [ 0000000]
specbitsmap_ln0       (specbitsmap      ) [ 0000000]
store_ln0             (store            ) [ 0000000]
store_ln0             (store            ) [ 0000000]
store_ln0             (store            ) [ 0000000]
br_ln0                (br               ) [ 0000000]
icmp_ln104            (phi              ) [ 0100000]
indvar_flatten1_load  (load             ) [ 0000000]
r2_load               (load             ) [ 0000000]
o3_load               (load             ) [ 0000000]
add_ln9               (add              ) [ 0000000]
select_ln9            (select           ) [ 0111111]
r                     (select           ) [ 0000000]
trunc_ln14            (trunc            ) [ 0111111]
trunc_ln11            (trunc            ) [ 0000000]
tmp_7                 (bitconcatenate   ) [ 0000000]
zext_ln11             (zext             ) [ 0000000]
input_r_addr          (getelementptr    ) [ 0110000]
tmp_8                 (bitconcatenate   ) [ 0000000]
zext_ln12             (zext             ) [ 0000000]
input_r_addr_1        (getelementptr    ) [ 0110000]
o                     (add              ) [ 0000000]
add_ln9_1             (add              ) [ 0000000]
icmp_ln10             (icmp             ) [ 0100000]
icmp_ln9              (icmp             ) [ 0111111]
store_ln10            (store            ) [ 0000000]
store_ln9             (store            ) [ 0000000]
store_ln9             (store            ) [ 0000000]
br_ln9                (br               ) [ 0100000]
input_r_load          (load             ) [ 0000000]
a                     (bitcast          ) [ 0101000]
input_r_load_1        (load             ) [ 0000000]
b                     (bitcast          ) [ 0101000]
tmp                   (partselect       ) [ 0000000]
trunc_ln13            (trunc            ) [ 0000000]
tmp_1                 (partselect       ) [ 0000000]
trunc_ln13_1          (trunc            ) [ 0000000]
icmp_ln13             (icmp             ) [ 0101000]
icmp_ln13_1           (icmp             ) [ 0101000]
icmp_ln13_2           (icmp             ) [ 0101000]
icmp_ln13_3           (icmp             ) [ 0101000]
or_ln13               (or               ) [ 0000000]
or_ln13_1             (or               ) [ 0000000]
and_ln13              (and              ) [ 0000000]
tmp_2                 (fcmp             ) [ 0000000]
and_ln13_1            (and              ) [ 0000000]
m                     (select           ) [ 0100110]
bitcast_ln14          (bitcast          ) [ 0000000]
tmp_3                 (partselect       ) [ 0000000]
trunc_ln14_1          (trunc            ) [ 0000000]
icmp_ln14             (icmp             ) [ 0000000]
icmp_ln14_1           (icmp             ) [ 0000000]
or_ln14               (or               ) [ 0000000]
tmp_4                 (fcmp             ) [ 0000000]
and_ln14              (and              ) [ 0000000]
select_ln14           (select           ) [ 0100001]
specloopname_ln0      (specloopname     ) [ 0000000]
speclooptripcount_ln0 (speclooptripcount) [ 0000000]
tmp_5                 (bitconcatenate   ) [ 0000000]
zext_ln14             (zext             ) [ 0000000]
add_ln14              (add              ) [ 0000000]
zext_ln14_1           (zext             ) [ 0000000]
output_r_addr         (getelementptr    ) [ 0000000]
specpipeline_ln10     (specpipeline     ) [ 0000000]
store_ln14            (store            ) [ 0000000]
ret_ln17              (ret              ) [ 0000000]
</LifeTime>

<model>

<comp_list>
<comp id="0" class="1000" name="input_r">
<pin_list>
<pin id="1" dir="1" index="0" bw="1" slack="0"/>
</pin_list>
<bind>
<StgValue><ssdm name="input_r"/><MemPortTyVec>1 1 </MemPortTyVec>
</StgValue>
</bind>
</comp>

<comp id="2" class="1000" name="output_r">
<pin_list>
<pin id="3" dir="1" index="0" bw="1" slack="0"/>
</pin_list>
<bind>
<StgValue><ssdm name="output_r"/><MemPortTyVec>0 3 </MemPortTyVec>
</StgValue>
</bind>
</comp>

<comp id="4" class="1001" name="const_4">
<pin_list>
<pin id="5" dir="1" index="0" bw="1" slack="0"/>
</pin_list>
<bind>
<StgValue><ssdm name=""/></StgValue>
</bind>
</comp>

<comp id="6" class="1001" name="const_6">
<pin_list>
<pin id="7" dir="1" index="0" bw="1" slack="2147483647"/>
</pin_list>
<bind>
<StgValue><ssdm name="_ssdm_op_SpecTopModule"/></StgValue>
</bind>
</comp>

<comp id="8" class="1001" name="const_8">
<pin_list>
<pin id="9" dir="1" index="0" bw="1" slack="2147483647"/>
</pin_list>
<bind>
<StgValue><ssdm name="empty_1"/></StgValue>
</bind>
</comp>

<comp id="10" class="1001" name="const_10">
<pin_list>
<pin id="11" dir="1" index="0" bw="1" slack="2147483647"/>
</pin_list>
<bind>
<StgValue><ssdm name="_ssdm_op_SpecInterface"/></StgValue>
</bind>
</comp>

<comp id="12" class="1001" name="const_12">
<pin_list>
<pin id="13" dir="1" index="0" bw="1" slack="2147483647"/>
</pin_list>
<bind>
<StgValue><ssdm name="empty"/></StgValue>
</bind>
</comp>

<comp id="14" class="1001" name="const_14">
<pin_list>
<pin id="15" dir="1" index="0" bw="1" slack="0"/>
</pin_list>
<bind>
<StgValue><ssdm name=""/></StgValue>
</bind>
</comp>

<comp id="16" class="1001" name="const_16">
<pin_list>
<pin id="17" dir="1" index="0" bw="1" slack="2147483647"/>
</pin_list>
<bind>
<StgValue><ssdm name="empty_0"/></StgValue>
</bind>
</comp>

<comp id="18" class="1001" name="const_18">
<pin_list>
<pin id="19" dir="1" index="0" bw="1" slack="2147483647"/>
</pin_list>
<bind>
<StgValue><ssdm name=""/></StgValue>
</bind>
</comp>

<comp id="20" class="1001" name="const_20">
<pin_list>
<pin id="21" dir="1" index="0" bw="1" slack="2147483647"/>
</pin_list>
<bind>
<StgValue><ssdm name="_ssdm_op_SpecBitsMap"/></StgValue>
</bind>
</comp>

<comp id="22" class="1001" name="const_22">
<pin_list>
<pin id="23" dir="1" index="0" bw="1" slack="0"/>
</pin_list>
<bind>
<StgValue><ssdm name=""/></StgValue>
</bind>
</comp>

<comp id="24" class="1001" name="const_24">
<pin_list>
<pin id="25" dir="1" index="0" bw="1" slack="0"/>
</pin_list>
<bind>
<StgValue><ssdm name=""/></StgValue>
</bind>
</comp>

<comp id="26" class="1001" name="const_26">
<pin_list>
<pin id="27" dir="1" index="0" bw="1" slack="0"/>
</pin_list>
<bind>
<StgValue><ssdm name=""/></StgValue>
</bind>
</comp>

<comp id="28" class="1001" name="const_28">
<pin_list>
<pin id="29" dir="1" index="0" bw="1" slack="0"/>
</pin_list>
<bind>
<StgValue><ssdm name=""/></StgValue>
</bind>
</comp>

<comp id="30" class="1001" name="const_30">
<pin_list>
<pin id="31" dir="1" index="0" bw="1" slack="0"/>
</pin_list>
<bind>
<StgValue><ssdm name=""/></StgValue>
</bind>
</comp>

<comp id="32" class="1001" name="const_32">
<pin_list>
<pin id="33" dir="1" index="0" bw="1" slack="0"/>
</pin_list>
<bind>
<StgValue><ssdm name="_ssdm_op_BitConcatenate.i9.i5.i3.i1"/></StgValue>
</bind>
</comp>

<comp id="34" class="1001" name="const_34">
<pin_list>
<pin id="35" dir="1" index="0" bw="1" slack="0"/>
</pin_list>
<bind>
<StgValue><ssdm name=""/></StgValue>
</bind>
</comp>

<comp id="36" class="1001" name="const_36">
<pin_list>
<pin id="37" dir="1" index="0" bw="1" slack="0"/>
</pin_list>
<bind>
<StgValue><ssdm name=""/></StgValue>
</bind>
</comp>

<comp id="38" class="1001" name="const_38">
<pin_list>
<pin id="39" dir="1" index="0" bw="1" slack="0"/>
</pin_list>
<bind>
<StgValue><ssdm name=""/></StgValue>
</bind>
</comp>

<comp id="40" class="1001" name="const_40">
<pin_list>
<pin id="41" dir="1" index="0" bw="1" slack="0"/>
</pin_list>
<bind>
<StgValue><ssdm name=""/></StgValue>
</bind>
</comp>

<comp id="42" class="1001" name="const_42">
<pin_list>
<pin id="43" dir="1" index="0" bw="1" slack="0"/>
</pin_list>
<bind>
<StgValue><ssdm name=""/></StgValue>
</bind>
</comp>

<comp id="44" class="1001" name="const_44">
<pin_list>
<pin id="45" dir="1" index="0" bw="1" slack="0"/>
</pin_list>
<bind>
<StgValue><ssdm name=""/></StgValue>
</bind>
</comp>

<comp id="46" class="1001" name="const_46">
<pin_list>
<pin id="47" dir="1" index="0" bw="1" slack="0"/>
</pin_list>
<bind>
<StgValue><ssdm name="_ssdm_op_PartSelect.i8.i32.i32.i32"/></StgValue>
</bind>
</comp>

<comp id="48" class="1001" name="const_48">
<pin_list>
<pin id="49" dir="1" index="0" bw="1" slack="0"/>
</pin_list>
<bind>
<StgValue><ssdm name=""/></StgValue>
</bind>
</comp>

<comp id="50" class="1001" name="const_50">
<pin_list>
<pin id="51" dir="1" index="0" bw="1" slack="0"/>
</pin_list>
<bind>
<StgValue><ssdm name=""/></StgValue>
</bind>
</comp>

<comp id="52" class="1001" name="const_52">
<pin_list>
<pin id="53" dir="1" index="0" bw="1" slack="0"/>
</pin_list>
<bind>
<StgValue><ssdm name=""/></StgValue>
</bind>
</comp>

<comp id="54" class="1001" name="const_54">
<pin_list>
<pin id="55" dir="1" index="0" bw="1" slack="0"/>
</pin_list>
<bind>
<StgValue><ssdm name=""/></StgValue>
</bind>
</comp>

<comp id="56" class="1001" name="const_56">
<pin_list>
<pin id="57" dir="1" index="0" bw="1" slack="2147483647"/>
</pin_list>
<bind>
<StgValue><ssdm name="_ssdm_op_SpecLoopName"/></StgValue>
</bind>
</comp>

<comp id="58" class="1001" name="const_58">
<pin_list>
<pin id="59" dir="1" index="0" bw="1" slack="2147483647"/>
</pin_list>
<bind>
<StgValue><ssdm name="CH_POOL_str"/></StgValue>
</bind>
</comp>

<comp id="60" class="1001" name="const_60">
<pin_list>
<pin id="61" dir="1" index="0" bw="1" slack="2147483647"/>
</pin_list>
<bind>
<StgValue><ssdm name="_ssdm_op_SpecLoopTripCount"/></StgValue>
</bind>
</comp>

<comp id="62" class="1001" name="const_62">
<pin_list>
<pin id="63" dir="1" index="0" bw="1" slack="2147483647"/>
</pin_list>
<bind>
<StgValue><ssdm name=""/></StgValue>
</bind>
</comp>

<comp id="64" class="1001" name="const_64">
<pin_list>
<pin id="65" dir="1" index="0" bw="1" slack="0"/>
</pin_list>
<bind>
<StgValue><ssdm name="_ssdm_op_BitConcatenate.i8.i5.i3"/></StgValue>
</bind>
</comp>

<comp id="66" class="1001" name="const_66">
<pin_list>
<pin id="67" dir="1" index="0" bw="1" slack="0"/>
</pin_list>
<bind>
<StgValue><ssdm name=""/></StgValue>
</bind>
</comp>

<comp id="68" class="1001" name="const_68">
<pin_list>
<pin id="69" dir="1" index="0" bw="1" slack="2147483647"/>
</pin_list>
<bind>
<StgValue><ssdm name="_ssdm_op_SpecPipeline"/></StgValue>
</bind>
</comp>

<comp id="70" class="1004" name="indvar_flatten1_fu_70">
<pin_list>
<pin id="71" dir="0" index="0" bw="1" slack="0"/>
<pin id="72" dir="1" index="1" bw="8" slack="0"/>
</pin_list>
<bind>
<opcode="alloca(26) " fcode="alloca"/>
<opset="indvar_flatten1/1 "/>
</bind>
</comp>

<comp id="74" class="1004" name="r2_fu_74">
<pin_list>
<pin id="75" dir="0" index="0" bw="1" slack="0"/>
<pin id="76" dir="1" index="1" bw="6" slack="0"/>
</pin_list>
<bind>
<opcode="alloca(26) " fcode="alloca"/>
<opset="r2/1 "/>
</bind>
</comp>

<comp id="78" class="1004" name="o3_fu_78">
<pin_list>
<pin id="79" dir="0" index="0" bw="1" slack="0"/>
<pin id="80" dir="1" index="1" bw="4" slack="0"/>
</pin_list>
<bind>
<opcode="alloca(26) " fcode="alloca"/>
<opset="o3/1 "/>
</bind>
</comp>

<comp id="82" class="1004" name="input_r_addr_gep_fu_82">
<pin_list>
<pin id="83" dir="0" index="0" bw="32" slack="0"/>
<pin id="84" dir="0" index="1" bw="1" slack="0"/>
<pin id="85" dir="0" index="2" bw="9" slack="0"/>
<pin id="86" dir="1" index="3" bw="9" slack="0"/>
</pin_list>
<bind>
<opcode="getelementptr(29) " fcode="getelementptr"/>
<opset="input_r_addr/1 "/>
</bind>
</comp>

<comp id="89" class="1004" name="grp_access_fu_89">
<pin_list>
<pin id="90" dir="0" index="0" bw="9" slack="0"/>
<pin id="91" dir="0" index="1" bw="32" slack="2147483647"/>
<pin id="92" dir="0" index="2" bw="0" slack="0"/>
<pin id="94" dir="0" index="4" bw="9" slack="2147483647"/>
<pin id="95" dir="0" index="5" bw="32" slack="2147483647"/>
<pin id="96" dir="0" index="6" bw="0" slack="2147483647"/>
<pin id="93" dir="1" index="3" bw="32" slack="0"/>
<pin id="97" dir="1" index="7" bw="32" slack="0"/>
</pin_list>
<bind>
<opcode="load(27) " fcode="load"/>
<opset="input_r_load/1 input_r_load_1/1 "/>
</bind>
</comp>

<comp id="99" class="1004" name="input_r_addr_1_gep_fu_99">
<pin_list>
<pin id="100" dir="0" index="0" bw="32" slack="0"/>
<pin id="101" dir="0" index="1" bw="1" slack="0"/>
<pin id="102" dir="0" index="2" bw="9" slack="0"/>
<pin id="103" dir="1" index="3" bw="9" slack="0"/>
</pin_list>
<bind>
<opcode="getelementptr(29) " fcode="getelementptr"/>
<opset="input_r_addr_1/1 "/>
</bind>
</comp>

<comp id="107" class="1004" name="output_r_addr_gep_fu_107">
<pin_list>
<pin id="108" dir="0" index="0" bw="32" slack="0"/>
<pin id="109" dir="0" index="1" bw="1" slack="0"/>
<pin id="110" dir="0" index="2" bw="8" slack="0"/>
<pin id="111" dir="1" index="3" bw="8" slack="0"/>
</pin_list>
<bind>
<opcode="getelementptr(29) " fcode="getelementptr"/>
<opset="output_r_addr/6 "/>
</bind>
</comp>

<comp id="114" class="1004" name="store_ln14_access_fu_114">
<pin_list>
<pin id="115" dir="0" index="0" bw="8" slack="0"/>
<pin id="116" dir="0" index="1" bw="32" slack="1"/>
<pin id="117" dir="0" index="2" bw="0" slack="2147483647"/>
<pin id="118" dir="1" index="3" bw="32" slack="2147483647"/>
</pin_list>
<bind>
<opcode="store(28) " fcode="store"/>
<opset="store_ln14/6 "/>
</bind>
</comp>

<comp id="120" class="1005" name="icmp_ln104_reg_120">
<pin_list>
<pin id="121" dir="0" index="0" bw="1" slack="2147483647"/>
<pin id="122" dir="1" index="1" bw="1" slack="2147483647"/>
</pin_list>
<bind>
<opset="icmp_ln104 (phireg) "/>
</bind>
</comp>

<comp id="123" class="1004" name="icmp_ln104_phi_fu_123">
<pin_list>
<pin id="124" dir="0" index="0" bw="1" slack="0"/>
<pin id="125" dir="0" index="1" bw="0" slack="2147483647"/>
<pin id="126" dir="0" index="2" bw="1" slack="0"/>
<pin id="127" dir="0" index="3" bw="0" slack="2147483647"/>
<pin id="128" dir="1" index="4" bw="1" slack="0"/>
</pin_list>
<bind>
<opcode="phi(47) " fcode="phi"/>
<opset="icmp_ln104/1 "/>
</bind>
</comp>

<comp id="130" class="1004" name="grp_fu_130">
<pin_list>
<pin id="131" dir="0" index="0" bw="32" slack="0"/>
<pin id="132" dir="0" index="1" bw="32" slack="0"/>
<pin id="133" dir="1" index="2" bw="1" slack="0"/>
</pin_list>
<bind>
<opcode="fcmp(46) " fcode="fcmp"/>
<opset="tmp_2/2 "/>
</bind>
</comp>

<comp id="134" class="1004" name="grp_fu_134">
<pin_list>
<pin id="135" dir="0" index="0" bw="32" slack="1"/>
<pin id="136" dir="0" index="1" bw="32" slack="0"/>
<pin id="137" dir="1" index="2" bw="1" slack="0"/>
</pin_list>
<bind>
<opcode="fcmp(46) " fcode="fcmp"/>
<opset="tmp_4/4 "/>
</bind>
</comp>

<comp id="139" class="1004" name="store_ln0_store_fu_139">
<pin_list>
<pin id="140" dir="0" index="0" bw="1" slack="0"/>
<pin id="141" dir="0" index="1" bw="4" slack="0"/>
<pin id="142" dir="1" index="2" bw="0" slack="2147483647"/>
</pin_list>
<bind>
<opcode="store(28) " fcode="store"/>
<opset="store_ln0/1 "/>
</bind>
</comp>

<comp id="144" class="1004" name="store_ln0_store_fu_144">
<pin_list>
<pin id="145" dir="0" index="0" bw="1" slack="0"/>
<pin id="146" dir="0" index="1" bw="6" slack="0"/>
<pin id="147" dir="1" index="2" bw="0" slack="2147483647"/>
</pin_list>
<bind>
<opcode="store(28) " fcode="store"/>
<opset="store_ln0/1 "/>
</bind>
</comp>

<comp id="149" class="1004" name="store_ln0_store_fu_149">
<pin_list>
<pin id="150" dir="0" index="0" bw="1" slack="0"/>
<pin id="151" dir="0" index="1" bw="8" slack="0"/>
<pin id="152" dir="1" index="2" bw="0" slack="2147483647"/>
</pin_list>
<bind>
<opcode="store(28) " fcode="store"/>
<opset="store_ln0/1 "/>
</bind>
</comp>

<comp id="154" class="1004" name="indvar_flatten1_load_load_fu_154">
<pin_list>
<pin id="155" dir="0" index="0" bw="8" slack="0"/>
<pin id="156" dir="1" index="1" bw="8" slack="0"/>
</pin_list>
<bind>
<opcode="load(27) " fcode="load"/>
<opset="indvar_flatten1_load/1 "/>
</bind>
</comp>

<comp id="157" class="1004" name="r2_load_load_fu_157">
<pin_list>
<pin id="158" dir="0" index="0" bw="6" slack="0"/>
<pin id="159" dir="1" index="1" bw="6" slack="0"/>
</pin_list>
<bind>
<opcode="load(27) " fcode="load"/>
<opset="r2_load/1 "/>
</bind>
</comp>

<comp id="160" class="1004" name="o3_load_load_fu_160">
<pin_list>
<pin id="161" dir="0" index="0" bw="4" slack="0"/>
<pin id="162" dir="1" index="1" bw="4" slack="0"/>
</pin_list>
<bind>
<opcode="load(27) " fcode="load"/>
<opset="o3_load/1 "/>
</bind>
</comp>

<comp id="163" class="1004" name="add_ln9_fu_163">
<pin_list>
<pin id="164" dir="0" index="0" bw="6" slack="0"/>
<pin id="165" dir="0" index="1" bw="1" slack="0"/>
<pin id="166" dir="1" index="2" bw="6" slack="0"/>
</pin_list>
<bind>
<opcode="add(8) " fcode="add"/>
<opset="add_ln9/1 "/>
</bind>
</comp>

<comp id="169" class="1004" name="select_ln9_fu_169">
<pin_list>
<pin id="170" dir="0" index="0" bw="1" slack="0"/>
<pin id="171" dir="0" index="1" bw="4" slack="0"/>
<pin id="172" dir="0" index="2" bw="4" slack="0"/>
<pin id="173" dir="1" index="3" bw="4" slack="0"/>
</pin_list>
<bind>
<opcode="select(49) " fcode="select"/>
<opset="select_ln9/1 "/>
</bind>
</comp>

<comp id="177" class="1004" name="r_fu_177">
<pin_list>
<pin id="178" dir="0" index="0" bw="1" slack="0"/>
<pin id="179" dir="0" index="1" bw="6" slack="0"/>
<pin id="180" dir="0" index="2" bw="6" slack="0"/>
<pin id="181" dir="1" index="3" bw="6" slack="0"/>
</pin_list>
<bind>
<opcode="select(49) " fcode="select"/>
<opset="r/1 "/>
</bind>
</comp>

<comp id="185" class="1004" name="trunc_ln14_fu_185">
<pin_list>
<pin id="186" dir="0" index="0" bw="6" slack="0"/>
<pin id="187" dir="1" index="1" bw="5" slack="0"/>
</pin_list>
<bind>
<opcode="trunc(33) " fcode="trunc"/>
<opset="trunc_ln14/1 "/>
</bind>
</comp>

<comp id="189" class="1004" name="trunc_ln11_fu_189">
<pin_list>
<pin id="190" dir="0" index="0" bw="4" slack="0"/>
<pin id="191" dir="1" index="1" bw="3" slack="0"/>
</pin_list>
<bind>
<opcode="trunc(33) " fcode="trunc"/>
<opset="trunc_ln11/1 "/>
</bind>
</comp>

<comp id="193" class="1004" name="tmp_7_fu_193">
<pin_list>
<pin id="194" dir="0" index="0" bw="9" slack="0"/>
<pin id="195" dir="0" index="1" bw="5" slack="0"/>
<pin id="196" dir="0" index="2" bw="3" slack="0"/>
<pin id="197" dir="0" index="3" bw="1" slack="0"/>
<pin id="198" dir="1" index="4" bw="9" slack="0"/>
</pin_list>
<bind>
<opcode="bitconcatenate(1004) " fcode="bitconcatenate"/>
<opset="tmp_7/1 "/>
</bind>
</comp>

<comp id="203" class="1004" name="zext_ln11_fu_203">
<pin_list>
<pin id="204" dir="0" index="0" bw="9" slack="0"/>
<pin id="205" dir="1" index="1" bw="64" slack="0"/>
</pin_list>
<bind>
<opcode="zext(34) " fcode="zext"/>
<opset="zext_ln11/1 "/>
</bind>
</comp>

<comp id="208" class="1004" name="tmp_8_fu_208">
<pin_list>
<pin id="209" dir="0" index="0" bw="9" slack="0"/>
<pin id="210" dir="0" index="1" bw="5" slack="0"/>
<pin id="211" dir="0" index="2" bw="3" slack="0"/>
<pin id="212" dir="0" index="3" bw="1" slack="0"/>
<pin id="213" dir="1" index="4" bw="9" slack="0"/>
</pin_list>
<bind>
<opcode="bitconcatenate(1004) " fcode="bitconcatenate"/>
<opset="tmp_8/1 "/>
</bind>
</comp>

<comp id="218" class="1004" name="zext_ln12_fu_218">
<pin_list>
<pin id="219" dir="0" index="0" bw="9" slack="0"/>
<pin id="220" dir="1" index="1" bw="64" slack="0"/>
</pin_list>
<bind>
<opcode="zext(34) " fcode="zext"/>
<opset="zext_ln12/1 "/>
</bind>
</comp>

<comp id="223" class="1004" name="o_fu_223">
<pin_list>
<pin id="224" dir="0" index="0" bw="4" slack="0"/>
<pin id="225" dir="0" index="1" bw="1" slack="0"/>
<pin id="226" dir="1" index="2" bw="4" slack="0"/>
</pin_list>
<bind>
<opcode="add(8) " fcode="add"/>
<opset="o/1 "/>
</bind>
</comp>

<comp id="229" class="1004" name="add_ln9_1_fu_229">
<pin_list>
<pin id="230" dir="0" index="0" bw="8" slack="0"/>
<pin id="231" dir="0" index="1" bw="1" slack="0"/>
<pin id="232" dir="1" index="2" bw="8" slack="0"/>
</pin_list>
<bind>
<opcode="add(8) " fcode="add"/>
<opset="add_ln9_1/1 "/>
</bind>
</comp>

<comp id="235" class="1004" name="icmp_ln10_fu_235">
<pin_list>
<pin id="236" dir="0" index="0" bw="4" slack="0"/>
<pin id="237" dir="0" index="1" bw="4" slack="0"/>
<pin id="238" dir="1" index="2" bw="1" slack="0"/>
</pin_list>
<bind>
<opcode="icmp(45) " fcode="icmp"/>
<opset="icmp_ln10/1 "/>
</bind>
</comp>

<comp id="241" class="1004" name="icmp_ln9_fu_241">
<pin_list>
<pin id="242" dir="0" index="0" bw="8" slack="0"/>
<pin id="243" dir="0" index="1" bw="8" slack="0"/>
<pin id="244" dir="1" index="2" bw="1" slack="1"/>
</pin_list>
<bind>
<opcode="icmp(45) " fcode="icmp"/>
<opset="icmp_ln9/1 "/>
</bind>
</comp>

<comp id="247" class="1004" name="store_ln10_store_fu_247">
<pin_list>
<pin id="248" dir="0" index="0" bw="4" slack="0"/>
<pin id="249" dir="0" index="1" bw="4" slack="0"/>
<pin id="250" dir="1" index="2" bw="0" slack="2147483647"/>
</pin_list>
<bind>
<opcode="store(28) " fcode="store"/>
<opset="store_ln10/1 "/>
</bind>
</comp>

<comp id="252" class="1004" name="store_ln9_store_fu_252">
<pin_list>
<pin id="253" dir="0" index="0" bw="6" slack="0"/>
<pin id="254" dir="0" index="1" bw="6" slack="0"/>
<pin id="255" dir="1" index="2" bw="0" slack="2147483647"/>
</pin_list>
<bind>
<opcode="store(28) " fcode="store"/>
<opset="store_ln9/1 "/>
</bind>
</comp>

<comp id="257" class="1004" name="store_ln9_store_fu_257">
<pin_list>
<pin id="258" dir="0" index="0" bw="8" slack="0"/>
<pin id="259" dir="0" index="1" bw="8" slack="0"/>
<pin id="260" dir="1" index="2" bw="0" slack="2147483647"/>
</pin_list>
<bind>
<opcode="store(28) " fcode="store"/>
<opset="store_ln9/1 "/>
</bind>
</comp>

<comp id="262" class="1004" name="a_fu_262">
<pin_list>
<pin id="263" dir="0" index="0" bw="32" slack="0"/>
<pin id="264" dir="1" index="1" bw="32" slack="0"/>
</pin_list>
<bind>
<opcode="bitcast(44) " fcode="bitcast"/>
<opset="a/2 "/>
</bind>
</comp>

<comp id="267" class="1004" name="b_fu_267">
<pin_list>
<pin id="268" dir="0" index="0" bw="32" slack="0"/>
<pin id="269" dir="1" index="1" bw="32" slack="0"/>
</pin_list>
<bind>
<opcode="bitcast(44) " fcode="bitcast"/>
<opset="b/2 "/>
</bind>
</comp>

<comp id="272" class="1004" name="tmp_fu_272">
<pin_list>
<pin id="273" dir="0" index="0" bw="8" slack="0"/>
<pin id="274" dir="0" index="1" bw="32" slack="0"/>
<pin id="275" dir="0" index="2" bw="6" slack="0"/>
<pin id="276" dir="0" index="3" bw="6" slack="0"/>
<pin id="277" dir="1" index="4" bw="8" slack="0"/>
</pin_list>
<bind>
<opcode="partselect(1002) " fcode="partselect"/>
<opset="tmp/2 "/>
</bind>
</comp>

<comp id="282" class="1004" name="trunc_ln13_fu_282">
<pin_list>
<pin id="283" dir="0" index="0" bw="32" slack="0"/>
<pin id="284" dir="1" index="1" bw="23" slack="0"/>
</pin_list>
<bind>
<opcode="trunc(33) " fcode="trunc"/>
<opset="trunc_ln13/2 "/>
</bind>
</comp>

<comp id="286" class="1004" name="tmp_1_fu_286">
<pin_list>
<pin id="287" dir="0" index="0" bw="8" slack="0"/>
<pin id="288" dir="0" index="1" bw="32" slack="0"/>
<pin id="289" dir="0" index="2" bw="6" slack="0"/>
<pin id="290" dir="0" index="3" bw="6" slack="0"/>
<pin id="291" dir="1" index="4" bw="8" slack="0"/>
</pin_list>
<bind>
<opcode="partselect(1002) " fcode="partselect"/>
<opset="tmp_1/2 "/>
</bind>
</comp>

<comp id="296" class="1004" name="trunc_ln13_1_fu_296">
<pin_list>
<pin id="297" dir="0" index="0" bw="32" slack="0"/>
<pin id="298" dir="1" index="1" bw="23" slack="0"/>
</pin_list>
<bind>
<opcode="trunc(33) " fcode="trunc"/>
<opset="trunc_ln13_1/2 "/>
</bind>
</comp>

<comp id="300" class="1004" name="icmp_ln13_fu_300">
<pin_list>
<pin id="301" dir="0" index="0" bw="8" slack="0"/>
<pin id="302" dir="0" index="1" bw="8" slack="0"/>
<pin id="303" dir="1" index="2" bw="1" slack="1"/>
</pin_list>
<bind>
<opcode="icmp(45) " fcode="icmp"/>
<opset="icmp_ln13/2 "/>
</bind>
</comp>

<comp id="306" class="1004" name="icmp_ln13_1_fu_306">
<pin_list>
<pin id="307" dir="0" index="0" bw="23" slack="0"/>
<pin id="308" dir="0" index="1" bw="23" slack="0"/>
<pin id="309" dir="1" index="2" bw="1" slack="1"/>
</pin_list>
<bind>
<opcode="icmp(45) " fcode="icmp"/>
<opset="icmp_ln13_1/2 "/>
</bind>
</comp>

<comp id="312" class="1004" name="icmp_ln13_2_fu_312">
<pin_list>
<pin id="313" dir="0" index="0" bw="8" slack="0"/>
<pin id="314" dir="0" index="1" bw="8" slack="0"/>
<pin id="315" dir="1" index="2" bw="1" slack="1"/>
</pin_list>
<bind>
<opcode="icmp(45) " fcode="icmp"/>
<opset="icmp_ln13_2/2 "/>
</bind>
</comp>

<comp id="318" class="1004" name="icmp_ln13_3_fu_318">
<pin_list>
<pin id="319" dir="0" index="0" bw="23" slack="0"/>
<pin id="320" dir="0" index="1" bw="23" slack="0"/>
<pin id="321" dir="1" index="2" bw="1" slack="1"/>
</pin_list>
<bind>
<opcode="icmp(45) " fcode="icmp"/>
<opset="icmp_ln13_3/2 "/>
</bind>
</comp>

<comp id="324" class="1004" name="or_ln13_fu_324">
<pin_list>
<pin id="325" dir="0" index="0" bw="1" slack="1"/>
<pin id="326" dir="0" index="1" bw="1" slack="1"/>
<pin id="327" dir="1" index="2" bw="1" slack="0"/>
</pin_list>
<bind>
<opcode="or(24) " fcode="or"/>
<opset="or_ln13/3 "/>
</bind>
</comp>

<comp id="328" class="1004" name="or_ln13_1_fu_328">
<pin_list>
<pin id="329" dir="0" index="0" bw="1" slack="1"/>
<pin id="330" dir="0" index="1" bw="1" slack="1"/>
<pin id="331" dir="1" index="2" bw="1" slack="0"/>
</pin_list>
<bind>
<opcode="or(24) " fcode="or"/>
<opset="or_ln13_1/3 "/>
</bind>
</comp>

<comp id="332" class="1004" name="and_ln13_fu_332">
<pin_list>
<pin id="333" dir="0" index="0" bw="1" slack="0"/>
<pin id="334" dir="0" index="1" bw="1" slack="0"/>
<pin id="335" dir="1" index="2" bw="1" slack="0"/>
</pin_list>
<bind>
<opcode="and(23) " fcode="and"/>
<opset="and_ln13/3 "/>
</bind>
</comp>

<comp id="338" class="1004" name="and_ln13_1_fu_338">
<pin_list>
<pin id="339" dir="0" index="0" bw="1" slack="0"/>
<pin id="340" dir="0" index="1" bw="1" slack="0"/>
<pin id="341" dir="1" index="2" bw="1" slack="0"/>
</pin_list>
<bind>
<opcode="and(23) " fcode="and"/>
<opset="and_ln13_1/3 "/>
</bind>
</comp>

<comp id="344" class="1004" name="m_fu_344">
<pin_list>
<pin id="345" dir="0" index="0" bw="1" slack="0"/>
<pin id="346" dir="0" index="1" bw="32" slack="1"/>
<pin id="347" dir="0" index="2" bw="32" slack="1"/>
<pin id="348" dir="1" index="3" bw="32" slack="1"/>
</pin_list>
<bind>
<opcode="select(49) " fcode="select"/>
<opset="m/3 "/>
</bind>
</comp>

<comp id="350" class="1004" name="bitcast_ln14_fu_350">
<pin_list>
<pin id="351" dir="0" index="0" bw="32" slack="2"/>
<pin id="352" dir="1" index="1" bw="32" slack="0"/>
</pin_list>
<bind>
<opcode="bitcast(44) " fcode="bitcast"/>
<opset="bitcast_ln14/5 "/>
</bind>
</comp>

<comp id="353" class="1004" name="tmp_3_fu_353">
<pin_list>
<pin id="354" dir="0" index="0" bw="8" slack="0"/>
<pin id="355" dir="0" index="1" bw="32" slack="0"/>
<pin id="356" dir="0" index="2" bw="6" slack="0"/>
<pin id="357" dir="0" index="3" bw="6" slack="0"/>
<pin id="358" dir="1" index="4" bw="8" slack="0"/>
</pin_list>
<bind>
<opcode="partselect(1002) " fcode="partselect"/>
<opset="tmp_3/5 "/>
</bind>
</comp>

<comp id="363" class="1004" name="trunc_ln14_1_fu_363">
<pin_list>
<pin id="364" dir="0" index="0" bw="32" slack="0"/>
<pin id="365" dir="1" index="1" bw="23" slack="0"/>
</pin_list>
<bind>
<opcode="trunc(33) " fcode="trunc"/>
<opset="trunc_ln14_1/5 "/>
</bind>
</comp>

<comp id="367" class="1004" name="icmp_ln14_fu_367">
<pin_list>
<pin id="368" dir="0" index="0" bw="8" slack="0"/>
<pin id="369" dir="0" index="1" bw="8" slack="0"/>
<pin id="370" dir="1" index="2" bw="1" slack="0"/>
</pin_list>
<bind>
<opcode="icmp(45) " fcode="icmp"/>
<opset="icmp_ln14/5 "/>
</bind>
</comp>

<comp id="373" class="1004" name="icmp_ln14_1_fu_373">
<pin_list>
<pin id="374" dir="0" index="0" bw="23" slack="0"/>
<pin id="375" dir="0" index="1" bw="23" slack="0"/>
<pin id="376" dir="1" index="2" bw="1" slack="0"/>
</pin_list>
<bind>
<opcode="icmp(45) " fcode="icmp"/>
<opset="icmp_ln14_1/5 "/>
</bind>
</comp>

<comp id="379" class="1004" name="or_ln14_fu_379">
<pin_list>
<pin id="380" dir="0" index="0" bw="1" slack="0"/>
<pin id="381" dir="0" index="1" bw="1" slack="0"/>
<pin id="382" dir="1" index="2" bw="1" slack="0"/>
</pin_list>
<bind>
<opcode="or(24) " fcode="or"/>
<opset="or_ln14/5 "/>
</bind>
</comp>

<comp id="385" class="1004" name="and_ln14_fu_385">
<pin_list>
<pin id="386" dir="0" index="0" bw="1" slack="0"/>
<pin id="387" dir="0" index="1" bw="1" slack="0"/>
<pin id="388" dir="1" index="2" bw="1" slack="0"/>
</pin_list>
<bind>
<opcode="and(23) " fcode="and"/>
<opset="and_ln14/5 "/>
</bind>
</comp>

<comp id="391" class="1004" name="select_ln14_fu_391">
<pin_list>
<pin id="392" dir="0" index="0" bw="1" slack="0"/>
<pin id="393" dir="0" index="1" bw="32" slack="0"/>
<pin id="394" dir="0" index="2" bw="32" slack="0"/>
<pin id="395" dir="1" index="3" bw="32" slack="1"/>
</pin_list>
<bind>
<opcode="select(49) " fcode="select"/>
<opset="select_ln14/5 "/>
</bind>
</comp>

<comp id="399" class="1004" name="tmp_5_fu_399">
<pin_list>
<pin id="400" dir="0" index="0" bw="8" slack="0"/>
<pin id="401" dir="0" index="1" bw="5" slack="5"/>
<pin id="402" dir="0" index="2" bw="1" slack="0"/>
<pin id="403" dir="1" index="3" bw="8" slack="0"/>
</pin_list>
<bind>
<opcode="bitconcatenate(1004) " fcode="bitconcatenate"/>
<opset="tmp_5/6 "/>
</bind>
</comp>

<comp id="406" class="1004" name="zext_ln14_fu_406">
<pin_list>
<pin id="407" dir="0" index="0" bw="4" slack="5"/>
<pin id="408" dir="1" index="1" bw="8" slack="0"/>
</pin_list>
<bind>
<opcode="zext(34) " fcode="zext"/>
<opset="zext_ln14/6 "/>
</bind>
</comp>

<comp id="409" class="1004" name="add_ln14_fu_409">
<pin_list>
<pin id="410" dir="0" index="0" bw="8" slack="0"/>
<pin id="411" dir="0" index="1" bw="4" slack="0"/>
<pin id="412" dir="1" index="2" bw="8" slack="0"/>
</pin_list>
<bind>
<opcode="add(8) " fcode="add"/>
<opset="add_ln14/6 "/>
</bind>
</comp>

<comp id="415" class="1004" name="zext_ln14_1_fu_415">
<pin_list>
<pin id="416" dir="0" index="0" bw="8" slack="0"/>
<pin id="417" dir="1" index="1" bw="64" slack="0"/>
</pin_list>
<bind>
<opcode="zext(34) " fcode="zext"/>
<opset="zext_ln14_1/6 "/>
</bind>
</comp>

<comp id="420" class="1005" name="indvar_flatten1_reg_420">
<pin_list>
<pin id="421" dir="0" index="0" bw="8" slack="0"/>
<pin id="422" dir="1" index="1" bw="8" slack="0"/>
</pin_list>
<bind>
<opset="indvar_flatten1 "/>
</bind>
</comp>

<comp id="427" class="1005" name="r2_reg_427">
<pin_list>
<pin id="428" dir="0" index="0" bw="6" slack="0"/>
<pin id="429" dir="1" index="1" bw="6" slack="0"/>
</pin_list>
<bind>
<opset="r2 "/>
</bind>
</comp>

<comp id="434" class="1005" name="o3_reg_434">
<pin_list>
<pin id="435" dir="0" index="0" bw="4" slack="0"/>
<pin id="436" dir="1" index="1" bw="4" slack="0"/>
</pin_list>
<bind>
<opset="o3 "/>
</bind>
</comp>

<comp id="441" class="1005" name="select_ln9_reg_441">
<pin_list>
<pin id="442" dir="0" index="0" bw="4" slack="5"/>
<pin id="443" dir="1" index="1" bw="4" slack="5"/>
</pin_list>
<bind>
<opset="select_ln9 "/>
</bind>
</comp>

<comp id="446" class="1005" name="trunc_ln14_reg_446">
<pin_list>
<pin id="447" dir="0" index="0" bw="5" slack="5"/>
<pin id="448" dir="1" index="1" bw="5" slack="5"/>
</pin_list>
<bind>
<opset="trunc_ln14 "/>
</bind>
</comp>

<comp id="451" class="1005" name="input_r_addr_reg_451">
<pin_list>
<pin id="452" dir="0" index="0" bw="9" slack="1"/>
<pin id="453" dir="1" index="1" bw="9" slack="1"/>
</pin_list>
<bind>
<opset="input_r_addr "/>
</bind>
</comp>

<comp id="456" class="1005" name="input_r_addr_1_reg_456">
<pin_list>
<pin id="457" dir="0" index="0" bw="9" slack="1"/>
<pin id="458" dir="1" index="1" bw="9" slack="1"/>
</pin_list>
<bind>
<opset="input_r_addr_1 "/>
</bind>
</comp>

<comp id="461" class="1005" name="icmp_ln10_reg_461">
<pin_list>
<pin id="462" dir="0" index="0" bw="1" slack="0"/>
<pin id="463" dir="1" index="1" bw="1" slack="0"/>
</pin_list>
<bind>
<opset="icmp_ln10 "/>
</bind>
</comp>

<comp id="466" class="1005" name="icmp_ln9_reg_466">
<pin_list>
<pin id="467" dir="0" index="0" bw="1" slack="1"/>
<pin id="468" dir="1" index="1" bw="1" slack="2147483647"/>
</pin_list>
<bind>
<opset="icmp_ln9 "/>
</bind>
</comp>

<comp id="470" class="1005" name="a_reg_470">
<pin_list>
<pin id="471" dir="0" index="0" bw="32" slack="1"/>
<pin id="472" dir="1" index="1" bw="32" slack="1"/>
</pin_list>
<bind>
<opset="a "/>
</bind>
</comp>

<comp id="476" class="1005" name="b_reg_476">
<pin_list>
<pin id="477" dir="0" index="0" bw="32" slack="1"/>
<pin id="478" dir="1" index="1" bw="32" slack="1"/>
</pin_list>
<bind>
<opset="b "/>
</bind>
</comp>

<comp id="482" class="1005" name="icmp_ln13_reg_482">
<pin_list>
<pin id="483" dir="0" index="0" bw="1" slack="1"/>
<pin id="484" dir="1" index="1" bw="1" slack="1"/>
</pin_list>
<bind>
<opset="icmp_ln13 "/>
</bind>
</comp>

<comp id="487" class="1005" name="icmp_ln13_1_reg_487">
<pin_list>
<pin id="488" dir="0" index="0" bw="1" slack="1"/>
<pin id="489" dir="1" index="1" bw="1" slack="1"/>
</pin_list>
<bind>
<opset="icmp_ln13_1 "/>
</bind>
</comp>

<comp id="492" class="1005" name="icmp_ln13_2_reg_492">
<pin_list>
<pin id="493" dir="0" index="0" bw="1" slack="1"/>
<pin id="494" dir="1" index="1" bw="1" slack="1"/>
</pin_list>
<bind>
<opset="icmp_ln13_2 "/>
</bind>
</comp>

<comp id="497" class="1005" name="icmp_ln13_3_reg_497">
<pin_list>
<pin id="498" dir="0" index="0" bw="1" slack="1"/>
<pin id="499" dir="1" index="1" bw="1" slack="1"/>
</pin_list>
<bind>
<opset="icmp_ln13_3 "/>
</bind>
</comp>

<comp id="502" class="1005" name="m_reg_502">
<pin_list>
<pin id="503" dir="0" index="0" bw="32" slack="1"/>
<pin id="504" dir="1" index="1" bw="32" slack="1"/>
</pin_list>
<bind>
<opset="m "/>
</bind>
</comp>

<comp id="508" class="1005" name="select_ln14_reg_508">
<pin_list>
<pin id="509" dir="0" index="0" bw="32" slack="1"/>
<pin id="510" dir="1" index="1" bw="32" slack="1"/>
</pin_list>
<bind>
<opset="select_ln14 "/>
</bind>
</comp>

</comp_list>

<net_list>
<net id="73"><net_src comp="4" pin="0"/><net_sink comp="70" pin=0"/></net>

<net id="77"><net_src comp="4" pin="0"/><net_sink comp="74" pin=0"/></net>

<net id="81"><net_src comp="4" pin="0"/><net_sink comp="78" pin=0"/></net>

<net id="87"><net_src comp="0" pin="0"/><net_sink comp="82" pin=0"/></net>

<net id="88"><net_src comp="34" pin="0"/><net_sink comp="82" pin=1"/></net>

<net id="98"><net_src comp="82" pin="3"/><net_sink comp="89" pin=2"/></net>

<net id="104"><net_src comp="0" pin="0"/><net_sink comp="99" pin=0"/></net>

<net id="105"><net_src comp="34" pin="0"/><net_sink comp="99" pin=1"/></net>

<net id="106"><net_src comp="99" pin="3"/><net_sink comp="89" pin=0"/></net>

<net id="112"><net_src comp="2" pin="0"/><net_sink comp="107" pin=0"/></net>

<net id="113"><net_src comp="34" pin="0"/><net_sink comp="107" pin=1"/></net>

<net id="119"><net_src comp="107" pin="3"/><net_sink comp="114" pin=0"/></net>

<net id="129"><net_src comp="28" pin="0"/><net_sink comp="123" pin=0"/></net>

<net id="138"><net_src comp="54" pin="0"/><net_sink comp="134" pin=1"/></net>

<net id="143"><net_src comp="22" pin="0"/><net_sink comp="139" pin=0"/></net>

<net id="148"><net_src comp="24" pin="0"/><net_sink comp="144" pin=0"/></net>

<net id="153"><net_src comp="26" pin="0"/><net_sink comp="149" pin=0"/></net>

<net id="167"><net_src comp="157" pin="1"/><net_sink comp="163" pin=0"/></net>

<net id="168"><net_src comp="30" pin="0"/><net_sink comp="163" pin=1"/></net>

<net id="174"><net_src comp="123" pin="4"/><net_sink comp="169" pin=0"/></net>

<net id="175"><net_src comp="22" pin="0"/><net_sink comp="169" pin=1"/></net>

<net id="176"><net_src comp="160" pin="1"/><net_sink comp="169" pin=2"/></net>

<net id="182"><net_src comp="123" pin="4"/><net_sink comp="177" pin=0"/></net>

<net id="183"><net_src comp="163" pin="2"/><net_sink comp="177" pin=1"/></net>

<net id="184"><net_src comp="157" pin="1"/><net_sink comp="177" pin=2"/></net>

<net id="188"><net_src comp="177" pin="3"/><net_sink comp="185" pin=0"/></net>

<net id="192"><net_src comp="169" pin="3"/><net_sink comp="189" pin=0"/></net>

<net id="199"><net_src comp="32" pin="0"/><net_sink comp="193" pin=0"/></net>

<net id="200"><net_src comp="185" pin="1"/><net_sink comp="193" pin=1"/></net>

<net id="201"><net_src comp="189" pin="1"/><net_sink comp="193" pin=2"/></net>

<net id="202"><net_src comp="28" pin="0"/><net_sink comp="193" pin=3"/></net>

<net id="206"><net_src comp="193" pin="4"/><net_sink comp="203" pin=0"/></net>

<net id="207"><net_src comp="203" pin="1"/><net_sink comp="82" pin=2"/></net>

<net id="214"><net_src comp="32" pin="0"/><net_sink comp="208" pin=0"/></net>

<net id="215"><net_src comp="185" pin="1"/><net_sink comp="208" pin=1"/></net>

<net id="216"><net_src comp="189" pin="1"/><net_sink comp="208" pin=2"/></net>

<net id="217"><net_src comp="36" pin="0"/><net_sink comp="208" pin=3"/></net>

<net id="221"><net_src comp="208" pin="4"/><net_sink comp="218" pin=0"/></net>

<net id="222"><net_src comp="218" pin="1"/><net_sink comp="99" pin=2"/></net>

<net id="227"><net_src comp="169" pin="3"/><net_sink comp="223" pin=0"/></net>

<net id="228"><net_src comp="38" pin="0"/><net_sink comp="223" pin=1"/></net>

<net id="233"><net_src comp="154" pin="1"/><net_sink comp="229" pin=0"/></net>

<net id="234"><net_src comp="40" pin="0"/><net_sink comp="229" pin=1"/></net>

<net id="239"><net_src comp="223" pin="2"/><net_sink comp="235" pin=0"/></net>

<net id="240"><net_src comp="42" pin="0"/><net_sink comp="235" pin=1"/></net>

<net id="245"><net_src comp="154" pin="1"/><net_sink comp="241" pin=0"/></net>

<net id="246"><net_src comp="44" pin="0"/><net_sink comp="241" pin=1"/></net>

<net id="251"><net_src comp="223" pin="2"/><net_sink comp="247" pin=0"/></net>

<net id="256"><net_src comp="177" pin="3"/><net_sink comp="252" pin=0"/></net>

<net id="261"><net_src comp="229" pin="2"/><net_sink comp="257" pin=0"/></net>

<net id="265"><net_src comp="89" pin="7"/><net_sink comp="262" pin=0"/></net>

<net id="266"><net_src comp="262" pin="1"/><net_sink comp="130" pin=0"/></net>

<net id="270"><net_src comp="89" pin="3"/><net_sink comp="267" pin=0"/></net>

<net id="271"><net_src comp="267" pin="1"/><net_sink comp="130" pin=1"/></net>

<net id="278"><net_src comp="46" pin="0"/><net_sink comp="272" pin=0"/></net>

<net id="279"><net_src comp="89" pin="7"/><net_sink comp="272" pin=1"/></net>

<net id="280"><net_src comp="48" pin="0"/><net_sink comp="272" pin=2"/></net>

<net id="281"><net_src comp="50" pin="0"/><net_sink comp="272" pin=3"/></net>

<net id="285"><net_src comp="89" pin="7"/><net_sink comp="282" pin=0"/></net>

<net id="292"><net_src comp="46" pin="0"/><net_sink comp="286" pin=0"/></net>

<net id="293"><net_src comp="89" pin="3"/><net_sink comp="286" pin=1"/></net>

<net id="294"><net_src comp="48" pin="0"/><net_sink comp="286" pin=2"/></net>

<net id="295"><net_src comp="50" pin="0"/><net_sink comp="286" pin=3"/></net>

<net id="299"><net_src comp="89" pin="3"/><net_sink comp="296" pin=0"/></net>

<net id="304"><net_src comp="272" pin="4"/><net_sink comp="300" pin=0"/></net>

<net id="305"><net_src comp="44" pin="0"/><net_sink comp="300" pin=1"/></net>

<net id="310"><net_src comp="282" pin="1"/><net_sink comp="306" pin=0"/></net>

<net id="311"><net_src comp="52" pin="0"/><net_sink comp="306" pin=1"/></net>

<net id="316"><net_src comp="286" pin="4"/><net_sink comp="312" pin=0"/></net>

<net id="317"><net_src comp="44" pin="0"/><net_sink comp="312" pin=1"/></net>

<net id="322"><net_src comp="296" pin="1"/><net_sink comp="318" pin=0"/></net>

<net id="323"><net_src comp="52" pin="0"/><net_sink comp="318" pin=1"/></net>

<net id="336"><net_src comp="324" pin="2"/><net_sink comp="332" pin=0"/></net>

<net id="337"><net_src comp="328" pin="2"/><net_sink comp="332" pin=1"/></net>

<net id="342"><net_src comp="332" pin="2"/><net_sink comp="338" pin=0"/></net>

<net id="343"><net_src comp="130" pin="2"/><net_sink comp="338" pin=1"/></net>

<net id="349"><net_src comp="338" pin="2"/><net_sink comp="344" pin=0"/></net>

<net id="359"><net_src comp="46" pin="0"/><net_sink comp="353" pin=0"/></net>

<net id="360"><net_src comp="350" pin="1"/><net_sink comp="353" pin=1"/></net>

<net id="361"><net_src comp="48" pin="0"/><net_sink comp="353" pin=2"/></net>

<net id="362"><net_src comp="50" pin="0"/><net_sink comp="353" pin=3"/></net>

<net id="366"><net_src comp="350" pin="1"/><net_sink comp="363" pin=0"/></net>

<net id="371"><net_src comp="353" pin="4"/><net_sink comp="367" pin=0"/></net>

<net id="372"><net_src comp="44" pin="0"/><net_sink comp="367" pin=1"/></net>

<net id="377"><net_src comp="363" pin="1"/><net_sink comp="373" pin=0"/></net>

<net id="378"><net_src comp="52" pin="0"/><net_sink comp="373" pin=1"/></net>

<net id="383"><net_src comp="373" pin="2"/><net_sink comp="379" pin=0"/></net>

<net id="384"><net_src comp="367" pin="2"/><net_sink comp="379" pin=1"/></net>

<net id="389"><net_src comp="379" pin="2"/><net_sink comp="385" pin=0"/></net>

<net id="390"><net_src comp="134" pin="2"/><net_sink comp="385" pin=1"/></net>

<net id="396"><net_src comp="385" pin="2"/><net_sink comp="391" pin=0"/></net>

<net id="397"><net_src comp="350" pin="1"/><net_sink comp="391" pin=1"/></net>

<net id="398"><net_src comp="14" pin="0"/><net_sink comp="391" pin=2"/></net>

<net id="404"><net_src comp="64" pin="0"/><net_sink comp="399" pin=0"/></net>

<net id="405"><net_src comp="66" pin="0"/><net_sink comp="399" pin=2"/></net>

<net id="413"><net_src comp="399" pin="3"/><net_sink comp="409" pin=0"/></net>

<net id="414"><net_src comp="406" pin="1"/><net_sink comp="409" pin=1"/></net>

<net id="418"><net_src comp="409" pin="2"/><net_sink comp="415" pin=0"/></net>

<net id="419"><net_src comp="415" pin="1"/><net_sink comp="107" pin=2"/></net>

<net id="423"><net_src comp="70" pin="1"/><net_sink comp="420" pin=0"/></net>

<net id="424"><net_src comp="420" pin="1"/><net_sink comp="149" pin=1"/></net>

<net id="425"><net_src comp="420" pin="1"/><net_sink comp="154" pin=0"/></net>

<net id="426"><net_src comp="420" pin="1"/><net_sink comp="257" pin=1"/></net>

<net id="430"><net_src comp="74" pin="1"/><net_sink comp="427" pin=0"/></net>

<net id="431"><net_src comp="427" pin="1"/><net_sink comp="144" pin=1"/></net>

<net id="432"><net_src comp="427" pin="1"/><net_sink comp="157" pin=0"/></net>

<net id="433"><net_src comp="427" pin="1"/><net_sink comp="252" pin=1"/></net>

<net id="437"><net_src comp="78" pin="1"/><net_sink comp="434" pin=0"/></net>

<net id="438"><net_src comp="434" pin="1"/><net_sink comp="139" pin=1"/></net>

<net id="439"><net_src comp="434" pin="1"/><net_sink comp="160" pin=0"/></net>

<net id="440"><net_src comp="434" pin="1"/><net_sink comp="247" pin=1"/></net>

<net id="444"><net_src comp="169" pin="3"/><net_sink comp="441" pin=0"/></net>

<net id="445"><net_src comp="441" pin="1"/><net_sink comp="406" pin=0"/></net>

<net id="449"><net_src comp="185" pin="1"/><net_sink comp="446" pin=0"/></net>

<net id="450"><net_src comp="446" pin="1"/><net_sink comp="399" pin=1"/></net>

<net id="454"><net_src comp="82" pin="3"/><net_sink comp="451" pin=0"/></net>

<net id="455"><net_src comp="451" pin="1"/><net_sink comp="89" pin=2"/></net>

<net id="459"><net_src comp="99" pin="3"/><net_sink comp="456" pin=0"/></net>

<net id="460"><net_src comp="456" pin="1"/><net_sink comp="89" pin=0"/></net>

<net id="464"><net_src comp="235" pin="2"/><net_sink comp="461" pin=0"/></net>

<net id="465"><net_src comp="461" pin="1"/><net_sink comp="123" pin=2"/></net>

<net id="469"><net_src comp="241" pin="2"/><net_sink comp="466" pin=0"/></net>

<net id="473"><net_src comp="262" pin="1"/><net_sink comp="470" pin=0"/></net>

<net id="474"><net_src comp="470" pin="1"/><net_sink comp="130" pin=0"/></net>

<net id="475"><net_src comp="470" pin="1"/><net_sink comp="344" pin=1"/></net>

<net id="479"><net_src comp="267" pin="1"/><net_sink comp="476" pin=0"/></net>

<net id="480"><net_src comp="476" pin="1"/><net_sink comp="130" pin=1"/></net>

<net id="481"><net_src comp="476" pin="1"/><net_sink comp="344" pin=2"/></net>

<net id="485"><net_src comp="300" pin="2"/><net_sink comp="482" pin=0"/></net>

<net id="486"><net_src comp="482" pin="1"/><net_sink comp="324" pin=1"/></net>

<net id="490"><net_src comp="306" pin="2"/><net_sink comp="487" pin=0"/></net>

<net id="491"><net_src comp="487" pin="1"/><net_sink comp="324" pin=0"/></net>

<net id="495"><net_src comp="312" pin="2"/><net_sink comp="492" pin=0"/></net>

<net id="496"><net_src comp="492" pin="1"/><net_sink comp="328" pin=1"/></net>

<net id="500"><net_src comp="318" pin="2"/><net_sink comp="497" pin=0"/></net>

<net id="501"><net_src comp="497" pin="1"/><net_sink comp="328" pin=0"/></net>

<net id="505"><net_src comp="344" pin="3"/><net_sink comp="502" pin=0"/></net>

<net id="506"><net_src comp="502" pin="1"/><net_sink comp="134" pin=0"/></net>

<net id="507"><net_src comp="502" pin="1"/><net_sink comp="350" pin=0"/></net>

<net id="511"><net_src comp="391" pin="3"/><net_sink comp="508" pin=0"/></net>

<net id="512"><net_src comp="508" pin="1"/><net_sink comp="114" pin=1"/></net>

</net_list>

</model> 
---------------- Datapath Model END ------------------

* FSMD analyzer results:
  - Output states:
	Port: output_r | {6 }
 - Input state : 
	Port: relu_max_2 : input_r | {1 2 }
  - Chain level:
	State 1
		store_ln0 : 1
		store_ln0 : 1
		store_ln0 : 1
		icmp_ln104 : 1
		indvar_flatten1_load : 1
		r2_load : 1
		o3_load : 1
		add_ln9 : 2
		select_ln9 : 2
		r : 3
		trunc_ln14 : 4
		trunc_ln11 : 3
		tmp_7 : 5
		zext_ln11 : 6
		input_r_addr : 7
		input_r_load : 8
		tmp_8 : 5
		zext_ln12 : 6
		input_r_addr_1 : 7
		input_r_load_1 : 8
		o : 3
		add_ln9_1 : 2
		icmp_ln10 : 4
		icmp_ln9 : 2
		store_ln10 : 4
		store_ln9 : 4
		store_ln9 : 3
		br_ln9 : 3
	State 2
		a : 1
		b : 1
		tmp : 1
		trunc_ln13 : 1
		tmp_1 : 1
		trunc_ln13_1 : 1
		icmp_ln13 : 2
		icmp_ln13_1 : 2
		icmp_ln13_2 : 2
		icmp_ln13_3 : 2
		tmp_2 : 2
	State 3
	State 4
	State 5
		tmp_3 : 1
		trunc_ln14_1 : 1
		icmp_ln14 : 2
		icmp_ln14_1 : 2
		or_ln14 : 3
		and_ln14 : 3
		select_ln14 : 3
	State 6
		add_ln14 : 1
		zext_ln14_1 : 2
		output_r_addr : 3
		store_ln14 : 4


============================================================
+ Verbose Summary: Datapath Resource usage 
============================================================

* Functional unit list:
|----------|---------------------|---------|---------|
| Operation|   Functional Unit   |    FF   |   LUT   |
|----------|---------------------|---------|---------|
|          |   icmp_ln10_fu_235  |    0    |    13   |
|          |   icmp_ln9_fu_241   |    0    |    15   |
|          |   icmp_ln13_fu_300  |    0    |    15   |
|   icmp   |  icmp_ln13_1_fu_306 |    0    |    30   |
|          |  icmp_ln13_2_fu_312 |    0    |    15   |
|          |  icmp_ln13_3_fu_318 |    0    |    30   |
|          |   icmp_ln14_fu_367  |    0    |    15   |
|          |  icmp_ln14_1_fu_373 |    0    |    30   |
|----------|---------------------|---------|---------|
|          |  select_ln9_fu_169  |    0    |    4    |
|  select  |       r_fu_177      |    0    |    6    |
|          |       m_fu_344      |    0    |    32   |
|          |  select_ln14_fu_391 |    0    |    32   |
|----------|---------------------|---------|---------|
|          |    add_ln9_fu_163   |    0    |    14   |
|    add   |       o_fu_223      |    0    |    13   |
|          |   add_ln9_1_fu_229  |    0    |    15   |
|          |   add_ln14_fu_409   |    0    |    15   |
|----------|---------------------|---------|---------|
|          |    or_ln13_fu_324   |    0    |    2    |
|    or    |   or_ln13_1_fu_328  |    0    |    2    |
|          |    or_ln14_fu_379   |    0    |    2    |
|----------|---------------------|---------|---------|
|          |   and_ln13_fu_332   |    0    |    2    |
|    and   |  and_ln13_1_fu_338  |    0    |    2    |
|          |   and_ln14_fu_385   |    0    |    2    |
|----------|---------------------|---------|---------|
|   fcmp   |      grp_fu_130     |    0    |    0    |
|          |      grp_fu_134     |    0    |    0    |
|----------|---------------------|---------|---------|
|          |  trunc_ln14_fu_185  |    0    |    0    |
|          |  trunc_ln11_fu_189  |    0    |    0    |
|   trunc  |  trunc_ln13_fu_282  |    0    |    0    |
|          | trunc_ln13_1_fu_296 |    0    |    0    |
|          | trunc_ln14_1_fu_363 |    0    |    0    |
|----------|---------------------|---------|---------|
|          |     tmp_7_fu_193    |    0    |    0    |
|bitconcatenate|     tmp_8_fu_208    |    0    |    0    |
|          |     tmp_5_fu_399    |    0    |    0    |
|----------|---------------------|---------|---------|
|          |   zext_ln11_fu_203  |    0    |    0    |
|   zext   |   zext_ln12_fu_218  |    0    |    0    |
|          |   zext_ln14_fu_406  |    0    |    0    |
|          |  zext_ln14_1_fu_415 |    0    |    0    |
|----------|---------------------|---------|---------|
|          |      tmp_fu_272     |    0    |    0    |
|partselect|     tmp_1_fu_286    |    0    |    0    |
|          |     tmp_3_fu_353    |    0    |    0    |
|----------|---------------------|---------|---------|
|   Total  |                     |    0    |   306   |
|----------|---------------------|---------|---------|

Memories:
N/A

* Register list:
+-----------------------+--------+
|                       |   FF   |
+-----------------------+--------+
|       a_reg_470       |   32   |
|       b_reg_476       |   32   |
|   icmp_ln104_reg_120  |    1   |
|   icmp_ln10_reg_461   |    1   |
|  icmp_ln13_1_reg_487  |    1   |
|  icmp_ln13_2_reg_492  |    1   |
|  icmp_ln13_3_reg_497  |    1   |
|   icmp_ln13_reg_482   |    1   |
|    icmp_ln9_reg_466   |    1   |
|indvar_flatten1_reg_420|    8   |
| input_r_addr_1_reg_456|    9   |
|  input_r_addr_reg_451 |    9   |
|       m_reg_502       |   32   |
|       o3_reg_434      |    4   |
|       r2_reg_427      |    6   |
|  select_ln14_reg_508  |   32   |
|   select_ln9_reg_441  |    4   |
|   trunc_ln14_reg_446  |    5   |
+-----------------------+--------+
|         Total         |   180  |
+-----------------------+--------+

* Multiplexer (MUX) list: 
|------------------|------|------|------|--------||---------||---------||---------|
|       Comp       |  Pin | Size |  BW  | S x BW ||  Delay  ||    FF   ||   LUT   |
|------------------|------|------|------|--------||---------||---------||---------|
| grp_access_fu_89 |  p0  |   2  |   9  |   18   ||    0    ||    9    |
| grp_access_fu_89 |  p2  |   2  |   0  |    0   ||    0    ||    9    |
|    grp_fu_130    |  p0  |   2  |  32  |   64   ||    0    ||    9    |
|    grp_fu_130    |  p1  |   2  |  32  |   64   ||    0    ||    9    |
|------------------|------|------|------|--------||---------||---------||---------|
|       Total      |      |      |      |   146  ||  6.352  ||    0    ||    36   |
|------------------|------|------|------|--------||---------||---------||---------|



* Summary:
+-----------+--------+--------+--------+
|           |  Delay |   FF   |   LUT  |
+-----------+--------+--------+--------+
|  Function |    -   |    0   |   306  |
|   Memory  |    -   |    -   |    -   |
|Multiplexer|    6   |    0   |   36   |
|  Register |    -   |   180  |    -   |
+-----------+--------+--------+--------+
|   Total   |    6   |   180  |   342  |
+-----------+--------+--------+--------+
