07/22/26 22:26:13: Running xcd server. This server was built by gradle.
07/22/26 22:26:13: Server was asked to start on port: '53772'
07/22/26 22:26:13: Server is using token UUID: '2a8141a9-0589-4e93-8740-8911555e5635'
07/22/26 22:26:13: SESSION_MGR: creating session with session uuid: '6d04a3e9-ade5-4ab9-8d63-1f78fcd2ec76' and name 'default'
07/22/26 22:26:13: Attempting to start server on port '53772'
07/22/26 22:26:13: Running Dispatch Server
07/22/26 22:26:13: Version 2.2.0
07/22/26 22:26:16: Dispatch Server: Accepted socket connection from client
07/22/26 22:26:16: Starting Socket connection
07/22/26 22:26:16: EXCHANGE_TOKEN received, server token: 2a8141a9-0589-4e93-8740-8911555e5635, passed token: 2a8141a9-0589-4e93-8740-8911555e5635
07/22/26 22:26:16: DISPATCH_HANDLER: Adding handler from function makeHandler in library xv_system_diagram
07/22/26 22:26:16: SESSION_MGR: creating session with session uuid: '86b7fd95-9a00-44f7-81ad-417f72051371' and name 'vitis-run_compile_Relu_Max_2'
07/22/26 22:26:16: KERNEL_SVC: creating session with uuid: '86b7fd95-9a00-44f7-81ad-417f72051371' and name 'vitis-run_compile_Relu_Max_2'
07/22/26 22:26:16: GUIDANCE_SMGR: creating guidance session with uuid: '86b7fd95-9a00-44f7-81ad-417f72051371' and name 'vitis-run_compile_Relu_Max_2'
07/22/26 22:26:16: SYSTEM_DIAGRAM: creating session with uuid: '86b7fd95-9a00-44f7-81ad-417f72051371' and name 'vitis-run_compile_Relu_Max_2'
07/22/26 22:26:24: Dispatch Server: Accepted socket connection from client
07/22/26 22:26:24: Starting Socket connection
07/22/26 22:26:28: SESSION_MGR: closing session for UUID '86b7fd95-9a00-44f7-81ad-417f72051371' with name 'vitis-run_compile_Relu_Max_2'
07/22/26 22:26:28: KERNEL_SVC: closing session for UUID '86b7fd95-9a00-44f7-81ad-417f72051371' with name 'vitis-run_compile_Relu_Max_2'
07/22/26 22:26:28: GUIDANCE_SMGR: closing session for UUID '86b7fd95-9a00-44f7-81ad-417f72051371' with name 'vitis-run_compile_Relu_Max_2'
07/22/26 22:26:28: SYSTEM_DIAGRAM: closing session for UUID '86b7fd95-9a00-44f7-81ad-417f72051371' with name 'vitis-run_compile_Relu_Max_2'
07/22/26 22:26:28: STOP_SERVER received, server token: 2a8141a9-0589-4e93-8740-8911555e5635, passed token: 2a8141a9-0589-4e93-8740-8911555e5635
07/22/26 22:26:28: Socket received request to stop server.
07/22/26 22:26:28: Dispatch Server: do_await_stop
07/22/26 22:26:28: SERVER: destructor for server bound to port 53772
07/22/26 22:27:05: Running xcd server. This server was built by gradle.
07/22/26 22:27:05: Server was asked to start on port: '62759'
07/22/26 22:27:05: Server is using token UUID: '03cb0d09-b116-4a05-9e2c-e8be5ffeaac0'
07/22/26 22:27:05: SESSION_MGR: creating session with session uuid: '6d04a3e9-ade5-4ab9-8d63-1f78fcd2ec76' and name 'default'
07/22/26 22:27:05: Attempting to start server on port '62759'
07/22/26 22:27:05: Running Dispatch Server
07/22/26 22:27:05: Version 2.2.0
07/22/26 22:27:08: Dispatch Server: Accepted socket connection from client
07/22/26 22:27:08: Starting Socket connection
07/22/26 22:27:08: EXCHANGE_TOKEN received, server token: 03cb0d09-b116-4a05-9e2c-e8be5ffeaac0, passed token: 03cb0d09-b116-4a05-9e2c-e8be5ffeaac0
07/22/26 22:27:08: DISPATCH_HANDLER: Adding handler from function makeHandler in library xv_system_diagram
07/22/26 22:27:08: SESSION_MGR: creating session with session uuid: 'b7e35af7-c063-42a3-b69b-18a025e8bb89' and name 'v++_compile_Relu_Max_2'
07/22/26 22:27:08: KERNEL_SVC: creating session with uuid: 'b7e35af7-c063-42a3-b69b-18a025e8bb89' and name 'v++_compile_Relu_Max_2'
07/22/26 22:27:08: GUIDANCE_SMGR: creating guidance session with uuid: 'b7e35af7-c063-42a3-b69b-18a025e8bb89' and name 'v++_compile_Relu_Max_2'
07/22/26 22:27:08: SYSTEM_DIAGRAM: creating session with uuid: 'b7e35af7-c063-42a3-b69b-18a025e8bb89' and name 'v++_compile_Relu_Max_2'
07/22/26 22:27:12: Dispatch Server: Accepted socket connection from client
07/22/26 22:27:12: Starting Socket connection
07/22/26 22:27:26: SESSION_MGR: closing session for UUID 'b7e35af7-c063-42a3-b69b-18a025e8bb89' with name 'v++_compile_Relu_Max_2'
07/22/26 22:27:26: KERNEL_SVC: closing session for UUID 'b7e35af7-c063-42a3-b69b-18a025e8bb89' with name 'v++_compile_Relu_Max_2'
07/22/26 22:27:26: GUIDANCE_SMGR: closing session for UUID 'b7e35af7-c063-42a3-b69b-18a025e8bb89' with name 'v++_compile_Relu_Max_2'
07/22/26 22:27:26: SYSTEM_DIAGRAM: closing session for UUID 'b7e35af7-c063-42a3-b69b-18a025e8bb89' with name 'v++_compile_Relu_Max_2'
07/22/26 22:27:26: STOP_SERVER received, server token: 03cb0d09-b116-4a05-9e2c-e8be5ffeaac0, passed token: 03cb0d09-b116-4a05-9e2c-e8be5ffeaac0
07/22/26 22:27:26: Socket received request to stop server.
07/22/26 22:27:26: Dispatch Server: do_await_stop
07/22/26 22:27:26: SERVER: destructor for server bound to port 62759
