# 
# Steps log generated by v++
# This log file contains a collection of steps that describe the kernel compilation flow
# Note: Some steps are tagged as internal, these steps are for debugging purposes and 
#       are not expected to be able to run independently.
# 

# The following environment variables are set when running vitis-run
Environment variables :
------------------------------------------
ALLUSERSPROFILE=C:\ProgramData
APPDATA=C:\Users\cocol\AppData\Roaming
arr.length=0
arr.Ubound=-1
CHARPOP=1
CMAKE_OBJECT_PATH_MAX=4096
CommonProgramFiles=C:\Program Files\Common Files
CommonProgramFiles(x86)=C:\Program Files (x86)\Common Files
CommonProgramW6432=C:\Program Files\Common Files
COMPUTERNAME=REMINGTON-LAPTO
ComSpec=C:\Windows\system32\cmd.exe
DriverData=C:\Windows\System32\Drivers\DriverData
EFC_60996_1262719628=1
EFC_60996_1592913036=1
EFC_60996_2283032206=1
EFC_60996_2397410445=1
EFC_60996_2775293581=1
EFC_60996_2946480783=1
EFC_60996_344590478=1
EFC_60996_3789132940=1
EFC_60996_4126798990=1
FPS_BROWSER_APP_PROFILE_STRING=Internet Explorer
FPS_BROWSER_USER_PROFILE_STRING=Default
HDI_APPROOT=C:/Xilinx/2025.1/Vitis
HDI_PROCESSOR=i686
HOMEDRIVE=C:
HOMEPATH=\Users\cocol
HW_SERVER_DJTG_DISABLE=1
HW_SERVER_FTDIMGR_DISABLE=1
IDE_SKIP_SERVER_LICENSE=1
IntelliJ IDEA=C:\Program Files\JetBrains\IntelliJ IDEA 2025.1.1.1\bin;
INT_VARIABLE_NAME=XILINX_PATH
ISL_IOSTREAMS_RSA=C:/Xilinx/2025.1/Vitis/tps/isl
JAVA_EXE=C:/Xilinx/2025.1/Vitis\tps\win64\jre11.0.16_1\bin\java.exe
JAVA_HOME=C:/Xilinx/2025.1/Vitis\tps\win64\jre11.0.16_1
LC_NUMERIC=C
LM_LICENSE_FILE=C:\lscc\iCEcube2.2020.12\Actual_License.dat
LOCALAPPDATA=C:\Users\cocol\AppData\Local
LOGONSERVER=\\REMINGTON-LAPTO
LOPPER_DTC_FLAGS=-b 0 -@
NOSPLASH=false
NUMBER_OF_PROCESSORS=8
OneDrive=C:\Users\cocol\OneDrive - Massachusetts Institute of Technology
OneDriveCommercial=C:\Users\cocol\OneDrive - Massachusetts Institute of Technology
ORIGINAL_XDG_CURRENT_DESKTOP=undefined
OS=Windows_NT
PATH=C:/Xilinx/2025.1/Vivado/tps/win64/binutils-2.26/bin;C:/Xilinx/2025.1/Vitis/bin/../gnu/aarch64/nt/aarch64-linux/bin;C:/Xilinx/2025.1/Vitis/bin/../gnu/ppc64le/4.9.3/win64/bin;C:/Xilinx/2025.1/Vitis/bin/../gnu/aarch32/nt/gcc-arm-linux-gnueabi/bin;C:/Xilinx/2025.1/Vitis/tps/mingw/6.2.0/win64.o/nt/bin;C:\Xilinx\2025.1\Vivado\gnuwin\bin;C:\Xilinx\2025.1\Vivado\gnu\microblaze\nt\bin;C:/Xilinx/2025.1/Vitis/bin;C:/Xilinx/2025.1/Vitis\tps\win64;C:/Xilinx/2025.1/Vitis/tps/win64/java-cef-95.0.4638.69/bin/lib/win64;C:/Xilinx/2025.1/Vitis/lib/win64.o;C:/Xilinx/2025.1/Vitis/tps/win64/jre11.0.16_1/bin/server;C:/Xilinx/2025.1/Vitis/tps/win64/jre11.0.16_1/bin;C:/Xilinx/2025.1/Vitis\tps\win64\cmake-3.24.2\bin;C:/Xilinx/2025.1/Vitis\gnu\microblaze\nt\bin;C:/Xilinx/2025.1/Vitis\gnu\microblaze\linux_toolchain\nt64_le\bin;C:/Xilinx/2025.1/Vitis\gnu\aarch32\nt\gcc-arm-linux-gnueabi\bin;C:/Xilinx/2025.1/Vitis\gnu\aarch32\nt\gcc-arm-none-eabi\bin;C:/Xilinx/2025.1/Vitis\gnu\aarch64\nt\aarch64-linux\bin;C:/Xilinx/2025.1/Vitis\gnu\aarch64\nt\aarch64-none\bin;C:/Xilinx/2025.1/Vitis\gnu\armr5\nt\gcc-arm-none-eabi\bin;C:/Xilinx/2025.1/Vitis\gnuwin\bin;C:/Xilinx/2025.1/Vitis\tps\win64\python-3.13.0;C:/Xilinx/2025.1/Vitis\tps\win64\libxslt\bin;C:/Xilinx/2025.1/Vitis\gnu\arm\nt\bin;C:/Xilinx/2025.1/Vitis\gnu\microblaze\linux_toolchain\nt64_be\bin;C:/Xilinx/2025.1/Vitis\gnu\riscv\nt\riscv64-unknown-elf\bin;C:\Xilinx\2025.1\Vivado\tps\win64\python-3.13.0;C:\Xilinx\2025.1\Vivado\tps\win64\git-2.46.0\bin;C:\Xilinx\2025.1\Vivado\tps\win64\cmake-3.24.2\bin;C:/Xilinx/2025.1/Vitis/win64/tools/vcxx\libexec;C:\Xilinx\2025.1\Vivado\tps\win64\jre11.0.16_1\bin;C:\Xilinx\2025.1\Vitis_HLS\lib\win64.o;C:\Xilinx\2025.1\Vitis_HLS\bin;C:\mingw64\bin;C:\Program Files (x86)\NVIDIA Corporation\PhysX\Common;C:\Program Files\Common Files\Oracle\Java\javapath;C:\Program Files (x86)\Common Files\Oracle\Java\java8path;C:\Program Files (x86)\Common Files\Oracle\Java\javapath;C:\Windows\system32;C:\Windows;C:\Windows\System32\Wbem;C:\Windows\System32\WindowsPowerShell\v1.0\;C:\Windows\System32\OpenSSH\;C:\Program Files\dotnet\;C:\Program Files\Git\cmd;C:\Program Files (x86)\Windows Kits\8.1\Windows Performance Toolkit\;C:\Program Files (x86)\Windows Kits\10\Windows Performance Toolkit\;C:\Program Files\MATLAB\R2025b\bin;C:\iverilog\bin;C:\Program Files\usbipd-win\;C:\eda\gtkwave64\bin;C:\Xilinx\2025.1\Vivado\bin;C:\Xilinx\2025.1\Vivado\lib\win64.o;C:\Xilinx\DocNav;C:\Xilinx\2025.1\Model_Composer\bin;C:\Program Files\PuTTY\;C:\Program Files\nodejs\;C:\Program Files\GitHub CLI\;C:\Users\cocol\AppData\Local\Programs\Python\Python314\Scripts\;C:\Users\cocol\AppData\Local\Programs\Python\Python314\;C:\Users\cocol\AppData\Local\Programs\Python\Launcher\;C:\Users\cocol\.local\bin;C:\Users\cocol\AppData\Local\Microsoft\WindowsApps;C:\Users\cocol\AppData\Local\GitHubDesktop\bin;C:\Program Files\JetBrains\PyCharm 2025.1.1.1\bin;;C:\Program Files\JetBrains\IntelliJ IDEA 2025.1.1.1\bin;C:\Users\cocol\AppData\Local\Programs\Microsoft VS Code\bin;C:\iverilog\gtkwave\bin;C:\Users\cocol\AppData\Local\Programs\cursor\resources\app\bin;C:\Users\cocol\.dotnet\tools;C:\Users\cocol\AppData\Roaming\npm;C:/Xilinx/2025.1/Vitis\tps\mingw\6.2.0\win64.o\nt\bin;C:/Xilinx/2025.1/Vitis\tps\mingw\6.2.0\win64.o\nt\libexec\gcc\x86_64-w64-mingw32\6.2.0
PATHEXT=.COM;.EXE;.BAT;.CMD;.VBS;.VBE;.JS;.JSE;.WSF;.WSH;.MSC
PROCESSOR_ARCHITECTURE=AMD64
PROCESSOR_IDENTIFIER=Intel64 Family 6 Model 189 Stepping 1, GenuineIntel
PROCESSOR_LEVEL=6
PROCESSOR_REVISION=bd01
PRODVERSION_EXE=C:/Xilinx/2025.1/Vitis/bin/unwrapped/win64.o/prodversion.exe
ProgramData=C:\ProgramData
ProgramFiles=C:\Program Files
ProgramFiles(x86)=C:\Program Files (x86)
ProgramW6432=C:\Program Files
PROMPT=$P$G
PSModulePath=C:\Program Files\WindowsPowerShell\Modules;C:\Windows\system32\WindowsPowerShell\v1.0\Modules
PUBLIC=C:\Users\Public
PyCharm=C:\Program Files\JetBrains\PyCharm 2025.1.1.1\bin;
PYTHONPATH=C:/Xilinx/2025.1/Vitis\cli;C:/Xilinx/2025.1/Vitis\cli\python-packages\win64;C:/Xilinx/2025.1/Vitis\cli\python-packages\site-packages;C:/Xilinx/2025.1/Vitis\cli\proto;C:/Xilinx/2025.1/Vitis\scripts\python_pkg;
python_path=C:/Xilinx/2025.1/Vitis\cli;C:/Xilinx/2025.1/Vitis\cli\python-packages\win64;C:/Xilinx/2025.1/Vitis\cli\python-packages\site-packages;C:/Xilinx/2025.1/Vitis\cli\proto;C:/Xilinx/2025.1/Vitis\scripts\python_pkg;
RDI_APPROOT=C:/Xilinx/2025.1/Vitis
RDI_ARGS= --mode hls --csim --config C:\Users\cocol\Ruby_Proj\workspace\conv1\hls_config.cfg --work_dir conv1
RDI_ARGS_FUNCTION=RDI_EXEC_DEFAULT
RDI_BASEROOT=C:/Xilinx/2025.1
RDI_BINDIR=C:/Xilinx/2025.1/Vitis/bin
RDI_BINROOT=C:/Xilinx/2025.1/Vitis/bin
RDI_BUILD=yes
RDI_CHECK_PROG=True
RDI_DATADIR=C:/Xilinx/2025.1/Vitis/data
RDI_INSTALLROOT=C:/Xilinx
RDI_INSTALLVER=Vitis
RDI_INSTALLVERSION=2025.1
RDI_JAVACEFROOT=C:/Xilinx/2025.1/Vitis/tps/win64/java-cef-95.0.4638.69
RDI_JAVAFXROOT=C:/Xilinx/2025.1/Vitis/tps/win64/javafx-sdk-11.0.2
RDI_JAVAROOT=C:/Xilinx/2025.1/Vitis/tps/win64/jre11.0.16_1
RDI_JAVA_VERSION=11.0.16_1
RDI_LIBDIR=C:/Xilinx/2025.1/Vitis/lib/win64.o
RDI_MINGW_LIB=C:/Xilinx/2025.1/Vitis\tps\mingw\6.2.0\win64.o\nt\bin;C:/Xilinx/2025.1/Vitis\tps\mingw\6.2.0\win64.o\nt\libexec\gcc\x86_64-w64-mingw32\6.2.0
RDI_OPT_EXT=.o
RDI_OS_ARCH=64
RDI_PLATFORM=win64
RDI_PREPEND_PATH=C:/Xilinx/2025.1/Vitis/bin
RDI_PROG=C:/Xilinx/2025.1/Vitis/bin/unwrapped/win64.o/vitis-run.exe
RDI_PROGNAME=vitis-run.exe
RDI_SESSION_INFO=C:\Xilinx\2025.1\Vitis\bin:REMINGTON-LAPTO-Wed07-22-2026_10-06-16.76
RDI_SHARED_DATA=C:/Xilinx/SharedData/2025.1/data
RDI_TEMPINSTALL=C:\Xilinx\2025.1
RDI_TPS_ROOT=C:/Xilinx/2025.1/Vivado/tps/win64
RDI_USE_JDK11=1
RDI_VERBOSE=False
RT_LIBPATH=C:/Xilinx/2025.1/Vitis/scripts/rt/data
RT_TCL_PATH=C:/Xilinx/2025.1/Vitis/scripts/rt/base_tcl/tcl
SESSIONNAME=Console
session_string=C:\Users\cocol\Ruby_Proj\workspace\conv1:REMINGTON-LAPTO-Wed07-22-2026_10-08-55.40
STM32CubeMX_PATH=C:\Users\cocol\AppData\Local\Programs\STM32CubeMX
STM32_PRG_PATH=C:\Program Files\STMicroelectronics\STM32Cube\STM32CubeProgrammer\bin
supports_classic_ide=false
SYNTH_COMMON=C:/Xilinx/2025.1/Vitis/scripts/rt/data
SystemDrive=C:
SystemRoot=C:\Windows
TCL_LIBRARY=C:/Xilinx/2025.1/Vitis/tps/tcl/tcl8.6
TCMALLOC_LARGE_ALLOC_REPORT_THRESHOLD=4294967296
TEMP=C:\Users\cocol\AppData\Local\Temp
THEIA_APP_PROJECT_PATH=C:\Xilinx\2025.1\Vitis\ide\electron-app\win64\resources\app
THEIA_CONFIG_DIR=C:\Users\cocol\.theia
THEIA_DEFAULT_PLUGINS=local-dir:C:\Xilinx\2025.1\Vitis\ide\electron-app\win64\resources\app\plugins
THEIA_ELECTRON_TOKEN={"value":"2ee5e47b-2a6f-494d-87be-dcf7389a916b"}
THEIA_ELECTRON_VERSION=30.1.2
THEIA_PLUGINS=local-dir:C:\Users\cocol\.theia\plugins
TMP=C:\Users\cocol\AppData\Local\Temp
tooldir=tps\win64\git-2.46.0
TOOLS_CLANGD=C:/Xilinx/2025.1/Vitis/win64/tools/vcxx\libexec
TPS_CMAKE=C:\Xilinx\2025.1\Vivado\tps\win64\cmake-3.24.2
TPS_GIT=C:\Xilinx\2025.1\Vivado\tps\win64\git-2.46.0
TPS_LIBXSLT=C:/Xilinx/2025.1/Vitis\tps\win64\libxslt
TPS_PYTHON=C:\Xilinx\2025.1\Vivado\tps\win64\python-3.13.0
USERDOMAIN=REMINGTON-LAPTO
USERDOMAIN_ROAMINGPROFILE=REMINGTON-LAPTO
USERNAME=cocol
USERPROFILE=C:\Users\cocol
VALIDATE_ARGS="False"
verilog=C:\iverilog\bin
Vitis=C:\Xilinx\2025.1\Vitis\bin
VITISNEW=true
VITIS_HLS_INSTALL=true
VSCODE_API_VERSION=1.95.3
windir=C:\Windows
XILINX_HLS=C:/Xilinx/2025.1/Vitis
XILINX_PLANAHEAD=C:/Xilinx/2025.1/Vitis
XILINX_SDK=C:/Xilinx/2025.1/Vitis
XILINX_VCXX=C:/Xilinx/2025.1/Vitis/win64/tools/vcxx
XILINX_VITIS=C:/Xilinx/2025.1/Vitis
XILINX_VITIS_GIT=C:\Xilinx\2025.1\Vivado\tps\win64\git-2.46.0\bin
XILINX_VITIS_VERSION=Vitis v2025.1 (64-bit)
XILINX_VIVADO=C:\Xilinx\2025.1\Vivado
XIL_CHECK_TCL_DEBUG=False
XIL_NO_OVERRIDE=0
XIL_SUPPRESS_OVERRIDE_WARNINGS=1
XVREDIST=C:/Xilinx/2025.1/Vitis\tps\win64\xvcredist.exe
ZES_ENABLE_SYSMAN=1
_RDI_BINROOT=C:\Xilinx\2025.1\Vitis\bin
_RDI_CWD=C:\Users\cocol\Ruby_Proj\workspace\conv1
_RDI_DONT_SET_XILINX_AS_PATH=True
_RDI_VERSION_PROG=vitis-run
_valid=False
XILINX_CD_CONNECT_ID=56269
XILINX_CD_SESSION=eb4330a0-a706-47c9-9e1a-227dab1aa6b2


VITIS-RUN command line:
------------------------------------------
C:/Xilinx/2025.1/Vitis/bin/unwrapped/win64.o/vitis-run.exe --mode hls --csim --config C:\Users\cocol\Ruby_Proj\workspace\conv1\hls_config.cfg --work_dir conv1 

FINAL PROGRAM OPTIONS
--config C:\Users\cocol\Ruby_Proj\workspace\conv1\hls_config.cfg
--csim
--hls.flow_target vivado
--hls.package.output.format ip_catalog
--hls.package.output.syn false
--hls.syn.file conv1.cpp
--hls.tb.file conv1TB.cpp
--hls.tb.file ./conv1_goldens
--mode hls
--part xc7z020clg400-1
--work_dir conv1

PARSED COMMAND LINE OPTIONS
--mode hls 
--csim 
--config C:\Users\cocol\Ruby_Proj\workspace\conv1\hls_config.cfg 
--work_dir conv1 

PARSED CONFIG FILE (1) OPTIONS
file: C:\Users\cocol\Ruby_Proj\workspace\conv1\hls_config.cfg
part xc7z020clg400-1 
hls.flow_target vivado 
hls.package.output.format ip_catalog 
hls.package.output.syn false 
hls.tb.file conv1TB.cpp 
hls.tb.file ./conv1_goldens 
hls.syn.file conv1.cpp 


==========================================
new:  steps log generated by v++ for new launch 
timestamp: 22 Jul 2026 10:08:59

------------------------------------------
VITIS-RUN command line :
------------------------------------------
C:/Xilinx/2025.1/Vitis/bin/unwrapped/win64.o/vitis-run.exe --mode hls --csim --config C:\Users\cocol\Ruby_Proj\workspace\conv1\hls_config.cfg --work_dir conv1 
  Options from -O    : 
  Options from *.ini : 
  Options from Hw Platform : 

==========================================
new:  steps log generated by v++ for new launch 
timestamp: 22 Jul 2026 10:12:13

------------------------------------------
VITIS-RUN command line :
------------------------------------------
C:/Xilinx/2025.1/Vitis/bin/unwrapped/win64.o/vitis-run.exe --mode hls --csim --config C:\Users\cocol\Ruby_Proj\workspace\conv1\hls_config.cfg --work_dir conv1 
  Options from -O    : 
  Options from *.ini : 
  Options from Hw Platform : 

==========================================
new:  steps log generated by v++ for new launch 
timestamp: 22 Jul 2026 10:13:51

------------------------------------------
V++ command line :
------------------------------------------
C:/Xilinx/2025.1/Vitis/bin/unwrapped/win64.o/v++.exe -c --mode hls --config C:\Users\cocol\Ruby_Proj\workspace\conv1\hls_config.cfg --work_dir conv1 
  Options from -O    : 
  Options from *.ini : 
  Options from Hw Platform : 

==========================================
new:  steps log generated by v++ for new launch 
timestamp: 22 Jul 2026 10:15:50

------------------------------------------
V++ command line :
------------------------------------------
C:/Xilinx/2025.1/Vitis/bin/unwrapped/win64.o/v++.exe -c --mode hls --config C:\Users\cocol\Ruby_Proj\workspace\conv1\hls_config.cfg --work_dir conv1 
  Options from -O    : 
  Options from *.ini : 
  Options from Hw Platform : 

==========================================
new:  steps log generated by v++ for new launch 
timestamp: 22 Jul 2026 10:16:39

------------------------------------------
V++ command line :
------------------------------------------
C:/Xilinx/2025.1/Vitis/bin/unwrapped/win64.o/v++.exe -c --mode hls --config C:\Users\cocol\Ruby_Proj\workspace\conv1\hls_config.cfg --work_dir conv1 
  Options from -O    : 
  Options from *.ini : 
  Options from Hw Platform : 

==========================================
new:  steps log generated by v++ for new launch 
timestamp: 22 Jul 2026 10:17:10

------------------------------------------
VITIS-RUN command line :
------------------------------------------
C:/Xilinx/2025.1/Vitis/bin/unwrapped/win64.o/vitis-run.exe --mode hls --csim --config C:\Users\cocol\Ruby_Proj\workspace\conv1\hls_config.cfg --work_dir conv1 
  Options from -O    : 
  Options from *.ini : 
  Options from Hw Platform : 

==========================================
new:  steps log generated by v++ for new launch 
timestamp: 22 Jul 2026 22:01:00

------------------------------------------
VITIS-RUN command line :
------------------------------------------
C:/Xilinx/2025.1/Vitis/bin/unwrapped/win64.o/vitis-run.exe --mode hls --csim --config C:\Users\cocol\Ruby_Proj\workspace\conv1\hls_config.cfg --work_dir conv1 
  Options from -O    : 
  Options from *.ini : 
  Options from Hw Platform : 

==========================================
new:  steps log generated by v++ for new launch 
timestamp: 22 Jul 2026 22:03:09

------------------------------------------
V++ command line :
------------------------------------------
C:/Xilinx/2025.1/Vitis/bin/unwrapped/win64.o/v++.exe -c --mode hls --config C:\Users\cocol\Ruby_Proj\workspace\conv1\hls_config.cfg --work_dir conv1 
  Options from -O    : 
  Options from *.ini : 
  Options from Hw Platform : 

==========================================
new:  steps log generated by v++ for new launch 
timestamp: 22 Jul 2026 22:04:06

------------------------------------------
V++ command line :
------------------------------------------
C:/Xilinx/2025.1/Vitis/bin/unwrapped/win64.o/v++.exe -c --mode hls --config C:\Users\cocol\Ruby_Proj\workspace\conv1\hls_config.cfg --work_dir conv1 
  Options from -O    : 
  Options from *.ini : 
  Options from Hw Platform : 

==========================================
new:  steps log generated by v++ for new launch 
timestamp: 22 Jul 2026 22:06:08
