  **** HLS Build v2025.1 6135595
INFO: [HLS 200-2005] Using work_dir C:/Users/cocol/Ruby_Proj/workspace/conv1/conv1 
INFO: [HLS 200-2176] Writing Vitis IDE component file C:/Users/cocol/Ruby_Proj/workspace/conv1/conv1/vitis-comp.json
INFO: [HLS 200-10] Creating and opening component 'C:/Users/cocol/Ruby_Proj/workspace/conv1/conv1'.
INFO: [HLS 200-1505] Using default flow_target 'vivado'
Resolution: For help on HLS 200-1505 see docs.xilinx.com/access/sources/dita/topic?Doc_Version=2025.1%20English&url=ug1448-hls-guidance&resourceid=200-1505.html
INFO: [HLS 200-2174] Applying component config ini file C:/Users/cocol/Ruby_Proj/workspace/conv1/hls_config.cfg
INFO: [HLS 200-1465] Applying config ini 'syn.file=conv1.cpp' from C:/Users/cocol/Ruby_Proj/workspace/conv1/hls_config.cfg(7)
INFO: [HLS 200-10] Adding design file 'C:/Users/cocol/Ruby_Proj/workspace/conv1/conv1.cpp' to the project
INFO: [HLS 200-1465] Applying config ini 'syn.cflags=-IC:/Users/cocol/Ruby_Proj/workspace/header -DUSE_FIXED' from C:/Users/cocol/Ruby_Proj/workspace/conv1/hls_config.cfg(12)
INFO: [HLS 200-1465] Applying config ini 'syn.csimflags=-IC:/Users/cocol/Ruby_Proj/workspace/header -DUSE_FIXED' from C:/Users/cocol/Ruby_Proj/workspace/conv1/hls_config.cfg(13)
INFO: [HLS 200-1465] Applying config ini 'tb.file=conv1TB.cpp' from C:/Users/cocol/Ruby_Proj/workspace/conv1/hls_config.cfg(8)
INFO: [HLS 200-10] Adding test bench file 'C:/Users/cocol/Ruby_Proj/workspace/conv1/conv1TB.cpp' to the project
INFO: [HLS 200-1465] Applying config ini 'tb.file=./conv1_goldens' from C:/Users/cocol/Ruby_Proj/workspace/conv1/hls_config.cfg(9)
INFO: [HLS 200-10] Adding test bench file 'C:/Users/cocol/Ruby_Proj/workspace/conv1/conv1_goldens' to the project
INFO: [HLS 200-1465] Applying config ini 'tb.cflags=-IC:/Users/cocol/Ruby_Proj/workspace/header -DUSE_FIXED' from C:/Users/cocol/Ruby_Proj/workspace/conv1/hls_config.cfg(14)
INFO: [HLS 200-1465] Applying config ini 'syn.top=conv1_1d' from C:/Users/cocol/Ruby_Proj/workspace/conv1/hls_config.cfg(11)
INFO: [HLS 200-1465] Applying config ini 'flow_target=vivado' from C:/Users/cocol/Ruby_Proj/workspace/conv1/hls_config.cfg(4)
INFO: [HLS 200-1505] Using flow_target 'vivado'
Resolution: For help on HLS 200-1505 see docs.xilinx.com/access/sources/dita/topic?Doc_Version=2025.1%20English&url=ug1448-hls-guidance&resourceid=200-1505.html
INFO: [HLS 200-1465] Applying config ini 'part=xc7z020clg400-1' from C:/Users/cocol/Ruby_Proj/workspace/conv1/hls_config.cfg(1)
INFO: [HLS 200-1611] Setting target device to 'xc7z020-clg400-1'
INFO: [HLS 200-1465] Applying config ini 'clock=12ns' from C:/Users/cocol/Ruby_Proj/workspace/conv1/hls_config.cfg(10)
INFO: [SYN 201-201] Setting up clock 'default' with a period of 12ns.
INFO: [HLS 200-1465] Applying config ini 'package.output.format=ip_catalog' from C:/Users/cocol/Ruby_Proj/workspace/conv1/hls_config.cfg(5)
INFO: [HLS 200-2176] Writing Vitis IDE component file C:/Users/cocol/Ruby_Proj/workspace/conv1/conv1/vitis-comp.json
INFO: [SIM 211-2] *************** CSIM start ***************
INFO: [SIM 211-4] CSIM will launch CLANG as the compiler.
INFO: [HLS 200-2036] Building debug C Simulation binaries
   Compiling ../../../../conv1TB.cpp in debug mode
   Generating csim.exe
In file included from ../../../../conv1TB.cpp:5:
In file included from C:/Users/cocol/Ruby_Proj/workspace/header/layer_dims.h:13:
In file included from C:/Xilinx/2025.1/Vitis/include/ap_fixed.h:9:
In file included from C:/Xilinx/2025.1/Vitis/include/etc/ap_common.h:677:
In file included from C:/Xilinx/2025.1/Vitis/include/etc/ap_private.h:68:
In file included from C:/Xilinx/2025.1/Vitis/include/hls_half.h:26:
In file included from C:/Xilinx/2025.1/Vitis/include/etc/hls_half_fpo.h:19:
In file included from C:/Xilinx/2025.1/Vitis/include/hls_fpo.h:140:
In file included from C:/Xilinx/2025.1/Vitis/include/floating_point_v7_1_bitacc_cmodel.h:150:
C:/Xilinx/2025.1/Vitis/include/gmp.h:58:9: warning: '__GMP_LIBGMP_DLL' macro redefined [-Wmacro-redefined]
#define __GMP_LIBGMP_DLL  0
        ^
C:/Xilinx/2025.1/Vitis/include/floating_point_v7_1_bitacc_cmodel.h:142:9: note: previous definition is here
#define __GMP_LIBGMP_DLL 1
        ^
1 warning generated.
[synth] checked 512 values, 0 failures, worst severity 0.087 at [15][29]
[synth] PASSED

[idx0] checked 512 values, 0 failures, worst severity 0.181 at [5][29]
[idx0] PASSED

[first_intent] checked 512 values, 0 failures, worst severity 0.181 at [5][29]
[first_intent] PASSED

[ab156_intent] checked 512 values, 0 failures, worst severity 0.379 at [5][24]
[ab156_intent] PASSED

=================================================
OVERALL: PASSED
INFO: [SIM 211-1] CSim done with 0 errors.
INFO: [SIM 211-3] *************** CSIM finish ***************
INFO: [HLS 200-112] Total CPU user time: 3 seconds. Total CPU system time: 8 seconds. Total elapsed time: 36.885 seconds; peak allocated memory: 170.133 MB.
INFO: [vitis-run 60-791] Total elapsed time: 0h 0m 47s
