  **** HLS Build v2025.1 6135595
INFO: [HLS 200-2005] Using work_dir C:/Users/cocol/Ruby_Proj/workspace/conv1/conv1 
INFO: [HLS 200-2176] Writing Vitis IDE component file C:/Users/cocol/Ruby_Proj/workspace/conv1/conv1/vitis-comp.json
INFO: [HLS 200-10] Creating and opening component 'C:/Users/cocol/Ruby_Proj/workspace/conv1/conv1'.
INFO: [HLS 200-1505] Using default flow_target 'vivado'
Resolution: For help on HLS 200-1505 see docs.xilinx.com/access/sources/dita/topic?Doc_Version=2025.1%20English&url=ug1448-hls-guidance&resourceid=200-1505.html
INFO: [HLS 200-2174] Applying component config ini file C:/Users/cocol/Ruby_Proj/workspace/conv1/hls_config.cfg
INFO: [HLS 200-1465] Applying config ini 'syn.file=conv1.cpp' from C:/Users/cocol/Ruby_Proj/workspace/conv1/hls_config.cfg(9)
INFO: [HLS 200-10] Adding design file 'C:/Users/cocol/Ruby_Proj/workspace/conv1/conv1.cpp' to the project
INFO: [HLS 200-1465] Applying config ini 'tb.file=conv1TB.cpp' from C:/Users/cocol/Ruby_Proj/workspace/conv1/hls_config.cfg(7)
INFO: [HLS 200-10] Adding test bench file 'C:/Users/cocol/Ruby_Proj/workspace/conv1/conv1TB.cpp' to the project
INFO: [HLS 200-1465] Applying config ini 'tb.file=./conv1_goldens' from C:/Users/cocol/Ruby_Proj/workspace/conv1/hls_config.cfg(8)
INFO: [HLS 200-10] Adding test bench file 'C:/Users/cocol/Ruby_Proj/workspace/conv1/conv1_goldens' to the project
INFO: [HLS 200-1465] Applying config ini 'flow_target=vivado' from C:/Users/cocol/Ruby_Proj/workspace/conv1/hls_config.cfg(4)
INFO: [HLS 200-1505] Using flow_target 'vivado'
Resolution: For help on HLS 200-1505 see docs.xilinx.com/access/sources/dita/topic?Doc_Version=2025.1%20English&url=ug1448-hls-guidance&resourceid=200-1505.html
INFO: [HLS 200-1465] Applying config ini 'part=xc7z020clg400-1' from C:/Users/cocol/Ruby_Proj/workspace/conv1/hls_config.cfg(1)
INFO: [HLS 200-1611] Setting target device to 'xc7z020-clg400-1'
INFO: [HLS 200-1465] Applying config ini 'package.output.format=ip_catalog' from C:/Users/cocol/Ruby_Proj/workspace/conv1/hls_config.cfg(5)
INFO: [HLS 200-2176] Writing Vitis IDE component file C:/Users/cocol/Ruby_Proj/workspace/conv1/conv1/vitis-comp.json
INFO: [SIM 211-2] *************** CSIM start ***************
INFO: [SIM 211-4] CSIM will launch CLANG as the compiler.
INFO: [HLS 200-2036] Building debug C Simulation binaries
   Compiling ../../../../conv1TB.cpp in debug mode
   Generating csim.exe
[synth] checked 512 values, 0 failures, worst severity 0.003 at [11][29]
[synth] PASSED

[idx0] checked 512 values, 0 failures, worst severity 0.017 at [8][26]
[idx0] PASSED

[max_range] checked 512 values, 0 failures, worst severity 0.022 at [8][4]
[max_range] PASSED

[first_intent] checked 512 values, 0 failures, worst severity 0.017 at [8][26]
[first_intent] PASSED

ERROR opening C:/Users/cocol/Ruby_Proj/workspace/conv1/conv1_goldens/conv1_ab156_intent_input.dat
=================================================
OVERALL: FAILED
@E Simulation failed: Function 'main' returns nonzero value '1'.
ERROR: [SIM 211-100] 'csim_design' failed: nonzero return value.
INFO: [SIM 211-3] *************** CSIM finish ***************
ERROR: 4
INFO: [HLS 200-112] Total CPU user time: 2 seconds. Total CPU system time: 2 seconds. Total elapsed time: 5.588 seconds; peak allocated memory: 171.043 MB.
